=== INI File Analysis Report ===


Batch_0001:
-----------
❌ 10-pips: 186 ini files (No matching .set file found)
❌ 10-pips-EURUSD: 186 ini files (No matching .set file found)
❌ 1H-EUR-USD: 186 ini files (No matching .set file found)
❌ 20011201-GBPUSD-M1: 186 ini files (No matching .set file found)
❌ 21hour: 0 ini files (No matching .set file found)
❌ 2HR-HL: 186 ini files (No matching .set file found)
❌ 2MA-4Level: 186 ini files (No matching .set file found)
❌ 2MA-Bunny-Cross: 186 ini files (No matching .set file found)
❌ 3-bars-high-low-indicator: 0 ini files (No matching .set file found)
❌ 35-Pip-Scalper: 186 ini files (No matching .set file found)

Batch_0002:
-----------
❌ 3BarsHighLowEA: 0 ini files (No matching .set file found)
❌ 3sma: 0 ini files (No matching .set file found)
❌ 3sma_: 186 ini files (No matching .set file found)
❌ 500: 0 ini files (No matching .set file found)
❌ 55_MA: 0 ini files (No matching .set file found)
❌ A: 0 ini files (No matching .set file found)
❌ AC_ACADEMY_US30: 0 ini files (No matching .set file found)
❌ Above_Below_MA: 0 ini files (No matching .set file found)
❌ Absorption: 0 ini files (No matching .set file found)
❌ Accumulator: 0 ini files (No matching .set file found)

Batch_0003:
-----------
❌ ADX_MA: 0 ini files (No matching .set file found)
❌ ADX_MACD_Deev: 0 ini files (No matching .set file found)
❌ ADX_System: 0 ini files (No matching .set file found)
❌ AI TUNE FIXED@YFP: 0 ini files (No matching .set file found | EA name contains '@' character)
❌ AI Tune EA V3.3 MT5@YoforexPremium: 0 ini files (No matching .set file found | EA name contains '@' character)
❌ AIS1: 0 ini files (No matching .set file found)
❌ AI_GOLD: 0 ini files (No matching .set file found)
❌ AI_TUNE: 0 ini files (No matching .set file found)
❌ AI_Trader: 0 ini files (No matching .set file found)
❌ AK-47 Scalper EA - MT5: 0 ini files (No matching .set file found)

Batch_0004:
-----------
❌ AK-47 Scalper EA @yoforexPremium- MT5: 0 ini files (No matching .set file found | EA name contains '@' character)
❌ AK-47 Scalper EA V1 MT4 with sourcecode@YoforexPremium - MT5: 0 ini files (No matching .set file found | EA name contains '@' character)
❌ ALCHEMIST@YoforexPremium: 0 ini files (No matching .set file found | EA name contains '@' character)
❌ AMA Trader: 0 ini files (No matching .set file found)
❌ Alexav D1 Profit GBPUSD: 0 ini files (No matching .set file found)
❌ All_Average_Ea: 0 ini files (No matching .set file found)
❌ Alligator: 0 ini files (No matching .set file found)
❌ Alligator Simple v1.0: 0 ini files (No matching .set file found)
❌ Alpha Zero AI Robot V1.0 MT5@YoForexPremium: 0 ini files (No matching .set file found | EA name contains '@' character)
❌ Altarius_RSI_Stohastic: 0 ini files (No matching .set file found)

Batch_0005:
-----------
❌ AMA Trader 2: 0 ini files (No matching .set file found)
❌ AOCCI: 0 ini files (No matching .set file found)
❌ AO_Lightning: 0 ini files (No matching .set file found)
❌ ATR SCLAPER: 0 ini files (No matching .set file found)
❌ ArbSint: 0 ini files (No matching .set file found)
❌ Arbitrage: 0 ini files (No matching .set file found)
❌ Area MACD: 0 ini files (No matching .set file found)
❌ Artificial Intelligence: 0 ini files (No matching .set file found)
❌ At random: 0 ini files (No matching .set file found)
❌ At random Full: 0 ini files (No matching .set file found)

Batch_0006:
-----------
❌ ATR SCLAPER EA MT5@YoforexPremium: 0 ini files (No matching .set file found | EA name contains '@' character)
❌ Auto ADX: 0 ini files (No matching .set file found)
❌ Auto-Pivot_Plotter_%28Mid-Levels%29_V1-41: 0 ini files (No matching .set file found)
❌ AutoLock_EA_v2: 0 ini files (No matching .set file found)
❌ Autotrader Momentum: 0 ini files (No matching .set file found)
❌ Avalanche AV: 0 ini files (No matching .set file found)
❌ BADX: 0 ini files (No matching .set file found)
❌ Backbone: 0 ini files (No matching .set file found)
❌ Bago EA: 0 ini files (No matching .set file found)
❌ backtrader-master: 0 ini files (No matching .set file found)

Batch_0007:
-----------
❌ BARS Alligator: 0 ini files (No matching .set file found)
❌ BBPercentile: 0 ini files (No matching .set file found)
❌ BBPercentile_EA: 0 ini files (No matching .set file found)
❌ BB_stops_MT5: 0 ini files (No matching .set file found)
❌ BDCrossOver%20EA: 0 ini files (No matching .set file found | EA name contains URL-encoded spaces)
❌ BalancedScalper%20EA: 0 ini files (No matching .set file found | EA name contains URL-encoded spaces)
❌ Bands 2: 0 ini files (No matching .set file found)
❌ Basic CCI RSI: 0 ini files (No matching .set file found)
❌ Basic Martingale EA 3: 0 ini files (No matching .set file found)
❌ bb-automated: 0 ini files (No matching .set file found)

Batch_0008:
-----------
❌ BEAR row full EA: 0 ini files (No matching .set file found)
❌ BIG DOG: 0 ini files (No matching .set file found)
❌ BIG RECOVERY EA MT5@YoForexPremium: 0 ini files (No matching .set file found | EA name contains '@' character)
❌ BORN4PIPS EA (1)@YoForexPremium: 0 ini files (No matching .set file found | EA name contains '@' character)
❌ BORN4PIPS EA MT5@YoForexPremium: 0 ini files (No matching .set file found | EA name contains '@' character)
❌ Bill Williams: 0 ini files (No matching .set file found)
❌ Bollinger Band Two MA and Zig-Zag: 0 ini files (No matching .set file found)
❌ Bollinger Bands N positions: 0 ini files (No matching .set file found)
❌ Bollinger Bands RSI: 0 ini files (No matching .set file found)
❌ bollinger: 0 ini files (No matching .set file found)

Batch_0009:
-----------
❌ BSS 1_0: 0 ini files (No matching .set file found)
❌ Brakeout_Trader_v1: 0 ini files (No matching .set file found)
❌ Brandy: 0 ini files (No matching .set file found)
❌ Brazilian EA MT5@YoforexPremium: 0 ini files (No matching .set file found | EA name contains '@' character)
❌ Breadandbutter2: 0 ini files (No matching .set file found)
❌ Breakdown catcher: 0 ini files (No matching .set file found)
❌ Breakout_Str: 0 ini files (No matching .set file found)
❌ Bronze Warrioir: 0 ini files (No matching .set file found)
❌ Bruno: 0 ini files (No matching .set file found)
❌ breakdown: 0 ini files (No matching .set file found)

Batch_0010:
-----------
❌ BTA Optimal Trade Zone EA v.1.0 MT5@YoForexPremium: 0 ini files (No matching .set file found | EA name contains '@' character)
❌ BTA Sniper Entry v.1.0 EA MT5@YoForexPremium: 0 ini files (No matching .set file found | EA name contains '@' character)
❌ BULL row full EA: 0 ini files (No matching .set file found)
❌ Bullish and Bearish Engulfing: 0 ini files (No matching .set file found)
❌ Burg Extrapolator: 0 ini files (No matching .set file found)
❌ BykovTrend_EA: 0 ini files (No matching .set file found)
❌ BykovTrend_EA_v3: 0 ini files (No matching .set file found)
❌ Calculate lotsize and Trailling stop: 0 ini files (No matching .set file found)
❌ Candle: 0 ini files (No matching .set file found)
❌ candlepatternsexample: 0 ini files (No matching .set file found)

Batch_0011:
-----------
❌ CCI MACD Scalper: 0 ini files (No matching .set file found)
❌ CLOUD: 0 ini files (No matching .set file found)
❌ Carbophos: 0 ini files (No matching .set file found)
❌ CashMachine_5min: 0 ini files (No matching .set file found)
❌ Cidomo: 0 ini files (No matching .set file found)
❌ CloseAgent: 0 ini files (No matching .set file found)
❌ CloseProfit v2: 0 ini files (No matching .set file found)
❌ Constituents EA: 0 ini files (No matching .set file found)
❌ Contrarian trade MA: 0 ini files (No matching .set file found)
❌ cloud's trade 2: 0 ini files (No matching .set file found)

Batch_0012:
-----------
❌ CrossMA: 0 ini files (No matching .set file found)
❌ Crossing Moving Average: 0 ini files (No matching .set file found)
❌ Currencyprofits_01.1: 0 ini files (No matching .set file found)
❌ Daily BreakPoint: 0 ini files (No matching .set file found)
❌ Daily Candle Scalper V2.8 EA MT5@YoForexPremium: 0 ini files (No matching .set file found | EA name contains '@' character)
❌ Daily Candle Scalper V2.8 EA MT5@YoForexPremium (1): 0 ini files (No matching .set file found | EA name contains '@' character)
❌ Daily range: 0 ini files (No matching .set file found)
❌ Daily%20reversal%20%20EA: 0 ini files (No matching .set file found | EA name contains URL-encoded spaces)
❌ Daily_Open_EA: 0 ini files (No matching .set file found)
❌ Dark Mimas MT5: 0 ini files (No matching .set file found)

Batch_0013:
-----------
❌ Day Trading PAMXA: 0 ini files (No matching .set file found)
❌ DayTrading: 0 ini files (No matching .set file found)
❌ Daydream: 0 ini files (No matching .set file found)
❌ DeMarker Pending: 0 ini files (No matching .set file found)
❌ DeMarker Pending 2: 0 ini files (No matching .set file found)
❌ DeMarker Pending 2_5: 0 ini files (No matching .set file found)
❌ DeMarker gaining position volume: 0 ini files (No matching .set file found)
❌ DeMarker gaining position volume 2: 0 ini files (No matching .set file found)
❌ Dealers Trade v 7.74 MACD: 0 ini files (No matching .set file found)
❌ Deep Drawdown MA: 0 ini files (No matching .set file found)

Batch_0014:
-----------
❌ Dematus: 0 ini files (No matching .set file found)
❌ Divergence EA BB: 0 ini files (No matching .set file found)
❌ Divergence EA pip sl tp: 0 ini files (No matching .set file found)
❌ Divergence%20for%20many%20indicator: 0 ini files (No matching .set file found | EA name contains URL-encoded spaces)
❌ Divergence_EA: 0 ini files (No matching .set file found)
❌ Doji Arrows: 0 ini files (No matching .set file found)
❌ DojiTrader: 0 ini files (No matching .set file found)
❌ Donchian_Chanel_EA: 0 ini files (No matching .set file found)
❌ DoubleHullMA: 0 ini files (No matching .set file found)
❌ DoubleHullMA_EA: 0 ini files (No matching .set file found)

Batch_0015:
-----------
❌ DoubleMA Crossover EA: 0 ini files (No matching .set file found)
❌ Doubler: 0 ini files (No matching .set file found)
❌ Driver_EA_MT5: 0 ini files (No matching .set file found)
❌ Dynamic averaging: 0 ini files (No matching .set file found)
❌ E-Friday: 0 ini files (No matching .set file found)
❌ E-Skoch-Open: 0 ini files (No matching .set file found)
❌ dummy: 0 ini files (No matching .set file found)
❌ e-Skoch pending orders: 0 ini files (No matching .set file found)
❌ e-Smart_Trailing: 0 ini files (No matching .set file found)
❌ e-TurboFx: 0 ini files (No matching .set file found)

Batch_0016:
-----------
❌ EA Close: 0 ini files (No matching .set file found)
❌ EA Gold Stuff MT5 v9.0@YoForexPremium: 0 ini files (No matching .set file found | EA name contains '@' character)
❌ EA Moving Average: 0 ini files (No matching .set file found)
❌ EA_MA_Stoch_RSI: 0 ini files (No matching .set file found)
❌ EMA: 0 ini files (No matching .set file found)
❌ EMA 6.12: 0 ini files (No matching .set file found)
❌ EMA LWMA RSI: 0 ini files (No matching .set file found)
❌ EMA_CROSS: 0 ini files (No matching .set file found)
❌ Elevator Robot PV1.1 MT5@YoForexPremium: 0 ini files (No matching .set file found | EA name contains '@' character)
❌ Elite eFibo Trader: 0 ini files (No matching .set file found)

Batch_0017:
-----------
❌ EMA_RSI_EA_v1.00: 0 ini files (No matching .set file found)
❌ EMA_WMA: 0 ini files (No matching .set file found)
❌ EMA_WMA v2: 0 ini files (No matching .set file found)
❌ EURUSD breakout: 0 ini files (No matching .set file found)
❌ EURUSDH1: 0 ini files (No matching .set file found)
❌ Eugene: 0 ini files (No matching .set file found)
❌ Euronis Scalper EA MT5 With DLL@YoForexPremium: 0 ini files (No matching .set file found | EA name contains '@' character)
❌ Executer AC: 0 ini files (No matching .set file found)
❌ Executor AO: 0 ini files (No matching .set file found)
❌ eur usd m5: 0 ini files (No matching .set file found)

Batch_0018:
-----------
❌ Executor Candles: 0 ini files (No matching .set file found)
❌ Expert_NEWS: 0 ini files (No matching .set file found)
❌ Expert_RSI_Stochastic_MA: 0 ini files (No matching .set file found)
❌ ExtremePrice_EA_v1.00: 0 ini files (No matching .set file found)
❌ FI TRADING ROBOT V1.0 MT5@yoforexprenium: 0 ini files (No matching .set file found | EA name contains '@' character)
❌ Fi-Trading Robot 1.0: 0 ini files (No matching .set file found)
❌ Fi-Trading Robot V2.0@YoForexPremium: 0 ini files (No matching .set file found | EA name contains '@' character)
❌ FiboRetracement%20EA: 0 ini files (No matching .set file found | EA name contains URL-encoded spaces)
❌ e_Breakeven_v4: 0 ini files (No matching .set file found)
❌ exp_Amstell: 0 ini files (No matching .set file found)

Batch_0019:
-----------
❌ Firebird v0.60: 0 ini files (No matching .set file found)
❌ Firestorm_EA: 0 ini files (No matching .set file found)
❌ Firestorm_indicator: 0 ini files (No matching .set file found)
❌ Fluctuate: 0 ini files (No matching .set file found)
❌ Forex Fraus M1: 0 ini files (No matching .set file found)
❌ Forex Profit: 0 ini files (No matching .set file found)
❌ Fractals minimum distance: 0 ini files (No matching .set file found)
❌ Fraktrak xonax: 0 ini files (No matching .set file found)
❌ Frank Ud: 0 ini files (No matching .set file found)
❌ fratal_mt5_EA: 0 ini files (No matching .set file found)

Batch_0020:
-----------
❌ FT Sniper GOLD MT5 (4): 0 ini files (No matching .set file found)
❌ FT_CCI: 0 ini files (No matching .set file found)
❌ Fuzzy logic: 0 ini files (No matching .set file found)
❌ GAP_EA_v1.00: 0 ini files (No matching .set file found)
❌ GBP9AM: 0 ini files (No matching .set file found)
❌ GalacticExplosion: 0 ini files (No matching .set file found)
❌ Galaxy 5 1.0 MT5: 0 ini files (No matching .set file found)
❌ Gandalf_PRO: 0 ini files (No matching .set file found)
❌ Gap DM: 0 ini files (No matching .set file found)
❌ Gaps: 0 ini files (No matching .set file found)

Batch_0021:
-----------
❌ GO: 0 ini files (No matching .set file found)
❌ GbpChf: 0 ini files (No matching .set file found)
❌ Godzillar EA V4.0 Banker MT5 @FX XRACKED: 0 ini files (No matching .set file found | EA name contains '@' character)
❌ Gold Dust: 0 ini files (No matching .set file found)
❌ GoldHeroV4@FX Cracked: 0 ini files (No matching .set file found | EA name contains '@' character)
❌ GreenTrade: 0 ini files (No matching .set file found)
❌ Grid: 0 ini files (No matching .set file found)
❌ GridEA: 0 ini files (No matching .set file found)
❌ Grid_Martingale: 0 ini files (No matching .set file found)
❌ HarVesteR: 0 ini files (No matching .set file found)

Batch_0022:
-----------
❌ HedgeEA: 0 ini files (No matching .set file found)
❌ Hedging_EA: 0 ini files (No matching .set file found)
❌ HeikenAshi_Lines: 0 ini files (No matching .set file found)
❌ HeikenAshi_Lines_EA: 0 ini files (No matching .set file found)
❌ Heiken_Ashi_Smoothed_EA: 0 ini files (No matching .set file found)
❌ hedger: 0 ini files (No matching .set file found)
❌ heiken ashi engulf ea buy mt5: 0 ini files (No matching .set file found)
❌ heiken ashi engulf sell ea mt5: 0 ini files (No matching .set file found)
❌ heiken-ashi-smoothed: 0 ini files (No matching .set file found)
❌ heiken-ashi-smoothedLine: 0 ini files (No matching .set file found)

Batch_0023:
-----------
❌ Heiken_Ashi_Smoothed_EA_with_MA: 0 ini files (No matching .set file found)
❌ Heinken_Ashi_Color_Candles: 0 ini files (No matching .set file found)
❌ HelloSmart: 0 ini files (No matching .set file found)
❌ High_Low_EA: 0 ini files (No matching .set file found)
❌ High_Low_Indicator: 0 ini files (No matching .set file found)
❌ Hoop master 2: 0 ini files (No matching .set file found)
❌ Ichimoku: 0 ini files (No matching .set file found)
❌ i-impulsesystem: 0 ini files (No matching .set file found)
❌ iCCI iMA: 0 ini files (No matching .set file found)
❌ ichimok2005: 0 ini files (No matching .set file found)

Batch_0024:
-----------
❌ ICH_With_Alert_Derekers: 0 ini files (No matching .set file found)
❌ ICH_With_Alert_Derekers_EA: 0 ini files (No matching .set file found)
❌ Ichimoku%20Kijun%20Alert: 0 ini files (No matching .set file found | EA name contains URL-encoded spaces)
❌ Ichimoku%20Tenkan%20Alert: 0 ini files (No matching .set file found | EA name contains URL-encoded spaces)
❌ IchimokuMTF_EA_v1.00: 0 ini files (No matching .set file found)
❌ Ichimoku_Dashboard_MT5: 0 ini files (No matching .set file found)
❌ Ichimoku_Scanner: 0 ini files (No matching .set file found)
❌ Ichimoku_Scanner_MT5: 0 ini files (No matching .set file found)
❌ Ichimoku_Signals_and_Alert: 0 ini files (No matching .set file found)
❌ Ilan iMA: 0 ini files (No matching .set file found)

Batch_0025:
-----------
❌ IStochastic_Trading: 0 ini files (No matching .set file found)
❌ Ilan1.4: 0 ini files (No matching .set file found)
❌ Indices Tester: 0 ini files (No matching .set file found)
❌ Inka%20Edho%20EA: 0 ini files (No matching .set file found | EA name contains URL-encoded spaces)
❌ Intersection 2 iMA: 0 ini files (No matching .set file found)
❌ Ivan: 0 ini files (No matching .set file found)
❌ JackPot_Strategy_Elite: 0 ini files (No matching .set file found)
❌ Jackpot_Strategy_EA: 0 ini files (No matching .set file found)
❌ iMA iStdDev: 0 ini files (No matching .set file found)
❌ iVIDyA Simple: 0 ini files (No matching .set file found)

Batch_0026:
-----------
❌ JK BullP AutoTrader: 0 ini files (No matching .set file found)
❌ JS MA SAR Trades: 0 ini files (No matching .set file found)
❌ JS MA SAR Trades EA MT5@YoforexPremium: 0 ini files (No matching .set file found | EA name contains '@' character)
❌ JS MA SAR Trades@Yoforexpremium: 0 ini files (No matching .set file found | EA name contains '@' character)
❌ JS-Chaos: 0 ini files (No matching .set file found)
❌ JS-MA-Day: 0 ini files (No matching .set file found)
❌ Juggernaut V1.3: 0 ini files (No matching .set file found)
❌ KA-Gold Bot: 0 ini files (No matching .set file found)
❌ KueFx%20Arrows: 0 ini files (No matching .set file found | EA name contains URL-encoded spaces)
❌ KueFx%20Baseline: 0 ini files (No matching .set file found | EA name contains URL-encoded spaces)

Batch_0027:
-----------
❌ KueFxTrend%20EA: 0 ini files (No matching .set file found | EA name contains URL-encoded spaces)
❌ KueFxTrend_EA: 0 ini files (No matching .set file found)
❌ KueFx_Arrows: 0 ini files (No matching .set file found)
❌ KueFx_Arrows%20EA: 0 ini files (No matching .set file found | EA name contains URL-encoded spaces)
❌ KueFx_Arrows_EA_v1.00: 0 ini files (No matching .set file found)
❌ KueFx_Arrows_EA_v1.10: 0 ini files (No matching .set file found)
❌ KueFx_Baseline_EA_v1.00: 0 ini files (No matching .set file found)
❌ KueFx_Baseline_EA_v1.10: 0 ini files (No matching .set file found)
❌ KueFx_Baseline_v1.10: 0 ini files (No matching .set file found)
❌ KueFx_Clean_2025_EA: 0 ini files (No matching .set file found)

Batch_0028:
-----------
❌ KueFX_Money_Management: 0 ini files (No matching .set file found)
❌ KueFx_Extreme_EA: 0 ini files (No matching .set file found)
❌ KueFx_Harare_EA: 0 ini files (No matching .set file found)
❌ KueFx_Motor_EA_v1.00: 0 ini files (No matching .set file found)
❌ KueFx_Motor_v1.00: 0 ini files (No matching .set file found)
❌ KueFx_Trend: 0 ini files (No matching .set file found)
❌ Kue_Electric_EA: 0 ini files (No matching .set file found)
❌ LarryConnersRSI2: 0 ini files (No matching .set file found)
❌ Last ZZ50: 0 ini files (No matching .set file found)
❌ Lavika100: 0 ini files (No matching .set file found)

Batch_0029:
-----------
❌ LBS: 0 ini files (No matching .set file found)
❌ LazyBot MT5_V1: 0 ini files (No matching .set file found)
❌ Lego EA: 0 ini files (No matching .set file found)
❌ Lesson 3_ Price Action: 0 ini files (No matching .set file found)
❌ Lesson 4_ Price Action & MA Filter: 0 ini files (No matching .set file found)
❌ Lesson 6 Trailling ATR: 0 ini files (No matching .set file found)
❌ Lesson 7 Price action Ket hop Volume VSA: 0 ini files (No matching .set file found)
❌ Little EA: 0 ini files (No matching .set file found)
❌ Lock: 0 ini files (No matching .set file found)
❌ Locker: 0 ini files (No matching .set file found)

Batch_0030:
-----------
❌ Lucky: 0 ini files (No matching .set file found)
❌ M.A break mt5 buy: 0 ini files (No matching .set file found)
❌ M.A break mt5 sell: 0 ini files (No matching .set file found)
❌ MA Cross: 0 ini files (No matching .set file found)
❌ MA Envelopes: 0 ini files (No matching .set file found)
❌ MA MACD Position averaging: 0 ini files (No matching .set file found)
❌ MA MACD Position averaging v2: 0 ini files (No matching .set file found)
❌ MA Trend: 0 ini files (No matching .set file found)
❌ MA%20AO%20Arrow: 0 ini files (No matching .set file found | EA name contains URL-encoded spaces)
❌ MA%20Alert: 0 ini files (No matching .set file found | EA name contains URL-encoded spaces)

Batch_0031:
-----------
❌ MA2CCI: 0 ini files (No matching .set file found)
❌ MACD: 0 ini files (No matching .set file found)
❌ MACD Cleaner: 0 ini files (No matching .set file found)
❌ MACD No Sample: 0 ini files (No matching .set file found)
❌ MACD Stochastic: 0 ini files (No matching .set file found)
❌ MACD Stochastic 2: 0 ini files (No matching .set file found)
❌ MACD and SAR: 0 ini files (No matching .set file found)
❌ MACD signal: 0 ini files (No matching .set file found)
❌ MACD wonder: 0 ini files (No matching .set file found)
❌ Macd diver and rsi mt5: 0 ini files (No matching .set file found)

Batch_0032:
-----------
❌ MACD wonder@YoforexPremium: 0 ini files (No matching .set file found | EA name contains '@' character)
❌ MACDCCI: 0 ini files (No matching .set file found)
❌ MACD_EA_H4: 0 ini files (No matching .set file found)
❌ MAGrid: 0 ini files (No matching .set file found)
❌ MAMACD: 0 ini files (No matching .set file found)
❌ MacdPatternTraderAll: 0 ini files (No matching .set file found)
❌ MacdPatternTraderAll0.01: 0 ini files (No matching .set file found)
❌ MagneticBrake: 0 ini files (No matching .set file found)
❌ MagneticStopExpert: 0 ini files (No matching .set file found)
❌ Mariner_MT5: 0 ini files (No matching .set file found)

Batch_0033:
-----------
❌ MA_AO_EA_v1.00: 0 ini files (No matching .set file found)
❌ Market Capture: 0 ini files (No matching .set file found)
❌ Martin: 0 ini files (No matching .set file found)
❌ Martin 1: 0 ini files (No matching .set file found)
❌ Martin for small deposits: 0 ini files (No matching .set file found)
❌ MartinGaleBreakout: 0 ini files (No matching .set file found)
❌ MartingailExpert: 0 ini files (No matching .set file found)
❌ Marubozu: 0 ini files (No matching .set file found)
❌ Marubozu_EA_v1.00: 0 ini files (No matching .set file found)
❌ Marubozu_EA_v1.10: 0 ini files (No matching .set file found)

Batch_0034:
-----------
❌ MA_Crossover_mt5%20EA: 0 ini files (No matching .set file found | EA name contains URL-encoded spaces)
❌ Ma_Crosses_MT5: 0 ini files (No matching .set file found)
❌ MelBar EuSwiss 1.85: 0 ini files (No matching .set file found)
❌ MelBarTTake325%T 5.5Y NZD-USD.ex5: 0 ini files (No matching .set file found)
❌ MelBarTTake325%T 5.5Y NZD-USD.mq5: 0 ini files (No matching .set file found)
❌ MelBar™Take325%™ 5.5Y NZD-USD: 0 ini files (No matching .set file found)
❌ Minning Gold V1 MT5@Yoforexpremium: 0 ini files (No matching .set file found | EA name contains '@' character)
❌ Mobo_Bands: 0 ini files (No matching .set file found)
❌ Mobo_Bands_EA: 0 ini files (No matching .set file found)
❌ ma_channels: 0 ini files (No matching .set file found)

Batch_0035:
-----------
❌ Modified Moving Averages: 0 ini files (No matching .set file found)
❌ Momentum-M15: 0 ini files (No matching .set file found)
❌ Momo_trades: 0 ini files (No matching .set file found)
❌ Money Fixed Margin: 0 ini files (No matching .set file found)
❌ Money Fixed Risk: 0 ini files (No matching .set file found)
❌ MoneyRain: 0 ini files (No matching .set file found)
❌ Morning-evening_star_EA_v1.00: 0 ini files (No matching .set file found)
❌ MostasHaR15 Pivot: 0 ini files (No matching .set file found)
❌ Moving Average Trade System: 0 ini files (No matching .set file found)
❌ Moving Averages: 0 ini files (No matching .set file found)

Batch_0036:
-----------
❌ MQL5_Wizard_MACD_Parabolic_SAR: 0 ini files (No matching .set file found)
❌ MQL5_Wizard_MA_RSI: 0 ini files (No matching .set file found)
❌ MT45: 0 ini files (No matching .set file found)
❌ MT5-CoupleHedgeEA_v2.6.3: 0 ini files (No matching .set file found)
❌ MT5-RingSystemEA_v3.7.3: 0 ini files (No matching .set file found)
❌ MTC Сombo v2: 0 ini files (No matching .set file found)
❌ Moving%20average%20and%20ichimoku%20EA: 0 ini files (No matching .set file found | EA name contains URL-encoded spaces)
❌ MovingAverage: 0 ini files (No matching .set file found)
❌ MovingAverageMartinGale: 0 ini files (No matching .set file found)
❌ Mt5 williams % directional index EA: 0 ini files (No matching .set file found)

Batch_0037:
-----------
❌ Multi Stochastic: 0 ini files (No matching .set file found)
❌ Multi Trader BC Robot: 0 ini files (No matching .set file found)
❌ MultiMartin: 0 ini files (No matching .set file found)
❌ MySystem: 0 ini files (No matching .set file found)
❌ N Candles: 0 ini files (No matching .set file found)
❌ N Candles v2: 0 ini files (No matching .set file found)
❌ N Candles v3: 0 ini files (No matching .set file found)
❌ N Candles v4: 0 ini files (No matching .set file found)
❌ N Candles v5: 0 ini files (No matching .set file found)
❌ N-_Candles_v7: 0 ini files (No matching .set file found)

Batch_0038:
-----------
❌ NRTR_Revers: 0 ini files (No matching .set file found)
❌ NSK SWING EA MT5@Yoforexpremium: 0 ini files (No matching .set file found | EA name contains '@' character)
❌ Nevalyashka: 0 ini files (No matching .set file found)
❌ Nevalyashka3_1: 0 ini files (No matching .set file found)
❌ Nevalyashka_BreakdownLevel: 0 ini files (No matching .set file found)
❌ New Martin: 0 ini files (No matching .set file found)
❌ New Random: 0 ini files (No matching .set file found)
❌ Nextbar: 0 ini files (No matching .set file found)
❌ Night Flat Trade: 0 ini files (No matching .set file found)
❌ NightScalper: 0 ini files (No matching .set file found)

Batch_0039:
-----------
❌ NSK SWING EA@Yoforexpremium: 0 ini files (No matching .set file found | EA name contains '@' character)
❌ NUp1Down: 0 ini files (No matching .set file found)
❌ ORB_EA_BOX: 0 ini files (No matching .set file found)
❌ Open Close: 0 ini files (No matching .set file found)
❌ OpenPendingorderAfterPositionGetStopLoss: 0 ini files (No matching .set file found)
❌ OpenTicks: 0 ini files (No matching .set file found)
❌ Open_Candle_EA: 0 ini files (No matching .set file found)
❌ Opening and Сlosing on time v2: 0 ini files (No matching .set file found)
❌ Opening_and_ilosing_on_time: 0 ini files (No matching .set file found)
❌ optimization result: 0 ini files (No matching .set file found)

Batch_0040:
-----------
❌ OTT%20AND%20PRICE%20CROSS%20EA: 0 ini files (No matching .set file found | EA name contains URL-encoded spaces)
❌ OsMaSter v0: 0 ini files (No matching .set file found)
❌ OverHedgeV2: 0 ini files (No matching .set file found)
❌ OzFx: 0 ini files (No matching .set file found)
❌ PARSI_v2_EA_v1.00: 0 ini files (No matching .set file found)
❌ Par%20sar%20mt5%201: 0 ini files (No matching .set file found | EA name contains URL-encoded spaces)
❌ Parabolic SAR: 0 ini files (No matching .set file found)
❌ Peceptron_Mult: 0 ini files (No matching .set file found)
❌ Pending orders by time: 0 ini files (No matching .set file found)
❌ Pending orders by time 2: 0 ini files (No matching .set file found)

Batch_0041:
-----------
❌ POVERTY KILLER GHOST V2.0 MT5@YoForexPremium: 0 ini files (No matching .set file found | EA name contains '@' character)
❌ POW BANKER EA MT5 V8.44 (4170) with SetFiles@YoForexPremium: 0 ini files (No matching .set file found | EA name contains '@' character)
❌ Pendulum: 0 ini files (No matching .set file found)
❌ PinBar_Magic_Indicator: 0 ini files (No matching .set file found)
❌ Pinball machine: 0 ini files (No matching .set file found)
❌ Pinbar_Magic_EA: 0 ini files (No matching .set file found)
❌ Pipsover: 0 ini files (No matching .set file found)
❌ Plan X: 0 ini files (No matching .set file found)
❌ Plateau: 0 ini files (No matching .set file found)
❌ Poker_SHOW: 0 ini files (No matching .set file found)

Batch_0042:
-----------
❌ PROphet: 0 ini files (No matching .set file found)
❌ Precipice: 0 ini files (No matching .set file found)
❌ Precipice MartIn: 0 ini files (No matching .set file found)
❌ PrizmaL Pro EA V10.504 MT5@YoforexPremium: 0 ini files (No matching .set file found | EA name contains '@' character)
❌ Probe: 0 ini files (No matching .set file found)
❌ Proffessor v3: 0 ini files (No matching .set file found)
❌ PropFirmHelper: 0 ini files (No matching .set file found)
❌ Puria method: 0 ini files (No matching .set file found)
❌ Rabbit3: 0 ini files (No matching .set file found)
❌ Range Breakout: 0 ini files (No matching .set file found)

Batch_0043:
-----------
❌ REFLEX_INDICATOR: 0 ini files (No matching .set file found)
❌ RNN: 0 ini files (No matching .set file found)
❌ Rapid Doji EA: 0 ini files (No matching .set file found)
❌ Raymond Cloudy Day for EA: 0 ini files (No matching .set file found)
❌ RedDragon_v.1.03: 0 ini files (No matching .set file found)
❌ Reflex: 0 ini files (No matching .set file found)
❌ Reflex_EA: 0 ini files (No matching .set file found)
❌ Reversing Martingale: 0 ini files (No matching .set file found)
❌ RideAlligator: 0 ini files (No matching .set file found)
❌ RobotPowerM5 meta4V12: 0 ini files (No matching .set file found)

Batch_0044:
-----------
❌ RSI Bollinger Bands EA: 0 ini files (No matching .set file found)
❌ RSI EA: 0 ini files (No matching .set file found)
❌ RSI EA v2: 0 ini files (No matching .set file found)
❌ RSI Eraser: 0 ini files (No matching .set file found)
❌ RSI Levels: 0 ini files (No matching .set file found)
❌ RSI and Bollinger Bands: 0 ini files (No matching .set file found)
❌ RSI trader v0.15: 0 ini files (No matching .set file found)
❌ RSI_Arrow: 0 ini files (No matching .set file found)
❌ Robot_MACD: 0 ini files (No matching .set file found)
❌ Rollback system: 0 ini files (No matching .set file found)

Batch_0045:
-----------
❌ RSI_Arrow_EA_v1.00: 0 ini files (No matching .set file found)
❌ RSI_Expert: 0 ini files (No matching .set file found)
❌ RSI_Expert_v2.0: 0 ini files (No matching .set file found)
❌ RSI_Trend_v3: 0 ini files (No matching .set file found)
❌ RSI_Trend_v3_EA_v1.00: 0 ini files (No matching .set file found)
❌ RSI_with_channels: 0 ini files (No matching .set file found)
❌ RSI_with_channels_EA_v1.00: 0 ini files (No matching .set file found)
❌ Russian20-hp1: 0 ini files (No matching .set file found)
❌ SampleCheckPendingOrder: 0 ini files (No matching .set file found)
❌ SampleTrailingstop-MT5: 0 ini files (No matching .set file found)

Batch_0046:
-----------
❌ SAR trading v2.0: 0 ini files (No matching .set file found)
❌ Secwenta: 0 ini files (No matching .set file found)
❌ Sell_Stop: 0 ini files (No matching .set file found)
❌ Sensitive: 0 ini files (No matching .set file found)
❌ Separate trade: 0 ini files (No matching .set file found)
❌ SilverTrend v3: 0 ini files (No matching .set file found)
❌ Simple EA MA plus MACD: 0 ini files (No matching .set file found)
❌ Simple FX: 0 ini files (No matching .set file found)
❌ Simple%20Price%20Alert%20%20EA: 0 ini files (No matching .set file found | EA name contains URL-encoded spaces)
❌ Simple%20Volume%20EA: 0 ini files (No matching .set file found | EA name contains URL-encoded spaces)

Batch_0047:
-----------
❌ SimplePivot: 0 ini files (No matching .set file found)
❌ SimpleTrade: 0 ini files (No matching .set file found)
❌ Simple_MACD: 0 ini files (No matching .set file found)
❌ Simple_Volume_EA_v2: 0 ini files (No matching .set file found)
❌ Simplest Hedging EA ever: 0 ini files (No matching .set file found)
❌ Six_Soldiers: 0 ini files (No matching .set file found)
❌ Six_Soldiers_EA: 0 ini files (No matching .set file found)
❌ Six_Soldiers_EA_Grid: 0 ini files (No matching .set file found)
❌ Small_Inside_Bar_Strategy: 0 ini files (No matching .set file found)
❌ Smart_Machine%20EA: 0 ini files (No matching .set file found | EA name contains URL-encoded spaces)

Batch_0048:
-----------
❌ SPYDER EA V 6.1 MT5 @YoforexPremium: 0 ini files (No matching .set file found | EA name contains '@' character)
❌ Smoothing Average: 0 ini files (No matching .set file found)
❌ Sound-Fx: 0 ini files (No matching .set file found)
❌ Spasm: 0 ini files (No matching .set file found)
❌ Sprd_mt5%20EA: 0 ini files (No matching .set file found | EA name contains URL-encoded spaces)
❌ Stargogs Ghost Spike Robot EA V1.0 MT5@YoForexPremium: 0 ini files (No matching .set file found | EA name contains '@' character)
❌ Stargogs Pay EA_MT5@YoforexPremium: 0 ini files (No matching .set file found | EA name contains '@' character)
❌ Starter: 0 ini files (No matching .set file found)
❌ sound: 0 ini files (No matching .set file found)
❌ ssb5_123: 0 ini files (No matching .set file found)

Batch_0049:
-----------
❌ Steve Cartwright Trader Camel CCI MACD: 0 ini files (No matching .set file found)
❌ Stoch: 0 ini files (No matching .set file found)
❌ StochMA: 0 ini files (No matching .set file found)
❌ StochMA_EA_v1.00: 0 ini files (No matching .set file found)
❌ Stoch_EA_1192: 0 ini files (No matching .set file found)
❌ Stochastic%20Alert: 0 ini files (No matching .set file found | EA name contains URL-encoded spaces)
❌ StochasticDiffSign_EA: 0 ini files (No matching .set file found)
❌ Stochastic_K_Divergence.lua: 0 ini files (No matching .set file found)
❌ stochastic_three_periods: 0 ini files (No matching .set file found)
❌ stochasticdiffsign: 0 ini files (No matching .set file found)

Batch_0050:
-----------
❌ SUPER TURBO EA V2.0 MT5@YoForexPremium: 0 ini files (No matching .set file found | EA name contains '@' character)
❌ Stop Loss Take Profit: 0 ini files (No matching .set file found)
❌ StraddleqTrail: 0 ini files (No matching .set file found)
❌ Strategie Boom Crash System MT5@YoForexPremium: 0 ini files (No matching .set file found | EA name contains '@' character)
❌ Surefirething_: 0 ini files (No matching .set file found)
❌ TAILOR EA MT5@YoForexPremium: 0 ini files (No matching .set file found | EA name contains '@' character)
❌ TAKASHI SNIPER V2 EA MT5@yYoForexPremium: 0 ini files (No matching .set file found | EA name contains '@' character)
❌ TDSGlobal: 0 ini files (No matching .set file found)
❌ The MasterMind: 0 ini files (No matching .set file found)
❌ The MasterMind 2: 0 ini files (No matching .set file found)

Batch_0051:
-----------
❌ The MasterMind 3: 0 ini files (No matching .set file found)
❌ The Puncher: 0 ini files (No matching .set file found)
❌ TheClassicTurtleTrader_no_dots: 0 ini files (No matching .set file found)
❌ TheClassicTurtleTrader_no_dots_EA_v1.00: 0 ini files (No matching .set file found)
❌ Thomas EA MT5@YoForexPremium: 0 ini files (No matching .set file found | EA name contains '@' character)
❌ Three Typical Candles: 0 ini files (No matching .set file found)
❌ Three indicators: 0 ini files (No matching .set file found)
❌ Three neural networks: 0 ini files (No matching .set file found)
❌ Three timeframes: 0 ini files (No matching .set file found)
❌ Time bomb mt5 (1): 0 ini files (No matching .set file found)

Batch_0052:
-----------
❌ TMA_ATR_Channel: 0 ini files (No matching .set file found)
❌ TMA_ATR_EA_v1.00: 0 ini files (No matching .set file found)
❌ TMA_CG_EA: 0 ini files (No matching .set file found)
❌ TMA_CG_Martingale%20EA: 0 ini files (No matching .set file found | EA name contains URL-encoded spaces)
❌ TMA_CG_mladen: 0 ini files (No matching .set file found)
❌ Time_sync_forts: 0 ini files (No matching .set file found)
❌ Titan X 21.18 EA MT5: 0 ini files (No matching .set file found)
❌ TmaTrue_2.0_with_Distances_6xx: 0 ini files (No matching .set file found)
❌ TmaTrue_3.0_with_Distances_6xx: 0 ini files (No matching .set file found)
❌ timer_trade: 0 ini files (No matching .set file found)

Batch_0053:
-----------
❌ TMA_CG_special: 0 ini files (No matching .set file found)
❌ TMA_slope_bands: 0 ini files (No matching .set file found)
❌ TP_with_money: 0 ini files (No matching .set file found)
❌ Trade Republic 1.75 MT5: 0 ini files (No matching .set file found)
❌ Trade in Channel: 0 ini files (No matching .set file found)
❌ Trade on qualified RSI: 0 ini files (No matching .set file found)
❌ Trading Breakout_ MrThanhTan: 0 ini files (No matching .set file found)
❌ Trend_Trader_Strategy: 0 ini files (No matching .set file found)
❌ Trend_Trader_Strategy_EA_v1.00: 0 ini files (No matching .set file found)
❌ True Scalper Profit Lock: 0 ini files (No matching .set file found)

Batch_0054:
-----------
❌ Tru_EA: 0 ini files (No matching .set file found)
❌ TrueSort_1100: 0 ini files (No matching .set file found)
❌ Tunnel Method: 0 ini files (No matching .set file found)
❌ Tunnel Vision 2024 EA MT5@YoForexPremium: 0 ini files (No matching .set file found | EA name contains '@' character)
❌ Tunnel gen4: 0 ini files (No matching .set file found)
❌ TurnGrid: 0 ini files (No matching .set file found)
❌ Two PerBar: 0 ini files (No matching .set file found)
❌ Two pending orders 2: 0 ini files (No matching .set file found)
❌ Two%20MA%20RSI%20ADX%20EA: 0 ini files (No matching .set file found | EA name contains URL-encoded spaces)
❌ Two%20Orders%20Panel: 0 ini files (No matching .set file found | EA name contains URL-encoded spaces)

Batch_0055:
-----------
❌ UnNomGuai%20EA: 0 ini files (No matching .set file found | EA name contains URL-encoded spaces)
❌ UnityPro: 0 ini files (No matching .set file found)
❌ UniversalMACrossEA: 0 ini files (No matching .set file found)
❌ UniversalSignalDemo: 0 ini files (No matching .set file found)
❌ Universum 3.0: 0 ini files (No matching .set file found)
❌ Upgraded EA CRASH 1000 V1.3 MT5@YoforexPremium: 0 ini files (No matching .set file found | EA name contains '@' character)
❌ Urdala_Trol: 0 ini files (No matching .set file found)
❌ up3x1: 0 ini files (No matching .set file found)
❌ up3x1 Investor: 0 ini files (No matching .set file found)
❌ up3x1_premium_v2M: 0 ini files (No matching .set file found)

Batch_0056:
-----------
❌ VLT_TRADER: 0 ini files (No matching .set file found)
❌ VR---Overturn: 0 ini files (No matching .set file found)
❌ VR---ZVER: 0 ini files (No matching .set file found)
❌ VR---ZVER v.2: 0 ini files (No matching .set file found)
❌ VZO: 0 ini files (No matching .set file found)
❌ Very Blonde System: 0 ini files (No matching .set file found)
❌ Virtual Trailing Stop: 0 ini files (No matching .set file found)
❌ Volume trader: 0 ini files (No matching .set file found)
❌ Vortex Indicator System: 0 ini files (No matching .set file found)
❌ Waddah_Attar_Win: 0 ini files (No matching .set file found)

Batch_0057:
-----------
❌ NSK Swing: 0 ini files (No matching .set file found)
❌ Simple Trade: 0 ini files (No matching .set file found)
❌ Two Perbar: 0 ini files (No matching .set file found)
❌ WE TRUST: 0 ini files (No matching .set file found)
❌ X-RSIOMA: 0 ini files (No matching .set file found)
❌ XKPRMST EA MT5@YoForexPremium: 0 ini files (No matching .set file found | EA name contains '@' character)
❌ XT EURUSD EA MT5@YoForexPremium: 0 ini files (No matching .set file found | EA name contains '@' character)
❌ Yesterday Today: 0 ini files (No matching .set file found)
❌ Yumnaa Classic EA MT5+Setfiles@YoForexPremium: 0 ini files (No matching .set file found | EA name contains '@' character | EA name contains '+' character)
❌ wagonKing1 EA: 0 ini files (No matching .set file found)

=== Summary Statistics ===
Total EAs processed: 570
Successfully created (252+ ini files): 0
Failed to create 252 ini files: 570
Success rate: 0.00%
