=== INI File Analysis Report ===


Batch_0001:
-----------
❌ 10-pips: 0 ini files (No ini directory)
❌ 10-pips-EURUSD: 0 ini files (No ini directory)
❌ 1H-EUR-USD: 0 ini files (No ini directory)
❌ 20011201-GBPUSD-M1: 0 ini files (No ini directory)
❌ 21hour: 0 ini files (No ini directory)
❌ 2HR-HL: 0 ini files (No ini directory)
❌ 2MA-4Level: 0 ini files (No ini directory)
❌ 2MA-Bunny-Cross: 0 ini files (No ini directory)
❌ 3-bars-high-low-indicator: 0 ini files (No ini directory)
❌ 35-Pip-Scalper: 0 ini files (No ini directory)

Batch_0002:
-----------
❌ 3BarsHighLowEA: 0 ini files (No ini directory)
❌ 3sma: 0 ini files (No ini directory)
❌ 3sma_: 0 ini files (No ini directory)
❌ 500: 0 ini files (No ini directory)
❌ 55-MA: 0 ini files (No ini directory)
❌ A: 0 ini files (No ini directory)
❌ AC-ACADEMY-US30: 0 ini files (No ini directory)
❌ Above-Below-MA: 0 ini files (No ini directory)
❌ Absorption: 0 ini files (No ini directory)
❌ Accumulator: 0 ini files (No ini directory)

Batch_0003:
-----------
❌ ADX-MA: 0 ini files (No ini directory)
❌ ADX-MACD-Deev: 0 ini files (No ini directory)
❌ ADX-System: 0 ini files (No ini directory)
❌ AI-GOLD: 0 ini files (No ini directory)
❌ AI-TUNE: 0 ini files (No ini directory)
❌ AI-TUNE-FIXED-YFP: 0 ini files (No ini directory)
❌ AI-Trader: 0 ini files (No ini directory)
❌ AI-Tune-EAMT5-YoforexPremium: 0 ini files (No ini directory)
❌ AIS1: 0 ini files (No ini directory)
❌ AK-47-Scalper-EA-MT5: 0 ini files (No ini directory)

Batch_0004:
-----------
❌ AK-47-Scalper-EA-yoforexPremium-MT5: 0 ini files (No ini directory)
❌ AK-47-Scalper-EAMT4-with-sourcecode-YoforexPremium-MT5: 0 ini files (No ini directory)
❌ ALCHEMIST-YoforexPremium: 0 ini files (No ini directory)
❌ AMA-Trader: 0 ini files (No ini directory)
❌ Alexav-D1-Profit-GBPUSD: 0 ini files (No ini directory)
❌ All-Average-Ea: 0 ini files (No ini directory)
❌ Alligator: 0 ini files (No ini directory)
❌ Alligator-Simple: 0 ini files (No ini directory)
❌ Alpha-Zero-AI-RobotMT5-YoForexPremium: 0 ini files (No ini directory)
❌ Altarius-RSI-Stohastic: 0 ini files (No ini directory)

Batch_0005:
-----------
❌ AMA-Trader-2: 0 ini files (No ini directory)
❌ AO-Lightning: 0 ini files (No ini directory)
❌ AOCCI: 0 ini files (No ini directory)
❌ ATR-SCLAPER: 0 ini files (No ini directory)
❌ ArbSint: 0 ini files (No ini directory)
❌ Arbitrage: 0 ini files (No ini directory)
❌ Area-MACD: 0 ini files (No ini directory)
❌ Artificial-Intelligence: 0 ini files (No ini directory)
❌ At-random: 0 ini files (No ini directory)
❌ At-random-Full: 0 ini files (No ini directory)

Batch_0006:
-----------
❌ ATR-SCLAPER-EA-MT5-YoforexPremium: 0 ini files (No ini directory)
❌ Auto-ADX: 0 ini files (No ini directory)
❌ Auto-Pivot-Plotter-28Mid-Levels-29-41: 0 ini files (No ini directory)
❌ AutoLock-EA: 0 ini files (No ini directory)
❌ Autotrader-Momentum: 0 ini files (No ini directory)
❌ Avalanche-AV: 0 ini files (No ini directory)
❌ BADX: 0 ini files (No ini directory)
❌ Backbone: 0 ini files (No ini directory)
❌ Bago-EA: 0 ini files (No ini directory)
❌ backtrader-master: 0 ini files (No ini directory)

Batch_0007:
-----------
❌ BARS-Alligator: 0 ini files (No ini directory)
❌ BB-stops-MT5: 0 ini files (No ini directory)
❌ BBPercentile: 0 ini files (No ini directory)
❌ BBPercentile-EA: 0 ini files (No ini directory)
❌ BDCrossOver-20EA: 0 ini files (No ini directory)
❌ BalancedScalper-20EA: 0 ini files (No ini directory)
❌ Bands-2: 0 ini files (No ini directory)
❌ Basic-CCI-RSI: 0 ini files (No ini directory)
❌ Basic-Martingale-EA-3: 0 ini files (No ini directory)
❌ bb-automated: 0 ini files (No ini directory)

Batch_0008:
-----------
❌ BEAR-row-full-EA: 0 ini files (No ini directory)
❌ BIG-DOG: 0 ini files (No ini directory)
❌ BIG-RECOVERY-EA-MT5-YoForexPremium: 0 ini files (No ini directory)
❌ BORN4PIPS-EA-1-YoForexPremium: 0 ini files (No ini directory)
❌ BORN4PIPS-EA-MT5-YoForexPremium: 0 ini files (No ini directory)
❌ Bill-Williams: 0 ini files (No ini directory)
❌ Bollinger-Band-Two-MA-and-Zig-Zag: 0 ini files (No ini directory)
❌ Bollinger-Bands-N-positions: 0 ini files (No ini directory)
❌ Bollinger-Bands-RSI: 0 ini files (No ini directory)
❌ bollinger: 0 ini files (No ini directory)

Batch_0009:
-----------
❌ BSS-1-0: 0 ini files (No ini directory)
❌ Brakeout-Trader: 0 ini files (No ini directory)
❌ Brandy: 0 ini files (No ini directory)
❌ Brazilian-EA-MT5-YoforexPremium: 0 ini files (No ini directory)
❌ Breadandbutter2: 0 ini files (No ini directory)
❌ Breakdown-catcher: 0 ini files (No ini directory)
❌ Breakout-Str: 0 ini files (No ini directory)
❌ Bronze-Warrioir: 0 ini files (No ini directory)
❌ Bruno: 0 ini files (No ini directory)
❌ breakdown: 0 ini files (No ini directory)

Batch_0010:
-----------
❌ BTA-Optimal-Trade-Zone-EA-v.1.0-MT5-YoForexPremium: 0 ini files (No ini directory)
❌ BTA-Sniper-Entry-v.1.0-EA-MT5-YoForexPremium: 0 ini files (No ini directory)
❌ BULL-row-full-EA: 0 ini files (No ini directory)
❌ Bullish-and-Bearish-Engulfing: 0 ini files (No ini directory)
❌ Burg-Extrapolator: 0 ini files (No ini directory)
❌ BykovTrend-EA: 0 ini files (No ini directory)
❌ BykovTrend_EA_v3: 0 ini files (No ini directory)
❌ Calculate-lotsize-and-Trailling-stop: 0 ini files (No ini directory)
❌ Candle: 0 ini files (No ini directory)
❌ candlepatternsexample: 0 ini files (No ini directory)

Batch_0011:
-----------
❌ CCI-MACD-Scalper: 0 ini files (No ini directory)
❌ CLOUD: 0 ini files (No ini directory)
❌ Carbophos: 0 ini files (No ini directory)
❌ CashMachine-5min: 0 ini files (No ini directory)
❌ Cidomo: 0 ini files (No ini directory)
❌ CloseAgent: 0 ini files (No ini directory)
❌ CloseProfit: 0 ini files (No ini directory)
❌ Constituents-EA: 0 ini files (No ini directory)
❌ Contrarian-trade-MA: 0 ini files (No ini directory)
❌ cloud's-trade-2: 0 ini files (No ini directory)

Batch_0012:
-----------
❌ CrossMA: 0 ini files (No ini directory)
❌ Crossing-Moving-Average: 0 ini files (No ini directory)
❌ Currencyprofits-01.1: 0 ini files (No ini directory)
❌ Daily-20reversal-20-20EA: 0 ini files (No ini directory)
❌ Daily-BreakPoint: 0 ini files (No ini directory)
❌ Daily-Candle-ScalperEA-MT5-YoForexPremium: 0 ini files (No ini directory)
❌ Daily-Candle-ScalperEA-MT5-YoForexPremium-1: 0 ini files (No ini directory)
❌ Daily-Open-EA: 0 ini files (No ini directory)
❌ Daily-range: 0 ini files (No ini directory)
❌ Dark-Mimas-MT5: 0 ini files (No ini directory)

Batch_0013:
-----------
❌ Day-Trading-PAMXA: 0 ini files (No ini directory)
❌ DayTrading: 0 ini files (No ini directory)
❌ Daydream: 0 ini files (No ini directory)
❌ DeMarker-Pending: 0 ini files (No ini directory)
❌ DeMarker-Pending-2: 0 ini files (No ini directory)
❌ DeMarker-Pending-2-5: 0 ini files (No ini directory)
❌ DeMarker-gaining-position-volume: 0 ini files (No ini directory)
❌ DeMarker-gaining-position-volume-2: 0 ini files (No ini directory)
❌ Dealers-Trade-v-7.74-MACD: 0 ini files (No ini directory)
❌ Deep-Drawdown-MA: 0 ini files (No ini directory)

Batch_0014:
-----------
❌ Dematus: 0 ini files (No ini directory)
❌ Divergence-20for-20many-20indicator: 0 ini files (No ini directory)
❌ Divergence-EA: 0 ini files (No ini directory)
❌ Divergence-EA-BB: 0 ini files (No ini directory)
❌ Divergence-EA-pip-sl-tp: 0 ini files (No ini directory)
❌ Doji-Arrows: 0 ini files (No ini directory)
❌ DojiTrader: 0 ini files (No ini directory)
❌ Donchian-Chanel-EA: 0 ini files (No ini directory)
❌ DoubleHullMA: 0 ini files (No ini directory)
❌ DoubleHullMA-EA: 0 ini files (No ini directory)

Batch_0015:
-----------
❌ DoubleMA-Crossover-EA: 0 ini files (No ini directory)
❌ Doubler: 0 ini files (No ini directory)
❌ Driver-EA-MT5: 0 ini files (No ini directory)
❌ Dynamic-averaging: 0 ini files (No ini directory)
❌ E-Friday: 0 ini files (No ini directory)
❌ E-Skoch-Open: 0 ini files (No ini directory)
❌ dummy: 0 ini files (No ini directory)
❌ e-Skoch-pending-orders: 0 ini files (No ini directory)
❌ e-Smart-Trailing: 0 ini files (No ini directory)
❌ e-TurboFx: 0 ini files (No ini directory)

Batch_0016:
-----------
❌ EA-Close: 0 ini files (No ini directory)
❌ EA-Gold-Stuff-MT5-YoForexPremium: 0 ini files (No ini directory)
❌ EA-MA-Stoch-RSI: 0 ini files (No ini directory)
❌ EA-Moving-Average: 0 ini files (No ini directory)
❌ EMA: 0 ini files (No ini directory)
❌ EMA-6.12: 0 ini files (No ini directory)
❌ EMA-CROSS: 0 ini files (No ini directory)
❌ EMA-LWMA-RSI: 0 ini files (No ini directory)
❌ Elevator-Robot-PMT5-YoForexPremium: 0 ini files (No ini directory)
❌ Elite-eFibo-Trader: 0 ini files (No ini directory)

Batch_0017:
-----------
❌ EMA-RSI-EA: 0 ini files (No ini directory)
❌ EMA-WMA: 0 ini files (No ini directory)
❌ EMA_WMA v2: 0 ini files (No ini directory)
❌ EURUSD-breakout: 0 ini files (No ini directory)
❌ EURUSDH1: 0 ini files (No ini directory)
❌ Eugene: 0 ini files (No ini directory)
❌ Euronis-Scalper-EA-MT5-With-DLL-YoForexPremium: 0 ini files (No ini directory)
❌ Executer-AC: 0 ini files (No ini directory)
❌ Executor-AO: 0 ini files (No ini directory)
❌ eur-usd-m5: 0 ini files (No ini directory)

Batch_0018:
-----------
❌ Executor-Candles: 0 ini files (No ini directory)
❌ Expert-NEWS: 0 ini files (No ini directory)
❌ Expert-RSI-Stochastic-MA: 0 ini files (No ini directory)
❌ ExtremePrice-EA: 0 ini files (No ini directory)
❌ FI-TRADING-ROBOTMT5-yoforexprenium: 0 ini files (No ini directory)
❌ Fi-Trading-Robot-1.0: 0 ini files (No ini directory)
❌ Fi-Trading-Robot-YoForexPremium: 0 ini files (No ini directory)
❌ FiboRetracement-20EA: 0 ini files (No ini directory)
❌ e-Breakeven: 0 ini files (No ini directory)
❌ exp-Amstell: 0 ini files (No ini directory)

Batch_0019:
-----------
❌ Firebird: 0 ini files (No ini directory)
❌ Firestorm-EA: 0 ini files (No ini directory)
❌ Firestorm-indicator: 0 ini files (No ini directory)
❌ Fluctuate: 0 ini files (No ini directory)
❌ Forex-Fraus-M1: 0 ini files (No ini directory)
❌ Forex-Profit: 0 ini files (No ini directory)
❌ Fractals-minimum-distance: 0 ini files (No ini directory)
❌ Fraktrak-xonax: 0 ini files (No ini directory)
❌ Frank-Ud: 0 ini files (No ini directory)
❌ fratal-mt5-EA: 0 ini files (No ini directory)

Batch_0020:
-----------
❌ FT-CCI: 0 ini files (No ini directory)
❌ FT-Sniper-GOLD-MT5-4: 0 ini files (No ini directory)
❌ Fuzzy-logic: 0 ini files (No ini directory)
❌ GAP-EA: 0 ini files (No ini directory)
❌ GBP9AM: 0 ini files (No ini directory)
❌ GalacticExplosion: 0 ini files (No ini directory)
❌ Galaxy-5-1.0-MT5: 0 ini files (No ini directory)
❌ Gandalf-PRO: 0 ini files (No ini directory)
❌ Gap-DM: 0 ini files (No ini directory)
❌ Gaps: 0 ini files (No ini directory)

Batch_0021:
-----------
❌ GO: 0 ini files (No ini directory)
❌ GbpChf: 0 ini files (No ini directory)
❌ Godzillar-EABanker-MT5-FX-XRACKED: 0 ini files (No ini directory)
❌ Gold-Dust: 0 ini files (No ini directory)
❌ GoldHero-FX-Cracked: 0 ini files (No ini directory)
❌ GreenTrade: 0 ini files (No ini directory)
❌ Grid: 0 ini files (No ini directory)
❌ Grid-Martingale: 0 ini files (No ini directory)
❌ GridEA: 0 ini files (No ini directory)
❌ HarVesteR: 0 ini files (No ini directory)

Batch_0022:
-----------
❌ HedgeEA: 0 ini files (No ini directory)
❌ Hedging-EA: 0 ini files (No ini directory)
❌ Heiken-Ashi-Smoothed-EA: 0 ini files (No ini directory)
❌ HeikenAshi-Lines: 0 ini files (No ini directory)
❌ HeikenAshi-Lines-EA: 0 ini files (No ini directory)
❌ hedger: 0 ini files (No ini directory)
❌ heiken-ashi-engulf-ea-buy-mt5: 0 ini files (No ini directory)
❌ heiken-ashi-engulf-sell-ea-mt5: 0 ini files (No ini directory)
❌ heiken-ashi-smoothed: 0 ini files (No ini directory)
❌ heiken-ashi-smoothedLine: 0 ini files (No ini directory)

Batch_0023:
-----------
❌ Heiken-Ashi-Smoothed-EA-with-MA: 0 ini files (No ini directory)
❌ Heinken-Ashi-Color-Candles: 0 ini files (No ini directory)
❌ HelloSmart: 0 ini files (No ini directory)
❌ High-Low-EA: 0 ini files (No ini directory)
❌ High-Low-Indicator: 0 ini files (No ini directory)
❌ Hoop-master-2: 0 ini files (No ini directory)
❌ Ichimoku: 0 ini files (No ini directory)
❌ i-impulsesystem: 0 ini files (No ini directory)
❌ iCCI-iMA: 0 ini files (No ini directory)
❌ ichimok2005: 0 ini files (No ini directory)

Batch_0024:
-----------
❌ ICH-With-Alert-Derekers: 0 ini files (No ini directory)
❌ ICH-With-Alert-Derekers-EA: 0 ini files (No ini directory)
❌ Ichimoku-20Kijun-20Alert: 0 ini files (No ini directory)
❌ Ichimoku-20Tenkan-20Alert: 0 ini files (No ini directory)
❌ Ichimoku-Dashboard-MT5: 0 ini files (No ini directory)
❌ Ichimoku-Scanner: 0 ini files (No ini directory)
❌ Ichimoku-Scanner-MT5: 0 ini files (No ini directory)
❌ Ichimoku-Signals-and-Alert: 0 ini files (No ini directory)
❌ IchimokuMTF-EA: 0 ini files (No ini directory)
❌ Ilan-iMA: 0 ini files (No ini directory)

Batch_0025:
-----------
❌ IStochastic-Trading: 0 ini files (No ini directory)
❌ Ilan1.4: 0 ini files (No ini directory)
❌ Indices-Tester: 0 ini files (No ini directory)
❌ Inka-20Edho-20EA: 0 ini files (No ini directory)
❌ Intersection-2-iMA: 0 ini files (No ini directory)
❌ Ivan: 0 ini files (No ini directory)
❌ JackPot-Strategy-Elite: 0 ini files (No ini directory)
❌ Jackpot-Strategy-EA: 0 ini files (No ini directory)
❌ iMA-iStdDev: 0 ini files (No ini directory)
❌ iVIDyA-Simple: 0 ini files (No ini directory)

Batch_0026:
-----------
❌ JK-BullP-AutoTrader: 0 ini files (No ini directory)
❌ JS-Chaos: 0 ini files (No ini directory)
❌ JS-MA-Day: 0 ini files (No ini directory)
❌ JS-MA-SAR-Trades: 0 ini files (No ini directory)
❌ JS-MA-SAR-Trades-EA-MT5-YoforexPremium: 0 ini files (No ini directory)
❌ JS-MA-SAR-Trades-Yoforexpremium: 0 ini files (No ini directory)
❌ Juggernaut: 0 ini files (No ini directory)
❌ KA-Gold-Bot: 0 ini files (No ini directory)
❌ KueFx-20Arrows: 0 ini files (No ini directory)
❌ KueFx-20Baseline: 0 ini files (No ini directory)

Batch_0027:
-----------
❌ KueFx-Arrows: 0 ini files (No ini directory)
❌ KueFx-Arrows-20EA: 0 ini files (No ini directory)
❌ KueFx-Arrows-EA: 0 ini files (No ini directory)
❌ KueFx-Baseline: 0 ini files (No ini directory)
❌ KueFx-Baseline-EA: 0 ini files (No ini directory)
❌ KueFx-Clean-2025-EA: 0 ini files (No ini directory)
❌ KueFxTrend-20EA: 0 ini files (No ini directory)
❌ KueFxTrend-EA: 0 ini files (No ini directory)
❌ KueFx_Arrows_EA_v1.10: 0 ini files (No ini directory)
❌ KueFx_Baseline_EA_v1.10: 0 ini files (No ini directory)

Batch_0028:
-----------
❌ Kue-Electric-EA: 0 ini files (No ini directory)
❌ KueFX-Money-Management: 0 ini files (No ini directory)
❌ KueFx-Extreme-EA: 0 ini files (No ini directory)
❌ KueFx-Harare-EA: 0 ini files (No ini directory)
❌ KueFx-Motor: 0 ini files (No ini directory)
❌ KueFx-Motor-EA: 0 ini files (No ini directory)
❌ KueFx-Trend: 0 ini files (No ini directory)
❌ LarryConnersRSI2: 0 ini files (No ini directory)
❌ Last-ZZ50: 0 ini files (No ini directory)
❌ Lavika100: 0 ini files (No ini directory)

Batch_0029:
-----------
❌ LBS: 0 ini files (No ini directory)
❌ LazyBot-MT5: 0 ini files (No ini directory)
❌ Lego-EA: 0 ini files (No ini directory)
❌ Lesson-3-Price-Action: 0 ini files (No ini directory)
❌ Lesson-4-Price-Action-MA-Filter: 0 ini files (No ini directory)
❌ Lesson-6-Trailling-ATR: 0 ini files (No ini directory)
❌ Lesson-7-Price-action-Ket-hop-Volume-VSA: 0 ini files (No ini directory)
❌ Little-EA: 0 ini files (No ini directory)
❌ Lock: 0 ini files (No ini directory)
❌ Locker: 0 ini files (No ini directory)

Batch_0030:
-----------
❌ Lucky: 0 ini files (No ini directory)
❌ M.A-break-mt5-buy: 0 ini files (No ini directory)
❌ M.A-break-mt5-sell: 0 ini files (No ini directory)
❌ MA MACD Position averaging v2: 0 ini files (No ini directory)
❌ MA-20AO-20Arrow: 0 ini files (No ini directory)
❌ MA-20Alert: 0 ini files (No ini directory)
❌ MA-Cross: 0 ini files (No ini directory)
❌ MA-Envelopes: 0 ini files (No ini directory)
❌ MA-MACD-Position-averaging: 0 ini files (No ini directory)
❌ MA-Trend: 0 ini files (No ini directory)

Batch_0031:
-----------
❌ MA2CCI: 0 ini files (No ini directory)
❌ MACD: 0 ini files (No ini directory)
❌ MACD-Cleaner: 0 ini files (No ini directory)
❌ MACD-No-Sample: 0 ini files (No ini directory)
❌ MACD-Stochastic: 0 ini files (No ini directory)
❌ MACD-Stochastic-2: 0 ini files (No ini directory)
❌ MACD-and-SAR: 0 ini files (No ini directory)
❌ MACD-signal: 0 ini files (No ini directory)
❌ MACD-wonder: 0 ini files (No ini directory)
❌ Macd-diver-and-rsi-mt5: 0 ini files (No ini directory)

Batch_0032:
-----------
❌ MACD-EA-H4: 0 ini files (No ini directory)
❌ MACD-wonder-YoforexPremium: 0 ini files (No ini directory)
❌ MACDCCI: 0 ini files (No ini directory)
❌ MAGrid: 0 ini files (No ini directory)
❌ MAMACD: 0 ini files (No ini directory)
❌ MacdPatternTraderAll: 0 ini files (No ini directory)
❌ MacdPatternTraderAll0.01: 0 ini files (No ini directory)
❌ MagneticBrake: 0 ini files (No ini directory)
❌ MagneticStopExpert: 0 ini files (No ini directory)
❌ Mariner-MT5: 0 ini files (No ini directory)

Batch_0033:
-----------
❌ MA-AO-EA: 0 ini files (No ini directory)
❌ Market-Capture: 0 ini files (No ini directory)
❌ Martin: 0 ini files (No ini directory)
❌ Martin-1: 0 ini files (No ini directory)
❌ Martin-for-small-deposits: 0 ini files (No ini directory)
❌ MartinGaleBreakout: 0 ini files (No ini directory)
❌ MartingailExpert: 0 ini files (No ini directory)
❌ Marubozu: 0 ini files (No ini directory)
❌ Marubozu-EA: 0 ini files (No ini directory)
❌ Marubozu_EA_v1.10: 0 ini files (No ini directory)

Batch_0034:
-----------
❌ MA-Crossover-mt5-20EA: 0 ini files (No ini directory)
❌ Ma-Crosses-MT5: 0 ini files (No ini directory)
❌ MelBar-EuSwiss-1.85: 0 ini files (No ini directory)
❌ MelBarTTake325-T-5.5Y-NZD-USD.ex5: 0 ini files (No ini directory)
❌ MelBarTTake325-T-5.5Y-NZD-USD.mq5: 0 ini files (No ini directory)
❌ MelBar™Take325-™-5.5Y-NZD-USD: 0 ini files (No ini directory)
❌ Minning-GoldMT5-Yoforexpremium: 0 ini files (No ini directory)
❌ Mobo-Bands: 0 ini files (No ini directory)
❌ Mobo-Bands-EA: 0 ini files (No ini directory)
❌ ma-channels: 0 ini files (No ini directory)

Batch_0035:
-----------
❌ Modified-Moving-Averages: 0 ini files (No ini directory)
❌ Momentum-M15: 0 ini files (No ini directory)
❌ Momo-trades: 0 ini files (No ini directory)
❌ Money-Fixed-Margin: 0 ini files (No ini directory)
❌ Money-Fixed-Risk: 0 ini files (No ini directory)
❌ MoneyRain: 0 ini files (No ini directory)
❌ Morning-evening-star-EA: 0 ini files (No ini directory)
❌ MostasHaR15-Pivot: 0 ini files (No ini directory)
❌ Moving-Average-Trade-System: 0 ini files (No ini directory)
❌ Moving-Averages: 0 ini files (No ini directory)

Batch_0036:
-----------
❌ MQL5-Wizard-MA-RSI: 0 ini files (No ini directory)
❌ MQL5-Wizard-MACD-Parabolic-SAR: 0 ini files (No ini directory)
❌ MT45: 0 ini files (No ini directory)
❌ MT5-CoupleHedgeEA: 0 ini files (No ini directory)
❌ MT5-RingSystemEA: 0 ini files (No ini directory)
❌ MTC-Сombo: 0 ini files (No ini directory)
❌ Moving-20average-20and-20ichimoku-20EA: 0 ini files (No ini directory)
❌ MovingAverage: 0 ini files (No ini directory)
❌ MovingAverageMartinGale: 0 ini files (No ini directory)
❌ Mt5-williams-directional-index-EA: 0 ini files (No ini directory)

Batch_0037:
-----------
❌ Multi-Stochastic: 0 ini files (No ini directory)
❌ Multi-Trader-BC-Robot: 0 ini files (No ini directory)
❌ MultiMartin: 0 ini files (No ini directory)
❌ MySystem: 0 ini files (No ini directory)
❌ N Candles v2: 0 ini files (No ini directory)
❌ N Candles v3: 0 ini files (No ini directory)
❌ N Candles v4: 0 ini files (No ini directory)
❌ N Candles v5: 0 ini files (No ini directory)
❌ N-Candles: 0 ini files (No ini directory)
❌ N-_Candles_v7: 0 ini files (No ini directory)

Batch_0038:
-----------
❌ NRTR-Revers: 0 ini files (No ini directory)
❌ NSK-SWING-EA-MT5-Yoforexpremium: 0 ini files (No ini directory)
❌ Nevalyashka: 0 ini files (No ini directory)
❌ Nevalyashka-BreakdownLevel: 0 ini files (No ini directory)
❌ Nevalyashka3-1: 0 ini files (No ini directory)
❌ New-Martin: 0 ini files (No ini directory)
❌ New-Random: 0 ini files (No ini directory)
❌ Nextbar: 0 ini files (No ini directory)
❌ Night-Flat-Trade: 0 ini files (No ini directory)
❌ NightScalper: 0 ini files (No ini directory)

Batch_0039:
-----------
❌ NSK-SWING-EA-Yoforexpremium: 0 ini files (No ini directory)
❌ NUp1Down: 0 ini files (No ini directory)
❌ ORB-EA-BOX: 0 ini files (No ini directory)
❌ Open-Candle-EA: 0 ini files (No ini directory)
❌ Open-Close: 0 ini files (No ini directory)
❌ OpenPendingorderAfterPositionGetStopLoss: 0 ini files (No ini directory)
❌ OpenTicks: 0 ini files (No ini directory)
❌ Opening-and-ilosing-on-time: 0 ini files (No ini directory)
❌ Opening-and-Сlosing-on-time: 0 ini files (No ini directory)
❌ optimization-result: 0 ini files (No ini directory)

Batch_0040:
-----------
❌ OTT-20AND-20PRICE-20CROSS-20EA: 0 ini files (No ini directory)
❌ OsMaSter: 0 ini files (No ini directory)
❌ OverHedge: 0 ini files (No ini directory)
❌ OzFx: 0 ini files (No ini directory)
❌ PARSI-EA: 0 ini files (No ini directory)
❌ Par-20sar-20mt5-201: 0 ini files (No ini directory)
❌ Parabolic-SAR: 0 ini files (No ini directory)
❌ Peceptron-Mult: 0 ini files (No ini directory)
❌ Pending-orders-by-time: 0 ini files (No ini directory)
❌ Pending-orders-by-time-2: 0 ini files (No ini directory)

Batch_0041:
-----------
❌ POVERTY-KILLER-GHOSTMT5-YoForexPremium: 0 ini files (No ini directory)
❌ POW-BANKER-EA-MT5-4170-with-SetFiles-YoForexPremium: 0 ini files (No ini directory)
❌ Pendulum: 0 ini files (No ini directory)
❌ PinBar-Magic-Indicator: 0 ini files (No ini directory)
❌ Pinball-machine: 0 ini files (No ini directory)
❌ Pinbar-Magic-EA: 0 ini files (No ini directory)
❌ Pipsover: 0 ini files (No ini directory)
❌ Plan-X: 0 ini files (No ini directory)
❌ Plateau: 0 ini files (No ini directory)
❌ Poker-SHOW: 0 ini files (No ini directory)

Batch_0042:
-----------
❌ PROphet: 0 ini files (No ini directory)
❌ Precipice: 0 ini files (No ini directory)
❌ Precipice-MartIn: 0 ini files (No ini directory)
❌ PrizmaL-Pro-EAMT5-YoforexPremium: 0 ini files (No ini directory)
❌ Probe: 0 ini files (No ini directory)
❌ Proffessor: 0 ini files (No ini directory)
❌ PropFirmHelper: 0 ini files (No ini directory)
❌ Puria-method: 0 ini files (No ini directory)
❌ Rabbit3: 0 ini files (No ini directory)
❌ Range-Breakout: 0 ini files (No ini directory)

Batch_0043:
-----------
❌ REFLEX-INDICATOR: 0 ini files (No ini directory)
❌ RNN: 0 ini files (No ini directory)
❌ Rapid-Doji-EA: 0 ini files (No ini directory)
❌ Raymond-Cloudy-Day-for-EA: 0 ini files (No ini directory)
❌ RedDragon-v.1.03: 0 ini files (No ini directory)
❌ Reflex: 0 ini files (No ini directory)
❌ Reflex-EA: 0 ini files (No ini directory)
❌ Reversing-Martingale: 0 ini files (No ini directory)
❌ RideAlligator: 0 ini files (No ini directory)
❌ RobotPowerM5-meta4: 0 ini files (No ini directory)

Batch_0044:
-----------
❌ RSI EA v2: 0 ini files (No ini directory)
❌ RSI-Arrow: 0 ini files (No ini directory)
❌ RSI-Bollinger-Bands-EA: 0 ini files (No ini directory)
❌ RSI-EA: 0 ini files (No ini directory)
❌ RSI-Eraser: 0 ini files (No ini directory)
❌ RSI-Levels: 0 ini files (No ini directory)
❌ RSI-and-Bollinger-Bands: 0 ini files (No ini directory)
❌ RSI-trader: 0 ini files (No ini directory)
❌ Robot-MACD: 0 ini files (No ini directory)
❌ Rollback-system: 0 ini files (No ini directory)

Batch_0045:
-----------
❌ RSI-Arrow-EA: 0 ini files (No ini directory)
❌ RSI-Expert: 0 ini files (No ini directory)
❌ RSI-Trend: 0 ini files (No ini directory)
❌ RSI-Trend-EA: 0 ini files (No ini directory)
❌ RSI-with-channels: 0 ini files (No ini directory)
❌ RSI-with-channels-EA: 0 ini files (No ini directory)
❌ RSI_Expert_v2.0: 0 ini files (No ini directory)
❌ Russian20-hp1: 0 ini files (No ini directory)
❌ SampleCheckPendingOrder: 0 ini files (No ini directory)
❌ SampleTrailingstop-MT5: 0 ini files (No ini directory)

Batch_0046:
-----------
❌ SAR-trading: 0 ini files (No ini directory)
❌ Secwenta: 0 ini files (No ini directory)
❌ Sell-Stop: 0 ini files (No ini directory)
❌ Sensitive: 0 ini files (No ini directory)
❌ Separate-trade: 0 ini files (No ini directory)
❌ SilverTrend: 0 ini files (No ini directory)
❌ Simple-20Price-20Alert-20-20EA: 0 ini files (No ini directory)
❌ Simple-20Volume-20EA: 0 ini files (No ini directory)
❌ Simple-EA-MA-plus-MACD: 0 ini files (No ini directory)
❌ Simple-FX: 0 ini files (No ini directory)

Batch_0047:
-----------
❌ Simple-MACD: 0 ini files (No ini directory)
❌ Simple-Volume-EA: 0 ini files (No ini directory)
❌ SimplePivot: 0 ini files (No ini directory)
❌ SimpleTrade: 0 ini files (No ini directory)
❌ Simplest-Hedging-EA-ever: 0 ini files (No ini directory)
❌ Six-Soldiers: 0 ini files (No ini directory)
❌ Six-Soldiers-EA: 0 ini files (No ini directory)
❌ Six-Soldiers-EA-Grid: 0 ini files (No ini directory)
❌ Small-Inside-Bar-Strategy: 0 ini files (No ini directory)
❌ Smart-Machine-20EA: 0 ini files (No ini directory)

Batch_0048:
-----------
❌ SPYDER-EA-V-6.1-MT5-YoforexPremium: 0 ini files (No ini directory)
❌ Smoothing-Average: 0 ini files (No ini directory)
❌ Sound-Fx: 0 ini files (No ini directory)
❌ Spasm: 0 ini files (No ini directory)
❌ Sprd-mt5-20EA: 0 ini files (No ini directory)
❌ Stargogs-Ghost-Spike-Robot-EAMT5-YoForexPremium: 0 ini files (No ini directory)
❌ Stargogs-Pay-EA-MT5-YoforexPremium: 0 ini files (No ini directory)
❌ Starter: 0 ini files (No ini directory)
❌ sound: 0 ini files (No ini directory)
❌ ssb5-123: 0 ini files (No ini directory)

Batch_0049:
-----------
❌ Steve-Cartwright-Trader-Camel-CCI-MACD: 0 ini files (No ini directory)
❌ Stoch: 0 ini files (No ini directory)
❌ Stoch-EA-1192: 0 ini files (No ini directory)
❌ StochMA: 0 ini files (No ini directory)
❌ StochMA-EA: 0 ini files (No ini directory)
❌ Stochastic-20Alert: 0 ini files (No ini directory)
❌ Stochastic-K-Divergence.lua: 0 ini files (No ini directory)
❌ StochasticDiffSign-EA: 0 ini files (No ini directory)
❌ stochastic-three-periods: 0 ini files (No ini directory)
❌ stochasticdiffsign: 0 ini files (No ini directory)

Batch_0050:
-----------
❌ SUPER-TURBO-EAMT5-YoForexPremium: 0 ini files (No ini directory)
❌ Stop-Loss-Take-Profit: 0 ini files (No ini directory)
❌ StraddleqTrail: 0 ini files (No ini directory)
❌ Strategie-Boom-Crash-System-MT5-YoForexPremium: 0 ini files (No ini directory)
❌ Surefirething: 0 ini files (No ini directory)
❌ TAILOR-EA-MT5-YoForexPremium: 0 ini files (No ini directory)
❌ TAKASHI-SNIPEREA-MT5-yYoForexPremium: 0 ini files (No ini directory)
❌ TDSGlobal: 0 ini files (No ini directory)
❌ The-MasterMind: 0 ini files (No ini directory)
❌ The-MasterMind-2: 0 ini files (No ini directory)

Batch_0051:
-----------
❌ The-MasterMind-3: 0 ini files (No ini directory)
❌ The-Puncher: 0 ini files (No ini directory)
❌ TheClassicTurtleTrader-no-dots: 0 ini files (No ini directory)
❌ TheClassicTurtleTrader-no-dots-EA: 0 ini files (No ini directory)
❌ Thomas-EA-MT5-YoForexPremium: 0 ini files (No ini directory)
❌ Three-Typical-Candles: 0 ini files (No ini directory)
❌ Three-indicators: 0 ini files (No ini directory)
❌ Three-neural-networks: 0 ini files (No ini directory)
❌ Three-timeframes: 0 ini files (No ini directory)
❌ Time-bomb-mt5-1: 0 ini files (No ini directory)

Batch_0052:
-----------
❌ TMA-ATR-Channel: 0 ini files (No ini directory)
❌ TMA-ATR-EA: 0 ini files (No ini directory)
❌ TMA-CG-EA: 0 ini files (No ini directory)
❌ TMA-CG-Martingale-20EA: 0 ini files (No ini directory)
❌ TMA-CG-mladen: 0 ini files (No ini directory)
❌ Time-sync-forts: 0 ini files (No ini directory)
❌ Titan-X-21.18-EA-MT5: 0 ini files (No ini directory)
❌ TmaTrue-2.0-with-Distances-6xx: 0 ini files (No ini directory)
❌ TmaTrue-3.0-with-Distances-6xx: 0 ini files (No ini directory)
❌ timer-trade: 0 ini files (No ini directory)

Batch_0053:
-----------
❌ TMA-CG-special: 0 ini files (No ini directory)
❌ TMA-slope-bands: 0 ini files (No ini directory)
❌ TP-with-money: 0 ini files (No ini directory)
❌ Trade-Republic-1.75-MT5: 0 ini files (No ini directory)
❌ Trade-in-Channel: 0 ini files (No ini directory)
❌ Trade-on-qualified-RSI: 0 ini files (No ini directory)
❌ Trading-Breakout-MrThanhTan: 0 ini files (No ini directory)
❌ Trend-Trader-Strategy: 0 ini files (No ini directory)
❌ Trend-Trader-Strategy-EA: 0 ini files (No ini directory)
❌ True-Scalper-Profit-Lock: 0 ini files (No ini directory)

Batch_0054:
-----------
❌ Tru-EA: 0 ini files (No ini directory)
❌ TrueSort-1100: 0 ini files (No ini directory)
❌ Tunnel-Method: 0 ini files (No ini directory)
❌ Tunnel-Vision-2024-EA-MT5-YoForexPremium: 0 ini files (No ini directory)
❌ Tunnel-gen4: 0 ini files (No ini directory)
❌ TurnGrid: 0 ini files (No ini directory)
❌ Two-20MA-20RSI-20ADX-20EA: 0 ini files (No ini directory)
❌ Two-20Orders-20Panel: 0 ini files (No ini directory)
❌ Two-PerBar: 0 ini files (No ini directory)
❌ Two-pending-orders-2: 0 ini files (No ini directory)

Batch_0055:
-----------
❌ UnNomGuai-20EA: 0 ini files (No ini directory)
❌ UnityPro: 0 ini files (No ini directory)
❌ UniversalMACrossEA: 0 ini files (No ini directory)
❌ UniversalSignalDemo: 0 ini files (No ini directory)
❌ Universum-3.0: 0 ini files (No ini directory)
❌ Upgraded-EA-CRASH-1000MT5-YoforexPremium: 0 ini files (No ini directory)
❌ Urdala-Trol: 0 ini files (No ini directory)
❌ up3x1: 0 ini files (No ini directory)
❌ up3x1-Investor: 0 ini files (No ini directory)
❌ up3x1-premium-M: 0 ini files (No ini directory)

Batch_0056:
-----------
❌ VLT-TRADER: 0 ini files (No ini directory)
❌ VR-Overturn: 0 ini files (No ini directory)
❌ VR-ZVER: 0 ini files (No ini directory)
❌ VR-ZVER-v.2: 0 ini files (No ini directory)
❌ VZO: 0 ini files (No ini directory)
❌ Very-Blonde-System: 0 ini files (No ini directory)
❌ Virtual-Trailing-Stop: 0 ini files (No ini directory)
❌ Volume-trader: 0 ini files (No ini directory)
❌ Vortex-Indicator-System: 0 ini files (No ini directory)
❌ Waddah-Attar-Win: 0 ini files (No ini directory)

Batch_0057:
-----------
❌ NSK-Swing: 0 ini files (No ini directory)
❌ Simple-Trade: 0 ini files (No ini directory)
❌ Two-Perbar: 0 ini files (No ini directory)
❌ WE-TRUST: 0 ini files (No ini directory)
❌ X-RSIOMA: 0 ini files (No ini directory)
❌ XKPRMST-EA-MT5-YoForexPremium: 0 ini files (No ini directory)
❌ XT-EURUSD-EA-MT5-YoForexPremium: 0 ini files (No ini directory)
❌ Yesterday-Today: 0 ini files (No ini directory)
❌ Yumnaa-Classic-EA-MT5-Setfiles-YoForexPremium: 0 ini files (No ini directory)
❌ wagonKing1-EA: 0 ini files (No ini directory)

=== Summary Statistics ===
Total EAs processed: 0
Successfully created (252 ini files): 0
Failed to create 252 ini files: 570
Success rate: 0.00%
