=== INI File Analysis Report ===


Batch_0001:
-----------
⚠️ 10-pips: 504 ini files (more than expected)
⚠️ 10-pips-EURUSD: 504 ini files (more than expected)
⚠️ 1H-EUR-USD: 504 ini files (more than expected)
⚠️ 20011201-GBPUSD-M1: 504 ini files (more than expected)
⚠️ 21hour: 258 ini files (more than expected)
⚠️ 2HR-HL: 504 ini files (more than expected)
⚠️ 2MA-4Level: 504 ini files (more than expected)
⚠️ 2MA-Bunny-Cross: 504 ini files (more than expected)
⚠️ 3-bars-high-low-indicator: 318 ini files (more than expected)
⚠️ 35-Pip-Scalper: 504 ini files (more than expected)

Batch_0002:
-----------
⚠️ 3BarsHighLowEA: 258 ini files (more than expected)
⚠️ 3sma: 258 ini files (more than expected)
⚠️ 3sma_: 318 ini files (more than expected)
⚠️ 500: 258 ini files (more than expected)
⚠️ 55-MA: 318 ini files (more than expected)
⚠️ A: 258 ini files (more than expected)
⚠️ AC-ACADEMY-US30: 318 ini files (more than expected)
⚠️ Above-Below-MA: 318 ini files (more than expected)
⚠️ Absorption: 258 ini files (more than expected)
⚠️ Accumulator: 258 ini files (more than expected)
⚠️ temp_3sma-1: 318 ini files (more than expected)
⚠️ temp_temp-3sma-1: 318 ini files (more than expected)
⚠️ temp_temp-temp-3sma-1: 504 ini files (more than expected)

Batch_0003:
-----------
⚠️ ADX-MA: 318 ini files (more than expected)
⚠️ ADX-MACD-Deev: 318 ini files (more than expected)
⚠️ ADX-System: 318 ini files (more than expected)
⚠️ AI-GOLD: 318 ini files (more than expected)
⚠️ AI-TUNE: 318 ini files (more than expected)
⚠️ AI-TUNE-FIXED-YFP: 318 ini files (more than expected)
⚠️ AI-Trader: 318 ini files (more than expected)
⚠️ AI-Tune-EAMT5-YoforexPremium: 318 ini files (more than expected)
⚠️ AIS1: 258 ini files (more than expected)
⚠️ AK-47-Scalper-EA-MT5: 318 ini files (more than expected)
⚠️ temp-AI-Tune-EA-YoforexPremium: 318 ini files (more than expected)
⚠️ temp-AK-47-Scalper-EA: 318 ini files (more than expected)
⚠️ temp_AI-Tune-EA-YoforexPremium: 318 ini files (more than expected)
⚠️ temp_AK-47-Scalper-EA: 318 ini files (more than expected)

Batch_0004:
-----------
⚠️ AK-47-Scalper-EA-yoforexPremium-MT5: 318 ini files (more than expected)
⚠️ AK-47-Scalper-EAMT4-with-sourcecode-YoforexPremium-MT5: 318 ini files (more than expected)
⚠️ ALCHEMIST-YoforexPremium: 318 ini files (more than expected)
⚠️ AMA-Trader: 318 ini files (more than expected)
⚠️ Alexav-D1-Profit-GBPUSD: 318 ini files (more than expected)
⚠️ All-Average-Ea: 318 ini files (more than expected)
⚠️ Alligator: 258 ini files (more than expected)
⚠️ Alligator-Simple: 318 ini files (more than expected)
⚠️ Alpha-Zero-AI-RobotMT5-YoForexPremium: 318 ini files (more than expected)
⚠️ Altarius-RSI-Stohastic: 318 ini files (more than expected)
⚠️ temp-AK-47-Scalper-EA-with-sourcecode-YoforexPremium: 318 ini files (more than expected)
⚠️ temp-AK-47-Scalper-EA-yoforexPremium: 318 ini files (more than expected)
⚠️ temp-Alpha-Zero-AI-Robot-YoForexPremium: 318 ini files (more than expected)
⚠️ temp_AK-47-Scalper-EA-with-sourcecode-YoforexPremium: 318 ini files (more than expected)
⚠️ temp_AK-47-Scalper-EA-yoforexPremium: 318 ini files (more than expected)
⚠️ temp_Alpha-Zero-AI-Robot-YoForexPremium: 318 ini files (more than expected)

Batch_0005:
-----------
⚠️ AMA-Trader-2: 318 ini files (more than expected)
⚠️ AO-Lightning: 318 ini files (more than expected)
⚠️ AOCCI: 258 ini files (more than expected)
⚠️ ATR-SCLAPER: 318 ini files (more than expected)
⚠️ ArbSint: 258 ini files (more than expected)
⚠️ Arbitrage: 258 ini files (more than expected)
⚠️ Area-MACD: 318 ini files (more than expected)
⚠️ Artificial-Intelligence: 318 ini files (more than expected)
⚠️ At-random: 318 ini files (more than expected)
⚠️ At-random-Full: 318 ini files (more than expected)

Batch_0006:
-----------
⚠️ ATR-SCLAPER-EA-MT5-YoforexPremium: 318 ini files (more than expected)
⚠️ Auto-ADX: 318 ini files (more than expected)
⚠️ Auto-Pivot-Plotter-28Mid-Levels-29-41: 318 ini files (more than expected)
⚠️ AutoLock-EA: 318 ini files (more than expected)
⚠️ Autotrader-Momentum: 318 ini files (more than expected)
⚠️ Avalanche-AV: 318 ini files (more than expected)
⚠️ BADX: 258 ini files (more than expected)
⚠️ Backbone: 258 ini files (more than expected)
⚠️ Bago-EA: 318 ini files (more than expected)
⚠️ backtrader-master: 318 ini files (more than expected)
⚠️ temp-ATR-SCLAPER-EA-YoforexPremium: 318 ini files (more than expected)
⚠️ temp_ATR-SCLAPER-EA-YoforexPremium: 318 ini files (more than expected)

Batch_0007:
-----------
⚠️ BARS-Alligator: 318 ini files (more than expected)
⚠️ BB-stops-MT5: 318 ini files (more than expected)
⚠️ BBPercentile: 258 ini files (more than expected)
⚠️ BBPercentile-EA: 318 ini files (more than expected)
⚠️ BDCrossOver-20EA: 318 ini files (more than expected)
⚠️ BalancedScalper-20EA: 318 ini files (more than expected)
⚠️ Bands-2: 318 ini files (more than expected)
⚠️ Basic-CCI-RSI: 318 ini files (more than expected)
⚠️ Basic-Martingale-EA-3: 318 ini files (more than expected)
⚠️ bb-automated: 318 ini files (more than expected)
⚠️ temp-BB-stops: 318 ini files (more than expected)
⚠️ temp_BB-stops: 318 ini files (more than expected)

Batch_0008:
-----------
⚠️ BEAR-row-full-EA: 318 ini files (more than expected)
⚠️ BIG-DOG: 318 ini files (more than expected)
⚠️ BIG-RECOVERY-EA-MT5-YoForexPremium: 318 ini files (more than expected)
⚠️ BORN4PIPS-EA-1-YoForexPremium: 318 ini files (more than expected)
⚠️ BORN4PIPS-EA-MT5-YoForexPremium: 318 ini files (more than expected)
⚠️ Bill-Williams: 318 ini files (more than expected)
⚠️ Bollinger-Band-Two-MA-and-Zig-Zag: 318 ini files (more than expected)
⚠️ Bollinger-Bands-N-positions: 318 ini files (more than expected)
⚠️ Bollinger-Bands-RSI: 318 ini files (more than expected)
⚠️ bollinger: 258 ini files (more than expected)
⚠️ temp-BIG-RECOVERY-EA-YoForexPremium: 318 ini files (more than expected)
⚠️ temp-BORN4PIPS-EA-YoForexPremium: 318 ini files (more than expected)
⚠️ temp_BIG-RECOVERY-EA-YoForexPremium: 318 ini files (more than expected)
⚠️ temp_BORN4PIPS-EA-YoForexPremium: 318 ini files (more than expected)

Batch_0009:
-----------
⚠️ BSS-1-0: 318 ini files (more than expected)
⚠️ Brakeout-Trader: 318 ini files (more than expected)
⚠️ Brandy: 258 ini files (more than expected)
⚠️ Brazilian-EA-MT5-YoforexPremium: 318 ini files (more than expected)
⚠️ Breadandbutter2: 258 ini files (more than expected)
⚠️ Breakdown-catcher: 318 ini files (more than expected)
⚠️ Breakout-Str: 318 ini files (more than expected)
⚠️ Bronze-Warrioir: 318 ini files (more than expected)
⚠️ Bruno: 258 ini files (more than expected)
⚠️ breakdown: 258 ini files (more than expected)
⚠️ temp-Brazilian-EA-YoforexPremium: 318 ini files (more than expected)
⚠️ temp_Brazilian-EA-YoforexPremium: 318 ini files (more than expected)

Batch_0010:
-----------
⚠️ BTA-Optimal-Trade-Zone-EA-v.1.0-MT5-YoForexPremium: 318 ini files (more than expected)
⚠️ BTA-Sniper-Entry-v.1.0-EA-MT5-YoForexPremium: 318 ini files (more than expected)
⚠️ BULL-row-full-EA: 318 ini files (more than expected)
⚠️ Bullish-and-Bearish-Engulfing: 318 ini files (more than expected)
⚠️ Burg-Extrapolator: 318 ini files (more than expected)
⚠️ BykovTrend-EA: 318 ini files (more than expected)
⚠️ BykovTrend_EA_v3: 258 ini files (more than expected)
⚠️ Calculate-lotsize-and-Trailling-stop: 318 ini files (more than expected)
⚠️ Candle: 258 ini files (more than expected)
⚠️ candlepatternsexample: 258 ini files (more than expected)
⚠️ temp-BTA-Optimal-Trade-Zone-EA-v.1.0-YoForexPremium: 318 ini files (more than expected)
⚠️ temp-BTA-Sniper-Entry-v.1.0-EA-YoForexPremium: 318 ini files (more than expected)
⚠️ temp-BykovTrend-EA-v3: 318 ini files (more than expected)
⚠️ temp_BTA-Optimal-Trade-Zone-EA-v.1.0-YoForexPremium: 318 ini files (more than expected)
⚠️ temp_BTA-Sniper-Entry-v.1.0-EA-YoForexPremium: 318 ini files (more than expected)
⚠️ temp_BykovTrend-EA-v3: 318 ini files (more than expected)

Batch_0011:
-----------
⚠️ CCI-MACD-Scalper: 318 ini files (more than expected)
⚠️ CLOUD: 258 ini files (more than expected)
⚠️ Carbophos: 258 ini files (more than expected)
⚠️ CashMachine-5min: 318 ini files (more than expected)
⚠️ Cidomo: 258 ini files (more than expected)
⚠️ CloseAgent: 258 ini files (more than expected)
⚠️ CloseProfit: 258 ini files (more than expected)
⚠️ Constituents-EA: 318 ini files (more than expected)
⚠️ Contrarian-trade-MA: 318 ini files (more than expected)
⚠️ cloud's-trade-2: 318 ini files (more than expected)

Batch_0012:
-----------
⚠️ CrossMA: 258 ini files (more than expected)
⚠️ Crossing-Moving-Average: 318 ini files (more than expected)
⚠️ Currencyprofits-01.1: 318 ini files (more than expected)
⚠️ Daily-20reversal-20-20EA: 318 ini files (more than expected)
⚠️ Daily-BreakPoint: 318 ini files (more than expected)
⚠️ Daily-Candle-ScalperEA-MT5-YoForexPremium: 318 ini files (more than expected)
⚠️ Daily-Candle-ScalperEA-MT5-YoForexPremium-1: 318 ini files (more than expected)
⚠️ Daily-Open-EA: 318 ini files (more than expected)
⚠️ Daily-range: 318 ini files (more than expected)
⚠️ Dark-Mimas-MT5: 318 ini files (more than expected)
⚠️ temp-Daily-Candle-ScalperEA-YoForexPremium: 318 ini files (more than expected)
⚠️ temp-Daily-Candle-ScalperEA-YoForexPremium-1: 318 ini files (more than expected)
⚠️ temp-Dark-Mimas: 318 ini files (more than expected)
⚠️ temp_Daily-Candle-ScalperEA-YoForexPremium: 318 ini files (more than expected)
⚠️ temp_Daily-Candle-ScalperEA-YoForexPremium-1: 318 ini files (more than expected)
⚠️ temp_Dark-Mimas: 318 ini files (more than expected)

Batch_0013:
-----------
⚠️ Day-Trading-PAMXA: 318 ini files (more than expected)
⚠️ DayTrading: 258 ini files (more than expected)
⚠️ Daydream: 258 ini files (more than expected)
⚠️ DeMarker-Pending: 318 ini files (more than expected)
⚠️ DeMarker-Pending-2: 318 ini files (more than expected)
⚠️ DeMarker-Pending-2-5: 318 ini files (more than expected)
⚠️ DeMarker-gaining-position-volume: 318 ini files (more than expected)
⚠️ DeMarker-gaining-position-volume-2: 318 ini files (more than expected)
⚠️ Dealers-Trade-v-7.74-MACD: 318 ini files (more than expected)
⚠️ Deep-Drawdown-MA: 318 ini files (more than expected)

Batch_0014:
-----------
⚠️ Dematus: 258 ini files (more than expected)
⚠️ Divergence-20for-20many-20indicator: 318 ini files (more than expected)
⚠️ Divergence-EA: 318 ini files (more than expected)
⚠️ Divergence-EA-BB: 318 ini files (more than expected)
⚠️ Divergence-EA-pip-sl-tp: 318 ini files (more than expected)
⚠️ Doji-Arrows: 318 ini files (more than expected)
⚠️ DojiTrader: 258 ini files (more than expected)
⚠️ Donchian-Chanel-EA: 318 ini files (more than expected)
⚠️ DoubleHullMA: 258 ini files (more than expected)
⚠️ DoubleHullMA-EA: 318 ini files (more than expected)

Batch_0015:
-----------
⚠️ DoubleMA-Crossover-EA: 318 ini files (more than expected)
⚠️ Doubler: 258 ini files (more than expected)
⚠️ Driver-EA-MT5: 318 ini files (more than expected)
⚠️ Dynamic-averaging: 318 ini files (more than expected)
⚠️ E-Friday: 318 ini files (more than expected)
⚠️ E-Skoch-Open: 318 ini files (more than expected)
⚠️ dummy: 258 ini files (more than expected)
⚠️ e-Skoch-pending-orders: 318 ini files (more than expected)
⚠️ e-Smart-Trailing: 318 ini files (more than expected)
⚠️ e-TurboFx: 318 ini files (more than expected)
⚠️ temp-Driver-EA: 318 ini files (more than expected)
⚠️ temp_Driver-EA: 318 ini files (more than expected)

Batch_0016:
-----------
⚠️ EA-Close: 318 ini files (more than expected)
⚠️ EA-Gold-Stuff-MT5-YoForexPremium: 318 ini files (more than expected)
⚠️ EA-MA-Stoch-RSI: 318 ini files (more than expected)
⚠️ EA-Moving-Average: 318 ini files (more than expected)
⚠️ EMA: 258 ini files (more than expected)
⚠️ EMA-6.12: 318 ini files (more than expected)
⚠️ EMA-CROSS: 318 ini files (more than expected)
⚠️ EMA-LWMA-RSI: 318 ini files (more than expected)
⚠️ Elevator-Robot-PMT5-YoForexPremium: 318 ini files (more than expected)
⚠️ Elite-eFibo-Trader: 318 ini files (more than expected)
⚠️ temp-EA-Gold-Stuff-YoForexPremium: 318 ini files (more than expected)
⚠️ temp-Elevator-Robot-P-YoForexPremium: 318 ini files (more than expected)
⚠️ temp_EA-Gold-Stuff-YoForexPremium: 318 ini files (more than expected)
⚠️ temp_Elevator-Robot-P-YoForexPremium: 318 ini files (more than expected)

Batch_0017:
-----------
⚠️ EMA-RSI-EA: 318 ini files (more than expected)
⚠️ EMA-WMA: 318 ini files (more than expected)
⚠️ EMA_WMA v2: 258 ini files (more than expected)
⚠️ EURUSD-breakout: 318 ini files (more than expected)
⚠️ EURUSDH1: 258 ini files (more than expected)
⚠️ Eugene: 258 ini files (more than expected)
⚠️ Euronis-Scalper-EA-MT5-With-DLL-YoForexPremium: 318 ini files (more than expected)
⚠️ Executer-AC: 318 ini files (more than expected)
⚠️ Executor-AO: 318 ini files (more than expected)
⚠️ eur-usd-m5: 318 ini files (more than expected)
⚠️ temp-EMA-WMA-v2: 318 ini files (more than expected)
⚠️ temp-Euronis-Scalper-EA-With-DLL-YoForexPremium: 318 ini files (more than expected)
⚠️ temp_EMA-WMA-v2: 318 ini files (more than expected)
⚠️ temp_Euronis-Scalper-EA-With-DLL-YoForexPremium: 318 ini files (more than expected)

Batch_0018:
-----------
⚠️ Executor-Candles: 318 ini files (more than expected)
⚠️ Expert-NEWS: 318 ini files (more than expected)
⚠️ Expert-RSI-Stochastic-MA: 318 ini files (more than expected)
⚠️ ExtremePrice-EA: 318 ini files (more than expected)
⚠️ FI-TRADING-ROBOTMT5-yoforexprenium: 318 ini files (more than expected)
⚠️ Fi-Trading-Robot-1.0: 318 ini files (more than expected)
⚠️ Fi-Trading-Robot-YoForexPremium: 318 ini files (more than expected)
⚠️ FiboRetracement-20EA: 318 ini files (more than expected)
⚠️ e-Breakeven: 318 ini files (more than expected)
⚠️ exp-Amstell: 318 ini files (more than expected)
⚠️ temp-FI-TRADING-ROBOT-yoforexprenium: 318 ini files (more than expected)
⚠️ temp_FI-TRADING-ROBOT-yoforexprenium: 318 ini files (more than expected)

Batch_0019:
-----------
⚠️ Firebird: 258 ini files (more than expected)
⚠️ Firestorm-EA: 318 ini files (more than expected)
⚠️ Firestorm-indicator: 318 ini files (more than expected)
⚠️ Fluctuate: 258 ini files (more than expected)
⚠️ Forex-Fraus-M1: 318 ini files (more than expected)
⚠️ Forex-Profit: 318 ini files (more than expected)
⚠️ Fractals-minimum-distance: 318 ini files (more than expected)
⚠️ Fraktrak-xonax: 318 ini files (more than expected)
⚠️ Frank-Ud: 318 ini files (more than expected)
⚠️ fratal-mt5-EA: 318 ini files (more than expected)
⚠️ temp-fratal-EA: 318 ini files (more than expected)
⚠️ temp_fratal-EA: 318 ini files (more than expected)

Batch_0020:
-----------
⚠️ FT-CCI: 318 ini files (more than expected)
⚠️ FT-Sniper-GOLD-MT5-4: 318 ini files (more than expected)
⚠️ Fuzzy-logic: 318 ini files (more than expected)
⚠️ GAP-EA: 318 ini files (more than expected)
⚠️ GBP9AM: 258 ini files (more than expected)
⚠️ GalacticExplosion: 258 ini files (more than expected)
⚠️ Galaxy-5-1.0-MT5: 318 ini files (more than expected)
⚠️ Gandalf-PRO: 318 ini files (more than expected)
⚠️ Gap-DM: 318 ini files (more than expected)
⚠️ Gaps: 258 ini files (more than expected)
⚠️ temp-FT-Sniper-GOLD-4: 318 ini files (more than expected)
⚠️ temp-Galaxy-5-1.0: 318 ini files (more than expected)
⚠️ temp_FT-Sniper-GOLD-4: 318 ini files (more than expected)
⚠️ temp_Galaxy-5-1.0: 318 ini files (more than expected)

Batch_0021:
-----------
⚠️ GO: 258 ini files (more than expected)
⚠️ GbpChf: 258 ini files (more than expected)
⚠️ Godzillar-EABanker-MT5-FX-XRACKED: 318 ini files (more than expected)
⚠️ Gold-Dust: 318 ini files (more than expected)
⚠️ GoldHero-FX-Cracked: 318 ini files (more than expected)
⚠️ GreenTrade: 258 ini files (more than expected)
⚠️ Grid: 258 ini files (more than expected)
⚠️ Grid-Martingale: 318 ini files (more than expected)
⚠️ GridEA: 258 ini files (more than expected)
⚠️ HarVesteR: 258 ini files (more than expected)
⚠️ temp-Godzillar-EABanker-FX-XRACKED: 318 ini files (more than expected)
⚠️ temp_Godzillar-EABanker-FX-XRACKED: 318 ini files (more than expected)

Batch_0022:
-----------
⚠️ HedgeEA: 258 ini files (more than expected)
⚠️ Hedging-EA: 318 ini files (more than expected)
⚠️ Heiken-Ashi-Smoothed-EA: 318 ini files (more than expected)
⚠️ HeikenAshi-Lines: 318 ini files (more than expected)
⚠️ HeikenAshi-Lines-EA: 318 ini files (more than expected)
⚠️ hedger: 258 ini files (more than expected)
⚠️ heiken-ashi-engulf-ea-buy-mt5: 318 ini files (more than expected)
⚠️ heiken-ashi-engulf-sell-ea-mt5: 318 ini files (more than expected)
⚠️ heiken-ashi-smoothed: 318 ini files (more than expected)
⚠️ heiken-ashi-smoothedLine: 318 ini files (more than expected)
⚠️ temp-heiken-ashi-engulf-ea-buy: 318 ini files (more than expected)
⚠️ temp-heiken-ashi-engulf-sell-ea: 318 ini files (more than expected)
⚠️ temp_heiken-ashi-engulf-ea-buy: 318 ini files (more than expected)
⚠️ temp_heiken-ashi-engulf-sell-ea: 318 ini files (more than expected)

Batch_0023:
-----------
⚠️ Heiken-Ashi-Smoothed-EA-with-MA: 318 ini files (more than expected)
⚠️ Heinken-Ashi-Color-Candles: 318 ini files (more than expected)
⚠️ HelloSmart: 258 ini files (more than expected)
⚠️ High-Low-EA: 318 ini files (more than expected)
⚠️ High-Low-Indicator: 318 ini files (more than expected)
⚠️ Hoop-master-2: 318 ini files (more than expected)
⚠️ Ichimoku: 258 ini files (more than expected)
⚠️ i-impulsesystem: 318 ini files (more than expected)
⚠️ iCCI-iMA: 318 ini files (more than expected)
⚠️ ichimok2005: 258 ini files (more than expected)

Batch_0024:
-----------
⚠️ ICH-With-Alert-Derekers: 318 ini files (more than expected)
⚠️ ICH-With-Alert-Derekers-EA: 318 ini files (more than expected)
⚠️ Ichimoku-20Kijun-20Alert: 318 ini files (more than expected)
⚠️ Ichimoku-20Tenkan-20Alert: 318 ini files (more than expected)
⚠️ Ichimoku-Dashboard-MT5: 318 ini files (more than expected)
⚠️ Ichimoku-Scanner: 318 ini files (more than expected)
⚠️ Ichimoku-Scanner-MT5: 318 ini files (more than expected)
⚠️ Ichimoku-Signals-and-Alert: 318 ini files (more than expected)
⚠️ IchimokuMTF-EA: 318 ini files (more than expected)
⚠️ Ilan-iMA: 318 ini files (more than expected)
⚠️ temp-Ichimoku-Dashboard: 318 ini files (more than expected)
⚠️ temp-Ichimoku-Scanner-1: 318 ini files (more than expected)
⚠️ temp_Ichimoku-Dashboard: 318 ini files (more than expected)
⚠️ temp_Ichimoku-Scanner-1: 318 ini files (more than expected)

Batch_0025:
-----------
⚠️ IStochastic-Trading: 318 ini files (more than expected)
⚠️ Ilan1.4: 318 ini files (more than expected)
⚠️ Indices-Tester: 318 ini files (more than expected)
⚠️ Inka-20Edho-20EA: 318 ini files (more than expected)
⚠️ Intersection-2-iMA: 318 ini files (more than expected)
⚠️ Ivan: 258 ini files (more than expected)
⚠️ JackPot-Strategy-Elite: 318 ini files (more than expected)
⚠️ Jackpot-Strategy-EA: 318 ini files (more than expected)
⚠️ iMA-iStdDev: 318 ini files (more than expected)
⚠️ iVIDyA-Simple: 318 ini files (more than expected)

Batch_0026:
-----------
⚠️ JK-BullP-AutoTrader: 318 ini files (more than expected)
⚠️ JS-Chaos: 318 ini files (more than expected)
⚠️ JS-MA-Day: 318 ini files (more than expected)
⚠️ JS-MA-SAR-Trades: 318 ini files (more than expected)
⚠️ JS-MA-SAR-Trades-EA-MT5-YoforexPremium: 318 ini files (more than expected)
⚠️ JS-MA-SAR-Trades-Yoforexpremium: 318 ini files (more than expected)
⚠️ Juggernaut: 258 ini files (more than expected)
⚠️ KA-Gold-Bot: 318 ini files (more than expected)
⚠️ KueFx-20Arrows: 318 ini files (more than expected)
⚠️ KueFx-20Baseline: 318 ini files (more than expected)
⚠️ temp-JS-MA-SAR-Trades-EA-YoforexPremium: 318 ini files (more than expected)
⚠️ temp_JS-MA-SAR-Trades-EA-YoforexPremium: 318 ini files (more than expected)

Batch_0027:
-----------
⚠️ KueFx-Arrows: 318 ini files (more than expected)
⚠️ KueFx-Arrows-20EA: 318 ini files (more than expected)
⚠️ KueFx-Arrows-EA: 318 ini files (more than expected)
⚠️ KueFx-Baseline: 318 ini files (more than expected)
⚠️ KueFx-Baseline-EA: 318 ini files (more than expected)
⚠️ KueFx-Clean-2025-EA: 318 ini files (more than expected)
⚠️ KueFxTrend-20EA: 318 ini files (more than expected)
⚠️ KueFxTrend-EA: 318 ini files (more than expected)
⚠️ KueFx_Arrows_EA_v1.10: 318 ini files (more than expected)
⚠️ KueFx_Baseline_EA_v1.10: 318 ini files (more than expected)
⚠️ temp-KueFx-Arrows-EA-v1.10: 318 ini files (more than expected)
⚠️ temp-KueFx-Baseline-EA-v1.10: 318 ini files (more than expected)
⚠️ temp_KueFx-Arrows-EA-v1.10: 318 ini files (more than expected)
⚠️ temp_KueFx-Baseline-EA-v1.10: 318 ini files (more than expected)

Batch_0028:
-----------
⚠️ Kue-Electric-EA: 318 ini files (more than expected)
⚠️ KueFX-Money-Management: 318 ini files (more than expected)
⚠️ KueFx-Extreme-EA: 318 ini files (more than expected)
⚠️ KueFx-Harare-EA: 318 ini files (more than expected)
⚠️ KueFx-Motor: 318 ini files (more than expected)
⚠️ KueFx-Motor-EA: 318 ini files (more than expected)
⚠️ KueFx-Trend: 318 ini files (more than expected)
⚠️ LarryConnersRSI2: 258 ini files (more than expected)
⚠️ Last-ZZ50: 318 ini files (more than expected)
⚠️ Lavika100: 258 ini files (more than expected)

Batch_0029:
-----------
⚠️ LBS: 258 ini files (more than expected)
⚠️ LazyBot-MT5: 318 ini files (more than expected)
⚠️ Lego-EA: 318 ini files (more than expected)
⚠️ Lesson-3-Price-Action: 318 ini files (more than expected)
⚠️ Lesson-4-Price-Action-MA-Filter: 318 ini files (more than expected)
⚠️ Lesson-6-Trailling-ATR: 318 ini files (more than expected)
⚠️ Lesson-7-Price-action-Ket-hop-Volume-VSA: 318 ini files (more than expected)
⚠️ Little-EA: 318 ini files (more than expected)
⚠️ Lock: 258 ini files (more than expected)
⚠️ Locker: 258 ini files (more than expected)
⚠️ temp-LazyBot: 318 ini files (more than expected)
⚠️ temp_LazyBot: 258 ini files (more than expected)

Batch_0030:
-----------
⚠️ Lucky: 258 ini files (more than expected)
⚠️ M.A-break-mt5-buy: 318 ini files (more than expected)
⚠️ M.A-break-mt5-sell: 318 ini files (more than expected)
⚠️ MA MACD Position averaging v2: 258 ini files (more than expected)
⚠️ MA-20AO-20Arrow: 318 ini files (more than expected)
⚠️ MA-20Alert: 318 ini files (more than expected)
⚠️ MA-Cross: 318 ini files (more than expected)
⚠️ MA-Envelopes: 318 ini files (more than expected)
⚠️ MA-MACD-Position-averaging: 318 ini files (more than expected)
⚠️ MA-Trend: 318 ini files (more than expected)
⚠️ temp-M.A-break-buy: 318 ini files (more than expected)
⚠️ temp-M.A-break-sell: 318 ini files (more than expected)
⚠️ temp-MA-MACD-Position-averaging-v2: 318 ini files (more than expected)
⚠️ temp_M.A-break-buy: 318 ini files (more than expected)
⚠️ temp_M.A-break-sell: 318 ini files (more than expected)
⚠️ temp_MA-MACD-Position-averaging-v2: 318 ini files (more than expected)

Batch_0031:
-----------
⚠️ MA2CCI: 258 ini files (more than expected)
⚠️ MACD: 258 ini files (more than expected)
⚠️ MACD-Cleaner: 318 ini files (more than expected)
⚠️ MACD-No-Sample: 318 ini files (more than expected)
⚠️ MACD-Stochastic: 318 ini files (more than expected)
⚠️ MACD-Stochastic-2: 318 ini files (more than expected)
⚠️ MACD-and-SAR: 318 ini files (more than expected)
⚠️ MACD-signal: 318 ini files (more than expected)
⚠️ MACD-wonder: 318 ini files (more than expected)
⚠️ Macd-diver-and-rsi-mt5: 318 ini files (more than expected)
⚠️ temp-Macd-diver-and-rsi: 318 ini files (more than expected)
⚠️ temp_Macd-diver-and-rsi: 318 ini files (more than expected)

Batch_0032:
-----------
⚠️ MACD-EA-H4: 318 ini files (more than expected)
⚠️ MACD-wonder-YoforexPremium: 318 ini files (more than expected)
⚠️ MACDCCI: 258 ini files (more than expected)
⚠️ MAGrid: 258 ini files (more than expected)
⚠️ MAMACD: 258 ini files (more than expected)
⚠️ MacdPatternTraderAll: 258 ini files (more than expected)
⚠️ MacdPatternTraderAll0.01: 318 ini files (more than expected)
⚠️ MagneticBrake: 258 ini files (more than expected)
⚠️ MagneticStopExpert: 258 ini files (more than expected)
⚠️ Mariner-MT5: 318 ini files (more than expected)
⚠️ temp-Mariner: 318 ini files (more than expected)
⚠️ temp_Mariner: 258 ini files (more than expected)

Batch_0033:
-----------
⚠️ MA-AO-EA: 318 ini files (more than expected)
⚠️ Market-Capture: 318 ini files (more than expected)
⚠️ Martin: 258 ini files (more than expected)
⚠️ Martin-1: 318 ini files (more than expected)
⚠️ Martin-for-small-deposits: 318 ini files (more than expected)
⚠️ MartinGaleBreakout: 258 ini files (more than expected)
⚠️ MartingailExpert: 258 ini files (more than expected)
⚠️ Marubozu: 258 ini files (more than expected)
⚠️ Marubozu-EA: 318 ini files (more than expected)
⚠️ Marubozu_EA_v1.10: 318 ini files (more than expected)
⚠️ temp-Marubozu-EA-v1.10: 318 ini files (more than expected)
⚠️ temp_Marubozu-EA-v1.10: 318 ini files (more than expected)

Batch_0034:
-----------
⚠️ MA-Crossover-mt5-20EA: 318 ini files (more than expected)
⚠️ Ma-Crosses-MT5: 318 ini files (more than expected)
⚠️ MelBar-EuSwiss-1.85: 318 ini files (more than expected)
⚠️ MelBarTTake325-T-5.5Y-NZD-USD.ex5: 318 ini files (more than expected)
⚠️ MelBarTTake325-T-5.5Y-NZD-USD.mq5: 318 ini files (more than expected)
⚠️ MelBar™Take325-™-5.5Y-NZD-USD: 318 ini files (more than expected)
⚠️ Minning-GoldMT5-Yoforexpremium: 318 ini files (more than expected)
⚠️ Mobo-Bands: 318 ini files (more than expected)
⚠️ Mobo-Bands-EA: 318 ini files (more than expected)
⚠️ ma-channels: 318 ini files (more than expected)
⚠️ temp-MA-Crossover-20EA: 318 ini files (more than expected)
⚠️ temp-Ma-Crosses: 318 ini files (more than expected)
⚠️ temp-Minning-Gold-Yoforexpremium: 318 ini files (more than expected)
⚠️ temp_MA-Crossover-20EA: 318 ini files (more than expected)
⚠️ temp_Ma-Crosses: 318 ini files (more than expected)
⚠️ temp_Minning-Gold-Yoforexpremium: 318 ini files (more than expected)

Batch_0035:
-----------
⚠️ Modified-Moving-Averages: 318 ini files (more than expected)
⚠️ Momentum-M15: 318 ini files (more than expected)
⚠️ Momo-trades: 318 ini files (more than expected)
⚠️ Money-Fixed-Margin: 318 ini files (more than expected)
⚠️ Money-Fixed-Risk: 318 ini files (more than expected)
⚠️ MoneyRain: 258 ini files (more than expected)
⚠️ Morning-evening-star-EA: 318 ini files (more than expected)
⚠️ MostasHaR15-Pivot: 318 ini files (more than expected)
⚠️ Moving-Average-Trade-System: 318 ini files (more than expected)
⚠️ Moving-Averages: 318 ini files (more than expected)

Batch_0036:
-----------
⚠️ MQL5-Wizard-MA-RSI: 318 ini files (more than expected)
⚠️ MQL5-Wizard-MACD-Parabolic-SAR: 318 ini files (more than expected)
⚠️ MT45: 258 ini files (more than expected)
⚠️ MT5-CoupleHedgeEA: 318 ini files (more than expected)
⚠️ MT5-RingSystemEA: 318 ini files (more than expected)
⚠️ MTC-Сombo: 318 ini files (more than expected)
⚠️ Moving-20average-20and-20ichimoku-20EA: 318 ini files (more than expected)
⚠️ MovingAverage: 258 ini files (more than expected)
⚠️ MovingAverageMartinGale: 258 ini files (more than expected)
⚠️ Mt5-williams-directional-index-EA: 318 ini files (more than expected)
⚠️ temp-5: 318 ini files (more than expected)
⚠️ temp-CoupleHedgeEA: 318 ini files (more than expected)
⚠️ temp-RingSystemEA: 318 ini files (more than expected)
⚠️ temp-williams-directional-index-EA: 318 ini files (more than expected)
⚠️ temp_-CoupleHedgeEA: 360 ini files (more than expected)
⚠️ temp_-RingSystemEA: 360 ini files (more than expected)
⚠️ temp_-williams-directional-index-EA: 360 ini files (more than expected)
⚠️ temp_5: 258 ini files (more than expected)

Batch_0037:
-----------
⚠️ Multi-Stochastic: 318 ini files (more than expected)
⚠️ Multi-Trader-BC-Robot: 318 ini files (more than expected)
⚠️ MultiMartin: 258 ini files (more than expected)
⚠️ MySystem: 258 ini files (more than expected)
⚠️ N Candles v2: 258 ini files (more than expected)
⚠️ N Candles v3: 258 ini files (more than expected)
⚠️ N Candles v4: 258 ini files (more than expected)
⚠️ N Candles v5: 258 ini files (more than expected)
⚠️ N-Candles: 318 ini files (more than expected)
⚠️ N-_Candles_v7: 360 ini files (more than expected)
⚠️ temp-N-Candles-v2: 318 ini files (more than expected)
⚠️ temp-N-Candles-v3: 318 ini files (more than expected)
⚠️ temp-N-Candles-v4: 318 ini files (more than expected)
⚠️ temp-N-Candles-v5: 318 ini files (more than expected)
⚠️ temp-N-Candles-v7: 318 ini files (more than expected)
⚠️ temp_N-Candles-v2: 318 ini files (more than expected)
⚠️ temp_N-Candles-v3: 318 ini files (more than expected)
⚠️ temp_N-Candles-v4: 318 ini files (more than expected)
⚠️ temp_N-Candles-v5: 318 ini files (more than expected)
⚠️ temp_N-Candles-v7: 318 ini files (more than expected)

Batch_0038:
-----------
⚠️ NRTR-Revers: 318 ini files (more than expected)
⚠️ NSK-SWING-EA-MT5-Yoforexpremium: 318 ini files (more than expected)
⚠️ Nevalyashka: 258 ini files (more than expected)
⚠️ Nevalyashka-BreakdownLevel: 318 ini files (more than expected)
⚠️ Nevalyashka3-1: 318 ini files (more than expected)
⚠️ New-Martin: 318 ini files (more than expected)
⚠️ New-Random: 318 ini files (more than expected)
⚠️ Nextbar: 258 ini files (more than expected)
⚠️ Night-Flat-Trade: 318 ini files (more than expected)
⚠️ NightScalper: 258 ini files (more than expected)
⚠️ temp-NSK-SWING-EA-Yoforexpremium: 318 ini files (more than expected)
⚠️ temp_NSK-SWING-EA-Yoforexpremium: 318 ini files (more than expected)

Batch_0039:
-----------
⚠️ NSK-SWING-EA-Yoforexpremium: 318 ini files (more than expected)
⚠️ NUp1Down: 258 ini files (more than expected)
⚠️ ORB-EA-BOX: 318 ini files (more than expected)
⚠️ Open-Candle-EA: 318 ini files (more than expected)
⚠️ Open-Close: 318 ini files (more than expected)
⚠️ OpenPendingorderAfterPositionGetStopLoss: 258 ini files (more than expected)
⚠️ OpenTicks: 258 ini files (more than expected)
⚠️ Opening-and-ilosing-on-time: 318 ini files (more than expected)
⚠️ Opening-and-Сlosing-on-time: 318 ini files (more than expected)
⚠️ optimization-result: 318 ini files (more than expected)

Batch_0040:
-----------
⚠️ OTT-20AND-20PRICE-20CROSS-20EA: 318 ini files (more than expected)
⚠️ OsMaSter: 258 ini files (more than expected)
⚠️ OverHedge: 258 ini files (more than expected)
⚠️ OzFx: 258 ini files (more than expected)
⚠️ PARSI-EA: 318 ini files (more than expected)
⚠️ Par-20sar-20mt5-201: 318 ini files (more than expected)
⚠️ Parabolic-SAR: 318 ini files (more than expected)
⚠️ Peceptron-Mult: 318 ini files (more than expected)
⚠️ Pending-orders-by-time: 318 ini files (more than expected)
⚠️ Pending-orders-by-time-2: 318 ini files (more than expected)
⚠️ temp-Par-20sar-20-201: 318 ini files (more than expected)
⚠️ temp_Par-20sar-20-201: 318 ini files (more than expected)

Batch_0041:
-----------
⚠️ POVERTY-KILLER-GHOSTMT5-YoForexPremium: 318 ini files (more than expected)
⚠️ POW-BANKER-EA-MT5-4170-with-SetFiles-YoForexPremium: 318 ini files (more than expected)
⚠️ Pendulum: 258 ini files (more than expected)
⚠️ PinBar-Magic-Indicator: 318 ini files (more than expected)
⚠️ Pinball-machine: 318 ini files (more than expected)
⚠️ Pinbar-Magic-EA: 318 ini files (more than expected)
⚠️ Pipsover: 258 ini files (more than expected)
⚠️ Plan-X: 318 ini files (more than expected)
⚠️ Plateau: 258 ini files (more than expected)
⚠️ Poker-SHOW: 318 ini files (more than expected)
⚠️ temp-POVERTY-KILLER-GHOST-YoForexPremium: 318 ini files (more than expected)
⚠️ temp-POW-BANKER-EA-4170-with-SetFiles-YoForexPremium: 318 ini files (more than expected)
⚠️ temp_POVERTY-KILLER-GHOST-YoForexPremium: 318 ini files (more than expected)
⚠️ temp_POW-BANKER-EA-4170-with-SetFiles-YoForexPremium: 318 ini files (more than expected)

Batch_0042:
-----------
⚠️ PROphet: 258 ini files (more than expected)
⚠️ Precipice: 258 ini files (more than expected)
⚠️ Precipice-MartIn: 318 ini files (more than expected)
⚠️ PrizmaL-Pro-EAMT5-YoforexPremium: 318 ini files (more than expected)
⚠️ Probe: 258 ini files (more than expected)
⚠️ Proffessor: 258 ini files (more than expected)
⚠️ PropFirmHelper: 258 ini files (more than expected)
⚠️ Puria-method: 318 ini files (more than expected)
⚠️ Rabbit3: 258 ini files (more than expected)
⚠️ Range-Breakout: 318 ini files (more than expected)
⚠️ temp-PrizmaL-Pro-EA-YoforexPremium: 318 ini files (more than expected)
⚠️ temp_PrizmaL-Pro-EA-YoforexPremium: 318 ini files (more than expected)

Batch_0043:
-----------
⚠️ REFLEX-INDICATOR: 318 ini files (more than expected)
⚠️ RNN: 258 ini files (more than expected)
⚠️ Rapid-Doji-EA: 318 ini files (more than expected)
⚠️ Raymond-Cloudy-Day-for-EA: 318 ini files (more than expected)
⚠️ RedDragon-v.1.03: 318 ini files (more than expected)
⚠️ Reflex: 258 ini files (more than expected)
⚠️ Reflex-EA: 318 ini files (more than expected)
⚠️ Reversing-Martingale: 318 ini files (more than expected)
⚠️ RideAlligator: 258 ini files (more than expected)
⚠️ RobotPowerM5-meta4: 318 ini files (more than expected)

Batch_0044:
-----------
⚠️ RSI EA v2: 258 ini files (more than expected)
⚠️ RSI-Arrow: 318 ini files (more than expected)
⚠️ RSI-Bollinger-Bands-EA: 318 ini files (more than expected)
⚠️ RSI-EA: 318 ini files (more than expected)
⚠️ RSI-Eraser: 318 ini files (more than expected)
⚠️ RSI-Levels: 318 ini files (more than expected)
⚠️ RSI-and-Bollinger-Bands: 318 ini files (more than expected)
⚠️ RSI-trader: 318 ini files (more than expected)
⚠️ Robot-MACD: 318 ini files (more than expected)
⚠️ Rollback-system: 318 ini files (more than expected)
⚠️ temp-RSI-EA-v2: 318 ini files (more than expected)
⚠️ temp_RSI-EA-v2: 318 ini files (more than expected)

Batch_0045:
-----------
⚠️ RSI-Arrow-EA: 318 ini files (more than expected)
⚠️ RSI-Expert: 318 ini files (more than expected)
⚠️ RSI-Trend: 318 ini files (more than expected)
⚠️ RSI-Trend-EA: 318 ini files (more than expected)
⚠️ RSI-with-channels: 318 ini files (more than expected)
⚠️ RSI-with-channels-EA: 318 ini files (more than expected)
⚠️ RSI_Expert_v2.0: 318 ini files (more than expected)
⚠️ Russian20-hp1: 318 ini files (more than expected)
⚠️ SampleCheckPendingOrder: 258 ini files (more than expected)
⚠️ SampleTrailingstop-MT5: 318 ini files (more than expected)
⚠️ temp-RSI-Expert-v2.0: 318 ini files (more than expected)
⚠️ temp-SampleTrailingstop: 318 ini files (more than expected)
⚠️ temp_RSI-Expert-v2.0: 318 ini files (more than expected)
⚠️ temp_SampleTrailingstop: 258 ini files (more than expected)

Batch_0046:
-----------
⚠️ SAR-trading: 318 ini files (more than expected)
⚠️ Secwenta: 258 ini files (more than expected)
⚠️ Sell-Stop: 318 ini files (more than expected)
⚠️ Sensitive: 258 ini files (more than expected)
⚠️ Separate-trade: 318 ini files (more than expected)
⚠️ SilverTrend: 258 ini files (more than expected)
⚠️ Simple-20Price-20Alert-20-20EA: 318 ini files (more than expected)
⚠️ Simple-20Volume-20EA: 318 ini files (more than expected)
⚠️ Simple-EA-MA-plus-MACD: 318 ini files (more than expected)
⚠️ Simple-FX: 318 ini files (more than expected)

Batch_0047:
-----------
⚠️ Simple-MACD: 318 ini files (more than expected)
⚠️ Simple-Volume-EA: 318 ini files (more than expected)
⚠️ SimplePivot: 258 ini files (more than expected)
⚠️ SimpleTrade: 258 ini files (more than expected)
⚠️ Simplest-Hedging-EA-ever: 318 ini files (more than expected)
⚠️ Six-Soldiers: 318 ini files (more than expected)
⚠️ Six-Soldiers-EA: 318 ini files (more than expected)
⚠️ Six-Soldiers-EA-Grid: 318 ini files (more than expected)
⚠️ Small-Inside-Bar-Strategy: 318 ini files (more than expected)
⚠️ Smart-Machine-20EA: 318 ini files (more than expected)

Batch_0048:
-----------
⚠️ SPYDER-EA-V-6.1-MT5-YoforexPremium: 318 ini files (more than expected)
⚠️ Smoothing-Average: 318 ini files (more than expected)
⚠️ Sound-Fx: 318 ini files (more than expected)
⚠️ Spasm: 258 ini files (more than expected)
⚠️ Sprd-mt5-20EA: 318 ini files (more than expected)
⚠️ Stargogs-Ghost-Spike-Robot-EAMT5-YoForexPremium: 318 ini files (more than expected)
⚠️ Stargogs-Pay-EA-MT5-YoforexPremium: 318 ini files (more than expected)
⚠️ Starter: 258 ini files (more than expected)
⚠️ sound: 258 ini files (more than expected)
⚠️ ssb5-123: 318 ini files (more than expected)
⚠️ temp-SPYDER-EA-V-6.1-YoforexPremium: 318 ini files (more than expected)
⚠️ temp-Sprd-20EA: 318 ini files (more than expected)
⚠️ temp-Stargogs-Ghost-Spike-Robot-EA-YoForexPremium: 318 ini files (more than expected)
⚠️ temp-Stargogs-Pay-EA-YoforexPremium: 318 ini files (more than expected)
⚠️ temp_SPYDER-EA-V-6.1-YoforexPremium: 318 ini files (more than expected)
⚠️ temp_Sprd-20EA: 318 ini files (more than expected)
⚠️ temp_Stargogs-Ghost-Spike-Robot-EA-YoForexPremium: 318 ini files (more than expected)
⚠️ temp_Stargogs-Pay-EA-YoforexPremium: 318 ini files (more than expected)

Batch_0049:
-----------
⚠️ Steve-Cartwright-Trader-Camel-CCI-MACD: 318 ini files (more than expected)
⚠️ Stoch: 258 ini files (more than expected)
⚠️ Stoch-EA-1192: 318 ini files (more than expected)
⚠️ StochMA: 258 ini files (more than expected)
⚠️ StochMA-EA: 318 ini files (more than expected)
⚠️ Stochastic-20Alert: 318 ini files (more than expected)
⚠️ Stochastic-K-Divergence.lua: 318 ini files (more than expected)
⚠️ StochasticDiffSign-EA: 318 ini files (more than expected)
⚠️ stochastic-three-periods: 318 ini files (more than expected)
⚠️ stochasticdiffsign: 258 ini files (more than expected)

Batch_0050:
-----------
⚠️ SUPER-TURBO-EAMT5-YoForexPremium: 318 ini files (more than expected)
⚠️ Stop-Loss-Take-Profit: 318 ini files (more than expected)
⚠️ StraddleqTrail: 258 ini files (more than expected)
⚠️ Strategie-Boom-Crash-System-MT5-YoForexPremium: 318 ini files (more than expected)
⚠️ Surefirething: 258 ini files (more than expected)
⚠️ TAILOR-EA-MT5-YoForexPremium: 318 ini files (more than expected)
⚠️ TAKASHI-SNIPEREA-MT5-yYoForexPremium: 318 ini files (more than expected)
⚠️ TDSGlobal: 258 ini files (more than expected)
⚠️ The-MasterMind: 318 ini files (more than expected)
⚠️ The-MasterMind-2: 318 ini files (more than expected)
⚠️ temp-SUPER-TURBO-EA-YoForexPremium: 318 ini files (more than expected)
⚠️ temp-Strategie-Boom-Crash-System-YoForexPremium: 318 ini files (more than expected)
⚠️ temp-TAILOR-EA-YoForexPremium: 318 ini files (more than expected)
⚠️ temp-TAKASHI-SNIPEREA-yYoForexPremium: 318 ini files (more than expected)
⚠️ temp_SUPER-TURBO-EA-YoForexPremium: 318 ini files (more than expected)
⚠️ temp_Strategie-Boom-Crash-System-YoForexPremium: 318 ini files (more than expected)
⚠️ temp_TAILOR-EA-YoForexPremium: 318 ini files (more than expected)
⚠️ temp_TAKASHI-SNIPEREA-yYoForexPremium: 318 ini files (more than expected)

Batch_0051:
-----------
⚠️ The-MasterMind-3: 318 ini files (more than expected)
⚠️ The-Puncher: 318 ini files (more than expected)
⚠️ TheClassicTurtleTrader-no-dots: 318 ini files (more than expected)
⚠️ TheClassicTurtleTrader-no-dots-EA: 318 ini files (more than expected)
⚠️ Thomas-EA-MT5-YoForexPremium: 318 ini files (more than expected)
⚠️ Three-Typical-Candles: 318 ini files (more than expected)
⚠️ Three-indicators: 318 ini files (more than expected)
⚠️ Three-neural-networks: 318 ini files (more than expected)
⚠️ Three-timeframes: 318 ini files (more than expected)
⚠️ Time-bomb-mt5-1: 318 ini files (more than expected)
⚠️ temp-Thomas-EA-YoForexPremium: 318 ini files (more than expected)
⚠️ temp-Thomas-EA-YoForexPremium-1: 318 ini files (more than expected)
⚠️ temp-Time-bomb-1: 318 ini files (more than expected)
⚠️ temp-Time-bomb-1-1: 318 ini files (more than expected)
⚠️ temp_Thomas-EA-YoForexPremium: 318 ini files (more than expected)
⚠️ temp_Time-bomb-1: 318 ini files (more than expected)

Batch_0052:
-----------
⚠️ TMA-ATR-Channel: 318 ini files (more than expected)
⚠️ TMA-ATR-EA: 318 ini files (more than expected)
⚠️ TMA-CG-EA: 318 ini files (more than expected)
⚠️ TMA-CG-Martingale-20EA: 318 ini files (more than expected)
⚠️ TMA-CG-mladen: 318 ini files (more than expected)
⚠️ Time-sync-forts: 318 ini files (more than expected)
⚠️ Titan-X-21.18-EA-MT5: 318 ini files (more than expected)
⚠️ TmaTrue-2.0-with-Distances-6xx: 318 ini files (more than expected)
⚠️ TmaTrue-3.0-with-Distances-6xx: 318 ini files (more than expected)
⚠️ temp-Titan-X-21.18-EA: 318 ini files (more than expected)
⚠️ temp-Titan-X-21.18-EA-1: 318 ini files (more than expected)
⚠️ temp_Titan-X-21.18-EA: 318 ini files (more than expected)
⚠️ timer-trade: 318 ini files (more than expected)

Batch_0053:
-----------
⚠️ TMA-CG-special: 318 ini files (more than expected)
⚠️ TMA-slope-bands: 318 ini files (more than expected)
⚠️ TP-with-money: 318 ini files (more than expected)
⚠️ Trade-Republic-1.75-MT5: 318 ini files (more than expected)
⚠️ Trade-in-Channel: 318 ini files (more than expected)
⚠️ Trade-on-qualified-RSI: 318 ini files (more than expected)
⚠️ Trading-Breakout-MrThanhTan: 318 ini files (more than expected)
⚠️ Trend-Trader-Strategy: 318 ini files (more than expected)
⚠️ Trend-Trader-Strategy-EA: 318 ini files (more than expected)
⚠️ True-Scalper-Profit-Lock: 318 ini files (more than expected)
⚠️ temp-Trade-Republic-1.75: 318 ini files (more than expected)
⚠️ temp-Trade-Republic-1.75-1: 318 ini files (more than expected)
⚠️ temp_Trade-Republic-1.75: 318 ini files (more than expected)

Batch_0054:
-----------
⚠️ Tru-EA: 318 ini files (more than expected)
⚠️ TrueSort-1100: 318 ini files (more than expected)
⚠️ Tunnel-Method: 318 ini files (more than expected)
⚠️ Tunnel-Vision-2024-EA-MT5-YoForexPremium: 318 ini files (more than expected)
⚠️ Tunnel-gen4: 318 ini files (more than expected)
⚠️ TurnGrid: 258 ini files (more than expected)
⚠️ Two-20MA-20RSI-20ADX-20EA: 318 ini files (more than expected)
⚠️ Two-20Orders-20Panel: 318 ini files (more than expected)
⚠️ Two-PerBar: 318 ini files (more than expected)
⚠️ Two-pending-orders-2: 318 ini files (more than expected)
⚠️ temp-Tunnel-Vision-2024-EA-YoForexPremium: 318 ini files (more than expected)
⚠️ temp-Tunnel-Vision-2024-EA-YoForexPremium-1: 318 ini files (more than expected)
⚠️ temp_Tunnel-Vision-2024-EA-YoForexPremium: 318 ini files (more than expected)

Batch_0055:
-----------
⚠️ UnNomGuai-20EA: 318 ini files (more than expected)
⚠️ UnityPro: 258 ini files (more than expected)
⚠️ UniversalMACrossEA: 258 ini files (more than expected)
⚠️ UniversalSignalDemo: 258 ini files (more than expected)
⚠️ Universum-3.0: 318 ini files (more than expected)
⚠️ Upgraded-EA-CRASH-1000MT5-YoforexPremium: 318 ini files (more than expected)
⚠️ Urdala-Trol: 318 ini files (more than expected)
⚠️ temp-Upgraded-EA-CRASH-1000-YoforexPremium: 318 ini files (more than expected)
⚠️ temp-Upgraded-EA-CRASH-1000-YoforexPremium-1: 318 ini files (more than expected)
⚠️ temp_Upgraded-EA-CRASH-1000-YoforexPremium: 318 ini files (more than expected)
⚠️ up3x1: 258 ini files (more than expected)
⚠️ up3x1-Investor: 318 ini files (more than expected)
⚠️ up3x1-premium-M: 318 ini files (more than expected)

Batch_0056:
-----------
⚠️ VLT-TRADER: 318 ini files (more than expected)
⚠️ VR-Overturn: 318 ini files (more than expected)
⚠️ VR-ZVER: 318 ini files (more than expected)
⚠️ VR-ZVER-v.2: 318 ini files (more than expected)
⚠️ VZO: 258 ini files (more than expected)
⚠️ Very-Blonde-System: 318 ini files (more than expected)
⚠️ Virtual-Trailing-Stop: 318 ini files (more than expected)
⚠️ Volume-trader: 318 ini files (more than expected)
⚠️ Vortex-Indicator-System: 318 ini files (more than expected)
⚠️ Waddah-Attar-Win: 318 ini files (more than expected)

Batch_0057:
-----------
⚠️ NSK-Swing: 318 ini files (more than expected)
⚠️ Simple-Trade: 318 ini files (more than expected)
⚠️ Two-Perbar: 318 ini files (more than expected)
⚠️ WE-TRUST: 318 ini files (more than expected)
⚠️ X-RSIOMA: 318 ini files (more than expected)
⚠️ XKPRMST-EA-MT5-YoForexPremium: 318 ini files (more than expected)
⚠️ XT-EURUSD-EA-MT5-YoForexPremium: 318 ini files (more than expected)
⚠️ Yesterday-Today: 318 ini files (more than expected)
⚠️ Yumnaa-Classic-EA-MT5-Setfiles-YoForexPremium: 318 ini files (more than expected)
⚠️ temp-XKPRMST-EA-YoForexPremium: 318 ini files (more than expected)
⚠️ temp-XKPRMST-EA-YoForexPremium-1: 318 ini files (more than expected)
⚠️ temp-XT-EURUSD-EA-YoForexPremium: 318 ini files (more than expected)
⚠️ temp-XT-EURUSD-EA-YoForexPremium-1: 318 ini files (more than expected)
⚠️ temp-Yumnaa-Classic-EA-Setfiles-YoForexPremium: 318 ini files (more than expected)
⚠️ temp-Yumnaa-Classic-EA-Setfiles-YoForexPremium-1: 318 ini files (more than expected)
⚠️ temp_XKPRMST-EA-YoForexPremium: 318 ini files (more than expected)
⚠️ temp_XT-EURUSD-EA-YoForexPremium: 318 ini files (more than expected)
⚠️ temp_Yumnaa-Classic-EA-Setfiles-YoForexPremium: 318 ini files (more than expected)
⚠️ wagonKing1-EA: 318 ini files (more than expected)

=== Summary Statistics ===
Total EAs processed: 736
Successfully created (252+ ini files): 736
Failed to create 252 ini files: 0
Success rate: 100.00%
