=== INI File Analysis Report ===


Batch_0001:
-----------

Batch_0002:
-----------

Batch_0003:
-----------

Batch_0004:
-----------

Batch_0005:
-----------

Batch_0006:
-----------

Batch_0007:
-----------

Batch_0008:
-----------

Batch_0009:
-----------

Batch_0010:
-----------

Batch_0011:
-----------

Batch_0012:
-----------

Batch_0013:
-----------

Batch_0014:
-----------

Batch_0015:
-----------

Batch_0016:
-----------

Batch_0017:
-----------

Batch_0018:
-----------

Batch_0019:
-----------

Batch_0020:
-----------

Batch_0021:
-----------

Batch_0022:
-----------

Batch_0023:
-----------

Batch_0024:
-----------

Batch_0025:
-----------

Batch_0026:
-----------

Batch_0027:
-----------

Batch_0028:
-----------

Batch_0029:
-----------

Batch_0030:
-----------

Batch_0031:
-----------

Batch_0032:
-----------

Batch_0033:
-----------

Batch_0034:
-----------

Batch_0035:
-----------

Batch_0036:
-----------

Batch_0037:
-----------

Batch_0038:
-----------

Batch_0039:
-----------

Batch_0040:
-----------

Batch_0041:
-----------

Batch_0042:
-----------

Batch_0043:
-----------

Batch_0044:
-----------

Batch_0045:
-----------

Batch_0046:
-----------

Batch_0047:
-----------

Batch_0048:
-----------

Batch_0049:
-----------

Batch_0050:
-----------

Batch_0051:
-----------

Batch_0052:
-----------

Batch_0053:
-----------

Batch_0054:
-----------

Batch_0055:
-----------

Batch_0056:
-----------

Batch_0057:
-----------

=== Summary Statistics ===
Total EAs processed: 736
Successfully created (252+ ini files): 736
Failed to create 252 ini files: 0
Success rate: 100.00%
