2025-04-25 13:28:14,617 - INFO - Deleted INI directory: ini\Batch_0001\ea_10pips\ini
2025-04-25 13:28:14,618 - INFO - Deleted INI directory: ini\Batch_0001\ea_10pips_eur_usd\ini
2025-04-25 13:28:14,619 - INFO - Deleted INI directory: ini\Batch_0001\ea_1h_eur_usd\ini
2025-04-25 13:28:14,620 - INFO - Deleted INI directory: ini\Batch_0001\ea_21hour\ini
2025-04-25 13:28:14,621 - INFO - Deleted INI directory: ini\Batch_0001\ea_2hr_hl\ini
2025-04-25 13:28:14,622 - INFO - Deleted INI directory: ini\Batch_0001\ea_2ma_4level\ini
2025-04-25 13:28:14,624 - INFO - Deleted INI directory: ini\Batch_0001\ea_2ma_bunny_cross\ini
2025-04-25 13:28:14,625 - INFO - Deleted INI directory: ini\Batch_0001\ea_35pip_scalper\ini
2025-04-25 13:28:14,626 - INFO - Deleted INI directory: ini\Batch_0001\ea_3bars_highlow\ini
2025-04-25 13:28:14,628 - INFO - Deleted INI directory: ini\Batch_0001\ea_gbp_usd_m1_2001\ini
2025-04-25 13:28:14,629 - INFO - Deleted INI directory: ini\Batch_0002\ea_10pips\ini
2025-04-25 13:28:14,630 - INFO - Deleted INI directory: ini\Batch_0002\ea_10pips_eur_usd\ini
2025-04-25 13:28:14,631 - INFO - Deleted INI directory: ini\Batch_0002\ea_1h_eur_usd\ini
2025-04-25 13:28:14,632 - INFO - Deleted INI directory: ini\Batch_0002\ea_21hour\ini
2025-04-25 13:28:14,634 - INFO - Deleted INI directory: ini\Batch_0002\ea_2hr_hl\ini
2025-04-25 13:28:14,635 - INFO - Deleted INI directory: ini\Batch_0002\ea_2ma_4level\ini
2025-04-25 13:28:14,637 - INFO - Deleted INI directory: ini\Batch_0002\ea_2ma_bunny_cross\ini
2025-04-25 13:28:14,639 - INFO - Deleted INI directory: ini\Batch_0002\ea_35pip_scalper\ini
2025-04-25 13:28:14,640 - INFO - Deleted INI directory: ini\Batch_0002\ea_3bars_highlow\ini
2025-04-25 13:28:14,641 - INFO - Deleted INI directory: ini\Batch_0002\ea_gbp_usd_m1_2001\ini
2025-04-25 13:28:14,643 - INFO - Deleted INI directory: ini\Batch_0003\ea_10pips\ini
2025-04-25 13:28:14,644 - INFO - Deleted INI directory: ini\Batch_0003\ea_10pips_eur_usd\ini
2025-04-25 13:28:14,645 - INFO - Deleted INI directory: ini\Batch_0003\ea_1h_eur_usd\ini
2025-04-25 13:28:14,647 - INFO - Deleted INI directory: ini\Batch_0003\ea_21hour\ini
2025-04-25 13:28:14,648 - INFO - Deleted INI directory: ini\Batch_0003\ea_2hr_hl\ini
2025-04-25 13:28:14,649 - INFO - Deleted INI directory: ini\Batch_0003\ea_2ma_4level\ini
2025-04-25 13:28:14,650 - INFO - Deleted INI directory: ini\Batch_0003\ea_2ma_bunny_cross\ini
2025-04-25 13:28:14,652 - INFO - Deleted INI directory: ini\Batch_0003\ea_35pip_scalper\ini
2025-04-25 13:28:14,653 - INFO - Deleted INI directory: ini\Batch_0003\ea_3bars_highlow\ini
2025-04-25 13:28:14,655 - INFO - Deleted INI directory: ini\Batch_0003\ea_gbp_usd_m1_2001\ini
2025-04-25 13:28:14,657 - INFO - Deleted INI directory: ini\Batch_0004\ea_10pips\ini
2025-04-25 13:28:14,658 - INFO - Deleted INI directory: ini\Batch_0004\ea_10pips_eur_usd\ini
2025-04-25 13:28:14,659 - INFO - Deleted INI directory: ini\Batch_0004\ea_1h_eur_usd\ini
2025-04-25 13:28:14,661 - INFO - Deleted INI directory: ini\Batch_0004\ea_21hour\ini
2025-04-25 13:28:14,662 - INFO - Deleted INI directory: ini\Batch_0004\ea_2hr_hl\ini
2025-04-25 13:28:14,663 - INFO - Deleted INI directory: ini\Batch_0004\ea_2ma_4level\ini
2025-04-25 13:28:14,665 - INFO - Deleted INI directory: ini\Batch_0004\ea_2ma_bunny_cross\ini
2025-04-25 13:28:14,666 - INFO - Deleted INI directory: ini\Batch_0004\ea_35pip_scalper\ini
2025-04-25 13:28:14,667 - INFO - Deleted INI directory: ini\Batch_0004\ea_3bars_highlow\ini
2025-04-25 13:28:14,669 - INFO - Deleted INI directory: ini\Batch_0004\ea_gbp_usd_m1_2001\ini
2025-04-25 13:28:14,670 - INFO - Deleted INI directory: ini\Batch_0005\ea_10pips\ini
2025-04-25 13:28:14,672 - INFO - Deleted INI directory: ini\Batch_0005\ea_10pips_eur_usd\ini
2025-04-25 13:28:14,673 - INFO - Deleted INI directory: ini\Batch_0005\ea_1h_eur_usd\ini
2025-04-25 13:28:14,675 - INFO - Deleted INI directory: ini\Batch_0005\ea_21hour\ini
2025-04-25 13:28:14,676 - INFO - Deleted INI directory: ini\Batch_0005\ea_2hr_hl\ini
2025-04-25 13:28:14,677 - INFO - Deleted INI directory: ini\Batch_0005\ea_2ma_4level\ini
2025-04-25 13:28:14,679 - INFO - Deleted INI directory: ini\Batch_0005\ea_2ma_bunny_cross\ini
2025-04-25 13:28:14,681 - INFO - Deleted INI directory: ini\Batch_0005\ea_35pip_scalper\ini
2025-04-25 13:28:14,682 - INFO - Deleted INI directory: ini\Batch_0005\ea_3bars_highlow\ini
2025-04-25 13:28:14,683 - INFO - Deleted INI directory: ini\Batch_0005\ea_gbp_usd_m1_2001\ini
2025-04-25 13:28:14,685 - INFO - Deleted INI directory: ini\Batch_0006\ea_10pips\ini
2025-04-25 13:28:14,686 - INFO - Deleted INI directory: ini\Batch_0006\ea_10pips_eur_usd\ini
2025-04-25 13:28:14,688 - INFO - Deleted INI directory: ini\Batch_0006\ea_1h_eur_usd\ini
2025-04-25 13:28:14,689 - INFO - Deleted INI directory: ini\Batch_0006\ea_21hour\ini
2025-04-25 13:28:14,691 - INFO - Deleted INI directory: ini\Batch_0006\ea_2hr_hl\ini
2025-04-25 13:28:14,692 - INFO - Deleted INI directory: ini\Batch_0006\ea_2ma_4level\ini
2025-04-25 13:28:14,693 - INFO - Deleted INI directory: ini\Batch_0006\ea_2ma_bunny_cross\ini
2025-04-25 13:28:14,694 - INFO - Deleted INI directory: ini\Batch_0006\ea_35pip_scalper\ini
2025-04-25 13:28:14,696 - INFO - Deleted INI directory: ini\Batch_0006\ea_3bars_highlow\ini
2025-04-25 13:28:14,697 - INFO - Deleted INI directory: ini\Batch_0006\ea_gbp_usd_m1_2001\ini
2025-04-25 13:28:14,699 - INFO - Deleted INI directory: ini\Batch_0007\ea_10pips\ini
2025-04-25 13:28:14,700 - INFO - Deleted INI directory: ini\Batch_0007\ea_10pips_eur_usd\ini
2025-04-25 13:28:14,701 - INFO - Deleted INI directory: ini\Batch_0007\ea_1h_eur_usd\ini
2025-04-25 13:28:14,703 - INFO - Deleted INI directory: ini\Batch_0007\ea_21hour\ini
2025-04-25 13:28:14,704 - INFO - Deleted INI directory: ini\Batch_0007\ea_2hr_hl\ini
2025-04-25 13:28:14,707 - INFO - Deleted INI directory: ini\Batch_0007\ea_2ma_4level\ini
2025-04-25 13:28:14,708 - INFO - Deleted INI directory: ini\Batch_0007\ea_2ma_bunny_cross\ini
2025-04-25 13:28:14,710 - INFO - Deleted INI directory: ini\Batch_0007\ea_35pip_scalper\ini
2025-04-25 13:28:14,712 - INFO - Deleted INI directory: ini\Batch_0007\ea_3bars_highlow\ini
2025-04-25 13:28:14,714 - INFO - Deleted INI directory: ini\Batch_0007\ea_gbp_usd_m1_2001\ini
2025-04-25 13:28:14,715 - INFO - Deleted INI directory: ini\Batch_0008\ea_10pips\ini
2025-04-25 13:28:14,716 - INFO - Deleted INI directory: ini\Batch_0008\ea_10pips_eur_usd\ini
2025-04-25 13:28:14,719 - INFO - Deleted INI directory: ini\Batch_0008\ea_1h_eur_usd\ini
2025-04-25 13:28:14,720 - INFO - Deleted INI directory: ini\Batch_0008\ea_21hour\ini
2025-04-25 13:28:14,721 - INFO - Deleted INI directory: ini\Batch_0008\ea_2hr_hl\ini
2025-04-25 13:28:14,722 - INFO - Deleted INI directory: ini\Batch_0008\ea_2ma_4level\ini
2025-04-25 13:28:14,724 - INFO - Deleted INI directory: ini\Batch_0008\ea_2ma_bunny_cross\ini
2025-04-25 13:28:14,725 - INFO - Deleted INI directory: ini\Batch_0008\ea_35pip_scalper\ini
2025-04-25 13:28:14,727 - INFO - Deleted INI directory: ini\Batch_0008\ea_3bars_highlow\ini
2025-04-25 13:28:14,728 - INFO - Deleted INI directory: ini\Batch_0008\ea_gbp_usd_m1_2001\ini
2025-04-25 13:28:14,730 - INFO - Deleted INI directory: ini\Batch_0009\ea_10pips\ini
2025-04-25 13:28:14,731 - INFO - Deleted INI directory: ini\Batch_0009\ea_10pips_eur_usd\ini
2025-04-25 13:28:14,733 - INFO - Deleted INI directory: ini\Batch_0009\ea_1h_eur_usd\ini
2025-04-25 13:28:14,734 - INFO - Deleted INI directory: ini\Batch_0009\ea_21hour\ini
2025-04-25 13:28:14,735 - INFO - Deleted INI directory: ini\Batch_0009\ea_2hr_hl\ini
2025-04-25 13:28:14,737 - INFO - Deleted INI directory: ini\Batch_0009\ea_2ma_4level\ini
2025-04-25 13:28:14,738 - INFO - Deleted INI directory: ini\Batch_0009\ea_2ma_bunny_cross\ini
2025-04-25 13:28:14,739 - INFO - Deleted INI directory: ini\Batch_0009\ea_35pip_scalper\ini
2025-04-25 13:28:14,741 - INFO - Deleted INI directory: ini\Batch_0009\ea_3bars_highlow\ini
2025-04-25 13:28:14,742 - INFO - Deleted INI directory: ini\Batch_0009\ea_gbp_usd_m1_2001\ini
2025-04-25 13:28:14,743 - INFO - Deleted INI directory: ini\Batch_0010\ea_10pips\ini
2025-04-25 13:28:14,744 - INFO - Deleted INI directory: ini\Batch_0010\ea_10pips_eur_usd\ini
2025-04-25 13:28:14,745 - INFO - Deleted INI directory: ini\Batch_0010\ea_1h_eur_usd\ini
2025-04-25 13:28:14,747 - INFO - Deleted INI directory: ini\Batch_0010\ea_21hour\ini
2025-04-25 13:28:14,748 - INFO - Deleted INI directory: ini\Batch_0010\ea_2hr_hl\ini
2025-04-25 13:28:14,749 - INFO - Deleted INI directory: ini\Batch_0010\ea_2ma_4level\ini
2025-04-25 13:28:14,751 - INFO - Deleted INI directory: ini\Batch_0010\ea_2ma_bunny_cross\ini
2025-04-25 13:28:14,752 - INFO - Deleted INI directory: ini\Batch_0010\ea_35pip_scalper\ini
2025-04-25 13:28:14,754 - INFO - Deleted INI directory: ini\Batch_0010\ea_3bars_highlow\ini
2025-04-25 13:28:14,755 - INFO - Deleted INI directory: ini\Batch_0010\ea_gbp_usd_m1_2001\ini
2025-04-25 13:28:14,757 - INFO - Deleted INI directory: ini\Batch_0011\ea_10pips\ini
2025-04-25 13:28:14,758 - INFO - Deleted INI directory: ini\Batch_0011\ea_10pips_eur_usd\ini
2025-04-25 13:28:14,759 - INFO - Deleted INI directory: ini\Batch_0011\ea_1h_eur_usd\ini
2025-04-25 13:28:14,761 - INFO - Deleted INI directory: ini\Batch_0011\ea_21hour\ini
2025-04-25 13:28:14,762 - INFO - Deleted INI directory: ini\Batch_0011\ea_2hr_hl\ini
2025-04-25 13:28:14,763 - INFO - Deleted INI directory: ini\Batch_0011\ea_2ma_4level\ini
2025-04-25 13:28:14,765 - INFO - Deleted INI directory: ini\Batch_0011\ea_2ma_bunny_cross\ini
2025-04-25 13:28:14,766 - INFO - Deleted INI directory: ini\Batch_0011\ea_35pip_scalper\ini
2025-04-25 13:28:14,768 - INFO - Deleted INI directory: ini\Batch_0011\ea_3bars_highlow\ini
2025-04-25 13:28:14,769 - INFO - Deleted INI directory: ini\Batch_0011\ea_gbp_usd_m1_2001\ini
2025-04-25 13:28:14,771 - INFO - Deleted INI directory: ini\Batch_0012\ea_10pips\ini
2025-04-25 13:28:14,772 - INFO - Deleted INI directory: ini\Batch_0012\ea_10pips_eur_usd\ini
2025-04-25 13:28:14,773 - INFO - Deleted INI directory: ini\Batch_0012\ea_1h_eur_usd\ini
2025-04-25 13:28:14,775 - INFO - Deleted INI directory: ini\Batch_0012\ea_21hour\ini
2025-04-25 13:28:14,776 - INFO - Deleted INI directory: ini\Batch_0012\ea_2hr_hl\ini
2025-04-25 13:28:14,777 - INFO - Deleted INI directory: ini\Batch_0012\ea_2ma_4level\ini
2025-04-25 13:28:14,779 - INFO - Deleted INI directory: ini\Batch_0012\ea_2ma_bunny_cross\ini
2025-04-25 13:28:14,780 - INFO - Deleted INI directory: ini\Batch_0012\ea_35pip_scalper\ini
2025-04-25 13:28:14,782 - INFO - Deleted INI directory: ini\Batch_0012\ea_3bars_highlow\ini
2025-04-25 13:28:14,783 - INFO - Deleted INI directory: ini\Batch_0012\ea_gbp_usd_m1_2001\ini
2025-04-25 13:28:14,784 - INFO - Deleted INI directory: ini\Batch_0013\ea_10pips\ini
2025-04-25 13:28:14,786 - INFO - Deleted INI directory: ini\Batch_0013\ea_10pips_eur_usd\ini
2025-04-25 13:28:14,787 - INFO - Deleted INI directory: ini\Batch_0013\ea_1h_eur_usd\ini
2025-04-25 13:28:14,788 - INFO - Deleted INI directory: ini\Batch_0013\ea_21hour\ini
2025-04-25 13:28:14,790 - INFO - Deleted INI directory: ini\Batch_0013\ea_2hr_hl\ini
2025-04-25 13:28:14,792 - INFO - Deleted INI directory: ini\Batch_0013\ea_2ma_4level\ini
2025-04-25 13:28:14,793 - INFO - Deleted INI directory: ini\Batch_0013\ea_2ma_bunny_cross\ini
2025-04-25 13:28:14,794 - INFO - Deleted INI directory: ini\Batch_0013\ea_35pip_scalper\ini
2025-04-25 13:28:14,796 - INFO - Deleted INI directory: ini\Batch_0013\ea_3bars_highlow\ini
2025-04-25 13:28:14,798 - INFO - Deleted INI directory: ini\Batch_0013\ea_gbp_usd_m1_2001\ini
2025-04-25 13:28:14,799 - INFO - Deleted INI directory: ini\Batch_0014\ea_10pips\ini
2025-04-25 13:28:14,801 - INFO - Deleted INI directory: ini\Batch_0014\ea_10pips_eur_usd\ini
2025-04-25 13:28:14,803 - INFO - Deleted INI directory: ini\Batch_0014\ea_1h_eur_usd\ini
2025-04-25 13:28:14,807 - INFO - Deleted INI directory: ini\Batch_0014\ea_21hour\ini
2025-04-25 13:28:14,808 - INFO - Deleted INI directory: ini\Batch_0014\ea_2hr_hl\ini
2025-04-25 13:28:14,810 - INFO - Deleted INI directory: ini\Batch_0014\ea_2ma_4level\ini
2025-04-25 13:28:14,812 - INFO - Deleted INI directory: ini\Batch_0014\ea_2ma_bunny_cross\ini
2025-04-25 13:28:14,815 - INFO - Deleted INI directory: ini\Batch_0014\ea_35pip_scalper\ini
2025-04-25 13:28:14,816 - INFO - Deleted INI directory: ini\Batch_0014\ea_3bars_highlow\ini
2025-04-25 13:28:14,818 - INFO - Deleted INI directory: ini\Batch_0014\ea_gbp_usd_m1_2001\ini
2025-04-25 13:28:14,820 - INFO - Deleted INI directory: ini\Batch_0015\ea_10pips\ini
2025-04-25 13:28:14,822 - INFO - Deleted INI directory: ini\Batch_0015\ea_10pips_eur_usd\ini
2025-04-25 13:28:14,823 - INFO - Deleted INI directory: ini\Batch_0015\ea_1h_eur_usd\ini
2025-04-25 13:28:14,825 - INFO - Deleted INI directory: ini\Batch_0015\ea_21hour\ini
2025-04-25 13:28:14,826 - INFO - Deleted INI directory: ini\Batch_0015\ea_2hr_hl\ini
2025-04-25 13:28:14,827 - INFO - Deleted INI directory: ini\Batch_0015\ea_2ma_4level\ini
2025-04-25 13:28:14,829 - INFO - Deleted INI directory: ini\Batch_0015\ea_2ma_bunny_cross\ini
2025-04-25 13:28:14,830 - INFO - Deleted INI directory: ini\Batch_0015\ea_35pip_scalper\ini
2025-04-25 13:28:14,832 - INFO - Deleted INI directory: ini\Batch_0015\ea_3bars_highlow\ini
2025-04-25 13:28:14,834 - INFO - Deleted INI directory: ini\Batch_0015\ea_gbp_usd_m1_2001\ini
2025-04-25 13:28:14,835 - INFO - Deleted INI directory: ini\Batch_0016\ea_10pips\ini
2025-04-25 13:28:14,836 - INFO - Deleted INI directory: ini\Batch_0016\ea_10pips_eur_usd\ini
2025-04-25 13:28:14,838 - INFO - Deleted INI directory: ini\Batch_0016\ea_1h_eur_usd\ini
2025-04-25 13:28:14,839 - INFO - Deleted INI directory: ini\Batch_0016\ea_21hour\ini
2025-04-25 13:28:14,841 - INFO - Deleted INI directory: ini\Batch_0016\ea_2hr_hl\ini
2025-04-25 13:28:14,842 - INFO - Deleted INI directory: ini\Batch_0016\ea_2ma_4level\ini
2025-04-25 13:28:14,843 - INFO - Deleted INI directory: ini\Batch_0016\ea_2ma_bunny_cross\ini
2025-04-25 13:28:14,845 - INFO - Deleted INI directory: ini\Batch_0016\ea_35pip_scalper\ini
2025-04-25 13:28:14,846 - INFO - Deleted INI directory: ini\Batch_0016\ea_3bars_highlow\ini
2025-04-25 13:28:14,848 - INFO - Deleted INI directory: ini\Batch_0016\ea_gbp_usd_m1_2001\ini
2025-04-25 13:28:14,849 - INFO - Deleted INI directory: ini\Batch_0017\ea_10pips\ini
2025-04-25 13:28:14,850 - INFO - Deleted INI directory: ini\Batch_0017\ea_10pips_eur_usd\ini
2025-04-25 13:28:14,852 - INFO - Deleted INI directory: ini\Batch_0017\ea_1h_eur_usd\ini
2025-04-25 13:28:14,853 - INFO - Deleted INI directory: ini\Batch_0017\ea_21hour\ini
2025-04-25 13:28:14,855 - INFO - Deleted INI directory: ini\Batch_0017\ea_2hr_hl\ini
2025-04-25 13:28:14,856 - INFO - Deleted INI directory: ini\Batch_0017\ea_2ma_4level\ini
2025-04-25 13:28:14,857 - INFO - Deleted INI directory: ini\Batch_0017\ea_2ma_bunny_cross\ini
2025-04-25 13:28:14,858 - INFO - Deleted INI directory: ini\Batch_0017\ea_35pip_scalper\ini
2025-04-25 13:28:14,860 - INFO - Deleted INI directory: ini\Batch_0017\ea_3bars_highlow\ini
2025-04-25 13:28:14,861 - INFO - Deleted INI directory: ini\Batch_0017\ea_gbp_usd_m1_2001\ini
2025-04-25 13:28:14,863 - INFO - Deleted INI directory: ini\Batch_0018\ea_10pips\ini
2025-04-25 13:28:14,864 - INFO - Deleted INI directory: ini\Batch_0018\ea_10pips_eur_usd\ini
2025-04-25 13:28:14,865 - INFO - Deleted INI directory: ini\Batch_0018\ea_1h_eur_usd\ini
2025-04-25 13:28:14,867 - INFO - Deleted INI directory: ini\Batch_0018\ea_21hour\ini
2025-04-25 13:28:14,868 - INFO - Deleted INI directory: ini\Batch_0018\ea_2hr_hl\ini
2025-04-25 13:28:14,870 - INFO - Deleted INI directory: ini\Batch_0018\ea_2ma_4level\ini
2025-04-25 13:28:14,871 - INFO - Deleted INI directory: ini\Batch_0018\ea_2ma_bunny_cross\ini
2025-04-25 13:28:14,873 - INFO - Deleted INI directory: ini\Batch_0018\ea_35pip_scalper\ini
2025-04-25 13:28:14,874 - INFO - Deleted INI directory: ini\Batch_0018\ea_3bars_highlow\ini
2025-04-25 13:28:14,876 - INFO - Deleted INI directory: ini\Batch_0018\ea_gbp_usd_m1_2001\ini
2025-04-25 13:28:14,877 - INFO - Deleted INI directory: ini\Batch_0019\ea_10pips\ini
2025-04-25 13:28:14,879 - INFO - Deleted INI directory: ini\Batch_0019\ea_10pips_eur_usd\ini
2025-04-25 13:28:14,881 - INFO - Deleted INI directory: ini\Batch_0019\ea_1h_eur_usd\ini
2025-04-25 13:28:14,882 - INFO - Deleted INI directory: ini\Batch_0019\ea_21hour\ini
2025-04-25 13:28:14,884 - INFO - Deleted INI directory: ini\Batch_0019\ea_2hr_hl\ini
2025-04-25 13:28:14,885 - INFO - Deleted INI directory: ini\Batch_0019\ea_2ma_4level\ini
2025-04-25 13:28:14,887 - INFO - Deleted INI directory: ini\Batch_0019\ea_2ma_bunny_cross\ini
2025-04-25 13:28:14,888 - INFO - Deleted INI directory: ini\Batch_0019\ea_35pip_scalper\ini
2025-04-25 13:28:14,890 - INFO - Deleted INI directory: ini\Batch_0019\ea_3bars_highlow\ini
2025-04-25 13:28:14,891 - INFO - Deleted INI directory: ini\Batch_0019\ea_gbp_usd_m1_2001\ini
2025-04-25 13:28:14,893 - INFO - Deleted INI directory: ini\Batch_0020\ea_10pips\ini
2025-04-25 13:28:14,894 - INFO - Deleted INI directory: ini\Batch_0020\ea_10pips_eur_usd\ini
2025-04-25 13:28:14,896 - INFO - Deleted INI directory: ini\Batch_0020\ea_1h_eur_usd\ini
2025-04-25 13:28:14,898 - INFO - Deleted INI directory: ini\Batch_0020\ea_21hour\ini
2025-04-25 13:28:14,899 - INFO - Deleted INI directory: ini\Batch_0020\ea_2hr_hl\ini
2025-04-25 13:28:14,901 - INFO - Deleted INI directory: ini\Batch_0020\ea_2ma_4level\ini
2025-04-25 13:28:14,903 - INFO - Deleted INI directory: ini\Batch_0020\ea_2ma_bunny_cross\ini
2025-04-25 13:28:14,904 - INFO - Deleted INI directory: ini\Batch_0020\ea_35pip_scalper\ini
2025-04-25 13:28:14,905 - INFO - Deleted INI directory: ini\Batch_0020\ea_3bars_highlow\ini
2025-04-25 13:28:14,907 - INFO - Deleted INI directory: ini\Batch_0020\ea_gbp_usd_m1_2001\ini
2025-04-25 13:28:14,908 - INFO - Deleted INI directory: ini\Batch_0021\ea_10pips\ini
2025-04-25 13:28:14,909 - INFO - Deleted INI directory: ini\Batch_0021\ea_10pips_eur_usd\ini
2025-04-25 13:28:14,911 - INFO - Deleted INI directory: ini\Batch_0021\ea_1h_eur_usd\ini
2025-04-25 13:28:14,912 - INFO - Deleted INI directory: ini\Batch_0021\ea_21hour\ini
2025-04-25 13:28:14,913 - INFO - Deleted INI directory: ini\Batch_0021\ea_2hr_hl\ini
2025-04-25 13:28:14,915 - INFO - Deleted INI directory: ini\Batch_0021\ea_2ma_4level\ini
2025-04-25 13:28:14,916 - INFO - Deleted INI directory: ini\Batch_0021\ea_2ma_bunny_cross\ini
2025-04-25 13:28:14,917 - INFO - Deleted INI directory: ini\Batch_0021\ea_35pip_scalper\ini
2025-04-25 13:28:14,919 - INFO - Deleted INI directory: ini\Batch_0021\ea_3bars_highlow\ini
2025-04-25 13:28:14,920 - INFO - Deleted INI directory: ini\Batch_0021\ea_gbp_usd_m1_2001\ini
2025-04-25 13:28:14,921 - INFO - Deleted INI directory: ini\Batch_0022\ea_10pips\ini
2025-04-25 13:28:14,923 - INFO - Deleted INI directory: ini\Batch_0022\ea_10pips_eur_usd\ini
2025-04-25 13:28:14,924 - INFO - Deleted INI directory: ini\Batch_0022\ea_1h_eur_usd\ini
2025-04-25 13:28:14,925 - INFO - Deleted INI directory: ini\Batch_0022\ea_21hour\ini
2025-04-25 13:28:14,927 - INFO - Deleted INI directory: ini\Batch_0022\ea_2hr_hl\ini
2025-04-25 13:28:14,928 - INFO - Deleted INI directory: ini\Batch_0022\ea_2ma_4level\ini
2025-04-25 13:28:14,929 - INFO - Deleted INI directory: ini\Batch_0022\ea_2ma_bunny_cross\ini
2025-04-25 13:28:14,931 - INFO - Deleted INI directory: ini\Batch_0022\ea_35pip_scalper\ini
2025-04-25 13:28:14,932 - INFO - Deleted INI directory: ini\Batch_0022\ea_3bars_highlow\ini
2025-04-25 13:28:14,933 - INFO - Deleted INI directory: ini\Batch_0022\ea_gbp_usd_m1_2001\ini
2025-04-25 13:28:14,935 - INFO - Deleted INI directory: ini\Batch_0023\ea_10pips\ini
2025-04-25 13:28:14,937 - INFO - Deleted INI directory: ini\Batch_0023\ea_10pips_eur_usd\ini
2025-04-25 13:28:14,938 - INFO - Deleted INI directory: ini\Batch_0023\ea_1h_eur_usd\ini
2025-04-25 13:28:14,942 - INFO - Deleted INI directory: ini\Batch_0023\ea_21hour\ini
2025-04-25 13:28:14,944 - INFO - Deleted INI directory: ini\Batch_0023\ea_2hr_hl\ini
2025-04-25 13:28:14,945 - INFO - Deleted INI directory: ini\Batch_0023\ea_2ma_4level\ini
2025-04-25 13:28:14,946 - INFO - Deleted INI directory: ini\Batch_0023\ea_2ma_bunny_cross\ini
2025-04-25 13:28:14,947 - INFO - Deleted INI directory: ini\Batch_0023\ea_35pip_scalper\ini
2025-04-25 13:28:14,949 - INFO - Deleted INI directory: ini\Batch_0023\ea_3bars_highlow\ini
2025-04-25 13:28:14,950 - INFO - Deleted INI directory: ini\Batch_0023\ea_gbp_usd_m1_2001\ini
2025-04-25 13:28:14,952 - INFO - Deleted INI directory: ini\Batch_0024\ea_10pips\ini
2025-04-25 13:28:14,953 - INFO - Deleted INI directory: ini\Batch_0024\ea_10pips_eur_usd\ini
2025-04-25 13:28:14,954 - INFO - Deleted INI directory: ini\Batch_0024\ea_1h_eur_usd\ini
2025-04-25 13:28:14,956 - INFO - Deleted INI directory: ini\Batch_0024\ea_21hour\ini
2025-04-25 13:28:14,958 - INFO - Deleted INI directory: ini\Batch_0024\ea_2hr_hl\ini
2025-04-25 13:28:14,959 - INFO - Deleted INI directory: ini\Batch_0024\ea_2ma_4level\ini
2025-04-25 13:28:14,960 - INFO - Deleted INI directory: ini\Batch_0024\ea_2ma_bunny_cross\ini
2025-04-25 13:28:14,962 - INFO - Deleted INI directory: ini\Batch_0024\ea_35pip_scalper\ini
2025-04-25 13:28:14,963 - INFO - Deleted INI directory: ini\Batch_0024\ea_3bars_highlow\ini
2025-04-25 13:28:14,964 - INFO - Deleted INI directory: ini\Batch_0024\ea_gbp_usd_m1_2001\ini
2025-04-25 13:28:14,966 - INFO - Deleted INI directory: ini\Batch_0025\ea_10pips\ini
2025-04-25 13:28:14,967 - INFO - Deleted INI directory: ini\Batch_0025\ea_10pips_eur_usd\ini
2025-04-25 13:28:14,969 - INFO - Deleted INI directory: ini\Batch_0025\ea_1h_eur_usd\ini
2025-04-25 13:28:14,970 - INFO - Deleted INI directory: ini\Batch_0025\ea_21hour\ini
2025-04-25 13:28:14,971 - INFO - Deleted INI directory: ini\Batch_0025\ea_2hr_hl\ini
2025-04-25 13:28:14,973 - INFO - Deleted INI directory: ini\Batch_0025\ea_2ma_4level\ini
2025-04-25 13:28:14,974 - INFO - Deleted INI directory: ini\Batch_0025\ea_2ma_bunny_cross\ini
2025-04-25 13:28:14,976 - INFO - Deleted INI directory: ini\Batch_0025\ea_35pip_scalper\ini
2025-04-25 13:28:14,978 - INFO - Deleted INI directory: ini\Batch_0025\ea_3bars_highlow\ini
2025-04-25 13:28:14,979 - INFO - Deleted INI directory: ini\Batch_0025\ea_gbp_usd_m1_2001\ini
2025-04-25 13:28:14,982 - INFO - Deleted INI directory: ini\Batch_0026\ea_10pips\ini
2025-04-25 13:28:14,986 - INFO - Deleted INI directory: ini\Batch_0026\ea_10pips_eur_usd\ini
2025-04-25 13:28:14,989 - INFO - Deleted INI directory: ini\Batch_0026\ea_1h_eur_usd\ini
2025-04-25 13:28:14,992 - INFO - Deleted INI directory: ini\Batch_0026\ea_21hour\ini
2025-04-25 13:28:14,994 - INFO - Deleted INI directory: ini\Batch_0026\ea_2hr_hl\ini
2025-04-25 13:28:14,995 - INFO - Deleted INI directory: ini\Batch_0026\ea_2ma_4level\ini
2025-04-25 13:28:14,998 - INFO - Deleted INI directory: ini\Batch_0026\ea_2ma_bunny_cross\ini
2025-04-25 13:28:14,999 - INFO - Deleted INI directory: ini\Batch_0026\ea_35pip_scalper\ini
2025-04-25 13:28:15,001 - INFO - Deleted INI directory: ini\Batch_0026\ea_3bars_highlow\ini
2025-04-25 13:28:15,002 - INFO - Deleted INI directory: ini\Batch_0026\ea_gbp_usd_m1_2001\ini
2025-04-25 13:28:15,003 - INFO - Deleted INI directory: ini\Batch_0027\ea_10pips\ini
2025-04-25 13:28:15,004 - INFO - Deleted INI directory: ini\Batch_0027\ea_10pips_eur_usd\ini
2025-04-25 13:28:15,006 - INFO - Deleted INI directory: ini\Batch_0027\ea_1h_eur_usd\ini
2025-04-25 13:28:15,007 - INFO - Deleted INI directory: ini\Batch_0027\ea_21hour\ini
2025-04-25 13:28:15,008 - INFO - Deleted INI directory: ini\Batch_0027\ea_2hr_hl\ini
2025-04-25 13:28:15,010 - INFO - Deleted INI directory: ini\Batch_0027\ea_2ma_4level\ini
2025-04-25 13:28:15,011 - INFO - Deleted INI directory: ini\Batch_0027\ea_2ma_bunny_cross\ini
2025-04-25 13:28:15,012 - INFO - Deleted INI directory: ini\Batch_0027\ea_35pip_scalper\ini
2025-04-25 13:28:15,013 - INFO - Deleted INI directory: ini\Batch_0027\ea_3bars_highlow\ini
2025-04-25 13:28:15,014 - INFO - Deleted INI directory: ini\Batch_0027\ea_gbp_usd_m1_2001\ini
2025-04-25 13:28:15,015 - INFO - Deleted INI directory: ini\Batch_0028\ea_10pips\ini
2025-04-25 13:28:15,017 - INFO - Deleted INI directory: ini\Batch_0028\ea_10pips_eur_usd\ini
2025-04-25 13:28:15,018 - INFO - Deleted INI directory: ini\Batch_0028\ea_1h_eur_usd\ini
2025-04-25 13:28:15,020 - INFO - Deleted INI directory: ini\Batch_0028\ea_21hour\ini
2025-04-25 13:28:15,021 - INFO - Deleted INI directory: ini\Batch_0028\ea_2hr_hl\ini
2025-04-25 13:28:15,022 - INFO - Deleted INI directory: ini\Batch_0028\ea_2ma_4level\ini
2025-04-25 13:28:15,024 - INFO - Deleted INI directory: ini\Batch_0028\ea_2ma_bunny_cross\ini
2025-04-25 13:28:15,025 - INFO - Deleted INI directory: ini\Batch_0028\ea_35pip_scalper\ini
2025-04-25 13:28:15,026 - INFO - Deleted INI directory: ini\Batch_0028\ea_3bars_highlow\ini
2025-04-25 13:28:15,028 - INFO - Deleted INI directory: ini\Batch_0028\ea_gbp_usd_m1_2001\ini
2025-04-25 13:28:15,029 - INFO - Deleted INI directory: ini\Batch_0029\ea_10pips\ini
2025-04-25 13:28:15,030 - INFO - Deleted INI directory: ini\Batch_0029\ea_10pips_eur_usd\ini
2025-04-25 13:28:15,031 - INFO - Deleted INI directory: ini\Batch_0029\ea_1h_eur_usd\ini
2025-04-25 13:28:15,033 - INFO - Deleted INI directory: ini\Batch_0029\ea_21hour\ini
2025-04-25 13:28:15,034 - INFO - Deleted INI directory: ini\Batch_0029\ea_2hr_hl\ini
2025-04-25 13:28:15,035 - INFO - Deleted INI directory: ini\Batch_0029\ea_2ma_4level\ini
2025-04-25 13:28:15,036 - INFO - Deleted INI directory: ini\Batch_0029\ea_2ma_bunny_cross\ini
2025-04-25 13:28:15,038 - INFO - Deleted INI directory: ini\Batch_0029\ea_35pip_scalper\ini
2025-04-25 13:28:15,039 - INFO - Deleted INI directory: ini\Batch_0029\ea_3bars_highlow\ini
2025-04-25 13:28:15,040 - INFO - Deleted INI directory: ini\Batch_0029\ea_gbp_usd_m1_2001\ini
2025-04-25 13:28:15,041 - INFO - Deleted INI directory: ini\Batch_0030\ea_10pips\ini
2025-04-25 13:28:15,042 - INFO - Deleted INI directory: ini\Batch_0030\ea_10pips_eur_usd\ini
2025-04-25 13:28:15,044 - INFO - Deleted INI directory: ini\Batch_0030\ea_1h_eur_usd\ini
2025-04-25 13:28:15,046 - INFO - Deleted INI directory: ini\Batch_0030\ea_21hour\ini
2025-04-25 13:28:15,048 - INFO - Deleted INI directory: ini\Batch_0030\ea_2hr_hl\ini
2025-04-25 13:28:15,050 - INFO - Deleted INI directory: ini\Batch_0030\ea_2ma_4level\ini
2025-04-25 13:28:15,051 - INFO - Deleted INI directory: ini\Batch_0030\ea_2ma_bunny_cross\ini
2025-04-25 13:28:15,053 - INFO - Deleted INI directory: ini\Batch_0030\ea_35pip_scalper\ini
2025-04-25 13:28:15,055 - INFO - Deleted INI directory: ini\Batch_0030\ea_3bars_highlow\ini
2025-04-25 13:28:15,057 - INFO - Deleted INI directory: ini\Batch_0030\ea_gbp_usd_m1_2001\ini
2025-04-25 13:28:15,058 - INFO - Deleted INI directory: ini\Batch_0031\ea_10pips\ini
2025-04-25 13:28:15,060 - INFO - Deleted INI directory: ini\Batch_0031\ea_10pips_eur_usd\ini
2025-04-25 13:28:15,061 - INFO - Deleted INI directory: ini\Batch_0031\ea_1h_eur_usd\ini
2025-04-25 13:28:15,063 - INFO - Deleted INI directory: ini\Batch_0031\ea_21hour\ini
2025-04-25 13:28:15,064 - INFO - Deleted INI directory: ini\Batch_0031\ea_2hr_hl\ini
2025-04-25 13:28:15,066 - INFO - Deleted INI directory: ini\Batch_0031\ea_2ma_4level\ini
2025-04-25 13:28:15,070 - INFO - Deleted INI directory: ini\Batch_0031\ea_2ma_bunny_cross\ini
2025-04-25 13:28:15,072 - INFO - Deleted INI directory: ini\Batch_0031\ea_35pip_scalper\ini
2025-04-25 13:28:15,074 - INFO - Deleted INI directory: ini\Batch_0031\ea_3bars_highlow\ini
2025-04-25 13:28:15,076 - INFO - Deleted INI directory: ini\Batch_0031\ea_gbp_usd_m1_2001\ini
2025-04-25 13:28:15,079 - INFO - Deleted INI directory: ini\Batch_0032\ea_10pips\ini
2025-04-25 13:28:15,081 - INFO - Deleted INI directory: ini\Batch_0032\ea_10pips_eur_usd\ini
2025-04-25 13:28:15,082 - INFO - Deleted INI directory: ini\Batch_0032\ea_1h_eur_usd\ini
2025-04-25 13:28:15,084 - INFO - Deleted INI directory: ini\Batch_0032\ea_21hour\ini
2025-04-25 13:28:15,086 - INFO - Deleted INI directory: ini\Batch_0032\ea_2hr_hl\ini
2025-04-25 13:28:15,087 - INFO - Deleted INI directory: ini\Batch_0032\ea_2ma_4level\ini
2025-04-25 13:28:15,100 - INFO - Deleted INI directory: ini\Batch_0032\ea_2ma_bunny_cross\ini
2025-04-25 13:28:15,103 - INFO - Deleted INI directory: ini\Batch_0032\ea_35pip_scalper\ini
2025-04-25 13:28:15,105 - INFO - Deleted INI directory: ini\Batch_0032\ea_3bars_highlow\ini
2025-04-25 13:28:15,106 - INFO - Deleted INI directory: ini\Batch_0032\ea_gbp_usd_m1_2001\ini
2025-04-25 13:28:15,107 - INFO - Deleted INI directory: ini\Batch_0033\ea_10pips\ini
2025-04-25 13:28:15,109 - INFO - Deleted INI directory: ini\Batch_0033\ea_10pips_eur_usd\ini
2025-04-25 13:28:15,110 - INFO - Deleted INI directory: ini\Batch_0033\ea_1h_eur_usd\ini
2025-04-25 13:28:15,111 - INFO - Deleted INI directory: ini\Batch_0033\ea_21hour\ini
2025-04-25 13:28:15,112 - INFO - Deleted INI directory: ini\Batch_0033\ea_2hr_hl\ini
2025-04-25 13:28:15,114 - INFO - Deleted INI directory: ini\Batch_0033\ea_2ma_4level\ini
2025-04-25 13:28:15,116 - INFO - Deleted INI directory: ini\Batch_0033\ea_2ma_bunny_cross\ini
2025-04-25 13:28:15,117 - INFO - Deleted INI directory: ini\Batch_0033\ea_35pip_scalper\ini
2025-04-25 13:28:15,119 - INFO - Deleted INI directory: ini\Batch_0033\ea_3bars_highlow\ini
2025-04-25 13:28:15,120 - INFO - Deleted INI directory: ini\Batch_0033\ea_gbp_usd_m1_2001\ini
2025-04-25 13:28:15,122 - INFO - Deleted INI directory: ini\Batch_0034\ea_10pips\ini
2025-04-25 13:28:15,125 - INFO - Deleted INI directory: ini\Batch_0034\ea_10pips_eur_usd\ini
2025-04-25 13:28:15,127 - INFO - Deleted INI directory: ini\Batch_0034\ea_1h_eur_usd\ini
2025-04-25 13:28:15,128 - INFO - Deleted INI directory: ini\Batch_0034\ea_21hour\ini
2025-04-25 13:28:15,130 - INFO - Deleted INI directory: ini\Batch_0034\ea_2hr_hl\ini
2025-04-25 13:28:15,131 - INFO - Deleted INI directory: ini\Batch_0034\ea_2ma_4level\ini
2025-04-25 13:28:15,133 - INFO - Deleted INI directory: ini\Batch_0034\ea_2ma_bunny_cross\ini
2025-04-25 13:28:15,135 - INFO - Deleted INI directory: ini\Batch_0034\ea_35pip_scalper\ini
2025-04-25 13:28:15,136 - INFO - Deleted INI directory: ini\Batch_0034\ea_3bars_highlow\ini
2025-04-25 13:28:15,138 - INFO - Deleted INI directory: ini\Batch_0034\ea_gbp_usd_m1_2001\ini
2025-04-25 13:28:15,140 - INFO - Deleted INI directory: ini\Batch_0035\ea_10pips\ini
2025-04-25 13:28:15,142 - INFO - Deleted INI directory: ini\Batch_0035\ea_10pips_eur_usd\ini
2025-04-25 13:28:15,143 - INFO - Deleted INI directory: ini\Batch_0035\ea_1h_eur_usd\ini
2025-04-25 13:28:15,145 - INFO - Deleted INI directory: ini\Batch_0035\ea_21hour\ini
2025-04-25 13:28:15,146 - INFO - Deleted INI directory: ini\Batch_0035\ea_2hr_hl\ini
2025-04-25 13:28:15,147 - INFO - Deleted INI directory: ini\Batch_0035\ea_2ma_4level\ini
2025-04-25 13:28:15,149 - INFO - Deleted INI directory: ini\Batch_0035\ea_2ma_bunny_cross\ini
2025-04-25 13:28:15,151 - INFO - Deleted INI directory: ini\Batch_0035\ea_35pip_scalper\ini
2025-04-25 13:28:15,153 - INFO - Deleted INI directory: ini\Batch_0035\ea_3bars_highlow\ini
2025-04-25 13:28:15,154 - INFO - Deleted INI directory: ini\Batch_0035\ea_gbp_usd_m1_2001\ini
2025-04-25 13:28:15,155 - INFO - Deleted INI directory: ini\Batch_0036\ea_10pips\ini
2025-04-25 13:28:15,157 - INFO - Deleted INI directory: ini\Batch_0036\ea_10pips_eur_usd\ini
2025-04-25 13:28:15,159 - INFO - Deleted INI directory: ini\Batch_0036\ea_1h_eur_usd\ini
2025-04-25 13:28:15,160 - INFO - Deleted INI directory: ini\Batch_0036\ea_21hour\ini
2025-04-25 13:28:15,162 - INFO - Deleted INI directory: ini\Batch_0036\ea_2hr_hl\ini
2025-04-25 13:28:15,163 - INFO - Deleted INI directory: ini\Batch_0036\ea_2ma_4level\ini
2025-04-25 13:28:15,165 - INFO - Deleted INI directory: ini\Batch_0036\ea_2ma_bunny_cross\ini
2025-04-25 13:28:15,166 - INFO - Deleted INI directory: ini\Batch_0036\ea_35pip_scalper\ini
2025-04-25 13:28:15,168 - INFO - Deleted INI directory: ini\Batch_0036\ea_3bars_highlow\ini
2025-04-25 13:28:15,169 - INFO - Deleted INI directory: ini\Batch_0036\ea_gbp_usd_m1_2001\ini
2025-04-25 13:28:15,171 - INFO - Deleted INI directory: ini\Batch_0037\ea_10pips\ini
2025-04-25 13:28:15,172 - INFO - Deleted INI directory: ini\Batch_0037\ea_10pips_eur_usd\ini
2025-04-25 13:28:15,174 - INFO - Deleted INI directory: ini\Batch_0037\ea_1h_eur_usd\ini
2025-04-25 13:28:15,175 - INFO - Deleted INI directory: ini\Batch_0037\ea_21hour\ini
2025-04-25 13:28:15,177 - INFO - Deleted INI directory: ini\Batch_0037\ea_2hr_hl\ini
2025-04-25 13:28:15,179 - INFO - Deleted INI directory: ini\Batch_0037\ea_2ma_4level\ini
2025-04-25 13:28:15,180 - INFO - Deleted INI directory: ini\Batch_0037\ea_2ma_bunny_cross\ini
2025-04-25 13:28:15,182 - INFO - Deleted INI directory: ini\Batch_0037\ea_35pip_scalper\ini
2025-04-25 13:28:15,183 - INFO - Deleted INI directory: ini\Batch_0037\ea_3bars_highlow\ini
2025-04-25 13:28:15,186 - INFO - Deleted INI directory: ini\Batch_0037\ea_gbp_usd_m1_2001\ini
2025-04-25 13:28:15,187 - INFO - Deleted INI directory: ini\Batch_0038\ea_10pips\ini
2025-04-25 13:28:15,189 - INFO - Deleted INI directory: ini\Batch_0038\ea_10pips_eur_usd\ini
2025-04-25 13:28:15,191 - INFO - Deleted INI directory: ini\Batch_0038\ea_1h_eur_usd\ini
2025-04-25 13:28:15,194 - INFO - Deleted INI directory: ini\Batch_0038\ea_21hour\ini
2025-04-25 13:28:15,196 - INFO - Deleted INI directory: ini\Batch_0038\ea_2hr_hl\ini
2025-04-25 13:28:15,200 - INFO - Deleted INI directory: ini\Batch_0038\ea_2ma_4level\ini
2025-04-25 13:28:15,202 - INFO - Deleted INI directory: ini\Batch_0038\ea_2ma_bunny_cross\ini
2025-04-25 13:28:15,203 - INFO - Deleted INI directory: ini\Batch_0038\ea_35pip_scalper\ini
2025-04-25 13:28:15,206 - INFO - Deleted INI directory: ini\Batch_0038\ea_3bars_highlow\ini
2025-04-25 13:28:15,209 - INFO - Deleted INI directory: ini\Batch_0038\ea_gbp_usd_m1_2001\ini
2025-04-25 13:28:15,210 - INFO - Deleted INI directory: ini\Batch_0039\ea_10pips\ini
2025-04-25 13:28:15,216 - INFO - Deleted INI directory: ini\Batch_0039\ea_10pips_eur_usd\ini
2025-04-25 13:28:15,218 - INFO - Deleted INI directory: ini\Batch_0039\ea_1h_eur_usd\ini
2025-04-25 13:28:15,222 - INFO - Deleted INI directory: ini\Batch_0039\ea_21hour\ini
2025-04-25 13:28:15,223 - INFO - Deleted INI directory: ini\Batch_0039\ea_2hr_hl\ini
2025-04-25 13:28:15,225 - INFO - Deleted INI directory: ini\Batch_0039\ea_2ma_4level\ini
2025-04-25 13:28:15,227 - INFO - Deleted INI directory: ini\Batch_0039\ea_2ma_bunny_cross\ini
2025-04-25 13:28:15,230 - INFO - Deleted INI directory: ini\Batch_0039\ea_35pip_scalper\ini
2025-04-25 13:28:15,231 - INFO - Deleted INI directory: ini\Batch_0039\ea_3bars_highlow\ini
2025-04-25 13:28:15,233 - INFO - Deleted INI directory: ini\Batch_0039\ea_gbp_usd_m1_2001\ini
2025-04-25 13:28:15,235 - INFO - Deleted INI directory: ini\Batch_0040\ea_10pips\ini
2025-04-25 13:28:15,236 - INFO - Deleted INI directory: ini\Batch_0040\ea_10pips_eur_usd\ini
2025-04-25 13:28:15,238 - INFO - Deleted INI directory: ini\Batch_0040\ea_1h_eur_usd\ini
2025-04-25 13:28:15,240 - INFO - Deleted INI directory: ini\Batch_0040\ea_21hour\ini
2025-04-25 13:28:15,242 - INFO - Deleted INI directory: ini\Batch_0040\ea_2hr_hl\ini
2025-04-25 13:28:15,243 - INFO - Deleted INI directory: ini\Batch_0040\ea_2ma_4level\ini
2025-04-25 13:28:15,245 - INFO - Deleted INI directory: ini\Batch_0040\ea_2ma_bunny_cross\ini
2025-04-25 13:28:15,246 - INFO - Deleted INI directory: ini\Batch_0040\ea_35pip_scalper\ini
2025-04-25 13:28:15,248 - INFO - Deleted INI directory: ini\Batch_0040\ea_3bars_highlow\ini
2025-04-25 13:28:15,249 - INFO - Deleted INI directory: ini\Batch_0040\ea_gbp_usd_m1_2001\ini
2025-04-25 13:28:15,250 - INFO - Deleted INI directory: ini\Batch_0041\ea_10pips\ini
2025-04-25 13:28:15,252 - INFO - Deleted INI directory: ini\Batch_0041\ea_10pips_eur_usd\ini
2025-04-25 13:28:15,253 - INFO - Deleted INI directory: ini\Batch_0041\ea_1h_eur_usd\ini
2025-04-25 13:28:15,255 - INFO - Deleted INI directory: ini\Batch_0041\ea_21hour\ini
2025-04-25 13:28:15,256 - INFO - Deleted INI directory: ini\Batch_0041\ea_2hr_hl\ini
2025-04-25 13:28:15,258 - INFO - Deleted INI directory: ini\Batch_0041\ea_2ma_4level\ini
2025-04-25 13:28:15,259 - INFO - Deleted INI directory: ini\Batch_0041\ea_2ma_bunny_cross\ini
2025-04-25 13:28:15,262 - INFO - Deleted INI directory: ini\Batch_0041\ea_35pip_scalper\ini
2025-04-25 13:28:15,265 - INFO - Deleted INI directory: ini\Batch_0041\ea_3bars_highlow\ini
2025-04-25 13:28:15,266 - INFO - Deleted INI directory: ini\Batch_0041\ea_gbp_usd_m1_2001\ini
2025-04-25 13:28:15,268 - INFO - Deleted INI directory: ini\Batch_0042\ea_10pips\ini
2025-04-25 13:28:15,270 - INFO - Deleted INI directory: ini\Batch_0042\ea_10pips_eur_usd\ini
2025-04-25 13:28:15,272 - INFO - Deleted INI directory: ini\Batch_0042\ea_1h_eur_usd\ini
2025-04-25 13:28:15,275 - INFO - Deleted INI directory: ini\Batch_0042\ea_21hour\ini
2025-04-25 13:28:15,277 - INFO - Deleted INI directory: ini\Batch_0042\ea_2hr_hl\ini
2025-04-25 13:28:15,280 - INFO - Deleted INI directory: ini\Batch_0042\ea_2ma_4level\ini
2025-04-25 13:28:15,284 - INFO - Deleted INI directory: ini\Batch_0042\ea_2ma_bunny_cross\ini
2025-04-25 13:28:15,287 - INFO - Deleted INI directory: ini\Batch_0042\ea_35pip_scalper\ini
2025-04-25 13:28:15,290 - INFO - Deleted INI directory: ini\Batch_0042\ea_3bars_highlow\ini
2025-04-25 13:28:15,292 - INFO - Deleted INI directory: ini\Batch_0042\ea_gbp_usd_m1_2001\ini
2025-04-25 13:28:15,294 - INFO - Deleted INI directory: ini\Batch_0043\ea_10pips\ini
2025-04-25 13:28:15,296 - INFO - Deleted INI directory: ini\Batch_0043\ea_10pips_eur_usd\ini
2025-04-25 13:28:15,297 - INFO - Deleted INI directory: ini\Batch_0043\ea_1h_eur_usd\ini
2025-04-25 13:28:15,299 - INFO - Deleted INI directory: ini\Batch_0043\ea_21hour\ini
2025-04-25 13:28:15,300 - INFO - Deleted INI directory: ini\Batch_0043\ea_2hr_hl\ini
2025-04-25 13:28:15,304 - INFO - Deleted INI directory: ini\Batch_0043\ea_2ma_4level\ini
2025-04-25 13:28:15,306 - INFO - Deleted INI directory: ini\Batch_0043\ea_2ma_bunny_cross\ini
2025-04-25 13:28:15,307 - INFO - Deleted INI directory: ini\Batch_0043\ea_35pip_scalper\ini
2025-04-25 13:28:15,309 - INFO - Deleted INI directory: ini\Batch_0043\ea_3bars_highlow\ini
2025-04-25 13:28:15,311 - INFO - Deleted INI directory: ini\Batch_0043\ea_gbp_usd_m1_2001\ini
2025-04-25 13:28:15,312 - INFO - Deleted INI directory: ini\Batch_0044\ea_10pips\ini
2025-04-25 13:28:15,314 - INFO - Deleted INI directory: ini\Batch_0044\ea_10pips_eur_usd\ini
2025-04-25 13:28:15,315 - INFO - Deleted INI directory: ini\Batch_0044\ea_1h_eur_usd\ini
2025-04-25 13:28:15,317 - INFO - Deleted INI directory: ini\Batch_0044\ea_21hour\ini
2025-04-25 13:28:15,319 - INFO - Deleted INI directory: ini\Batch_0044\ea_2hr_hl\ini
2025-04-25 13:28:15,320 - INFO - Deleted INI directory: ini\Batch_0044\ea_2ma_4level\ini
2025-04-25 13:28:15,322 - INFO - Deleted INI directory: ini\Batch_0044\ea_2ma_bunny_cross\ini
2025-04-25 13:28:15,323 - INFO - Deleted INI directory: ini\Batch_0044\ea_35pip_scalper\ini
2025-04-25 13:28:15,324 - INFO - Deleted INI directory: ini\Batch_0044\ea_3bars_highlow\ini
2025-04-25 13:28:15,326 - INFO - Deleted INI directory: ini\Batch_0044\ea_gbp_usd_m1_2001\ini
2025-04-25 13:28:15,327 - INFO - Deleted INI directory: ini\Batch_0045\ea_10pips\ini
2025-04-25 13:28:15,328 - INFO - Deleted INI directory: ini\Batch_0045\ea_10pips_eur_usd\ini
2025-04-25 13:28:15,329 - INFO - Deleted INI directory: ini\Batch_0045\ea_1h_eur_usd\ini
2025-04-25 13:28:15,331 - INFO - Deleted INI directory: ini\Batch_0045\ea_21hour\ini
2025-04-25 13:28:15,333 - INFO - Deleted INI directory: ini\Batch_0045\ea_2hr_hl\ini
2025-04-25 13:28:15,334 - INFO - Deleted INI directory: ini\Batch_0045\ea_2ma_4level\ini
2025-04-25 13:28:15,336 - INFO - Deleted INI directory: ini\Batch_0045\ea_2ma_bunny_cross\ini
2025-04-25 13:28:15,337 - INFO - Deleted INI directory: ini\Batch_0045\ea_35pip_scalper\ini
2025-04-25 13:28:15,338 - INFO - Deleted INI directory: ini\Batch_0045\ea_3bars_highlow\ini
2025-04-25 13:28:15,339 - INFO - Deleted INI directory: ini\Batch_0045\ea_gbp_usd_m1_2001\ini
2025-04-25 13:28:15,341 - INFO - Deleted INI directory: ini\Batch_0046\ea_10pips\ini
2025-04-25 13:28:15,342 - INFO - Deleted INI directory: ini\Batch_0046\ea_10pips_eur_usd\ini
2025-04-25 13:28:15,344 - INFO - Deleted INI directory: ini\Batch_0046\ea_1h_eur_usd\ini
2025-04-25 13:28:15,345 - INFO - Deleted INI directory: ini\Batch_0046\ea_21hour\ini
2025-04-25 13:28:15,346 - INFO - Deleted INI directory: ini\Batch_0046\ea_2hr_hl\ini
2025-04-25 13:28:15,348 - INFO - Deleted INI directory: ini\Batch_0046\ea_2ma_4level\ini
2025-04-25 13:28:15,349 - INFO - Deleted INI directory: ini\Batch_0046\ea_2ma_bunny_cross\ini
2025-04-25 13:28:15,350 - INFO - Deleted INI directory: ini\Batch_0046\ea_35pip_scalper\ini
2025-04-25 13:28:15,352 - INFO - Deleted INI directory: ini\Batch_0046\ea_3bars_highlow\ini
2025-04-25 13:28:15,353 - INFO - Deleted INI directory: ini\Batch_0046\ea_gbp_usd_m1_2001\ini
2025-04-25 13:28:15,355 - INFO - Deleted INI directory: ini\Batch_0047\ea_10pips\ini
2025-04-25 13:28:15,357 - INFO - Deleted INI directory: ini\Batch_0047\ea_10pips_eur_usd\ini
2025-04-25 13:28:15,359 - INFO - Deleted INI directory: ini\Batch_0047\ea_1h_eur_usd\ini
2025-04-25 13:28:15,361 - INFO - Deleted INI directory: ini\Batch_0047\ea_21hour\ini
2025-04-25 13:28:15,362 - INFO - Deleted INI directory: ini\Batch_0047\ea_2hr_hl\ini
2025-04-25 13:28:15,364 - INFO - Deleted INI directory: ini\Batch_0047\ea_2ma_4level\ini
2025-04-25 13:28:15,366 - INFO - Deleted INI directory: ini\Batch_0047\ea_2ma_bunny_cross\ini
2025-04-25 13:28:15,367 - INFO - Deleted INI directory: ini\Batch_0047\ea_35pip_scalper\ini
2025-04-25 13:28:15,369 - INFO - Deleted INI directory: ini\Batch_0047\ea_3bars_highlow\ini
2025-04-25 13:28:15,370 - INFO - Deleted INI directory: ini\Batch_0047\ea_gbp_usd_m1_2001\ini
2025-04-25 13:28:15,371 - INFO - Deleted INI directory: ini\Batch_0048\ea_10pips\ini
2025-04-25 13:28:15,374 - INFO - Deleted INI directory: ini\Batch_0048\ea_10pips_eur_usd\ini
2025-04-25 13:28:15,375 - INFO - Deleted INI directory: ini\Batch_0048\ea_1h_eur_usd\ini
2025-04-25 13:28:15,377 - INFO - Deleted INI directory: ini\Batch_0048\ea_21hour\ini
2025-04-25 13:28:15,378 - INFO - Deleted INI directory: ini\Batch_0048\ea_2hr_hl\ini
2025-04-25 13:28:15,380 - INFO - Deleted INI directory: ini\Batch_0048\ea_2ma_4level\ini
2025-04-25 13:28:15,382 - INFO - Deleted INI directory: ini\Batch_0048\ea_2ma_bunny_cross\ini
2025-04-25 13:28:15,384 - INFO - Deleted INI directory: ini\Batch_0048\ea_35pip_scalper\ini
2025-04-25 13:28:15,385 - INFO - Deleted INI directory: ini\Batch_0048\ea_3bars_highlow\ini
2025-04-25 13:28:15,387 - INFO - Deleted INI directory: ini\Batch_0048\ea_gbp_usd_m1_2001\ini
2025-04-25 13:28:15,389 - INFO - Deleted INI directory: ini\Batch_0049\ea_10pips\ini
2025-04-25 13:28:15,390 - INFO - Deleted INI directory: ini\Batch_0049\ea_10pips_eur_usd\ini
2025-04-25 13:28:15,392 - INFO - Deleted INI directory: ini\Batch_0049\ea_1h_eur_usd\ini
2025-04-25 13:28:15,395 - INFO - Deleted INI directory: ini\Batch_0049\ea_21hour\ini
2025-04-25 13:28:15,397 - INFO - Deleted INI directory: ini\Batch_0049\ea_2hr_hl\ini
2025-04-25 13:28:15,398 - INFO - Deleted INI directory: ini\Batch_0049\ea_2ma_4level\ini
2025-04-25 13:28:15,400 - INFO - Deleted INI directory: ini\Batch_0049\ea_2ma_bunny_cross\ini
2025-04-25 13:28:15,402 - INFO - Deleted INI directory: ini\Batch_0049\ea_35pip_scalper\ini
2025-04-25 13:28:15,403 - INFO - Deleted INI directory: ini\Batch_0049\ea_3bars_highlow\ini
2025-04-25 13:28:15,405 - INFO - Deleted INI directory: ini\Batch_0049\ea_gbp_usd_m1_2001\ini
2025-04-25 13:28:15,407 - INFO - Deleted INI directory: ini\Batch_0050\ea_10pips\ini
2025-04-25 13:28:15,409 - INFO - Deleted INI directory: ini\Batch_0050\ea_10pips_eur_usd\ini
2025-04-25 13:28:15,410 - INFO - Deleted INI directory: ini\Batch_0050\ea_1h_eur_usd\ini
2025-04-25 13:28:15,412 - INFO - Deleted INI directory: ini\Batch_0050\ea_21hour\ini
2025-04-25 13:28:15,416 - INFO - Deleted INI directory: ini\Batch_0050\ea_2hr_hl\ini
2025-04-25 13:28:15,419 - INFO - Deleted INI directory: ini\Batch_0050\ea_2ma_4level\ini
2025-04-25 13:28:15,422 - INFO - Deleted INI directory: ini\Batch_0050\ea_2ma_bunny_cross\ini
2025-04-25 13:28:15,425 - INFO - Deleted INI directory: ini\Batch_0050\ea_35pip_scalper\ini
2025-04-25 13:28:15,427 - INFO - Deleted INI directory: ini\Batch_0050\ea_3bars_highlow\ini
2025-04-25 13:28:15,429 - INFO - Deleted INI directory: ini\Batch_0050\ea_gbp_usd_m1_2001\ini
2025-04-25 13:28:15,432 - INFO - Deleted INI directory: ini\Batch_0051\ea_10pips\ini
2025-04-25 13:28:15,434 - INFO - Deleted INI directory: ini\Batch_0051\ea_10pips_eur_usd\ini
2025-04-25 13:28:15,437 - INFO - Deleted INI directory: ini\Batch_0051\ea_1h_eur_usd\ini
2025-04-25 13:28:15,439 - INFO - Deleted INI directory: ini\Batch_0051\ea_21hour\ini
2025-04-25 13:28:15,440 - INFO - Deleted INI directory: ini\Batch_0051\ea_2hr_hl\ini
2025-04-25 13:28:15,444 - INFO - Deleted INI directory: ini\Batch_0051\ea_2ma_4level\ini
2025-04-25 13:28:15,445 - INFO - Deleted INI directory: ini\Batch_0051\ea_2ma_bunny_cross\ini
2025-04-25 13:28:15,446 - INFO - Deleted INI directory: ini\Batch_0051\ea_35pip_scalper\ini
2025-04-25 13:28:15,448 - INFO - Deleted INI directory: ini\Batch_0051\ea_3bars_highlow\ini
2025-04-25 13:28:15,450 - INFO - Deleted INI directory: ini\Batch_0051\ea_gbp_usd_m1_2001\ini
2025-04-25 13:28:15,452 - INFO - Deleted INI directory: ini\Batch_0052\ea_10pips\ini
2025-04-25 13:28:15,453 - INFO - Deleted INI directory: ini\Batch_0052\ea_10pips_eur_usd\ini
2025-04-25 13:28:15,455 - INFO - Deleted INI directory: ini\Batch_0052\ea_1h_eur_usd\ini
2025-04-25 13:28:15,459 - INFO - Deleted INI directory: ini\Batch_0052\ea_21hour\ini
2025-04-25 13:28:15,460 - INFO - Deleted INI directory: ini\Batch_0052\ea_2hr_hl\ini
2025-04-25 13:28:15,462 - INFO - Deleted INI directory: ini\Batch_0052\ea_2ma_4level\ini
2025-04-25 13:28:15,465 - INFO - Deleted INI directory: ini\Batch_0052\ea_2ma_bunny_cross\ini
2025-04-25 13:28:15,467 - INFO - Deleted INI directory: ini\Batch_0052\ea_35pip_scalper\ini
2025-04-25 13:28:15,468 - INFO - Deleted INI directory: ini\Batch_0052\ea_3bars_highlow\ini
2025-04-25 13:28:15,470 - INFO - Deleted INI directory: ini\Batch_0052\ea_gbp_usd_m1_2001\ini
2025-04-25 13:28:15,473 - INFO - Deleted INI directory: ini\Batch_0053\ea_10pips\ini
2025-04-25 13:28:15,474 - INFO - Deleted INI directory: ini\Batch_0053\ea_10pips_eur_usd\ini
2025-04-25 13:28:15,477 - INFO - Deleted INI directory: ini\Batch_0053\ea_1h_eur_usd\ini
2025-04-25 13:28:15,479 - INFO - Deleted INI directory: ini\Batch_0053\ea_21hour\ini
2025-04-25 13:28:15,481 - INFO - Deleted INI directory: ini\Batch_0053\ea_2hr_hl\ini
2025-04-25 13:28:15,483 - INFO - Deleted INI directory: ini\Batch_0053\ea_2ma_4level\ini
2025-04-25 13:28:15,485 - INFO - Deleted INI directory: ini\Batch_0053\ea_2ma_bunny_cross\ini
2025-04-25 13:28:15,487 - INFO - Deleted INI directory: ini\Batch_0053\ea_35pip_scalper\ini
2025-04-25 13:28:15,489 - INFO - Deleted INI directory: ini\Batch_0053\ea_3bars_highlow\ini
2025-04-25 13:28:15,491 - INFO - Deleted INI directory: ini\Batch_0053\ea_gbp_usd_m1_2001\ini
2025-04-25 13:28:15,493 - INFO - Deleted INI directory: ini\Batch_0054\ea_10pips\ini
2025-04-25 13:28:15,494 - INFO - Deleted INI directory: ini\Batch_0054\ea_10pips_eur_usd\ini
2025-04-25 13:28:15,495 - INFO - Deleted INI directory: ini\Batch_0054\ea_1h_eur_usd\ini
2025-04-25 13:28:15,496 - INFO - Deleted INI directory: ini\Batch_0054\ea_21hour\ini
2025-04-25 13:28:15,499 - INFO - Deleted INI directory: ini\Batch_0054\ea_2hr_hl\ini
2025-04-25 13:28:15,501 - INFO - Deleted INI directory: ini\Batch_0054\ea_2ma_4level\ini
2025-04-25 13:28:15,502 - INFO - Deleted INI directory: ini\Batch_0054\ea_2ma_bunny_cross\ini
2025-04-25 13:28:15,506 - INFO - Deleted INI directory: ini\Batch_0054\ea_35pip_scalper\ini
2025-04-25 13:28:15,509 - INFO - Deleted INI directory: ini\Batch_0054\ea_3bars_highlow\ini
2025-04-25 13:28:15,510 - INFO - Deleted INI directory: ini\Batch_0054\ea_gbp_usd_m1_2001\ini
2025-04-25 13:28:15,512 - INFO - Deleted INI directory: ini\Batch_0055\ea_10pips\ini
2025-04-25 13:28:15,513 - INFO - Deleted INI directory: ini\Batch_0055\ea_10pips_eur_usd\ini
2025-04-25 13:28:15,515 - INFO - Deleted INI directory: ini\Batch_0055\ea_1h_eur_usd\ini
2025-04-25 13:28:15,516 - INFO - Deleted INI directory: ini\Batch_0055\ea_21hour\ini
2025-04-25 13:28:15,518 - INFO - Deleted INI directory: ini\Batch_0055\ea_2hr_hl\ini
2025-04-25 13:28:15,519 - INFO - Deleted INI directory: ini\Batch_0055\ea_2ma_4level\ini
2025-04-25 13:28:15,521 - INFO - Deleted INI directory: ini\Batch_0055\ea_2ma_bunny_cross\ini
2025-04-25 13:28:15,522 - INFO - Deleted INI directory: ini\Batch_0055\ea_35pip_scalper\ini
2025-04-25 13:28:15,523 - INFO - Deleted INI directory: ini\Batch_0055\ea_3bars_highlow\ini
2025-04-25 13:28:15,524 - INFO - Deleted INI directory: ini\Batch_0055\ea_gbp_usd_m1_2001\ini
2025-04-25 13:28:15,526 - INFO - Deleted INI directory: ini\Batch_0056\ea_10pips\ini
2025-04-25 13:28:15,527 - INFO - Deleted INI directory: ini\Batch_0056\ea_10pips_eur_usd\ini
2025-04-25 13:28:15,529 - INFO - Deleted INI directory: ini\Batch_0056\ea_1h_eur_usd\ini
2025-04-25 13:28:15,530 - INFO - Deleted INI directory: ini\Batch_0056\ea_21hour\ini
2025-04-25 13:28:15,532 - INFO - Deleted INI directory: ini\Batch_0056\ea_2hr_hl\ini
2025-04-25 13:28:15,533 - INFO - Deleted INI directory: ini\Batch_0056\ea_2ma_4level\ini
2025-04-25 13:28:15,535 - INFO - Deleted INI directory: ini\Batch_0056\ea_2ma_bunny_cross\ini
2025-04-25 13:28:15,536 - INFO - Deleted INI directory: ini\Batch_0056\ea_35pip_scalper\ini
2025-04-25 13:28:15,537 - INFO - Deleted INI directory: ini\Batch_0056\ea_3bars_highlow\ini
2025-04-25 13:28:15,539 - INFO - Deleted INI directory: ini\Batch_0056\ea_gbp_usd_m1_2001\ini
2025-04-25 13:28:15,541 - INFO - Deleted INI directory: ini\Batch_0057\ea_10pips\ini
2025-04-25 13:28:15,543 - INFO - Deleted INI directory: ini\Batch_0057\ea_10pips_eur_usd\ini
2025-04-25 13:28:15,544 - INFO - Deleted INI directory: ini\Batch_0057\ea_1h_eur_usd\ini
2025-04-25 13:28:15,545 - INFO - Deleted INI directory: ini\Batch_0057\ea_21hour\ini
2025-04-25 13:28:15,548 - INFO - Deleted INI directory: ini\Batch_0057\ea_2hr_hl\ini
2025-04-25 13:28:15,550 - INFO - Deleted INI directory: ini\Batch_0057\ea_2ma_4level\ini
2025-04-25 13:28:15,551 - INFO - Deleted INI directory: ini\Batch_0057\ea_2ma_bunny_cross\ini
2025-04-25 13:28:15,553 - INFO - Deleted INI directory: ini\Batch_0057\ea_35pip_scalper\ini
2025-04-25 13:28:15,554 - INFO - Deleted INI directory: ini\Batch_0057\ea_3bars_highlow\ini
2025-04-25 13:28:15,556 - INFO - Deleted INI directory: ini\Batch_0057\ea_gbp_usd_m1_2001\ini
2025-04-25 13:28:15,558 - INFO - Deleted INI directory: ini\Batch_0058\ea_10pips\ini
2025-04-25 13:28:15,559 - INFO - Deleted INI directory: ini\Batch_0058\ea_10pips_eur_usd\ini
2025-04-25 13:28:15,562 - INFO - Deleted INI directory: ini\Batch_0058\ea_1h_eur_usd\ini
2025-04-25 13:28:15,564 - INFO - Deleted INI directory: ini\Batch_0058\ea_21hour\ini
2025-04-25 13:28:15,565 - INFO - Deleted INI directory: ini\Batch_0058\ea_2hr_hl\ini
2025-04-25 13:28:15,567 - INFO - Deleted INI directory: ini\Batch_0058\ea_2ma_4level\ini
2025-04-25 13:28:15,569 - INFO - Deleted INI directory: ini\Batch_0058\ea_2ma_bunny_cross\ini
2025-04-25 13:28:15,571 - INFO - Deleted INI directory: ini\Batch_0058\ea_35pip_scalper\ini
2025-04-25 13:28:15,572 - INFO - Deleted INI directory: ini\Batch_0058\ea_3bars_highlow\ini
2025-04-25 13:28:15,575 - INFO - Deleted INI directory: ini\Batch_0058\ea_gbp_usd_m1_2001\ini
2025-04-25 13:28:15,577 - INFO - Deleted INI directory: ini\Batch_0059\ea_10pips\ini
2025-04-25 13:28:15,579 - INFO - Deleted INI directory: ini\Batch_0059\ea_10pips_eur_usd\ini
2025-04-25 13:28:15,580 - INFO - Deleted INI directory: ini\Batch_0059\ea_1h_eur_usd\ini
2025-04-25 13:28:15,583 - INFO - Deleted INI directory: ini\Batch_0059\ea_21hour\ini
2025-04-25 13:28:15,584 - INFO - Deleted INI directory: ini\Batch_0059\ea_2hr_hl\ini
2025-04-25 13:28:15,585 - INFO - Deleted INI directory: ini\Batch_0059\ea_2ma_4level\ini
2025-04-25 13:28:15,587 - INFO - Deleted INI directory: ini\Batch_0059\ea_2ma_bunny_cross\ini
2025-04-25 13:28:15,588 - INFO - Deleted INI directory: ini\Batch_0059\ea_35pip_scalper\ini
2025-04-25 13:28:15,590 - INFO - Deleted INI directory: ini\Batch_0059\ea_3bars_highlow\ini
2025-04-25 13:28:15,592 - INFO - Deleted INI directory: ini\Batch_0059\ea_gbp_usd_m1_2001\ini
2025-04-25 13:28:15,594 - INFO - Deleted INI directory: ini\Batch_0060\ea_10pips\ini
2025-04-25 13:28:15,596 - INFO - Deleted INI directory: ini\Batch_0060\ea_10pips_eur_usd\ini
2025-04-25 13:28:15,598 - INFO - Deleted INI directory: ini\Batch_0060\ea_1h_eur_usd\ini
2025-04-25 13:28:15,600 - INFO - Deleted INI directory: ini\Batch_0060\ea_21hour\ini
2025-04-25 13:28:15,601 - INFO - Deleted INI directory: ini\Batch_0060\ea_2hr_hl\ini
2025-04-25 13:28:15,603 - INFO - Deleted INI directory: ini\Batch_0060\ea_2ma_4level\ini
2025-04-25 13:28:15,605 - INFO - Deleted INI directory: ini\Batch_0060\ea_2ma_bunny_cross\ini
2025-04-25 13:28:15,607 - INFO - Deleted INI directory: ini\Batch_0060\ea_35pip_scalper\ini
2025-04-25 13:28:15,609 - INFO - Deleted INI directory: ini\Batch_0060\ea_3bars_highlow\ini
2025-04-25 13:28:15,611 - INFO - Deleted INI directory: ini\Batch_0060\ea_gbp_usd_m1_2001\ini
2025-04-25 13:28:15,611 - INFO - Successfully deleted 600 INI directories
