2025-04-25 13:39:50,422 - INFO - Created 168 INI files for EA 10-pips (expected: 168)
2025-04-25 13:39:50,500 - INFO - Created 168 INI files for EA 10-pips-EURUSD (expected: 168)
2025-04-25 13:39:50,577 - INFO - Created 168 INI files for EA 1H-EUR-USD (expected: 168)
2025-04-25 13:39:50,656 - INFO - Created 168 INI files for EA 20011201-GBPUSD-M1 (expected: 168)
2025-04-25 13:39:50,738 - INFO - Created 168 INI files for EA 21hour (expected: 168)
2025-04-25 13:39:50,819 - INFO - Created 168 INI files for EA 2HR-HL (expected: 168)
2025-04-25 13:39:50,897 - INFO - Created 168 INI files for EA 2MA-4Level (expected: 168)
2025-04-25 13:39:50,974 - INFO - Created 168 INI files for EA 2MA-Bunny-Cross (expected: 168)
2025-04-25 13:39:51,066 - INFO - Created 168 INI files for EA 3-bars-high-low-indicator (expected: 168)
2025-04-25 13:39:51,171 - INFO - Created 168 INI files for EA 35-Pip-Scalper (expected: 168)
2025-04-25 13:39:51,250 - INFO - Created 168 INI files for EA 3BarsHighLowEA (expected: 168)
2025-04-25 13:39:51,330 - INFO - Created 168 INI files for EA 3sma (expected: 168)
2025-04-25 13:39:51,403 - INFO - Created 168 INI files for EA 3sma_ (expected: 168)
2025-04-25 13:39:51,478 - INFO - Created 168 INI files for EA 500 (expected: 168)
2025-04-25 13:39:51,557 - INFO - Created 168 INI files for EA 55-MA (expected: 168)
2025-04-25 13:39:51,637 - INFO - Created 168 INI files for EA A (expected: 168)
2025-04-25 13:39:51,712 - INFO - Created 168 INI files for EA Above-Below-MA (expected: 168)
2025-04-25 13:39:51,784 - INFO - Created 168 INI files for EA Absorption (expected: 168)
2025-04-25 13:39:51,860 - INFO - Created 168 INI files for EA AC-ACADEMY-US30 (expected: 168)
2025-04-25 13:39:51,933 - INFO - Created 168 INI files for EA Accumulator (expected: 168)
2025-04-25 13:39:52,009 - INFO - Created 168 INI files for EA temp_3sma-1 (expected: 168)
2025-04-25 13:39:52,088 - INFO - Created 168 INI files for EA temp_temp-3sma-1 (expected: 168)
2025-04-25 13:39:52,170 - INFO - Created 168 INI files for EA temp_temp-temp-3sma-1 (expected: 168)
2025-04-25 13:39:52,256 - INFO - Created 168 INI files for EA ADX-MA (expected: 168)
2025-04-25 13:39:52,329 - INFO - Created 168 INI files for EA ADX-MACD-Deev (expected: 168)
2025-04-25 13:39:52,405 - INFO - Created 168 INI files for EA ADX-System (expected: 168)
2025-04-25 13:39:52,485 - INFO - Created 168 INI files for EA AI-GOLD (expected: 168)
2025-04-25 13:39:52,569 - INFO - Created 168 INI files for EA AI-Trader (expected: 168)
2025-04-25 13:39:52,653 - INFO - Created 168 INI files for EA AI-TUNE (expected: 168)
2025-04-25 13:39:52,740 - INFO - Created 168 INI files for EA AI-Tune-EAMT5-YoforexPremium (expected: 168)
2025-04-25 13:39:52,821 - INFO - Created 168 INI files for EA AI-TUNE-FIXED-YFP (expected: 168)
2025-04-25 13:39:52,902 - INFO - Created 168 INI files for EA AIS1 (expected: 168)
2025-04-25 13:39:52,982 - INFO - Created 168 INI files for EA AK-47-Scalper-EA-MT5 (expected: 168)
2025-04-25 13:39:53,063 - INFO - Created 168 INI files for EA temp-AI-Tune-EA-YoforexPremium (expected: 168)
2025-04-25 13:39:53,149 - INFO - Created 168 INI files for EA temp-AK-47-Scalper-EA (expected: 168)
2025-04-25 13:39:53,236 - INFO - Created 168 INI files for EA temp_AI-Tune-EA-YoforexPremium (expected: 168)
2025-04-25 13:39:53,336 - INFO - Created 168 INI files for EA temp_AK-47-Scalper-EA (expected: 168)
2025-04-25 13:39:53,417 - INFO - Created 168 INI files for EA AK-47-Scalper-EA-yoforexPremium-MT5 (expected: 168)
2025-04-25 13:39:53,517 - INFO - Created 168 INI files for EA AK-47-Scalper-EAMT4-with-sourcecode-YoforexPremium-MT5 (expected: 168)
2025-04-25 13:39:53,615 - INFO - Created 168 INI files for EA ALCHEMIST-YoforexPremium (expected: 168)
2025-04-25 13:39:53,699 - INFO - Created 168 INI files for EA Alexav-D1-Profit-GBPUSD (expected: 168)
2025-04-25 13:39:53,783 - INFO - Created 168 INI files for EA All-Average-Ea (expected: 168)
2025-04-25 13:39:53,867 - INFO - Created 168 INI files for EA Alligator (expected: 168)
2025-04-25 13:39:53,949 - INFO - Created 168 INI files for EA Alligator-Simple (expected: 168)
2025-04-25 13:39:54,042 - INFO - Created 168 INI files for EA Alpha-Zero-AI-RobotMT5-YoForexPremium (expected: 168)
2025-04-25 13:39:54,131 - INFO - Created 168 INI files for EA Altarius-RSI-Stohastic (expected: 168)
2025-04-25 13:39:54,215 - INFO - Created 168 INI files for EA AMA-Trader (expected: 168)
2025-04-25 13:39:54,315 - INFO - Created 168 INI files for EA temp-AK-47-Scalper-EA-with-sourcecode-YoforexPremium (expected: 168)
2025-04-25 13:39:54,417 - INFO - Created 168 INI files for EA temp-AK-47-Scalper-EA-yoforexPremium (expected: 168)
2025-04-25 13:39:54,508 - INFO - Created 168 INI files for EA temp-Alpha-Zero-AI-Robot-YoForexPremium (expected: 168)
2025-04-25 13:39:54,590 - INFO - Created 168 INI files for EA temp_AK-47-Scalper-EA-with-sourcecode-YoforexPremium (expected: 168)
2025-04-25 13:39:54,670 - INFO - Created 168 INI files for EA temp_AK-47-Scalper-EA-yoforexPremium (expected: 168)
2025-04-25 13:39:54,754 - INFO - Created 168 INI files for EA temp_Alpha-Zero-AI-Robot-YoForexPremium (expected: 168)
2025-04-25 13:39:54,834 - INFO - Created 168 INI files for EA AMA-Trader-2 (expected: 168)
2025-04-25 13:39:54,911 - INFO - Created 168 INI files for EA AO-Lightning (expected: 168)
2025-04-25 13:39:54,990 - INFO - Created 168 INI files for EA AOCCI (expected: 168)
2025-04-25 13:39:55,074 - INFO - Created 168 INI files for EA Arbitrage (expected: 168)
2025-04-25 13:39:55,159 - INFO - Created 168 INI files for EA ArbSint (expected: 168)
2025-04-25 13:39:55,258 - INFO - Created 168 INI files for EA Area-MACD (expected: 168)
2025-04-25 13:39:55,356 - INFO - Created 168 INI files for EA Artificial-Intelligence (expected: 168)
2025-04-25 13:39:55,452 - INFO - Created 168 INI files for EA At-random (expected: 168)
2025-04-25 13:39:55,535 - INFO - Created 168 INI files for EA At-random-Full (expected: 168)
2025-04-25 13:39:55,620 - INFO - Created 168 INI files for EA ATR-SCLAPER (expected: 168)
2025-04-25 13:39:55,722 - INFO - Created 168 INI files for EA ATR-SCLAPER-EA-MT5-YoforexPremium (expected: 168)
2025-04-25 13:39:55,803 - INFO - Created 168 INI files for EA Auto-ADX (expected: 168)
2025-04-25 13:39:55,886 - INFO - Created 168 INI files for EA Auto-Pivot-Plotter-28Mid-Levels-29-41 (expected: 168)
2025-04-25 13:39:55,969 - INFO - Created 168 INI files for EA AutoLock-EA (expected: 168)
2025-04-25 13:39:56,054 - INFO - Created 168 INI files for EA Autotrader-Momentum (expected: 168)
2025-04-25 13:39:56,139 - INFO - Created 168 INI files for EA Avalanche-AV (expected: 168)
2025-04-25 13:39:56,225 - INFO - Created 168 INI files for EA Backbone (expected: 168)
2025-04-25 13:39:56,308 - INFO - Created 168 INI files for EA backtrader-master (expected: 168)
2025-04-25 13:39:56,392 - INFO - Created 168 INI files for EA BADX (expected: 168)
2025-04-25 13:39:56,474 - INFO - Created 168 INI files for EA Bago-EA (expected: 168)
2025-04-25 13:39:56,579 - INFO - Created 168 INI files for EA temp-ATR-SCLAPER-EA-YoforexPremium (expected: 168)
2025-04-25 13:39:56,670 - INFO - Created 168 INI files for EA temp_ATR-SCLAPER-EA-YoforexPremium (expected: 168)
2025-04-25 13:39:56,758 - INFO - Created 168 INI files for EA BalancedScalper-20EA (expected: 168)
2025-04-25 13:39:56,837 - INFO - Created 168 INI files for EA Bands-2 (expected: 168)
2025-04-25 13:39:56,917 - INFO - Created 168 INI files for EA BARS-Alligator (expected: 168)
2025-04-25 13:39:57,011 - INFO - Created 168 INI files for EA Basic-CCI-RSI (expected: 168)
2025-04-25 13:39:57,089 - INFO - Created 168 INI files for EA Basic-Martingale-EA-3 (expected: 168)
2025-04-25 13:39:57,168 - INFO - Created 168 INI files for EA bb-automated (expected: 168)
2025-04-25 13:39:57,263 - INFO - Created 168 INI files for EA BB-stops-MT5 (expected: 168)
2025-04-25 13:39:57,354 - INFO - Created 168 INI files for EA BBPercentile (expected: 168)
2025-04-25 13:39:57,444 - INFO - Created 168 INI files for EA BBPercentile-EA (expected: 168)
2025-04-25 13:39:57,533 - INFO - Created 168 INI files for EA BDCrossOver-20EA (expected: 168)
2025-04-25 13:39:57,615 - INFO - Created 168 INI files for EA temp-BB-stops (expected: 168)
2025-04-25 13:39:57,694 - INFO - Created 168 INI files for EA temp_BB-stops (expected: 168)
2025-04-25 13:39:57,774 - INFO - Created 168 INI files for EA BEAR-row-full-EA (expected: 168)
2025-04-25 13:39:57,864 - INFO - Created 168 INI files for EA BIG-DOG (expected: 168)
2025-04-25 13:39:57,950 - INFO - Created 168 INI files for EA BIG-RECOVERY-EA-MT5-YoForexPremium (expected: 168)
2025-04-25 13:39:58,034 - INFO - Created 168 INI files for EA Bill-Williams (expected: 168)
2025-04-25 13:39:58,117 - INFO - Created 168 INI files for EA bollinger (expected: 168)
2025-04-25 13:39:58,207 - INFO - Created 168 INI files for EA Bollinger-Band-Two-MA-and-Zig-Zag (expected: 168)
2025-04-25 13:39:58,294 - INFO - Created 168 INI files for EA Bollinger-Bands-N-positions (expected: 168)
2025-04-25 13:39:58,378 - INFO - Created 168 INI files for EA Bollinger-Bands-RSI (expected: 168)
2025-04-25 13:39:58,468 - INFO - Created 168 INI files for EA BORN4PIPS-EA-1-YoForexPremium (expected: 168)
2025-04-25 13:39:58,560 - INFO - Created 168 INI files for EA BORN4PIPS-EA-MT5-YoForexPremium (expected: 168)
2025-04-25 13:39:58,652 - INFO - Created 168 INI files for EA temp-BIG-RECOVERY-EA-YoForexPremium (expected: 168)
2025-04-25 13:39:58,741 - INFO - Created 168 INI files for EA temp-BORN4PIPS-EA-YoForexPremium (expected: 168)
2025-04-25 13:39:58,844 - INFO - Created 168 INI files for EA temp_BIG-RECOVERY-EA-YoForexPremium (expected: 168)
2025-04-25 13:39:58,939 - INFO - Created 168 INI files for EA temp_BORN4PIPS-EA-YoForexPremium (expected: 168)
2025-04-25 13:39:59,038 - INFO - Created 168 INI files for EA Brakeout-Trader (expected: 168)
2025-04-25 13:39:59,121 - INFO - Created 168 INI files for EA Brandy (expected: 168)
2025-04-25 13:39:59,206 - INFO - Created 168 INI files for EA Brazilian-EA-MT5-YoforexPremium (expected: 168)
2025-04-25 13:39:59,364 - INFO - Created 168 INI files for EA Breadandbutter2 (expected: 168)
2025-04-25 13:39:59,485 - INFO - Created 168 INI files for EA breakdown (expected: 168)
2025-04-25 13:39:59,570 - INFO - Created 168 INI files for EA Breakdown-catcher (expected: 168)
2025-04-25 13:39:59,656 - INFO - Created 168 INI files for EA Breakout-Str (expected: 168)
2025-04-25 13:39:59,742 - INFO - Created 168 INI files for EA Bronze-Warrioir (expected: 168)
2025-04-25 13:39:59,824 - INFO - Created 168 INI files for EA Bruno (expected: 168)
2025-04-25 13:39:59,906 - INFO - Created 168 INI files for EA BSS-1-0 (expected: 168)
2025-04-25 13:39:59,990 - INFO - Created 168 INI files for EA temp-Brazilian-EA-YoforexPremium (expected: 168)
2025-04-25 13:40:00,073 - INFO - Created 168 INI files for EA temp_Brazilian-EA-YoforexPremium (expected: 168)
2025-04-25 13:40:00,155 - INFO - Created 168 INI files for EA BTA-Optimal-Trade-Zone-EA-v.1.0-MT5-YoForexPremium (expected: 168)
2025-04-25 13:40:00,239 - INFO - Created 168 INI files for EA BTA-Sniper-Entry-v.1.0-EA-MT5-YoForexPremium (expected: 168)
2025-04-25 13:40:00,324 - INFO - Created 168 INI files for EA BULL-row-full-EA (expected: 168)
2025-04-25 13:40:00,406 - INFO - Created 168 INI files for EA Bullish-and-Bearish-Engulfing (expected: 168)
2025-04-25 13:40:00,487 - INFO - Created 168 INI files for EA Burg-Extrapolator (expected: 168)
2025-04-25 13:40:00,568 - INFO - Created 168 INI files for EA BykovTrend-EA (expected: 168)
2025-04-25 13:40:00,668 - INFO - Created 168 INI files for EA BykovTrend_EA_v3 (expected: 168)
2025-04-25 13:40:00,751 - INFO - Created 168 INI files for EA Calculate-lotsize-and-Trailling-stop (expected: 168)
2025-04-25 13:40:00,834 - INFO - Created 168 INI files for EA Candle (expected: 168)
2025-04-25 13:40:00,915 - INFO - Created 168 INI files for EA candlepatternsexample (expected: 168)
2025-04-25 13:40:01,000 - INFO - Created 168 INI files for EA temp-BTA-Optimal-Trade-Zone-EA-v.1.0-YoForexPremium (expected: 168)
2025-04-25 13:40:01,086 - INFO - Created 168 INI files for EA temp-BTA-Sniper-Entry-v.1.0-EA-YoForexPremium (expected: 168)
2025-04-25 13:40:01,171 - INFO - Created 168 INI files for EA temp-BykovTrend-EA-v3 (expected: 168)
2025-04-25 13:40:01,258 - INFO - Created 168 INI files for EA temp_BTA-Optimal-Trade-Zone-EA-v.1.0-YoForexPremium (expected: 168)
2025-04-25 13:40:01,344 - INFO - Created 168 INI files for EA temp_BTA-Sniper-Entry-v.1.0-EA-YoForexPremium (expected: 168)
2025-04-25 13:40:01,437 - INFO - Created 168 INI files for EA temp_BykovTrend-EA-v3 (expected: 168)
2025-04-25 13:40:01,529 - INFO - Created 168 INI files for EA Carbophos (expected: 168)
2025-04-25 13:40:01,614 - INFO - Created 168 INI files for EA CashMachine-5min (expected: 168)
2025-04-25 13:40:01,693 - INFO - Created 168 INI files for EA CCI-MACD-Scalper (expected: 168)
2025-04-25 13:40:01,772 - INFO - Created 168 INI files for EA Cidomo (expected: 168)
2025-04-25 13:40:01,854 - INFO - Created 168 INI files for EA CloseAgent (expected: 168)
2025-04-25 13:40:01,938 - INFO - Created 168 INI files for EA CloseProfit (expected: 168)
2025-04-25 13:40:02,024 - INFO - Created 168 INI files for EA CLOUD (expected: 168)
2025-04-25 13:40:02,105 - INFO - Created 168 INI files for EA cloud's-trade-2 (expected: 168)
2025-04-25 13:40:02,188 - INFO - Created 168 INI files for EA Constituents-EA (expected: 168)
2025-04-25 13:40:02,273 - INFO - Created 168 INI files for EA Contrarian-trade-MA (expected: 168)
2025-04-25 13:40:02,365 - INFO - Created 168 INI files for EA Crossing-Moving-Average (expected: 168)
2025-04-25 13:40:02,447 - INFO - Created 168 INI files for EA CrossMA (expected: 168)
2025-04-25 13:40:02,529 - INFO - Created 168 INI files for EA Currencyprofits-01.1 (expected: 168)
2025-04-25 13:40:02,616 - INFO - Created 168 INI files for EA Daily-20reversal-20-20EA (expected: 168)
2025-04-25 13:40:02,698 - INFO - Created 168 INI files for EA Daily-BreakPoint (expected: 168)
2025-04-25 13:40:02,783 - INFO - Created 168 INI files for EA Daily-Candle-ScalperEA-MT5-YoForexPremium (expected: 168)
2025-04-25 13:40:02,867 - INFO - Created 168 INI files for EA Daily-Candle-ScalperEA-MT5-YoForexPremium-1 (expected: 168)
2025-04-25 13:40:02,947 - INFO - Created 168 INI files for EA Daily-Open-EA (expected: 168)
2025-04-25 13:40:03,026 - INFO - Created 168 INI files for EA Daily-range (expected: 168)
2025-04-25 13:40:03,108 - INFO - Created 168 INI files for EA Dark-Mimas-MT5 (expected: 168)
2025-04-25 13:40:03,193 - INFO - Created 168 INI files for EA temp-Daily-Candle-ScalperEA-YoForexPremium (expected: 168)
2025-04-25 13:40:03,279 - INFO - Created 168 INI files for EA temp-Daily-Candle-ScalperEA-YoForexPremium-1 (expected: 168)
2025-04-25 13:40:03,380 - INFO - Created 168 INI files for EA temp-Dark-Mimas (expected: 168)
2025-04-25 13:40:03,469 - INFO - Created 168 INI files for EA temp_Daily-Candle-ScalperEA-YoForexPremium (expected: 168)
2025-04-25 13:40:03,554 - INFO - Created 168 INI files for EA temp_Daily-Candle-ScalperEA-YoForexPremium-1 (expected: 168)
2025-04-25 13:40:03,635 - INFO - Created 168 INI files for EA temp_Dark-Mimas (expected: 168)
2025-04-25 13:40:03,715 - INFO - Created 168 INI files for EA Day-Trading-PAMXA (expected: 168)
2025-04-25 13:40:03,804 - INFO - Created 168 INI files for EA Daydream (expected: 168)
2025-04-25 13:40:03,927 - INFO - Created 168 INI files for EA DayTrading (expected: 168)
2025-04-25 13:40:04,028 - INFO - Created 168 INI files for EA Dealers-Trade-v-7.74-MACD (expected: 168)
2025-04-25 13:40:04,108 - INFO - Created 168 INI files for EA Deep-Drawdown-MA (expected: 168)
2025-04-25 13:40:04,192 - INFO - Created 168 INI files for EA DeMarker-gaining-position-volume (expected: 168)
2025-04-25 13:40:04,275 - INFO - Created 168 INI files for EA DeMarker-gaining-position-volume-2 (expected: 168)
2025-04-25 13:40:04,363 - INFO - Created 168 INI files for EA DeMarker-Pending (expected: 168)
2025-04-25 13:40:04,452 - INFO - Created 168 INI files for EA DeMarker-Pending-2 (expected: 168)
2025-04-25 13:40:04,540 - INFO - Created 168 INI files for EA DeMarker-Pending-2-5 (expected: 168)
2025-04-25 13:40:04,620 - INFO - Created 168 INI files for EA Dematus (expected: 168)
2025-04-25 13:40:04,708 - INFO - Created 168 INI files for EA Divergence-20for-20many-20indicator (expected: 168)
2025-04-25 13:40:04,798 - INFO - Created 168 INI files for EA Divergence-EA (expected: 168)
2025-04-25 13:40:04,880 - INFO - Created 168 INI files for EA Divergence-EA-BB (expected: 168)
2025-04-25 13:40:04,967 - INFO - Created 168 INI files for EA Divergence-EA-pip-sl-tp (expected: 168)
2025-04-25 13:40:05,053 - INFO - Created 168 INI files for EA Doji-Arrows (expected: 168)
2025-04-25 13:40:05,143 - INFO - Created 168 INI files for EA DojiTrader (expected: 168)
2025-04-25 13:40:05,225 - INFO - Created 168 INI files for EA Donchian-Chanel-EA (expected: 168)
2025-04-25 13:40:05,306 - INFO - Created 168 INI files for EA DoubleHullMA (expected: 168)
2025-04-25 13:40:05,386 - INFO - Created 168 INI files for EA DoubleHullMA-EA (expected: 168)
2025-04-25 13:40:05,469 - INFO - Created 168 INI files for EA DoubleMA-Crossover-EA (expected: 168)
2025-04-25 13:40:05,549 - INFO - Created 168 INI files for EA Doubler (expected: 168)
2025-04-25 13:40:05,631 - INFO - Created 168 INI files for EA Driver-EA-MT5 (expected: 168)
2025-04-25 13:40:05,713 - INFO - Created 168 INI files for EA dummy (expected: 168)
2025-04-25 13:40:05,797 - INFO - Created 168 INI files for EA Dynamic-averaging (expected: 168)
2025-04-25 13:40:05,877 - INFO - Created 168 INI files for EA E-Friday (expected: 168)
2025-04-25 13:40:05,961 - INFO - Created 168 INI files for EA E-Skoch-Open (expected: 168)
2025-04-25 13:40:06,046 - INFO - Created 168 INI files for EA e-Skoch-pending-orders (expected: 168)
2025-04-25 13:40:06,150 - INFO - Created 168 INI files for EA e-Smart-Trailing (expected: 168)
2025-04-25 13:40:06,231 - INFO - Created 168 INI files for EA e-TurboFx (expected: 168)
2025-04-25 13:40:06,312 - INFO - Created 168 INI files for EA temp-Driver-EA (expected: 168)
2025-04-25 13:40:06,390 - INFO - Created 168 INI files for EA temp_Driver-EA (expected: 168)
2025-04-25 13:40:06,467 - INFO - Created 168 INI files for EA EA-Close (expected: 168)
2025-04-25 13:40:06,551 - INFO - Created 168 INI files for EA EA-Gold-Stuff-MT5-YoForexPremium (expected: 168)
2025-04-25 13:40:06,645 - INFO - Created 168 INI files for EA EA-MA-Stoch-RSI (expected: 168)
2025-04-25 13:40:06,743 - INFO - Created 168 INI files for EA EA-Moving-Average (expected: 168)
2025-04-25 13:40:06,843 - INFO - Created 168 INI files for EA Elevator-Robot-PMT5-YoForexPremium (expected: 168)
2025-04-25 13:40:06,933 - INFO - Created 168 INI files for EA Elite-eFibo-Trader (expected: 168)
2025-04-25 13:40:07,032 - INFO - Created 168 INI files for EA EMA (expected: 168)
2025-04-25 13:40:07,114 - INFO - Created 168 INI files for EA EMA-6.12 (expected: 168)
2025-04-25 13:40:07,195 - INFO - Created 168 INI files for EA EMA-CROSS (expected: 168)
2025-04-25 13:40:07,277 - INFO - Created 168 INI files for EA EMA-LWMA-RSI (expected: 168)
2025-04-25 13:40:07,367 - INFO - Created 168 INI files for EA temp-EA-Gold-Stuff-YoForexPremium (expected: 168)
2025-04-25 13:40:07,467 - INFO - Created 168 INI files for EA temp-Elevator-Robot-P-YoForexPremium (expected: 168)
2025-04-25 13:40:07,555 - INFO - Created 168 INI files for EA temp_EA-Gold-Stuff-YoForexPremium (expected: 168)
2025-04-25 13:40:07,645 - INFO - Created 168 INI files for EA temp_Elevator-Robot-P-YoForexPremium (expected: 168)
2025-04-25 13:40:07,729 - INFO - Created 168 INI files for EA EMA-RSI-EA (expected: 168)
2025-04-25 13:40:07,814 - INFO - Created 168 INI files for EA EMA-WMA (expected: 168)
2025-04-25 13:40:07,896 - INFO - Created 168 INI files for EA EMA_WMA v2 (expected: 168)
2025-04-25 13:40:07,976 - INFO - Created 168 INI files for EA Eugene (expected: 168)
2025-04-25 13:40:08,061 - INFO - Created 168 INI files for EA eur-usd-m5 (expected: 168)
2025-04-25 13:40:08,151 - INFO - Created 168 INI files for EA Euronis-Scalper-EA-MT5-With-DLL-YoForexPremium (expected: 168)
2025-04-25 13:40:08,237 - INFO - Created 168 INI files for EA EURUSD-breakout (expected: 168)
2025-04-25 13:40:08,331 - INFO - Created 168 INI files for EA EURUSDH1 (expected: 168)
2025-04-25 13:40:08,421 - INFO - Created 168 INI files for EA Executer-AC (expected: 168)
2025-04-25 13:40:08,515 - INFO - Created 168 INI files for EA Executor-AO (expected: 168)
2025-04-25 13:40:08,607 - INFO - Created 168 INI files for EA temp-EMA-WMA-v2 (expected: 168)
2025-04-25 13:40:08,698 - INFO - Created 168 INI files for EA temp-Euronis-Scalper-EA-With-DLL-YoForexPremium (expected: 168)
2025-04-25 13:40:08,791 - INFO - Created 168 INI files for EA temp_EMA-WMA-v2 (expected: 168)
2025-04-25 13:40:08,899 - INFO - Created 168 INI files for EA temp_Euronis-Scalper-EA-With-DLL-YoForexPremium (expected: 168)
2025-04-25 13:40:08,981 - INFO - Created 168 INI files for EA e-Breakeven (expected: 168)
2025-04-25 13:40:09,068 - INFO - Created 168 INI files for EA Executor-Candles (expected: 168)
2025-04-25 13:40:09,173 - INFO - Created 168 INI files for EA exp-Amstell (expected: 168)
2025-04-25 13:40:09,266 - INFO - Created 168 INI files for EA Expert-NEWS (expected: 168)
2025-04-25 13:40:09,363 - INFO - Created 168 INI files for EA Expert-RSI-Stochastic-MA (expected: 168)
2025-04-25 13:40:09,453 - INFO - Created 168 INI files for EA ExtremePrice-EA (expected: 168)
2025-04-25 13:40:09,544 - INFO - Created 168 INI files for EA Fi-Trading-Robot-1.0 (expected: 168)
2025-04-25 13:40:09,670 - INFO - Created 168 INI files for EA Fi-Trading-Robot-YoForexPremium (expected: 168)
2025-04-25 13:40:09,764 - INFO - Created 168 INI files for EA FI-TRADING-ROBOTMT5-yoforexprenium (expected: 168)
2025-04-25 13:40:09,861 - INFO - Created 168 INI files for EA FiboRetracement-20EA (expected: 168)
2025-04-25 13:40:09,961 - INFO - Created 168 INI files for EA temp-FI-TRADING-ROBOT-yoforexprenium (expected: 168)
2025-04-25 13:40:10,050 - INFO - Created 168 INI files for EA temp_FI-TRADING-ROBOT-yoforexprenium (expected: 168)
2025-04-25 13:40:10,135 - INFO - Created 168 INI files for EA Firebird (expected: 168)
2025-04-25 13:40:10,234 - INFO - Created 168 INI files for EA Firestorm-EA (expected: 168)
2025-04-25 13:40:10,319 - INFO - Created 168 INI files for EA Firestorm-indicator (expected: 168)
2025-04-25 13:40:10,402 - INFO - Created 168 INI files for EA Fluctuate (expected: 168)
2025-04-25 13:40:10,492 - INFO - Created 168 INI files for EA Forex-Fraus-M1 (expected: 168)
2025-04-25 13:40:10,574 - INFO - Created 168 INI files for EA Forex-Profit (expected: 168)
2025-04-25 13:40:10,660 - INFO - Created 168 INI files for EA Fractals-minimum-distance (expected: 168)
2025-04-25 13:40:10,747 - INFO - Created 168 INI files for EA Fraktrak-xonax (expected: 168)
2025-04-25 13:40:10,837 - INFO - Created 168 INI files for EA Frank-Ud (expected: 168)
2025-04-25 13:40:10,925 - INFO - Created 168 INI files for EA fratal-mt5-EA (expected: 168)
2025-04-25 13:40:11,014 - INFO - Created 168 INI files for EA temp-fratal-EA (expected: 168)
2025-04-25 13:40:11,102 - INFO - Created 168 INI files for EA temp_fratal-EA (expected: 168)
2025-04-25 13:40:11,191 - INFO - Created 168 INI files for EA FT-CCI (expected: 168)
2025-04-25 13:40:11,286 - INFO - Created 168 INI files for EA FT-Sniper-GOLD-MT5-4 (expected: 168)
2025-04-25 13:40:11,388 - INFO - Created 168 INI files for EA Fuzzy-logic (expected: 168)
2025-04-25 13:40:11,475 - INFO - Created 168 INI files for EA GalacticExplosion (expected: 168)
2025-04-25 13:40:11,579 - INFO - Created 168 INI files for EA Galaxy-5-1.0-MT5 (expected: 168)
2025-04-25 13:40:11,671 - INFO - Created 168 INI files for EA Gandalf-PRO (expected: 168)
2025-04-25 13:40:11,759 - INFO - Created 168 INI files for EA Gap-DM (expected: 168)
2025-04-25 13:40:11,847 - INFO - Created 168 INI files for EA GAP-EA (expected: 168)
2025-04-25 13:40:11,944 - INFO - Created 168 INI files for EA Gaps (expected: 168)
2025-04-25 13:40:12,037 - INFO - Created 168 INI files for EA GBP9AM (expected: 168)
2025-04-25 13:40:12,134 - INFO - Created 168 INI files for EA temp-FT-Sniper-GOLD-4 (expected: 168)
2025-04-25 13:40:12,227 - INFO - Created 168 INI files for EA temp-Galaxy-5-1.0 (expected: 168)
2025-04-25 13:40:12,319 - INFO - Created 168 INI files for EA temp_FT-Sniper-GOLD-4 (expected: 168)
2025-04-25 13:40:12,406 - INFO - Created 168 INI files for EA temp_Galaxy-5-1.0 (expected: 168)
2025-04-25 13:40:12,492 - INFO - Created 168 INI files for EA GbpChf (expected: 168)
2025-04-25 13:40:12,580 - INFO - Created 168 INI files for EA GO (expected: 168)
2025-04-25 13:40:12,668 - INFO - Created 168 INI files for EA Godzillar-EABanker-MT5-FX-XRACKED (expected: 168)
2025-04-25 13:40:12,756 - INFO - Created 168 INI files for EA Gold-Dust (expected: 168)
2025-04-25 13:40:12,843 - INFO - Created 168 INI files for EA GoldHero-FX-Cracked (expected: 168)
2025-04-25 13:40:12,942 - INFO - Created 168 INI files for EA GreenTrade (expected: 168)
2025-04-25 13:40:13,026 - INFO - Created 168 INI files for EA Grid (expected: 168)
2025-04-25 13:40:13,112 - INFO - Created 168 INI files for EA Grid-Martingale (expected: 168)
2025-04-25 13:40:13,198 - INFO - Created 168 INI files for EA GridEA (expected: 168)
2025-04-25 13:40:13,281 - INFO - Created 168 INI files for EA HarVesteR (expected: 168)
2025-04-25 13:40:13,367 - INFO - Created 168 INI files for EA temp-Godzillar-EABanker-FX-XRACKED (expected: 168)
2025-04-25 13:40:13,457 - INFO - Created 168 INI files for EA temp_Godzillar-EABanker-FX-XRACKED (expected: 168)
2025-04-25 13:40:13,551 - INFO - Created 168 INI files for EA HedgeEA (expected: 168)
2025-04-25 13:40:13,643 - INFO - Created 168 INI files for EA hedger (expected: 168)
2025-04-25 13:40:13,742 - INFO - Created 168 INI files for EA Hedging-EA (expected: 168)
2025-04-25 13:40:13,839 - INFO - Created 168 INI files for EA heiken-ashi-engulf-ea-buy-mt5 (expected: 168)
2025-04-25 13:40:13,940 - INFO - Created 168 INI files for EA heiken-ashi-engulf-sell-ea-mt5 (expected: 168)
2025-04-25 13:40:14,031 - INFO - Created 168 INI files for EA heiken-ashi-smoothed (expected: 168)
2025-04-25 13:40:14,117 - INFO - Created 168 INI files for EA Heiken-Ashi-Smoothed-EA (expected: 168)
2025-04-25 13:40:14,201 - INFO - Created 168 INI files for EA heiken-ashi-smoothedLine (expected: 168)
2025-04-25 13:40:14,310 - INFO - Created 168 INI files for EA HeikenAshi-Lines (expected: 168)
2025-04-25 13:40:14,419 - INFO - Created 168 INI files for EA HeikenAshi-Lines-EA (expected: 168)
2025-04-25 13:40:14,510 - INFO - Created 168 INI files for EA temp-heiken-ashi-engulf-ea-buy (expected: 168)
2025-04-25 13:40:14,603 - INFO - Created 168 INI files for EA temp-heiken-ashi-engulf-sell-ea (expected: 168)
2025-04-25 13:40:14,702 - INFO - Created 168 INI files for EA temp_heiken-ashi-engulf-ea-buy (expected: 168)
2025-04-25 13:40:14,795 - INFO - Created 168 INI files for EA temp_heiken-ashi-engulf-sell-ea (expected: 168)
2025-04-25 13:40:14,885 - INFO - Created 168 INI files for EA Heiken-Ashi-Smoothed-EA-with-MA (expected: 168)
2025-04-25 13:40:14,975 - INFO - Created 168 INI files for EA Heinken-Ashi-Color-Candles (expected: 168)
2025-04-25 13:40:15,061 - INFO - Created 168 INI files for EA HelloSmart (expected: 168)
2025-04-25 13:40:15,146 - INFO - Created 168 INI files for EA High-Low-EA (expected: 168)
2025-04-25 13:40:15,231 - INFO - Created 168 INI files for EA High-Low-Indicator (expected: 168)
2025-04-25 13:40:15,316 - INFO - Created 168 INI files for EA Hoop-master-2 (expected: 168)
2025-04-25 13:40:15,402 - INFO - Created 168 INI files for EA i-impulsesystem (expected: 168)
2025-04-25 13:40:15,486 - INFO - Created 168 INI files for EA iCCI-iMA (expected: 168)
2025-04-25 13:40:15,569 - INFO - Created 168 INI files for EA ichimok2005 (expected: 168)
2025-04-25 13:40:15,663 - INFO - Created 168 INI files for EA Ichimoku (expected: 168)
2025-04-25 13:40:15,752 - INFO - Created 168 INI files for EA ICH-With-Alert-Derekers (expected: 168)
2025-04-25 13:40:15,848 - INFO - Created 168 INI files for EA ICH-With-Alert-Derekers-EA (expected: 168)
2025-04-25 13:40:15,932 - INFO - Created 168 INI files for EA Ichimoku-20Kijun-20Alert (expected: 168)
2025-04-25 13:40:16,014 - INFO - Created 168 INI files for EA Ichimoku-20Tenkan-20Alert (expected: 168)
2025-04-25 13:40:16,095 - INFO - Created 168 INI files for EA Ichimoku-Dashboard-MT5 (expected: 168)
2025-04-25 13:40:16,178 - INFO - Created 168 INI files for EA Ichimoku-Scanner (expected: 168)
2025-04-25 13:40:16,264 - INFO - Created 168 INI files for EA Ichimoku-Scanner-MT5 (expected: 168)
2025-04-25 13:40:16,359 - INFO - Created 168 INI files for EA Ichimoku-Signals-and-Alert (expected: 168)
2025-04-25 13:40:16,448 - INFO - Created 168 INI files for EA IchimokuMTF-EA (expected: 168)
2025-04-25 13:40:16,539 - INFO - Created 168 INI files for EA Ilan-iMA (expected: 168)
2025-04-25 13:40:16,632 - INFO - Created 168 INI files for EA temp-Ichimoku-Dashboard (expected: 168)
2025-04-25 13:40:16,718 - INFO - Created 168 INI files for EA temp-Ichimoku-Scanner-1 (expected: 168)
2025-04-25 13:40:16,805 - INFO - Created 168 INI files for EA temp_Ichimoku-Dashboard (expected: 168)
2025-04-25 13:40:16,896 - INFO - Created 168 INI files for EA temp_Ichimoku-Scanner-1 (expected: 168)
2025-04-25 13:40:16,995 - INFO - Created 168 INI files for EA Ilan1.4 (expected: 168)
2025-04-25 13:40:17,080 - INFO - Created 168 INI files for EA iMA-iStdDev (expected: 168)
2025-04-25 13:40:17,164 - INFO - Created 168 INI files for EA Indices-Tester (expected: 168)
2025-04-25 13:40:17,249 - INFO - Created 168 INI files for EA Inka-20Edho-20EA (expected: 168)
2025-04-25 13:40:17,335 - INFO - Created 168 INI files for EA Intersection-2-iMA (expected: 168)
2025-04-25 13:40:17,429 - INFO - Created 168 INI files for EA IStochastic-Trading (expected: 168)
2025-04-25 13:40:17,513 - INFO - Created 168 INI files for EA Ivan (expected: 168)
2025-04-25 13:40:17,599 - INFO - Created 168 INI files for EA iVIDyA-Simple (expected: 168)
2025-04-25 13:40:17,738 - INFO - Created 168 INI files for EA Jackpot-Strategy-EA (expected: 168)
2025-04-25 13:40:17,843 - INFO - Created 168 INI files for EA JackPot-Strategy-Elite (expected: 168)
2025-04-25 13:40:17,936 - INFO - Created 168 INI files for EA JK-BullP-AutoTrader (expected: 168)
2025-04-25 13:40:18,031 - INFO - Created 168 INI files for EA JS-Chaos (expected: 168)
2025-04-25 13:40:18,121 - INFO - Created 168 INI files for EA JS-MA-Day (expected: 168)
2025-04-25 13:40:18,209 - INFO - Created 168 INI files for EA JS-MA-SAR-Trades (expected: 168)
2025-04-25 13:40:18,298 - INFO - Created 168 INI files for EA JS-MA-SAR-Trades-EA-MT5-YoforexPremium (expected: 168)
2025-04-25 13:40:18,402 - INFO - Created 168 INI files for EA JS-MA-SAR-Trades-Yoforexpremium (expected: 168)
2025-04-25 13:40:18,489 - INFO - Created 168 INI files for EA Juggernaut (expected: 168)
2025-04-25 13:40:18,571 - INFO - Created 168 INI files for EA KA-Gold-Bot (expected: 168)
2025-04-25 13:40:18,656 - INFO - Created 168 INI files for EA KueFx-20Arrows (expected: 168)
2025-04-25 13:40:18,743 - INFO - Created 168 INI files for EA KueFx-20Baseline (expected: 168)
2025-04-25 13:40:18,835 - INFO - Created 168 INI files for EA temp-JS-MA-SAR-Trades-EA-YoforexPremium (expected: 168)
2025-04-25 13:40:18,926 - INFO - Created 168 INI files for EA temp_JS-MA-SAR-Trades-EA-YoforexPremium (expected: 168)
2025-04-25 13:40:19,012 - INFO - Created 168 INI files for EA KueFx-Arrows (expected: 168)
2025-04-25 13:40:19,104 - INFO - Created 168 INI files for EA KueFx-Arrows-20EA (expected: 168)
2025-04-25 13:40:19,198 - INFO - Created 168 INI files for EA KueFx-Arrows-EA (expected: 168)
2025-04-25 13:40:19,281 - INFO - Created 168 INI files for EA KueFx-Baseline (expected: 168)
2025-04-25 13:40:19,362 - INFO - Created 168 INI files for EA KueFx-Baseline-EA (expected: 168)
2025-04-25 13:40:19,449 - INFO - Created 168 INI files for EA KueFx-Clean-2025-EA (expected: 168)
2025-04-25 13:40:19,535 - INFO - Created 168 INI files for EA KueFxTrend-20EA (expected: 168)
2025-04-25 13:40:19,619 - INFO - Created 168 INI files for EA KueFxTrend-EA (expected: 168)
2025-04-25 13:40:19,727 - INFO - Created 168 INI files for EA KueFx_Arrows_EA_v1.10 (expected: 168)
2025-04-25 13:40:19,814 - INFO - Created 168 INI files for EA KueFx_Baseline_EA_v1.10 (expected: 168)
2025-04-25 13:40:19,935 - INFO - Created 168 INI files for EA temp-KueFx-Arrows-EA-v1.10 (expected: 168)
2025-04-25 13:40:20,035 - INFO - Created 168 INI files for EA temp-KueFx-Baseline-EA-v1.10 (expected: 168)
2025-04-25 13:40:20,123 - INFO - Created 168 INI files for EA temp_KueFx-Arrows-EA-v1.10 (expected: 168)
2025-04-25 13:40:20,213 - INFO - Created 168 INI files for EA temp_KueFx-Baseline-EA-v1.10 (expected: 168)
2025-04-25 13:40:20,297 - INFO - Created 168 INI files for EA Kue-Electric-EA (expected: 168)
2025-04-25 13:40:20,386 - INFO - Created 168 INI files for EA KueFx-Extreme-EA (expected: 168)
2025-04-25 13:40:20,475 - INFO - Created 168 INI files for EA KueFx-Harare-EA (expected: 168)
2025-04-25 13:40:20,561 - INFO - Created 168 INI files for EA KueFX-Money-Management (expected: 168)
2025-04-25 13:40:20,646 - INFO - Created 168 INI files for EA KueFx-Motor (expected: 168)
2025-04-25 13:40:20,731 - INFO - Created 168 INI files for EA KueFx-Motor-EA (expected: 168)
2025-04-25 13:40:20,816 - INFO - Created 168 INI files for EA KueFx-Trend (expected: 168)
2025-04-25 13:40:20,899 - INFO - Created 168 INI files for EA LarryConnersRSI2 (expected: 168)
2025-04-25 13:40:20,984 - INFO - Created 168 INI files for EA Last-ZZ50 (expected: 168)
2025-04-25 13:40:21,072 - INFO - Created 168 INI files for EA Lavika100 (expected: 168)
2025-04-25 13:40:21,192 - INFO - Created 168 INI files for EA LazyBot-MT5 (expected: 168)
2025-04-25 13:40:21,278 - INFO - Created 168 INI files for EA LBS (expected: 168)
2025-04-25 13:40:21,366 - INFO - Created 168 INI files for EA Lego-EA (expected: 168)
2025-04-25 13:40:21,463 - INFO - Created 168 INI files for EA Lesson-3-Price-Action (expected: 168)
2025-04-25 13:40:21,555 - INFO - Created 168 INI files for EA Lesson-4-Price-Action-MA-Filter (expected: 168)
2025-04-25 13:40:21,646 - INFO - Created 168 INI files for EA Lesson-6-Trailling-ATR (expected: 168)
2025-04-25 13:40:21,747 - INFO - Created 168 INI files for EA Lesson-7-Price-action-Ket-hop-Volume-VSA (expected: 168)
2025-04-25 13:40:21,841 - INFO - Created 168 INI files for EA Little-EA (expected: 168)
2025-04-25 13:40:21,934 - INFO - Created 168 INI files for EA Lock (expected: 168)
2025-04-25 13:40:22,030 - INFO - Created 168 INI files for EA Locker (expected: 168)
2025-04-25 13:40:22,118 - INFO - Created 168 INI files for EA temp-LazyBot (expected: 168)
2025-04-25 13:40:22,204 - INFO - Created 168 INI files for EA temp_LazyBot (expected: 168)
2025-04-25 13:40:22,296 - INFO - Created 168 INI files for EA Lucky (expected: 168)
2025-04-25 13:40:22,387 - INFO - Created 168 INI files for EA M.A-break-mt5-buy (expected: 168)
2025-04-25 13:40:22,489 - INFO - Created 168 INI files for EA M.A-break-mt5-sell (expected: 168)
2025-04-25 13:40:22,579 - INFO - Created 168 INI files for EA MA MACD Position averaging v2 (expected: 168)
2025-04-25 13:40:22,683 - INFO - Created 168 INI files for EA MA-20Alert (expected: 168)
2025-04-25 13:40:22,777 - INFO - Created 168 INI files for EA MA-20AO-20Arrow (expected: 168)
2025-04-25 13:40:22,874 - INFO - Created 168 INI files for EA MA-Cross (expected: 168)
2025-04-25 13:40:22,966 - INFO - Created 168 INI files for EA MA-Envelopes (expected: 168)
2025-04-25 13:40:23,053 - INFO - Created 168 INI files for EA MA-MACD-Position-averaging (expected: 168)
2025-04-25 13:40:23,152 - INFO - Created 168 INI files for EA MA-Trend (expected: 168)
2025-04-25 13:40:23,238 - INFO - Created 168 INI files for EA temp-M.A-break-buy (expected: 168)
2025-04-25 13:40:23,332 - INFO - Created 168 INI files for EA temp-M.A-break-sell (expected: 168)
2025-04-25 13:40:23,430 - INFO - Created 168 INI files for EA temp-MA-MACD-Position-averaging-v2 (expected: 168)
2025-04-25 13:40:23,524 - INFO - Created 168 INI files for EA temp_M.A-break-buy (expected: 168)
2025-04-25 13:40:23,620 - INFO - Created 168 INI files for EA temp_M.A-break-sell (expected: 168)
2025-04-25 13:40:23,708 - INFO - Created 168 INI files for EA temp_MA-MACD-Position-averaging-v2 (expected: 168)
2025-04-25 13:40:23,800 - INFO - Created 168 INI files for EA MA2CCI (expected: 168)
2025-04-25 13:40:23,905 - INFO - Created 168 INI files for EA MACD (expected: 168)
2025-04-25 13:40:23,998 - INFO - Created 168 INI files for EA MACD-and-SAR (expected: 168)
2025-04-25 13:40:24,087 - INFO - Created 168 INI files for EA MACD-Cleaner (expected: 168)
2025-04-25 13:40:24,183 - INFO - Created 168 INI files for EA Macd-diver-and-rsi-mt5 (expected: 168)
2025-04-25 13:40:24,274 - INFO - Created 168 INI files for EA MACD-No-Sample (expected: 168)
2025-04-25 13:40:24,365 - INFO - Created 168 INI files for EA MACD-signal (expected: 168)
2025-04-25 13:40:24,482 - INFO - Created 168 INI files for EA MACD-Stochastic (expected: 168)
2025-04-25 13:40:24,571 - INFO - Created 168 INI files for EA MACD-Stochastic-2 (expected: 168)
2025-04-25 13:40:24,661 - INFO - Created 168 INI files for EA MACD-wonder (expected: 168)
2025-04-25 13:40:24,754 - INFO - Created 168 INI files for EA temp-Macd-diver-and-rsi (expected: 168)
2025-04-25 13:40:24,845 - INFO - Created 168 INI files for EA temp_Macd-diver-and-rsi (expected: 168)
2025-04-25 13:40:24,943 - INFO - Created 168 INI files for EA MACD-EA-H4 (expected: 168)
2025-04-25 13:40:25,038 - INFO - Created 168 INI files for EA MACD-wonder-YoforexPremium (expected: 168)
2025-04-25 13:40:25,129 - INFO - Created 168 INI files for EA MACDCCI (expected: 168)
2025-04-25 13:40:25,232 - INFO - Created 168 INI files for EA MacdPatternTraderAll (expected: 168)
2025-04-25 13:40:25,321 - INFO - Created 168 INI files for EA MacdPatternTraderAll0.01 (expected: 168)
2025-04-25 13:40:25,418 - INFO - Created 168 INI files for EA MagneticBrake (expected: 168)
2025-04-25 13:40:25,515 - INFO - Created 168 INI files for EA MagneticStopExpert (expected: 168)
2025-04-25 13:40:25,611 - INFO - Created 168 INI files for EA MAGrid (expected: 168)
2025-04-25 13:40:25,700 - INFO - Created 168 INI files for EA MAMACD (expected: 168)
2025-04-25 13:40:25,796 - INFO - Created 168 INI files for EA Mariner-MT5 (expected: 168)
2025-04-25 13:40:25,895 - INFO - Created 168 INI files for EA temp-Mariner (expected: 168)
2025-04-25 13:40:25,988 - INFO - Created 168 INI files for EA temp_Mariner (expected: 168)
2025-04-25 13:40:26,086 - INFO - Created 168 INI files for EA MA-AO-EA (expected: 168)
2025-04-25 13:40:26,178 - INFO - Created 168 INI files for EA Market-Capture (expected: 168)
2025-04-25 13:40:26,266 - INFO - Created 168 INI files for EA Martin (expected: 168)
2025-04-25 13:40:26,356 - INFO - Created 168 INI files for EA Martin-1 (expected: 168)
2025-04-25 13:40:26,454 - INFO - Created 168 INI files for EA Martin-for-small-deposits (expected: 168)
2025-04-25 13:40:26,560 - INFO - Created 168 INI files for EA MartingailExpert (expected: 168)
2025-04-25 13:40:26,653 - INFO - Created 168 INI files for EA MartinGaleBreakout (expected: 168)
2025-04-25 13:40:26,736 - INFO - Created 168 INI files for EA Marubozu (expected: 168)
2025-04-25 13:40:26,822 - INFO - Created 168 INI files for EA Marubozu-EA (expected: 168)
2025-04-25 13:40:26,909 - INFO - Created 168 INI files for EA Marubozu_EA_v1.10 (expected: 168)
2025-04-25 13:40:27,000 - INFO - Created 168 INI files for EA temp-Marubozu-EA-v1.10 (expected: 168)
2025-04-25 13:40:27,089 - INFO - Created 168 INI files for EA temp_Marubozu-EA-v1.10 (expected: 168)
2025-04-25 13:40:27,173 - INFO - Created 168 INI files for EA ma-channels (expected: 168)
2025-04-25 13:40:27,259 - INFO - Created 168 INI files for EA Ma-Crosses-MT5 (expected: 168)
2025-04-25 13:40:27,355 - INFO - Created 168 INI files for EA MA-Crossover-mt5-20EA (expected: 168)
2025-04-25 13:40:27,445 - INFO - Created 168 INI files for EA MelBar-EuSwiss-1.85 (expected: 168)
2025-04-25 13:40:27,538 - INFO - Created 168 INI files for EA MelBarTTake325-T-5.5Y-NZD-USD.ex5 (expected: 168)
2025-04-25 13:40:27,635 - INFO - Created 168 INI files for EA MelBarTTake325-T-5.5Y-NZD-USD.mq5 (expected: 168)
2025-04-25 13:40:27,733 - INFO - Created 168 INI files for EA MelBar™Take325-™-5.5Y-NZD-USD (expected: 168)
2025-04-25 13:40:27,828 - INFO - Created 168 INI files for EA Minning-GoldMT5-Yoforexpremium (expected: 168)
2025-04-25 13:40:27,933 - INFO - Created 168 INI files for EA Mobo-Bands (expected: 168)
2025-04-25 13:40:28,026 - INFO - Created 168 INI files for EA Mobo-Bands-EA (expected: 168)
2025-04-25 13:40:28,121 - INFO - Created 168 INI files for EA temp-Ma-Crosses (expected: 168)
2025-04-25 13:40:28,211 - INFO - Created 168 INI files for EA temp-MA-Crossover-20EA (expected: 168)
2025-04-25 13:40:28,302 - INFO - Created 168 INI files for EA temp-Minning-Gold-Yoforexpremium (expected: 168)
2025-04-25 13:40:28,394 - INFO - Created 168 INI files for EA temp_Ma-Crosses (expected: 168)
2025-04-25 13:40:28,491 - INFO - Created 168 INI files for EA temp_MA-Crossover-20EA (expected: 168)
2025-04-25 13:40:28,594 - INFO - Created 168 INI files for EA temp_Minning-Gold-Yoforexpremium (expected: 168)
2025-04-25 13:40:28,688 - INFO - Created 168 INI files for EA Modified-Moving-Averages (expected: 168)
2025-04-25 13:40:28,780 - INFO - Created 168 INI files for EA Momentum-M15 (expected: 168)
2025-04-25 13:40:28,875 - INFO - Created 168 INI files for EA Momo-trades (expected: 168)
2025-04-25 13:40:28,971 - INFO - Created 168 INI files for EA Money-Fixed-Margin (expected: 168)
2025-04-25 13:40:29,067 - INFO - Created 168 INI files for EA Money-Fixed-Risk (expected: 168)
2025-04-25 13:40:29,171 - INFO - Created 168 INI files for EA MoneyRain (expected: 168)
2025-04-25 13:40:29,276 - INFO - Created 168 INI files for EA Morning-evening-star-EA (expected: 168)
2025-04-25 13:40:29,398 - INFO - Created 168 INI files for EA MostasHaR15-Pivot (expected: 168)
2025-04-25 13:40:29,516 - INFO - Created 168 INI files for EA Moving-Average-Trade-System (expected: 168)
2025-04-25 13:40:29,617 - INFO - Created 168 INI files for EA Moving-Averages (expected: 168)
2025-04-25 13:40:29,726 - INFO - Created 168 INI files for EA Moving-20average-20and-20ichimoku-20EA (expected: 168)
2025-04-25 13:40:29,824 - INFO - Created 168 INI files for EA MovingAverage (expected: 168)
2025-04-25 13:40:29,921 - INFO - Created 168 INI files for EA MovingAverageMartinGale (expected: 168)
2025-04-25 13:40:30,020 - INFO - Created 168 INI files for EA MQL5-Wizard-MA-RSI (expected: 168)
2025-04-25 13:40:30,116 - INFO - Created 168 INI files for EA MQL5-Wizard-MACD-Parabolic-SAR (expected: 168)
2025-04-25 13:40:30,210 - INFO - Created 168 INI files for EA MT45 (expected: 168)
2025-04-25 13:40:30,300 - INFO - Created 168 INI files for EA MT5-CoupleHedgeEA (expected: 168)
2025-04-25 13:40:30,400 - INFO - Created 168 INI files for EA MT5-RingSystemEA (expected: 168)
2025-04-25 13:40:30,501 - INFO - Created 168 INI files for EA Mt5-williams-directional-index-EA (expected: 168)
2025-04-25 13:40:30,605 - INFO - Created 168 INI files for EA MTC-Сombo (expected: 168)
2025-04-25 13:40:30,701 - INFO - Created 168 INI files for EA temp-5 (expected: 168)
2025-04-25 13:40:30,787 - INFO - Created 168 INI files for EA temp-CoupleHedgeEA (expected: 168)
2025-04-25 13:40:30,884 - INFO - Created 168 INI files for EA temp-RingSystemEA (expected: 168)
2025-04-25 13:40:30,985 - INFO - Created 168 INI files for EA temp-williams-directional-index-EA (expected: 168)
2025-04-25 13:40:31,076 - INFO - Created 168 INI files for EA temp_-CoupleHedgeEA (expected: 168)
2025-04-25 13:40:31,172 - INFO - Created 168 INI files for EA temp_-RingSystemEA (expected: 168)
2025-04-25 13:40:31,274 - INFO - Created 168 INI files for EA temp_-williams-directional-index-EA (expected: 168)
2025-04-25 13:40:31,366 - INFO - Created 168 INI files for EA temp_5 (expected: 168)
2025-04-25 13:40:31,454 - INFO - Created 168 INI files for EA Multi-Stochastic (expected: 168)
2025-04-25 13:40:31,540 - INFO - Created 168 INI files for EA Multi-Trader-BC-Robot (expected: 168)
2025-04-25 13:40:31,629 - INFO - Created 168 INI files for EA MultiMartin (expected: 168)
2025-04-25 13:40:31,716 - INFO - Created 168 INI files for EA MySystem (expected: 168)
2025-04-25 13:40:31,805 - INFO - Created 168 INI files for EA N Candles v2 (expected: 168)
2025-04-25 13:40:31,892 - INFO - Created 168 INI files for EA N Candles v3 (expected: 168)
2025-04-25 13:40:31,986 - INFO - Created 168 INI files for EA N Candles v4 (expected: 168)
2025-04-25 13:40:32,085 - INFO - Created 168 INI files for EA N Candles v5 (expected: 168)
2025-04-25 13:40:32,178 - INFO - Created 168 INI files for EA N-Candles (expected: 168)
2025-04-25 13:40:32,273 - INFO - Created 168 INI files for EA N-_Candles_v7 (expected: 168)
2025-04-25 13:40:32,389 - INFO - Created 168 INI files for EA temp-N-Candles-v2 (expected: 168)
2025-04-25 13:40:32,512 - INFO - Created 168 INI files for EA temp-N-Candles-v3 (expected: 168)
2025-04-25 13:40:32,612 - INFO - Created 168 INI files for EA temp-N-Candles-v4 (expected: 168)
2025-04-25 13:40:32,704 - INFO - Created 168 INI files for EA temp-N-Candles-v5 (expected: 168)
2025-04-25 13:40:32,798 - INFO - Created 168 INI files for EA temp-N-Candles-v7 (expected: 168)
2025-04-25 13:40:32,892 - INFO - Created 168 INI files for EA temp_N-Candles-v2 (expected: 168)
2025-04-25 13:40:32,987 - INFO - Created 168 INI files for EA temp_N-Candles-v3 (expected: 168)
2025-04-25 13:40:33,081 - INFO - Created 168 INI files for EA temp_N-Candles-v4 (expected: 168)
2025-04-25 13:40:33,169 - INFO - Created 168 INI files for EA temp_N-Candles-v5 (expected: 168)
2025-04-25 13:40:33,258 - INFO - Created 168 INI files for EA temp_N-Candles-v7 (expected: 168)
2025-04-25 13:40:33,363 - INFO - Created 168 INI files for EA Nevalyashka (expected: 168)
2025-04-25 13:40:33,462 - INFO - Created 168 INI files for EA Nevalyashka-BreakdownLevel (expected: 168)
2025-04-25 13:40:33,552 - INFO - Created 168 INI files for EA Nevalyashka3-1 (expected: 168)
2025-04-25 13:40:33,643 - INFO - Created 168 INI files for EA New-Martin (expected: 168)
2025-04-25 13:40:33,731 - INFO - Created 168 INI files for EA New-Random (expected: 168)
2025-04-25 13:40:33,822 - INFO - Created 168 INI files for EA Nextbar (expected: 168)
2025-04-25 13:40:33,911 - INFO - Created 168 INI files for EA Night-Flat-Trade (expected: 168)
2025-04-25 13:40:34,008 - INFO - Created 168 INI files for EA NightScalper (expected: 168)
2025-04-25 13:40:34,099 - INFO - Created 168 INI files for EA NRTR-Revers (expected: 168)
2025-04-25 13:40:34,194 - INFO - Created 168 INI files for EA NSK-SWING-EA-MT5-Yoforexpremium (expected: 168)
2025-04-25 13:40:34,291 - INFO - Created 168 INI files for EA temp-NSK-SWING-EA-Yoforexpremium (expected: 168)
2025-04-25 13:40:34,384 - INFO - Created 168 INI files for EA temp_NSK-SWING-EA-Yoforexpremium (expected: 168)
2025-04-25 13:40:34,477 - INFO - Created 168 INI files for EA NSK-SWING-EA-Yoforexpremium (expected: 168)
2025-04-25 13:40:34,565 - INFO - Created 168 INI files for EA NUp1Down (expected: 168)
2025-04-25 13:40:34,653 - INFO - Created 168 INI files for EA Open-Candle-EA (expected: 168)
2025-04-25 13:40:34,762 - INFO - Created 168 INI files for EA Open-Close (expected: 168)
2025-04-25 13:40:34,858 - INFO - Created 168 INI files for EA Opening-and-ilosing-on-time (expected: 168)
2025-04-25 13:40:34,961 - INFO - Created 168 INI files for EA Opening-and-Сlosing-on-time (expected: 168)
2025-04-25 13:40:35,060 - INFO - Created 168 INI files for EA OpenPendingorderAfterPositionGetStopLoss (expected: 168)
2025-04-25 13:40:35,155 - INFO - Created 168 INI files for EA OpenTicks (expected: 168)
2025-04-25 13:40:35,257 - INFO - Created 168 INI files for EA optimization-result (expected: 168)
2025-04-25 13:40:35,371 - INFO - Created 168 INI files for EA ORB-EA-BOX (expected: 168)
2025-04-25 13:40:35,470 - INFO - Created 168 INI files for EA OsMaSter (expected: 168)
2025-04-25 13:40:35,563 - INFO - Created 168 INI files for EA OTT-20AND-20PRICE-20CROSS-20EA (expected: 168)
2025-04-25 13:40:35,654 - INFO - Created 168 INI files for EA OverHedge (expected: 168)
2025-04-25 13:40:35,743 - INFO - Created 168 INI files for EA OzFx (expected: 168)
2025-04-25 13:40:35,838 - INFO - Created 168 INI files for EA Par-20sar-20mt5-201 (expected: 168)
2025-04-25 13:40:35,933 - INFO - Created 168 INI files for EA Parabolic-SAR (expected: 168)
2025-04-25 13:40:36,028 - INFO - Created 168 INI files for EA PARSI-EA (expected: 168)
2025-04-25 13:40:36,132 - INFO - Created 168 INI files for EA Peceptron-Mult (expected: 168)
2025-04-25 13:40:36,223 - INFO - Created 168 INI files for EA Pending-orders-by-time (expected: 168)
2025-04-25 13:40:36,317 - INFO - Created 168 INI files for EA Pending-orders-by-time-2 (expected: 168)
2025-04-25 13:40:36,406 - INFO - Created 168 INI files for EA temp-Par-20sar-20-201 (expected: 168)
2025-04-25 13:40:36,502 - INFO - Created 168 INI files for EA temp_Par-20sar-20-201 (expected: 168)
2025-04-25 13:40:36,595 - INFO - Created 168 INI files for EA Pendulum (expected: 168)
2025-04-25 13:40:36,714 - INFO - Created 168 INI files for EA Pinball-machine (expected: 168)
2025-04-25 13:40:36,818 - INFO - Created 168 INI files for EA Pinbar-Magic-EA (expected: 168)
2025-04-25 13:40:36,921 - INFO - Created 168 INI files for EA PinBar-Magic-Indicator (expected: 168)
2025-04-25 13:40:37,012 - INFO - Created 168 INI files for EA Pipsover (expected: 168)
2025-04-25 13:40:37,132 - INFO - Created 168 INI files for EA Plan-X (expected: 168)
2025-04-25 13:40:37,221 - INFO - Created 168 INI files for EA Plateau (expected: 168)
2025-04-25 13:40:37,321 - INFO - Created 168 INI files for EA Poker-SHOW (expected: 168)
2025-04-25 13:40:37,418 - INFO - Created 168 INI files for EA POVERTY-KILLER-GHOSTMT5-YoForexPremium (expected: 168)
2025-04-25 13:40:37,528 - INFO - Created 168 INI files for EA POW-BANKER-EA-MT5-4170-with-SetFiles-YoForexPremium (expected: 168)
2025-04-25 13:40:37,630 - INFO - Created 168 INI files for EA temp-POVERTY-KILLER-GHOST-YoForexPremium (expected: 168)
2025-04-25 13:40:37,726 - INFO - Created 168 INI files for EA temp-POW-BANKER-EA-4170-with-SetFiles-YoForexPremium (expected: 168)
2025-04-25 13:40:37,821 - INFO - Created 168 INI files for EA temp_POVERTY-KILLER-GHOST-YoForexPremium (expected: 168)
2025-04-25 13:40:37,924 - INFO - Created 168 INI files for EA temp_POW-BANKER-EA-4170-with-SetFiles-YoForexPremium (expected: 168)
2025-04-25 13:40:38,022 - INFO - Created 168 INI files for EA Precipice (expected: 168)
2025-04-25 13:40:38,118 - INFO - Created 168 INI files for EA Precipice-MartIn (expected: 168)
2025-04-25 13:40:38,222 - INFO - Created 168 INI files for EA PrizmaL-Pro-EAMT5-YoforexPremium (expected: 168)
2025-04-25 13:40:38,318 - INFO - Created 168 INI files for EA Probe (expected: 168)
2025-04-25 13:40:38,438 - INFO - Created 168 INI files for EA Proffessor (expected: 168)
2025-04-25 13:40:38,532 - INFO - Created 168 INI files for EA PropFirmHelper (expected: 168)
2025-04-25 13:40:38,622 - INFO - Created 168 INI files for EA PROphet (expected: 168)
2025-04-25 13:40:38,715 - INFO - Created 168 INI files for EA Puria-method (expected: 168)
2025-04-25 13:40:38,822 - INFO - Created 168 INI files for EA Rabbit3 (expected: 168)
2025-04-25 13:40:38,917 - INFO - Created 168 INI files for EA Range-Breakout (expected: 168)
2025-04-25 13:40:39,012 - INFO - Created 168 INI files for EA temp-PrizmaL-Pro-EA-YoforexPremium (expected: 168)
2025-04-25 13:40:39,110 - INFO - Created 168 INI files for EA temp_PrizmaL-Pro-EA-YoforexPremium (expected: 168)
2025-04-25 13:40:39,203 - INFO - Created 168 INI files for EA Rapid-Doji-EA (expected: 168)
2025-04-25 13:40:39,305 - INFO - Created 168 INI files for EA Raymond-Cloudy-Day-for-EA (expected: 168)
2025-04-25 13:40:39,418 - INFO - Created 168 INI files for EA RedDragon-v.1.03 (expected: 168)
2025-04-25 13:40:39,511 - INFO - Created 168 INI files for EA Reflex (expected: 168)
2025-04-25 13:40:39,603 - INFO - Created 168 INI files for EA Reflex-EA (expected: 168)
2025-04-25 13:40:39,706 - INFO - Created 168 INI files for EA REFLEX-INDICATOR (expected: 168)
2025-04-25 13:40:39,805 - INFO - Created 168 INI files for EA Reversing-Martingale (expected: 168)
2025-04-25 13:40:39,902 - INFO - Created 168 INI files for EA RideAlligator (expected: 168)
2025-04-25 13:40:39,997 - INFO - Created 168 INI files for EA RNN (expected: 168)
2025-04-25 13:40:40,103 - INFO - Created 168 INI files for EA RobotPowerM5-meta4 (expected: 168)
2025-04-25 13:40:40,213 - INFO - Created 168 INI files for EA Robot-MACD (expected: 168)
2025-04-25 13:40:40,310 - INFO - Created 168 INI files for EA Rollback-system (expected: 168)
2025-04-25 13:40:40,404 - INFO - Created 168 INI files for EA RSI EA v2 (expected: 168)
2025-04-25 13:40:40,498 - INFO - Created 168 INI files for EA RSI-and-Bollinger-Bands (expected: 168)
2025-04-25 13:40:40,589 - INFO - Created 168 INI files for EA RSI-Arrow (expected: 168)
2025-04-25 13:40:40,683 - INFO - Created 168 INI files for EA RSI-Bollinger-Bands-EA (expected: 168)
2025-04-25 13:40:40,771 - INFO - Created 168 INI files for EA RSI-EA (expected: 168)
2025-04-25 13:40:40,857 - INFO - Created 168 INI files for EA RSI-Eraser (expected: 168)
2025-04-25 13:40:40,951 - INFO - Created 168 INI files for EA RSI-Levels (expected: 168)
2025-04-25 13:40:41,045 - INFO - Created 168 INI files for EA RSI-trader (expected: 168)
2025-04-25 13:40:41,134 - INFO - Created 168 INI files for EA temp-RSI-EA-v2 (expected: 168)
2025-04-25 13:40:41,223 - INFO - Created 168 INI files for EA temp_RSI-EA-v2 (expected: 168)
2025-04-25 13:40:41,320 - INFO - Created 168 INI files for EA RSI-Arrow-EA (expected: 168)
2025-04-25 13:40:41,416 - INFO - Created 168 INI files for EA RSI-Expert (expected: 168)
2025-04-25 13:40:41,507 - INFO - Created 168 INI files for EA RSI-Trend (expected: 168)
2025-04-25 13:40:41,611 - INFO - Created 168 INI files for EA RSI-Trend-EA (expected: 168)
2025-04-25 13:40:41,707 - INFO - Created 168 INI files for EA RSI-with-channels (expected: 168)
2025-04-25 13:40:41,801 - INFO - Created 168 INI files for EA RSI-with-channels-EA (expected: 168)
2025-04-25 13:40:41,891 - INFO - Created 168 INI files for EA RSI_Expert_v2.0 (expected: 168)
2025-04-25 13:40:41,986 - INFO - Created 168 INI files for EA Russian20-hp1 (expected: 168)
2025-04-25 13:40:42,097 - INFO - Created 168 INI files for EA SampleCheckPendingOrder (expected: 168)
2025-04-25 13:40:42,194 - INFO - Created 168 INI files for EA SampleTrailingstop-MT5 (expected: 168)
2025-04-25 13:40:42,287 - INFO - Created 168 INI files for EA temp-RSI-Expert-v2.0 (expected: 168)
2025-04-25 13:40:42,408 - INFO - Created 168 INI files for EA temp-SampleTrailingstop (expected: 168)
2025-04-25 13:40:42,507 - INFO - Created 168 INI files for EA temp_RSI-Expert-v2.0 (expected: 168)
2025-04-25 13:40:42,598 - INFO - Created 168 INI files for EA temp_SampleTrailingstop (expected: 168)
2025-04-25 13:40:42,698 - INFO - Created 168 INI files for EA SAR-trading (expected: 168)
2025-04-25 13:40:42,794 - INFO - Created 168 INI files for EA Secwenta (expected: 168)
2025-04-25 13:40:42,894 - INFO - Created 168 INI files for EA Sell-Stop (expected: 168)
2025-04-25 13:40:42,989 - INFO - Created 168 INI files for EA Sensitive (expected: 168)
2025-04-25 13:40:43,083 - INFO - Created 168 INI files for EA Separate-trade (expected: 168)
2025-04-25 13:40:43,182 - INFO - Created 168 INI files for EA SilverTrend (expected: 168)
2025-04-25 13:40:43,271 - INFO - Created 168 INI files for EA Simple-20Price-20Alert-20-20EA (expected: 168)
2025-04-25 13:40:43,376 - INFO - Created 168 INI files for EA Simple-20Volume-20EA (expected: 168)
2025-04-25 13:40:43,469 - INFO - Created 168 INI files for EA Simple-EA-MA-plus-MACD (expected: 168)
2025-04-25 13:40:43,569 - INFO - Created 168 INI files for EA Simple-FX (expected: 168)
2025-04-25 13:40:43,673 - INFO - Created 168 INI files for EA Simple-MACD (expected: 168)
2025-04-25 13:40:43,764 - INFO - Created 168 INI files for EA Simple-Volume-EA (expected: 168)
2025-04-25 13:40:43,852 - INFO - Created 168 INI files for EA SimplePivot (expected: 168)
2025-04-25 13:40:43,947 - INFO - Created 168 INI files for EA Simplest-Hedging-EA-ever (expected: 168)
2025-04-25 13:40:44,036 - INFO - Created 168 INI files for EA SimpleTrade (expected: 168)
2025-04-25 13:40:44,128 - INFO - Created 168 INI files for EA Six-Soldiers (expected: 168)
2025-04-25 13:40:44,224 - INFO - Created 168 INI files for EA Six-Soldiers-EA (expected: 168)
2025-04-25 13:40:44,337 - INFO - Created 168 INI files for EA Six-Soldiers-EA-Grid (expected: 168)
2025-04-25 13:40:44,434 - INFO - Created 168 INI files for EA Small-Inside-Bar-Strategy (expected: 168)
2025-04-25 13:40:44,547 - INFO - Created 168 INI files for EA Smart-Machine-20EA (expected: 168)
2025-04-25 13:40:44,675 - INFO - Created 168 INI files for EA Smoothing-Average (expected: 168)
2025-04-25 13:40:44,775 - INFO - Created 168 INI files for EA sound (expected: 168)
2025-04-25 13:40:44,878 - INFO - Created 168 INI files for EA Sound-Fx (expected: 168)
2025-04-25 13:40:44,975 - INFO - Created 168 INI files for EA Spasm (expected: 168)
2025-04-25 13:40:45,064 - INFO - Created 168 INI files for EA Sprd-mt5-20EA (expected: 168)
2025-04-25 13:40:45,151 - INFO - Created 168 INI files for EA SPYDER-EA-V-6.1-MT5-YoforexPremium (expected: 168)
2025-04-25 13:40:45,238 - INFO - Created 168 INI files for EA ssb5-123 (expected: 168)
2025-04-25 13:40:45,331 - INFO - Created 168 INI files for EA Stargogs-Ghost-Spike-Robot-EAMT5-YoForexPremium (expected: 168)
2025-04-25 13:40:45,428 - INFO - Created 168 INI files for EA Stargogs-Pay-EA-MT5-YoforexPremium (expected: 168)
2025-04-25 13:40:45,516 - INFO - Created 168 INI files for EA Starter (expected: 168)
2025-04-25 13:40:45,603 - INFO - Created 168 INI files for EA temp-Sprd-20EA (expected: 168)
2025-04-25 13:40:45,708 - INFO - Created 168 INI files for EA temp-SPYDER-EA-V-6.1-YoforexPremium (expected: 168)
2025-04-25 13:40:45,808 - INFO - Created 168 INI files for EA temp-Stargogs-Ghost-Spike-Robot-EA-YoForexPremium (expected: 168)
2025-04-25 13:40:45,903 - INFO - Created 168 INI files for EA temp-Stargogs-Pay-EA-YoforexPremium (expected: 168)
2025-04-25 13:40:45,999 - INFO - Created 168 INI files for EA temp_Sprd-20EA (expected: 168)
2025-04-25 13:40:46,097 - INFO - Created 168 INI files for EA temp_SPYDER-EA-V-6.1-YoforexPremium (expected: 168)
2025-04-25 13:40:46,195 - INFO - Created 168 INI files for EA temp_Stargogs-Ghost-Spike-Robot-EA-YoForexPremium (expected: 168)
2025-04-25 13:40:46,311 - INFO - Created 168 INI files for EA temp_Stargogs-Pay-EA-YoforexPremium (expected: 168)
2025-04-25 13:40:46,411 - INFO - Created 168 INI files for EA Steve-Cartwright-Trader-Camel-CCI-MACD (expected: 168)
2025-04-25 13:40:46,506 - INFO - Created 168 INI files for EA Stoch (expected: 168)
2025-04-25 13:40:46,596 - INFO - Created 168 INI files for EA Stoch-EA-1192 (expected: 168)
2025-04-25 13:40:46,684 - INFO - Created 168 INI files for EA Stochastic-20Alert (expected: 168)
2025-04-25 13:40:46,776 - INFO - Created 168 INI files for EA Stochastic-K-Divergence.lua (expected: 168)
2025-04-25 13:40:46,871 - INFO - Created 168 INI files for EA stochastic-three-periods (expected: 168)
2025-04-25 13:40:46,969 - INFO - Created 168 INI files for EA stochasticdiffsign (expected: 168)
2025-04-25 13:40:47,066 - INFO - Created 168 INI files for EA StochasticDiffSign-EA (expected: 168)
2025-04-25 13:40:47,152 - INFO - Created 168 INI files for EA StochMA (expected: 168)
2025-04-25 13:40:47,238 - INFO - Created 168 INI files for EA StochMA-EA (expected: 168)
2025-04-25 13:40:47,335 - INFO - Created 168 INI files for EA Stop-Loss-Take-Profit (expected: 168)
2025-04-25 13:40:47,433 - INFO - Created 168 INI files for EA StraddleqTrail (expected: 168)
2025-04-25 13:40:47,541 - INFO - Created 168 INI files for EA Strategie-Boom-Crash-System-MT5-YoForexPremium (expected: 168)
2025-04-25 13:40:47,644 - INFO - Created 168 INI files for EA SUPER-TURBO-EAMT5-YoForexPremium (expected: 168)
2025-04-25 13:40:47,742 - INFO - Created 168 INI files for EA Surefirething (expected: 168)
2025-04-25 13:40:47,835 - INFO - Created 168 INI files for EA TAILOR-EA-MT5-YoForexPremium (expected: 168)
2025-04-25 13:40:47,937 - INFO - Created 168 INI files for EA TAKASHI-SNIPEREA-MT5-yYoForexPremium (expected: 168)
2025-04-25 13:40:48,040 - INFO - Created 168 INI files for EA TDSGlobal (expected: 168)
2025-04-25 13:40:48,140 - INFO - Created 168 INI files for EA temp-Strategie-Boom-Crash-System-YoForexPremium (expected: 168)
2025-04-25 13:40:48,232 - INFO - Created 168 INI files for EA temp-SUPER-TURBO-EA-YoForexPremium (expected: 168)
2025-04-25 13:40:48,324 - INFO - Created 168 INI files for EA temp-TAILOR-EA-YoForexPremium (expected: 168)
2025-04-25 13:40:48,427 - INFO - Created 168 INI files for EA temp-TAKASHI-SNIPEREA-yYoForexPremium (expected: 168)
2025-04-25 13:40:48,533 - INFO - Created 168 INI files for EA temp_Strategie-Boom-Crash-System-YoForexPremium (expected: 168)
2025-04-25 13:40:48,706 - INFO - Created 168 INI files for EA temp_SUPER-TURBO-EA-YoForexPremium (expected: 168)
2025-04-25 13:40:48,821 - INFO - Created 168 INI files for EA temp_TAILOR-EA-YoForexPremium (expected: 168)
2025-04-25 13:40:48,947 - INFO - Created 168 INI files for EA temp_TAKASHI-SNIPEREA-yYoForexPremium (expected: 168)
2025-04-25 13:40:49,051 - INFO - Created 168 INI files for EA The-MasterMind (expected: 168)
2025-04-25 13:40:49,162 - INFO - Created 168 INI files for EA The-MasterMind-2 (expected: 168)
2025-04-25 13:40:49,255 - INFO - Created 168 INI files for EA temp-Thomas-EA-YoForexPremium (expected: 168)
2025-04-25 13:40:49,347 - INFO - Created 168 INI files for EA temp-Thomas-EA-YoForexPremium-1 (expected: 168)
2025-04-25 13:40:49,441 - INFO - Created 168 INI files for EA temp-Time-bomb-1 (expected: 168)
2025-04-25 13:40:49,536 - INFO - Created 168 INI files for EA temp-Time-bomb-1-1 (expected: 168)
2025-04-25 13:40:49,637 - INFO - Created 168 INI files for EA temp_Thomas-EA-YoForexPremium (expected: 168)
2025-04-25 13:40:49,744 - INFO - Created 168 INI files for EA temp_Time-bomb-1 (expected: 168)
2025-04-25 13:40:49,847 - INFO - Created 168 INI files for EA The-MasterMind-3 (expected: 168)
2025-04-25 13:40:49,948 - INFO - Created 168 INI files for EA The-Puncher (expected: 168)
2025-04-25 13:40:50,037 - INFO - Created 168 INI files for EA TheClassicTurtleTrader-no-dots (expected: 168)
2025-04-25 13:40:50,128 - INFO - Created 168 INI files for EA TheClassicTurtleTrader-no-dots-EA (expected: 168)
2025-04-25 13:40:50,217 - INFO - Created 168 INI files for EA Thomas-EA-MT5-YoForexPremium (expected: 168)
2025-04-25 13:40:50,303 - INFO - Created 168 INI files for EA Three-indicators (expected: 168)
2025-04-25 13:40:50,394 - INFO - Created 168 INI files for EA Three-neural-networks (expected: 168)
2025-04-25 13:40:50,489 - INFO - Created 168 INI files for EA Three-timeframes (expected: 168)
2025-04-25 13:40:50,596 - INFO - Created 168 INI files for EA Three-Typical-Candles (expected: 168)
2025-04-25 13:40:50,692 - INFO - Created 168 INI files for EA Time-bomb-mt5-1 (expected: 168)
2025-04-25 13:40:50,790 - INFO - Created 168 INI files for EA temp-Titan-X-21.18-EA (expected: 168)
2025-04-25 13:40:50,896 - INFO - Created 168 INI files for EA temp-Titan-X-21.18-EA-1 (expected: 168)
2025-04-25 13:40:50,998 - INFO - Created 168 INI files for EA temp_Titan-X-21.18-EA (expected: 168)
2025-04-25 13:40:51,183 - INFO - Created 168 INI files for EA Time-sync-forts (expected: 168)
2025-04-25 13:40:51,278 - INFO - Created 168 INI files for EA timer-trade (expected: 168)
2025-04-25 13:40:51,377 - INFO - Created 168 INI files for EA Titan-X-21.18-EA-MT5 (expected: 168)
2025-04-25 13:40:51,481 - INFO - Created 168 INI files for EA TMA-ATR-Channel (expected: 168)
2025-04-25 13:40:51,574 - INFO - Created 168 INI files for EA TMA-ATR-EA (expected: 168)
2025-04-25 13:40:51,669 - INFO - Created 168 INI files for EA TMA-CG-EA (expected: 168)
2025-04-25 13:40:51,767 - INFO - Created 168 INI files for EA TMA-CG-Martingale-20EA (expected: 168)
2025-04-25 13:40:51,859 - INFO - Created 168 INI files for EA TMA-CG-mladen (expected: 168)
2025-04-25 13:40:51,950 - INFO - Created 168 INI files for EA TmaTrue-2.0-with-Distances-6xx (expected: 168)
2025-04-25 13:40:52,041 - INFO - Created 168 INI files for EA TmaTrue-3.0-with-Distances-6xx (expected: 168)
2025-04-25 13:40:52,132 - INFO - Created 168 INI files for EA temp-Trade-Republic-1.75 (expected: 168)
2025-04-25 13:40:52,225 - INFO - Created 168 INI files for EA temp-Trade-Republic-1.75-1 (expected: 168)
2025-04-25 13:40:52,315 - INFO - Created 168 INI files for EA temp_Trade-Republic-1.75 (expected: 168)
2025-04-25 13:40:52,406 - INFO - Created 168 INI files for EA TMA-CG-special (expected: 168)
2025-04-25 13:40:52,511 - INFO - Created 168 INI files for EA TMA-slope-bands (expected: 168)
2025-04-25 13:40:52,612 - INFO - Created 168 INI files for EA TP-with-money (expected: 168)
2025-04-25 13:40:52,706 - INFO - Created 168 INI files for EA Trade-in-Channel (expected: 168)
2025-04-25 13:40:52,809 - INFO - Created 168 INI files for EA Trade-on-qualified-RSI (expected: 168)
2025-04-25 13:40:52,910 - INFO - Created 168 INI files for EA Trade-Republic-1.75-MT5 (expected: 168)
2025-04-25 13:40:53,014 - INFO - Created 168 INI files for EA Trading-Breakout-MrThanhTan (expected: 168)
2025-04-25 13:40:53,110 - INFO - Created 168 INI files for EA Trend-Trader-Strategy (expected: 168)
2025-04-25 13:40:53,206 - INFO - Created 168 INI files for EA Trend-Trader-Strategy-EA (expected: 168)
2025-04-25 13:40:53,299 - INFO - Created 168 INI files for EA True-Scalper-Profit-Lock (expected: 168)
2025-04-25 13:40:53,400 - INFO - Created 168 INI files for EA temp-Tunnel-Vision-2024-EA-YoForexPremium (expected: 168)
2025-04-25 13:40:53,501 - INFO - Created 168 INI files for EA temp-Tunnel-Vision-2024-EA-YoForexPremium-1 (expected: 168)
2025-04-25 13:40:53,603 - INFO - Created 168 INI files for EA temp_Tunnel-Vision-2024-EA-YoForexPremium (expected: 168)
2025-04-25 13:40:53,699 - INFO - Created 168 INI files for EA Tru-EA (expected: 168)
2025-04-25 13:40:53,785 - INFO - Created 168 INI files for EA TrueSort-1100 (expected: 168)
2025-04-25 13:40:53,892 - INFO - Created 168 INI files for EA Tunnel-gen4 (expected: 168)
2025-04-25 13:40:53,990 - INFO - Created 168 INI files for EA Tunnel-Method (expected: 168)
2025-04-25 13:40:54,089 - INFO - Created 168 INI files for EA Tunnel-Vision-2024-EA-MT5-YoForexPremium (expected: 168)
2025-04-25 13:40:54,181 - INFO - Created 168 INI files for EA TurnGrid (expected: 168)
2025-04-25 13:40:54,282 - INFO - Created 168 INI files for EA Two-20MA-20RSI-20ADX-20EA (expected: 168)
2025-04-25 13:40:54,409 - INFO - Created 168 INI files for EA Two-20Orders-20Panel (expected: 168)
2025-04-25 13:40:54,517 - INFO - Created 168 INI files for EA Two-pending-orders-2 (expected: 168)
2025-04-25 13:40:54,619 - INFO - Created 168 INI files for EA Two-PerBar (expected: 168)
2025-04-25 13:40:54,721 - INFO - Created 168 INI files for EA temp-Upgraded-EA-CRASH-1000-YoforexPremium (expected: 168)
2025-04-25 13:40:54,826 - INFO - Created 168 INI files for EA temp-Upgraded-EA-CRASH-1000-YoforexPremium-1 (expected: 168)
2025-04-25 13:40:54,928 - INFO - Created 168 INI files for EA temp_Upgraded-EA-CRASH-1000-YoforexPremium (expected: 168)
2025-04-25 13:40:55,026 - INFO - Created 168 INI files for EA UnityPro (expected: 168)
2025-04-25 13:40:55,124 - INFO - Created 168 INI files for EA UniversalMACrossEA (expected: 168)
2025-04-25 13:40:55,220 - INFO - Created 168 INI files for EA UniversalSignalDemo (expected: 168)
2025-04-25 13:40:55,311 - INFO - Created 168 INI files for EA Universum-3.0 (expected: 168)
2025-04-25 13:40:55,403 - INFO - Created 168 INI files for EA UnNomGuai-20EA (expected: 168)
2025-04-25 13:40:55,493 - INFO - Created 168 INI files for EA up3x1 (expected: 168)
2025-04-25 13:40:55,585 - INFO - Created 168 INI files for EA up3x1-Investor (expected: 168)
2025-04-25 13:40:55,677 - INFO - Created 168 INI files for EA up3x1-premium-M (expected: 168)
2025-04-25 13:40:55,771 - INFO - Created 168 INI files for EA Upgraded-EA-CRASH-1000MT5-YoforexPremium (expected: 168)
2025-04-25 13:40:55,864 - INFO - Created 168 INI files for EA Urdala-Trol (expected: 168)
2025-04-25 13:40:55,962 - INFO - Created 168 INI files for EA Very-Blonde-System (expected: 168)
2025-04-25 13:40:56,057 - INFO - Created 168 INI files for EA Virtual-Trailing-Stop (expected: 168)
2025-04-25 13:40:56,162 - INFO - Created 168 INI files for EA VLT-TRADER (expected: 168)
2025-04-25 13:40:56,260 - INFO - Created 168 INI files for EA Volume-trader (expected: 168)
2025-04-25 13:40:56,358 - INFO - Created 168 INI files for EA Vortex-Indicator-System (expected: 168)
2025-04-25 13:40:56,453 - INFO - Created 168 INI files for EA VR-Overturn (expected: 168)
2025-04-25 13:40:56,558 - INFO - Created 168 INI files for EA VR-ZVER (expected: 168)
2025-04-25 13:40:56,669 - INFO - Created 168 INI files for EA VR-ZVER-v.2 (expected: 168)
2025-04-25 13:40:56,779 - INFO - Created 168 INI files for EA VZO (expected: 168)
2025-04-25 13:40:56,877 - INFO - Created 168 INI files for EA Waddah-Attar-Win (expected: 168)
2025-04-25 13:40:56,977 - INFO - Created 168 INI files for EA NSK-Swing (expected: 168)
2025-04-25 13:40:57,073 - INFO - Created 168 INI files for EA Simple-Trade (expected: 168)
2025-04-25 13:40:57,164 - INFO - Created 168 INI files for EA temp-XKPRMST-EA-YoForexPremium (expected: 168)
2025-04-25 13:40:57,258 - INFO - Created 168 INI files for EA temp-XKPRMST-EA-YoForexPremium-1 (expected: 168)
2025-04-25 13:40:57,354 - INFO - Created 168 INI files for EA temp-XT-EURUSD-EA-YoForexPremium (expected: 168)
2025-04-25 13:40:57,449 - INFO - Created 168 INI files for EA temp-XT-EURUSD-EA-YoForexPremium-1 (expected: 168)
2025-04-25 13:40:57,544 - INFO - Created 168 INI files for EA temp-Yumnaa-Classic-EA-Setfiles-YoForexPremium (expected: 168)
2025-04-25 13:40:57,645 - INFO - Created 168 INI files for EA temp-Yumnaa-Classic-EA-Setfiles-YoForexPremium-1 (expected: 168)
2025-04-25 13:40:57,748 - INFO - Created 168 INI files for EA temp_XKPRMST-EA-YoForexPremium (expected: 168)
2025-04-25 13:40:57,855 - INFO - Created 168 INI files for EA temp_XT-EURUSD-EA-YoForexPremium (expected: 168)
2025-04-25 13:40:57,961 - INFO - Created 168 INI files for EA temp_Yumnaa-Classic-EA-Setfiles-YoForexPremium (expected: 168)
2025-04-25 13:40:58,049 - INFO - Created 168 INI files for EA Two-Perbar (expected: 168)
2025-04-25 13:40:58,141 - INFO - Created 168 INI files for EA wagonKing1-EA (expected: 168)
2025-04-25 13:40:58,233 - INFO - Created 168 INI files for EA WE-TRUST (expected: 168)
2025-04-25 13:40:58,322 - INFO - Created 168 INI files for EA X-RSIOMA (expected: 168)
2025-04-25 13:40:58,414 - INFO - Created 168 INI files for EA XKPRMST-EA-MT5-YoForexPremium (expected: 168)
2025-04-25 13:40:58,514 - INFO - Created 168 INI files for EA XT-EURUSD-EA-MT5-YoForexPremium (expected: 168)
2025-04-25 13:40:58,606 - INFO - Created 168 INI files for EA Yesterday-Today (expected: 168)
2025-04-25 13:40:58,708 - INFO - Created 168 INI files for EA Yumnaa-Classic-EA-MT5-Setfiles-YoForexPremium (expected: 168)
2025-04-25 13:40:58,709 - INFO - Total EAs processed: 736
2025-04-25 13:40:58,710 - INFO - Total INI files created: 123648
2025-04-25 13:40:58,710 - INFO - Expected INIs per EA: 168
