2025-04-25 14:02:11,651 - INFO - Created 252 INI files for EA 10-pips (expected: 252)
2025-04-25 14:02:11,805 - INFO - Created 252 INI files for EA 10-pips-EURUSD (expected: 252)
2025-04-25 14:02:11,985 - INFO - Created 252 INI files for EA 1H-EUR-USD (expected: 252)
2025-04-25 14:02:12,147 - INFO - Created 252 INI files for EA 20011201-GBPUSD-M1 (expected: 252)
2025-04-25 14:02:12,343 - INFO - Created 252 INI files for EA 21hour (expected: 252)
2025-04-25 14:02:12,579 - INFO - Created 252 INI files for EA 2HR-HL (expected: 252)
2025-04-25 14:02:13,410 - INFO - Created 252 INI files for EA 2MA-4Level (expected: 252)
2025-04-25 14:02:13,955 - INFO - Created 252 INI files for EA 2MA-Bunny-Cross (expected: 252)
2025-04-25 14:02:16,275 - INFO - Created 252 INI files for EA 3-bars-high-low-indicator (expected: 252)
2025-04-25 14:02:17,859 - INFO - Created 252 INI files for EA 35-Pip-Scalper (expected: 252)
2025-04-25 14:02:19,297 - INFO - Created 252 INI files for EA 3BarsHighLowEA (expected: 252)
2025-04-25 14:02:20,643 - INFO - Created 252 INI files for EA 3sma (expected: 252)
2025-04-25 14:02:20,825 - INFO - Created 252 INI files for EA 3sma_ (expected: 252)
2025-04-25 14:02:20,999 - INFO - Created 252 INI files for EA 500 (expected: 252)
2025-04-25 14:02:21,241 - INFO - Created 252 INI files for EA 55-MA (expected: 252)
2025-04-25 14:02:21,429 - INFO - Created 252 INI files for EA A (expected: 252)
2025-04-25 14:02:21,591 - INFO - Created 252 INI files for EA Above-Below-MA (expected: 252)
2025-04-25 14:02:21,751 - INFO - Created 252 INI files for EA Absorption (expected: 252)
2025-04-25 14:02:21,911 - INFO - Created 252 INI files for EA AC-ACADEMY-US30 (expected: 252)
2025-04-25 14:02:22,087 - INFO - Created 252 INI files for EA Accumulator (expected: 252)
2025-04-25 14:02:22,248 - INFO - Created 252 INI files for EA temp_3sma-1 (expected: 252)
2025-04-25 14:02:22,420 - INFO - Created 252 INI files for EA temp_temp-3sma-1 (expected: 252)
2025-04-25 14:02:22,576 - INFO - Created 252 INI files for EA temp_temp-temp-3sma-1 (expected: 252)
2025-04-25 14:02:22,739 - INFO - Created 252 INI files for EA ADX-MA (expected: 252)
2025-04-25 14:02:22,933 - INFO - Created 252 INI files for EA ADX-MACD-Deev (expected: 252)
2025-04-25 14:02:23,096 - INFO - Created 252 INI files for EA ADX-System (expected: 252)
2025-04-25 14:02:23,255 - INFO - Created 252 INI files for EA AI-GOLD (expected: 252)
2025-04-25 14:02:23,439 - INFO - Created 252 INI files for EA AI-Trader (expected: 252)
2025-04-25 14:02:23,625 - INFO - Created 252 INI files for EA AI-TUNE (expected: 252)
2025-04-25 14:02:23,792 - INFO - Created 252 INI files for EA AI-Tune-EAMT5-YoforexPremium (expected: 252)
2025-04-25 14:02:23,964 - INFO - Created 252 INI files for EA AI-TUNE-FIXED-YFP (expected: 252)
2025-04-25 14:02:24,117 - INFO - Created 252 INI files for EA AIS1 (expected: 252)
2025-04-25 14:02:24,294 - INFO - Created 252 INI files for EA AK-47-Scalper-EA-MT5 (expected: 252)
2025-04-25 14:02:24,470 - INFO - Created 252 INI files for EA temp-AI-Tune-EA-YoforexPremium (expected: 252)
2025-04-25 14:02:24,632 - INFO - Created 252 INI files for EA temp-AK-47-Scalper-EA (expected: 252)
2025-04-25 14:02:24,793 - INFO - Created 252 INI files for EA temp_AI-Tune-EA-YoforexPremium (expected: 252)
2025-04-25 14:02:24,991 - INFO - Created 252 INI files for EA temp_AK-47-Scalper-EA (expected: 252)
2025-04-25 14:02:25,160 - INFO - Created 252 INI files for EA AK-47-Scalper-EA-yoforexPremium-MT5 (expected: 252)
2025-04-25 14:02:25,335 - INFO - Created 252 INI files for EA AK-47-Scalper-EAMT4-with-sourcecode-YoforexPremium-MT5 (expected: 252)
2025-04-25 14:02:25,502 - INFO - Created 252 INI files for EA ALCHEMIST-YoforexPremium (expected: 252)
2025-04-25 14:02:25,686 - INFO - Created 252 INI files for EA Alexav-D1-Profit-GBPUSD (expected: 252)
2025-04-25 14:02:25,836 - INFO - Created 252 INI files for EA All-Average-Ea (expected: 252)
2025-04-25 14:02:25,994 - INFO - Created 252 INI files for EA Alligator (expected: 252)
2025-04-25 14:02:26,156 - INFO - Created 252 INI files for EA Alligator-Simple (expected: 252)
2025-04-25 14:02:26,329 - INFO - Created 252 INI files for EA Alpha-Zero-AI-RobotMT5-YoForexPremium (expected: 252)
2025-04-25 14:02:26,494 - INFO - Created 252 INI files for EA Altarius-RSI-Stohastic (expected: 252)
2025-04-25 14:02:26,644 - INFO - Created 252 INI files for EA AMA-Trader (expected: 252)
2025-04-25 14:02:26,808 - INFO - Created 252 INI files for EA temp-AK-47-Scalper-EA-with-sourcecode-YoforexPremium (expected: 252)
2025-04-25 14:02:27,010 - INFO - Created 252 INI files for EA temp-AK-47-Scalper-EA-yoforexPremium (expected: 252)
2025-04-25 14:02:27,172 - INFO - Created 252 INI files for EA temp-Alpha-Zero-AI-Robot-YoForexPremium (expected: 252)
2025-04-25 14:02:27,380 - INFO - Created 252 INI files for EA temp_AK-47-Scalper-EA-with-sourcecode-YoforexPremium (expected: 252)
2025-04-25 14:02:27,596 - INFO - Created 252 INI files for EA temp_AK-47-Scalper-EA-yoforexPremium (expected: 252)
2025-04-25 14:02:27,771 - INFO - Created 252 INI files for EA temp_Alpha-Zero-AI-Robot-YoForexPremium (expected: 252)
2025-04-25 14:02:27,939 - INFO - Created 252 INI files for EA AMA-Trader-2 (expected: 252)
2025-04-25 14:02:28,091 - INFO - Created 252 INI files for EA AO-Lightning (expected: 252)
2025-04-25 14:02:28,294 - INFO - Created 252 INI files for EA AOCCI (expected: 252)
2025-04-25 14:02:28,464 - INFO - Created 252 INI files for EA Arbitrage (expected: 252)
2025-04-25 14:02:28,629 - INFO - Created 252 INI files for EA ArbSint (expected: 252)
2025-04-25 14:02:28,780 - INFO - Created 252 INI files for EA Area-MACD (expected: 252)
2025-04-25 14:02:28,944 - INFO - Created 252 INI files for EA Artificial-Intelligence (expected: 252)
2025-04-25 14:02:29,102 - INFO - Created 252 INI files for EA At-random (expected: 252)
2025-04-25 14:02:29,257 - INFO - Created 252 INI files for EA At-random-Full (expected: 252)
2025-04-25 14:02:29,417 - INFO - Created 252 INI files for EA ATR-SCLAPER (expected: 252)
2025-04-25 14:02:29,610 - INFO - Created 252 INI files for EA ATR-SCLAPER-EA-MT5-YoforexPremium (expected: 252)
2025-04-25 14:02:29,777 - INFO - Created 252 INI files for EA Auto-ADX (expected: 252)
2025-04-25 14:02:29,950 - INFO - Created 252 INI files for EA Auto-Pivot-Plotter-28Mid-Levels-29-41 (expected: 252)
2025-04-25 14:02:30,118 - INFO - Created 252 INI files for EA AutoLock-EA (expected: 252)
2025-04-25 14:02:30,280 - INFO - Created 252 INI files for EA Autotrader-Momentum (expected: 252)
2025-04-25 14:02:30,457 - INFO - Created 252 INI files for EA Avalanche-AV (expected: 252)
2025-04-25 14:02:30,633 - INFO - Created 252 INI files for EA Backbone (expected: 252)
2025-04-25 14:02:30,816 - INFO - Created 252 INI files for EA backtrader-master (expected: 252)
2025-04-25 14:02:30,995 - INFO - Created 252 INI files for EA BADX (expected: 252)
2025-04-25 14:02:31,156 - INFO - Created 252 INI files for EA Bago-EA (expected: 252)
2025-04-25 14:02:31,373 - INFO - Created 252 INI files for EA temp-ATR-SCLAPER-EA-YoforexPremium (expected: 252)
2025-04-25 14:02:31,575 - INFO - Created 252 INI files for EA temp_ATR-SCLAPER-EA-YoforexPremium (expected: 252)
2025-04-25 14:02:31,821 - INFO - Created 252 INI files for EA BalancedScalper-20EA (expected: 252)
2025-04-25 14:02:32,022 - INFO - Created 252 INI files for EA Bands-2 (expected: 252)
2025-04-25 14:02:32,200 - INFO - Created 252 INI files for EA BARS-Alligator (expected: 252)
2025-04-25 14:02:32,398 - INFO - Created 252 INI files for EA Basic-CCI-RSI (expected: 252)
2025-04-25 14:02:32,577 - INFO - Created 252 INI files for EA Basic-Martingale-EA-3 (expected: 252)
2025-04-25 14:02:32,755 - INFO - Created 252 INI files for EA bb-automated (expected: 252)
2025-04-25 14:02:32,919 - INFO - Created 252 INI files for EA BB-stops-MT5 (expected: 252)
2025-04-25 14:02:33,138 - INFO - Created 252 INI files for EA BBPercentile (expected: 252)
2025-04-25 14:02:33,307 - INFO - Created 252 INI files for EA BBPercentile-EA (expected: 252)
2025-04-25 14:02:33,542 - INFO - Created 252 INI files for EA BDCrossOver-20EA (expected: 252)
2025-04-25 14:02:34,112 - INFO - Created 252 INI files for EA temp-BB-stops (expected: 252)
2025-04-25 14:02:34,512 - INFO - Created 252 INI files for EA temp_BB-stops (expected: 252)
2025-04-25 14:02:34,796 - INFO - Created 252 INI files for EA BEAR-row-full-EA (expected: 252)
2025-04-25 14:02:34,997 - INFO - Created 252 INI files for EA BIG-DOG (expected: 252)
2025-04-25 14:02:35,194 - INFO - Created 252 INI files for EA BIG-RECOVERY-EA-MT5-YoForexPremium (expected: 252)
2025-04-25 14:02:35,434 - INFO - Created 252 INI files for EA Bill-Williams (expected: 252)
2025-04-25 14:02:35,610 - INFO - Created 252 INI files for EA bollinger (expected: 252)
2025-04-25 14:02:35,873 - INFO - Created 252 INI files for EA Bollinger-Band-Two-MA-and-Zig-Zag (expected: 252)
2025-04-25 14:02:36,096 - INFO - Created 252 INI files for EA Bollinger-Bands-N-positions (expected: 252)
2025-04-25 14:02:36,394 - INFO - Created 252 INI files for EA Bollinger-Bands-RSI (expected: 252)
2025-04-25 14:02:36,729 - INFO - Created 252 INI files for EA BORN4PIPS-EA-1-YoForexPremium (expected: 252)
2025-04-25 14:02:36,926 - INFO - Created 252 INI files for EA BORN4PIPS-EA-MT5-YoForexPremium (expected: 252)
2025-04-25 14:02:37,165 - INFO - Created 252 INI files for EA temp-BIG-RECOVERY-EA-YoForexPremium (expected: 252)
2025-04-25 14:02:37,370 - INFO - Created 252 INI files for EA temp-BORN4PIPS-EA-YoForexPremium (expected: 252)
2025-04-25 14:02:37,572 - INFO - Created 252 INI files for EA temp_BIG-RECOVERY-EA-YoForexPremium (expected: 252)
2025-04-25 14:02:37,765 - INFO - Created 252 INI files for EA temp_BORN4PIPS-EA-YoForexPremium (expected: 252)
2025-04-25 14:02:37,938 - INFO - Created 252 INI files for EA Brakeout-Trader (expected: 252)
2025-04-25 14:02:38,114 - INFO - Created 252 INI files for EA Brandy (expected: 252)
2025-04-25 14:02:38,292 - INFO - Created 252 INI files for EA Brazilian-EA-MT5-YoforexPremium (expected: 252)
2025-04-25 14:02:38,472 - INFO - Created 252 INI files for EA Breadandbutter2 (expected: 252)
2025-04-25 14:02:38,645 - INFO - Created 252 INI files for EA breakdown (expected: 252)
2025-04-25 14:02:38,830 - INFO - Created 252 INI files for EA Breakdown-catcher (expected: 252)
2025-04-25 14:02:39,006 - INFO - Created 252 INI files for EA Breakout-Str (expected: 252)
2025-04-25 14:02:39,189 - INFO - Created 252 INI files for EA Bronze-Warrioir (expected: 252)
2025-04-25 14:02:39,384 - INFO - Created 252 INI files for EA Bruno (expected: 252)
2025-04-25 14:02:39,554 - INFO - Created 252 INI files for EA BSS-1-0 (expected: 252)
2025-04-25 14:02:39,721 - INFO - Created 252 INI files for EA temp-Brazilian-EA-YoforexPremium (expected: 252)
2025-04-25 14:02:39,894 - INFO - Created 252 INI files for EA temp_Brazilian-EA-YoforexPremium (expected: 252)
2025-04-25 14:02:40,085 - INFO - Created 252 INI files for EA BTA-Optimal-Trade-Zone-EA-v.1.0-MT5-YoForexPremium (expected: 252)
2025-04-25 14:02:40,364 - INFO - Created 252 INI files for EA BTA-Sniper-Entry-v.1.0-EA-MT5-YoForexPremium (expected: 252)
2025-04-25 14:02:40,556 - INFO - Created 252 INI files for EA BULL-row-full-EA (expected: 252)
2025-04-25 14:02:40,732 - INFO - Created 252 INI files for EA Bullish-and-Bearish-Engulfing (expected: 252)
2025-04-25 14:02:40,900 - INFO - Created 252 INI files for EA Burg-Extrapolator (expected: 252)
2025-04-25 14:02:41,081 - INFO - Created 252 INI files for EA BykovTrend-EA (expected: 252)
2025-04-25 14:02:41,258 - INFO - Created 252 INI files for EA BykovTrend_EA_v3 (expected: 252)
2025-04-25 14:02:41,436 - INFO - Created 252 INI files for EA Calculate-lotsize-and-Trailling-stop (expected: 252)
2025-04-25 14:02:41,618 - INFO - Created 252 INI files for EA Candle (expected: 252)
2025-04-25 14:02:41,805 - INFO - Created 252 INI files for EA candlepatternsexample (expected: 252)
2025-04-25 14:02:41,994 - INFO - Created 252 INI files for EA temp-BTA-Optimal-Trade-Zone-EA-v.1.0-YoForexPremium (expected: 252)
2025-04-25 14:02:42,160 - INFO - Created 252 INI files for EA temp-BTA-Sniper-Entry-v.1.0-EA-YoForexPremium (expected: 252)
2025-04-25 14:02:42,359 - INFO - Created 252 INI files for EA temp-BykovTrend-EA-v3 (expected: 252)
2025-04-25 14:02:42,592 - INFO - Created 252 INI files for EA temp_BTA-Optimal-Trade-Zone-EA-v.1.0-YoForexPremium (expected: 252)
2025-04-25 14:02:42,793 - INFO - Created 252 INI files for EA temp_BTA-Sniper-Entry-v.1.0-EA-YoForexPremium (expected: 252)
2025-04-25 14:02:42,965 - INFO - Created 252 INI files for EA temp_BykovTrend-EA-v3 (expected: 252)
2025-04-25 14:02:43,258 - INFO - Created 252 INI files for EA Carbophos (expected: 252)
2025-04-25 14:02:43,441 - INFO - Created 252 INI files for EA CashMachine-5min (expected: 252)
2025-04-25 14:02:43,595 - INFO - Created 252 INI files for EA CCI-MACD-Scalper (expected: 252)
2025-04-25 14:02:43,759 - INFO - Created 252 INI files for EA Cidomo (expected: 252)
2025-04-25 14:02:43,924 - INFO - Created 252 INI files for EA CloseAgent (expected: 252)
2025-04-25 14:02:44,097 - INFO - Created 252 INI files for EA CloseProfit (expected: 252)
2025-04-25 14:02:44,261 - INFO - Created 252 INI files for EA CLOUD (expected: 252)
2025-04-25 14:02:44,435 - INFO - Created 252 INI files for EA cloud's-trade-2 (expected: 252)
2025-04-25 14:02:44,596 - INFO - Created 252 INI files for EA Constituents-EA (expected: 252)
2025-04-25 14:02:44,769 - INFO - Created 252 INI files for EA Contrarian-trade-MA (expected: 252)
2025-04-25 14:02:44,946 - INFO - Created 252 INI files for EA Crossing-Moving-Average (expected: 252)
2025-04-25 14:02:45,113 - INFO - Created 252 INI files for EA CrossMA (expected: 252)
2025-04-25 14:02:45,282 - INFO - Created 252 INI files for EA Currencyprofits-01.1 (expected: 252)
2025-04-25 14:02:45,445 - INFO - Created 252 INI files for EA Daily-20reversal-20-20EA (expected: 252)
2025-04-25 14:02:45,620 - INFO - Created 252 INI files for EA Daily-BreakPoint (expected: 252)
2025-04-25 14:02:45,799 - INFO - Created 252 INI files for EA Daily-Candle-ScalperEA-MT5-YoForexPremium (expected: 252)
2025-04-25 14:02:46,129 - INFO - Created 252 INI files for EA Daily-Candle-ScalperEA-MT5-YoForexPremium-1 (expected: 252)
2025-04-25 14:02:46,334 - INFO - Created 252 INI files for EA Daily-Open-EA (expected: 252)
2025-04-25 14:02:46,507 - INFO - Created 252 INI files for EA Daily-range (expected: 252)
2025-04-25 14:02:46,670 - INFO - Created 252 INI files for EA Dark-Mimas-MT5 (expected: 252)
2025-04-25 14:02:46,837 - INFO - Created 252 INI files for EA temp-Daily-Candle-ScalperEA-YoForexPremium (expected: 252)
2025-04-25 14:02:47,001 - INFO - Created 252 INI files for EA temp-Daily-Candle-ScalperEA-YoForexPremium-1 (expected: 252)
2025-04-25 14:02:47,170 - INFO - Created 252 INI files for EA temp-Dark-Mimas (expected: 252)
2025-04-25 14:02:47,345 - INFO - Created 252 INI files for EA temp_Daily-Candle-ScalperEA-YoForexPremium (expected: 252)
2025-04-25 14:02:47,526 - INFO - Created 252 INI files for EA temp_Daily-Candle-ScalperEA-YoForexPremium-1 (expected: 252)
2025-04-25 14:02:47,697 - INFO - Created 252 INI files for EA temp_Dark-Mimas (expected: 252)
2025-04-25 14:02:47,867 - INFO - Created 252 INI files for EA Day-Trading-PAMXA (expected: 252)
2025-04-25 14:02:48,026 - INFO - Created 252 INI files for EA Daydream (expected: 252)
2025-04-25 14:02:48,204 - INFO - Created 252 INI files for EA DayTrading (expected: 252)
2025-04-25 14:02:48,390 - INFO - Created 252 INI files for EA Dealers-Trade-v-7.74-MACD (expected: 252)
2025-04-25 14:02:48,564 - INFO - Created 252 INI files for EA Deep-Drawdown-MA (expected: 252)
2025-04-25 14:02:48,733 - INFO - Created 252 INI files for EA DeMarker-gaining-position-volume (expected: 252)
2025-04-25 14:02:48,896 - INFO - Created 252 INI files for EA DeMarker-gaining-position-volume-2 (expected: 252)
2025-04-25 14:02:49,050 - INFO - Created 252 INI files for EA DeMarker-Pending (expected: 252)
2025-04-25 14:02:49,231 - INFO - Created 252 INI files for EA DeMarker-Pending-2 (expected: 252)
2025-04-25 14:02:49,399 - INFO - Created 252 INI files for EA DeMarker-Pending-2-5 (expected: 252)
2025-04-25 14:02:49,553 - INFO - Created 252 INI files for EA Dematus (expected: 252)
2025-04-25 14:02:49,735 - INFO - Created 252 INI files for EA Divergence-20for-20many-20indicator (expected: 252)
2025-04-25 14:02:49,959 - INFO - Created 252 INI files for EA Divergence-EA (expected: 252)
2025-04-25 14:02:50,138 - INFO - Created 252 INI files for EA Divergence-EA-BB (expected: 252)
2025-04-25 14:02:50,322 - INFO - Created 252 INI files for EA Divergence-EA-pip-sl-tp (expected: 252)
2025-04-25 14:02:50,483 - INFO - Created 252 INI files for EA Doji-Arrows (expected: 252)
2025-04-25 14:02:50,655 - INFO - Created 252 INI files for EA DojiTrader (expected: 252)
2025-04-25 14:02:50,813 - INFO - Created 252 INI files for EA Donchian-Chanel-EA (expected: 252)
2025-04-25 14:02:50,982 - INFO - Created 252 INI files for EA DoubleHullMA (expected: 252)
2025-04-25 14:02:51,150 - INFO - Created 252 INI files for EA DoubleHullMA-EA (expected: 252)
2025-04-25 14:02:51,320 - INFO - Created 252 INI files for EA DoubleMA-Crossover-EA (expected: 252)
2025-04-25 14:02:51,556 - INFO - Created 252 INI files for EA Doubler (expected: 252)
2025-04-25 14:02:51,720 - INFO - Created 252 INI files for EA Driver-EA-MT5 (expected: 252)
2025-04-25 14:02:51,886 - INFO - Created 252 INI files for EA dummy (expected: 252)
2025-04-25 14:02:52,099 - INFO - Created 252 INI files for EA Dynamic-averaging (expected: 252)
2025-04-25 14:02:52,258 - INFO - Created 252 INI files for EA E-Friday (expected: 252)
2025-04-25 14:02:52,440 - INFO - Created 252 INI files for EA E-Skoch-Open (expected: 252)
2025-04-25 14:02:52,648 - INFO - Created 252 INI files for EA e-Skoch-pending-orders (expected: 252)
2025-04-25 14:02:52,811 - INFO - Created 252 INI files for EA e-Smart-Trailing (expected: 252)
2025-04-25 14:02:52,972 - INFO - Created 252 INI files for EA e-TurboFx (expected: 252)
2025-04-25 14:02:53,145 - INFO - Created 252 INI files for EA temp-Driver-EA (expected: 252)
2025-04-25 14:02:53,315 - INFO - Created 252 INI files for EA temp_Driver-EA (expected: 252)
2025-04-25 14:02:53,507 - INFO - Created 252 INI files for EA EA-Close (expected: 252)
2025-04-25 14:02:53,688 - INFO - Created 252 INI files for EA EA-Gold-Stuff-MT5-YoForexPremium (expected: 252)
2025-04-25 14:02:53,866 - INFO - Created 252 INI files for EA EA-MA-Stoch-RSI (expected: 252)
2025-04-25 14:02:54,045 - INFO - Created 252 INI files for EA EA-Moving-Average (expected: 252)
2025-04-25 14:02:54,242 - INFO - Created 252 INI files for EA Elevator-Robot-PMT5-YoForexPremium (expected: 252)
2025-04-25 14:02:54,432 - INFO - Created 252 INI files for EA Elite-eFibo-Trader (expected: 252)
2025-04-25 14:02:54,612 - INFO - Created 252 INI files for EA EMA (expected: 252)
2025-04-25 14:02:54,779 - INFO - Created 252 INI files for EA EMA-6.12 (expected: 252)
2025-04-25 14:02:54,939 - INFO - Created 252 INI files for EA EMA-CROSS (expected: 252)
2025-04-25 14:02:55,106 - INFO - Created 252 INI files for EA EMA-LWMA-RSI (expected: 252)
2025-04-25 14:02:55,273 - INFO - Created 252 INI files for EA temp-EA-Gold-Stuff-YoForexPremium (expected: 252)
2025-04-25 14:02:55,540 - INFO - Created 252 INI files for EA temp-Elevator-Robot-P-YoForexPremium (expected: 252)
2025-04-25 14:02:55,723 - INFO - Created 252 INI files for EA temp_EA-Gold-Stuff-YoForexPremium (expected: 252)
2025-04-25 14:02:55,897 - INFO - Created 252 INI files for EA temp_Elevator-Robot-P-YoForexPremium (expected: 252)
2025-04-25 14:02:56,063 - INFO - Created 252 INI files for EA EMA-RSI-EA (expected: 252)
2025-04-25 14:02:56,218 - INFO - Created 252 INI files for EA EMA-WMA (expected: 252)
2025-04-25 14:02:56,377 - INFO - Created 252 INI files for EA EMA_WMA v2 (expected: 252)
2025-04-25 14:02:56,541 - INFO - Created 252 INI files for EA Eugene (expected: 252)
2025-04-25 14:02:56,698 - INFO - Created 252 INI files for EA eur-usd-m5 (expected: 252)
2025-04-25 14:02:56,876 - INFO - Created 252 INI files for EA Euronis-Scalper-EA-MT5-With-DLL-YoForexPremium (expected: 252)
2025-04-25 14:02:57,046 - INFO - Created 252 INI files for EA EURUSD-breakout (expected: 252)
2025-04-25 14:02:57,213 - INFO - Created 252 INI files for EA EURUSDH1 (expected: 252)
2025-04-25 14:02:57,397 - INFO - Created 252 INI files for EA Executer-AC (expected: 252)
2025-04-25 14:02:57,568 - INFO - Created 252 INI files for EA Executor-AO (expected: 252)
2025-04-25 14:02:57,751 - INFO - Created 252 INI files for EA temp-EMA-WMA-v2 (expected: 252)
2025-04-25 14:02:57,964 - INFO - Created 252 INI files for EA temp-Euronis-Scalper-EA-With-DLL-YoForexPremium (expected: 252)
2025-04-25 14:02:58,130 - INFO - Created 252 INI files for EA temp_EMA-WMA-v2 (expected: 252)
2025-04-25 14:02:58,323 - INFO - Created 252 INI files for EA temp_Euronis-Scalper-EA-With-DLL-YoForexPremium (expected: 252)
2025-04-25 14:02:58,494 - INFO - Created 252 INI files for EA e-Breakeven (expected: 252)
2025-04-25 14:02:58,672 - INFO - Created 252 INI files for EA Executor-Candles (expected: 252)
2025-04-25 14:02:58,829 - INFO - Created 252 INI files for EA exp-Amstell (expected: 252)
2025-04-25 14:02:58,978 - INFO - Created 252 INI files for EA Expert-NEWS (expected: 252)
2025-04-25 14:02:59,141 - INFO - Created 252 INI files for EA Expert-RSI-Stochastic-MA (expected: 252)
2025-04-25 14:02:59,307 - INFO - Created 252 INI files for EA ExtremePrice-EA (expected: 252)
2025-04-25 14:02:59,487 - INFO - Created 252 INI files for EA Fi-Trading-Robot-1.0 (expected: 252)
2025-04-25 14:02:59,733 - INFO - Created 252 INI files for EA Fi-Trading-Robot-YoForexPremium (expected: 252)
2025-04-25 14:02:59,920 - INFO - Created 252 INI files for EA FI-TRADING-ROBOTMT5-yoforexprenium (expected: 252)
2025-04-25 14:03:00,090 - INFO - Created 252 INI files for EA FiboRetracement-20EA (expected: 252)
2025-04-25 14:03:00,260 - INFO - Created 252 INI files for EA temp-FI-TRADING-ROBOT-yoforexprenium (expected: 252)
2025-04-25 14:03:00,457 - INFO - Created 252 INI files for EA temp_FI-TRADING-ROBOT-yoforexprenium (expected: 252)
2025-04-25 14:03:00,625 - INFO - Created 252 INI files for EA Firebird (expected: 252)
2025-04-25 14:03:00,787 - INFO - Created 252 INI files for EA Firestorm-EA (expected: 252)
2025-04-25 14:03:00,961 - INFO - Created 252 INI files for EA Firestorm-indicator (expected: 252)
2025-04-25 14:03:01,130 - INFO - Created 252 INI files for EA Fluctuate (expected: 252)
2025-04-25 14:03:01,286 - INFO - Created 252 INI files for EA Forex-Fraus-M1 (expected: 252)
2025-04-25 14:03:01,466 - INFO - Created 252 INI files for EA Forex-Profit (expected: 252)
2025-04-25 14:03:01,643 - INFO - Created 252 INI files for EA Fractals-minimum-distance (expected: 252)
2025-04-25 14:03:01,835 - INFO - Created 252 INI files for EA Fraktrak-xonax (expected: 252)
2025-04-25 14:03:02,064 - INFO - Created 252 INI files for EA Frank-Ud (expected: 252)
2025-04-25 14:03:02,296 - INFO - Created 252 INI files for EA fratal-mt5-EA (expected: 252)
2025-04-25 14:03:02,603 - INFO - Created 252 INI files for EA temp-fratal-EA (expected: 252)
2025-04-25 14:03:02,945 - INFO - Created 252 INI files for EA temp_fratal-EA (expected: 252)
2025-04-25 14:03:03,220 - INFO - Created 252 INI files for EA FT-CCI (expected: 252)
2025-04-25 14:03:03,489 - INFO - Created 252 INI files for EA FT-Sniper-GOLD-MT5-4 (expected: 252)
2025-04-25 14:03:03,718 - INFO - Created 252 INI files for EA Fuzzy-logic (expected: 252)
2025-04-25 14:03:03,963 - INFO - Created 252 INI files for EA GalacticExplosion (expected: 252)
2025-04-25 14:03:04,179 - INFO - Created 252 INI files for EA Galaxy-5-1.0-MT5 (expected: 252)
2025-04-25 14:03:04,432 - INFO - Created 252 INI files for EA Gandalf-PRO (expected: 252)
2025-04-25 14:03:04,655 - INFO - Created 252 INI files for EA Gap-DM (expected: 252)
2025-04-25 14:03:04,826 - INFO - Created 252 INI files for EA GAP-EA (expected: 252)
2025-04-25 14:03:05,000 - INFO - Created 252 INI files for EA Gaps (expected: 252)
2025-04-25 14:03:05,189 - INFO - Created 252 INI files for EA GBP9AM (expected: 252)
2025-04-25 14:03:05,436 - INFO - Created 252 INI files for EA temp-FT-Sniper-GOLD-4 (expected: 252)
2025-04-25 14:03:05,626 - INFO - Created 252 INI files for EA temp-Galaxy-5-1.0 (expected: 252)
2025-04-25 14:03:05,848 - INFO - Created 252 INI files for EA temp_FT-Sniper-GOLD-4 (expected: 252)
2025-04-25 14:03:06,036 - INFO - Created 252 INI files for EA temp_Galaxy-5-1.0 (expected: 252)
2025-04-25 14:03:06,198 - INFO - Created 252 INI files for EA GbpChf (expected: 252)
2025-04-25 14:03:06,380 - INFO - Created 252 INI files for EA GO (expected: 252)
2025-04-25 14:03:06,591 - INFO - Created 252 INI files for EA Godzillar-EABanker-MT5-FX-XRACKED (expected: 252)
2025-04-25 14:03:06,842 - INFO - Created 252 INI files for EA Gold-Dust (expected: 252)
2025-04-25 14:03:07,102 - INFO - Created 252 INI files for EA GoldHero-FX-Cracked (expected: 252)
2025-04-25 14:03:07,277 - INFO - Created 252 INI files for EA GreenTrade (expected: 252)
2025-04-25 14:03:07,442 - INFO - Created 252 INI files for EA Grid (expected: 252)
2025-04-25 14:03:07,612 - INFO - Created 252 INI files for EA Grid-Martingale (expected: 252)
2025-04-25 14:03:07,789 - INFO - Created 252 INI files for EA GridEA (expected: 252)
2025-04-25 14:03:07,967 - INFO - Created 252 INI files for EA HarVesteR (expected: 252)
2025-04-25 14:03:08,135 - INFO - Created 252 INI files for EA temp-Godzillar-EABanker-FX-XRACKED (expected: 252)
2025-04-25 14:03:08,316 - INFO - Created 252 INI files for EA temp_Godzillar-EABanker-FX-XRACKED (expected: 252)
2025-04-25 14:03:08,474 - INFO - Created 252 INI files for EA HedgeEA (expected: 252)
2025-04-25 14:03:08,647 - INFO - Created 252 INI files for EA hedger (expected: 252)
2025-04-25 14:03:08,826 - INFO - Created 252 INI files for EA Hedging-EA (expected: 252)
2025-04-25 14:03:09,000 - INFO - Created 252 INI files for EA heiken-ashi-engulf-ea-buy-mt5 (expected: 252)
2025-04-25 14:03:09,189 - INFO - Created 252 INI files for EA heiken-ashi-engulf-sell-ea-mt5 (expected: 252)
2025-04-25 14:03:09,370 - INFO - Created 252 INI files for EA heiken-ashi-smoothed (expected: 252)
2025-04-25 14:03:09,533 - INFO - Created 252 INI files for EA Heiken-Ashi-Smoothed-EA (expected: 252)
2025-04-25 14:03:09,721 - INFO - Created 252 INI files for EA heiken-ashi-smoothedLine (expected: 252)
2025-04-25 14:03:09,890 - INFO - Created 252 INI files for EA HeikenAshi-Lines (expected: 252)
2025-04-25 14:03:10,057 - INFO - Created 252 INI files for EA HeikenAshi-Lines-EA (expected: 252)
2025-04-25 14:03:10,226 - INFO - Created 252 INI files for EA temp-heiken-ashi-engulf-ea-buy (expected: 252)
2025-04-25 14:03:10,403 - INFO - Created 252 INI files for EA temp-heiken-ashi-engulf-sell-ea (expected: 252)
2025-04-25 14:03:10,575 - INFO - Created 252 INI files for EA temp_heiken-ashi-engulf-ea-buy (expected: 252)
2025-04-25 14:03:10,740 - INFO - Created 252 INI files for EA temp_heiken-ashi-engulf-sell-ea (expected: 252)
2025-04-25 14:03:10,915 - INFO - Created 252 INI files for EA Heiken-Ashi-Smoothed-EA-with-MA (expected: 252)
2025-04-25 14:03:11,079 - INFO - Created 252 INI files for EA Heinken-Ashi-Color-Candles (expected: 252)
2025-04-25 14:03:11,239 - INFO - Created 252 INI files for EA HelloSmart (expected: 252)
2025-04-25 14:03:11,400 - INFO - Created 252 INI files for EA High-Low-EA (expected: 252)
2025-04-25 14:03:11,588 - INFO - Created 252 INI files for EA High-Low-Indicator (expected: 252)
2025-04-25 14:03:11,792 - INFO - Created 252 INI files for EA Hoop-master-2 (expected: 252)
2025-04-25 14:03:12,000 - INFO - Created 252 INI files for EA i-impulsesystem (expected: 252)
2025-04-25 14:03:12,179 - INFO - Created 252 INI files for EA iCCI-iMA (expected: 252)
2025-04-25 14:03:12,387 - INFO - Created 252 INI files for EA ichimok2005 (expected: 252)
2025-04-25 14:03:12,758 - INFO - Created 252 INI files for EA Ichimoku (expected: 252)
2025-04-25 14:03:13,615 - INFO - Created 252 INI files for EA ICH-With-Alert-Derekers (expected: 252)
2025-04-25 14:03:13,902 - INFO - Created 252 INI files for EA ICH-With-Alert-Derekers-EA (expected: 252)
2025-04-25 14:03:14,157 - INFO - Created 252 INI files for EA Ichimoku-20Kijun-20Alert (expected: 252)
2025-04-25 14:03:14,437 - INFO - Created 252 INI files for EA Ichimoku-20Tenkan-20Alert (expected: 252)
2025-04-25 14:03:14,755 - INFO - Created 252 INI files for EA Ichimoku-Dashboard-MT5 (expected: 252)
2025-04-25 14:03:14,998 - INFO - Created 252 INI files for EA Ichimoku-Scanner (expected: 252)
2025-04-25 14:03:15,276 - INFO - Created 252 INI files for EA Ichimoku-Scanner-MT5 (expected: 252)
2025-04-25 14:03:15,616 - INFO - Created 252 INI files for EA Ichimoku-Signals-and-Alert (expected: 252)
2025-04-25 14:03:15,868 - INFO - Created 252 INI files for EA IchimokuMTF-EA (expected: 252)
2025-04-25 14:03:16,152 - INFO - Created 252 INI files for EA Ilan-iMA (expected: 252)
2025-04-25 14:03:16,455 - INFO - Created 252 INI files for EA temp-Ichimoku-Dashboard (expected: 252)
2025-04-25 14:03:16,911 - INFO - Created 252 INI files for EA temp-Ichimoku-Scanner-1 (expected: 252)
2025-04-25 14:03:17,403 - INFO - Created 252 INI files for EA temp_Ichimoku-Dashboard (expected: 252)
2025-04-25 14:03:17,768 - INFO - Created 252 INI files for EA temp_Ichimoku-Scanner-1 (expected: 252)
2025-04-25 14:03:18,114 - INFO - Created 252 INI files for EA Ilan1.4 (expected: 252)
2025-04-25 14:03:18,871 - INFO - Created 252 INI files for EA iMA-iStdDev (expected: 252)
2025-04-25 14:03:19,441 - INFO - Created 252 INI files for EA Indices-Tester (expected: 252)
2025-04-25 14:03:19,737 - INFO - Created 252 INI files for EA Inka-20Edho-20EA (expected: 252)
2025-04-25 14:03:20,137 - INFO - Created 252 INI files for EA Intersection-2-iMA (expected: 252)
2025-04-25 14:03:20,631 - INFO - Created 252 INI files for EA IStochastic-Trading (expected: 252)
2025-04-25 14:03:20,960 - INFO - Created 252 INI files for EA Ivan (expected: 252)
2025-04-25 14:03:21,274 - INFO - Created 252 INI files for EA iVIDyA-Simple (expected: 252)
2025-04-25 14:03:21,618 - INFO - Created 252 INI files for EA Jackpot-Strategy-EA (expected: 252)
2025-04-25 14:03:21,928 - INFO - Created 252 INI files for EA JackPot-Strategy-Elite (expected: 252)
2025-04-25 14:03:22,223 - INFO - Created 252 INI files for EA JK-BullP-AutoTrader (expected: 252)
2025-04-25 14:03:22,482 - INFO - Created 252 INI files for EA JS-Chaos (expected: 252)
2025-04-25 14:03:22,763 - INFO - Created 252 INI files for EA JS-MA-Day (expected: 252)
2025-04-25 14:03:23,037 - INFO - Created 252 INI files for EA JS-MA-SAR-Trades (expected: 252)
2025-04-25 14:03:23,295 - INFO - Created 252 INI files for EA JS-MA-SAR-Trades-EA-MT5-YoforexPremium (expected: 252)
2025-04-25 14:03:23,643 - INFO - Created 252 INI files for EA JS-MA-SAR-Trades-Yoforexpremium (expected: 252)
2025-04-25 14:03:23,859 - INFO - Created 252 INI files for EA Juggernaut (expected: 252)
2025-04-25 14:03:24,051 - INFO - Created 252 INI files for EA KA-Gold-Bot (expected: 252)
2025-04-25 14:03:24,295 - INFO - Created 252 INI files for EA KueFx-20Arrows (expected: 252)
2025-04-25 14:03:24,587 - INFO - Created 252 INI files for EA KueFx-20Baseline (expected: 252)
2025-04-25 14:03:24,866 - INFO - Created 252 INI files for EA temp-JS-MA-SAR-Trades-EA-YoforexPremium (expected: 252)
2025-04-25 14:03:25,209 - INFO - Created 252 INI files for EA temp_JS-MA-SAR-Trades-EA-YoforexPremium (expected: 252)
2025-04-25 14:03:25,571 - INFO - Created 252 INI files for EA KueFx-Arrows (expected: 252)
2025-04-25 14:03:25,811 - INFO - Created 252 INI files for EA KueFx-Arrows-20EA (expected: 252)
2025-04-25 14:03:26,075 - INFO - Created 252 INI files for EA KueFx-Arrows-EA (expected: 252)
2025-04-25 14:03:26,549 - INFO - Created 252 INI files for EA KueFx-Baseline (expected: 252)
2025-04-25 14:03:27,079 - INFO - Created 252 INI files for EA KueFx-Baseline-EA (expected: 252)
2025-04-25 14:03:27,674 - INFO - Created 252 INI files for EA KueFx-Clean-2025-EA (expected: 252)
2025-04-25 14:03:28,733 - INFO - Created 252 INI files for EA KueFxTrend-20EA (expected: 252)
2025-04-25 14:03:29,295 - INFO - Created 252 INI files for EA KueFxTrend-EA (expected: 252)
2025-04-25 14:03:29,764 - INFO - Created 252 INI files for EA KueFx_Arrows_EA_v1.10 (expected: 252)
2025-04-25 14:03:30,079 - INFO - Created 252 INI files for EA KueFx_Baseline_EA_v1.10 (expected: 252)
2025-04-25 14:03:30,445 - INFO - Created 252 INI files for EA temp-KueFx-Arrows-EA-v1.10 (expected: 252)
2025-04-25 14:03:30,776 - INFO - Created 252 INI files for EA temp-KueFx-Baseline-EA-v1.10 (expected: 252)
2025-04-25 14:03:31,014 - INFO - Created 252 INI files for EA temp_KueFx-Arrows-EA-v1.10 (expected: 252)
2025-04-25 14:03:31,224 - INFO - Created 252 INI files for EA temp_KueFx-Baseline-EA-v1.10 (expected: 252)
2025-04-25 14:03:31,458 - INFO - Created 252 INI files for EA Kue-Electric-EA (expected: 252)
2025-04-25 14:03:31,715 - INFO - Created 252 INI files for EA KueFx-Extreme-EA (expected: 252)
2025-04-25 14:03:32,032 - INFO - Created 252 INI files for EA KueFx-Harare-EA (expected: 252)
2025-04-25 14:03:32,237 - INFO - Created 252 INI files for EA KueFX-Money-Management (expected: 252)
2025-04-25 14:03:32,444 - INFO - Created 252 INI files for EA KueFx-Motor (expected: 252)
2025-04-25 14:03:32,628 - INFO - Created 252 INI files for EA KueFx-Motor-EA (expected: 252)
2025-04-25 14:03:32,867 - INFO - Created 252 INI files for EA KueFx-Trend (expected: 252)
2025-04-25 14:03:33,055 - INFO - Created 252 INI files for EA LarryConnersRSI2 (expected: 252)
2025-04-25 14:03:33,235 - INFO - Created 252 INI files for EA Last-ZZ50 (expected: 252)
2025-04-25 14:03:33,445 - INFO - Created 252 INI files for EA Lavika100 (expected: 252)
2025-04-25 14:03:33,645 - INFO - Created 252 INI files for EA LazyBot-MT5 (expected: 252)
2025-04-25 14:03:33,821 - INFO - Created 252 INI files for EA LBS (expected: 252)
2025-04-25 14:03:34,005 - INFO - Created 252 INI files for EA Lego-EA (expected: 252)
2025-04-25 14:03:34,205 - INFO - Created 252 INI files for EA Lesson-3-Price-Action (expected: 252)
2025-04-25 14:03:34,414 - INFO - Created 252 INI files for EA Lesson-4-Price-Action-MA-Filter (expected: 252)
2025-04-25 14:03:34,590 - INFO - Created 252 INI files for EA Lesson-6-Trailling-ATR (expected: 252)
2025-04-25 14:03:34,797 - INFO - Created 252 INI files for EA Lesson-7-Price-action-Ket-hop-Volume-VSA (expected: 252)
2025-04-25 14:03:35,012 - INFO - Created 252 INI files for EA Little-EA (expected: 252)
2025-04-25 14:03:35,228 - INFO - Created 252 INI files for EA Lock (expected: 252)
2025-04-25 14:03:35,408 - INFO - Created 252 INI files for EA Locker (expected: 252)
2025-04-25 14:03:35,592 - INFO - Created 252 INI files for EA temp-LazyBot (expected: 252)
2025-04-25 14:03:35,765 - INFO - Created 252 INI files for EA temp_LazyBot (expected: 252)
2025-04-25 14:03:35,944 - INFO - Created 252 INI files for EA Lucky (expected: 252)
2025-04-25 14:03:36,139 - INFO - Created 252 INI files for EA M.A-break-mt5-buy (expected: 252)
2025-04-25 14:03:36,326 - INFO - Created 252 INI files for EA M.A-break-mt5-sell (expected: 252)
2025-04-25 14:03:36,513 - INFO - Created 252 INI files for EA MA MACD Position averaging v2 (expected: 252)
2025-04-25 14:03:36,692 - INFO - Created 252 INI files for EA MA-20Alert (expected: 252)
2025-04-25 14:03:36,886 - INFO - Created 252 INI files for EA MA-20AO-20Arrow (expected: 252)
2025-04-25 14:03:37,059 - INFO - Created 252 INI files for EA MA-Cross (expected: 252)
2025-04-25 14:03:37,225 - INFO - Created 252 INI files for EA MA-Envelopes (expected: 252)
2025-04-25 14:03:37,414 - INFO - Created 252 INI files for EA MA-MACD-Position-averaging (expected: 252)
2025-04-25 14:03:37,579 - INFO - Created 252 INI files for EA MA-Trend (expected: 252)
2025-04-25 14:03:37,750 - INFO - Created 252 INI files for EA temp-M.A-break-buy (expected: 252)
2025-04-25 14:03:37,941 - INFO - Created 252 INI files for EA temp-M.A-break-sell (expected: 252)
2025-04-25 14:03:38,145 - INFO - Created 252 INI files for EA temp-MA-MACD-Position-averaging-v2 (expected: 252)
2025-04-25 14:03:38,329 - INFO - Created 252 INI files for EA temp_M.A-break-buy (expected: 252)
2025-04-25 14:03:38,589 - INFO - Created 252 INI files for EA temp_M.A-break-sell (expected: 252)
2025-04-25 14:03:38,824 - INFO - Created 252 INI files for EA temp_MA-MACD-Position-averaging-v2 (expected: 252)
2025-04-25 14:03:39,003 - INFO - Created 252 INI files for EA MA2CCI (expected: 252)
2025-04-25 14:03:39,183 - INFO - Created 252 INI files for EA MACD (expected: 252)
2025-04-25 14:03:39,363 - INFO - Created 252 INI files for EA MACD-and-SAR (expected: 252)
2025-04-25 14:03:39,545 - INFO - Created 252 INI files for EA MACD-Cleaner (expected: 252)
2025-04-25 14:03:39,726 - INFO - Created 252 INI files for EA Macd-diver-and-rsi-mt5 (expected: 252)
2025-04-25 14:03:39,898 - INFO - Created 252 INI files for EA MACD-No-Sample (expected: 252)
2025-04-25 14:03:40,092 - INFO - Created 252 INI files for EA MACD-signal (expected: 252)
2025-04-25 14:03:40,273 - INFO - Created 252 INI files for EA MACD-Stochastic (expected: 252)
2025-04-25 14:03:40,454 - INFO - Created 252 INI files for EA MACD-Stochastic-2 (expected: 252)
2025-04-25 14:03:40,631 - INFO - Created 252 INI files for EA MACD-wonder (expected: 252)
2025-04-25 14:03:40,828 - INFO - Created 252 INI files for EA temp-Macd-diver-and-rsi (expected: 252)
2025-04-25 14:03:41,017 - INFO - Created 252 INI files for EA temp_Macd-diver-and-rsi (expected: 252)
2025-04-25 14:03:41,187 - INFO - Created 252 INI files for EA MACD-EA-H4 (expected: 252)
2025-04-25 14:03:41,387 - INFO - Created 252 INI files for EA MACD-wonder-YoforexPremium (expected: 252)
2025-04-25 14:03:41,584 - INFO - Created 252 INI files for EA MACDCCI (expected: 252)
2025-04-25 14:03:41,817 - INFO - Created 252 INI files for EA MacdPatternTraderAll (expected: 252)
2025-04-25 14:03:42,000 - INFO - Created 252 INI files for EA MacdPatternTraderAll0.01 (expected: 252)
2025-04-25 14:03:42,168 - INFO - Created 252 INI files for EA MagneticBrake (expected: 252)
2025-04-25 14:03:42,367 - INFO - Created 252 INI files for EA MagneticStopExpert (expected: 252)
2025-04-25 14:03:42,551 - INFO - Created 252 INI files for EA MAGrid (expected: 252)
2025-04-25 14:03:42,725 - INFO - Created 252 INI files for EA MAMACD (expected: 252)
2025-04-25 14:03:42,898 - INFO - Created 252 INI files for EA Mariner-MT5 (expected: 252)
2025-04-25 14:03:43,069 - INFO - Created 252 INI files for EA temp-Mariner (expected: 252)
2025-04-25 14:03:43,246 - INFO - Created 252 INI files for EA temp_Mariner (expected: 252)
2025-04-25 14:03:43,439 - INFO - Created 252 INI files for EA MA-AO-EA (expected: 252)
2025-04-25 14:03:43,616 - INFO - Created 252 INI files for EA Market-Capture (expected: 252)
2025-04-25 14:03:43,788 - INFO - Created 252 INI files for EA Martin (expected: 252)
2025-04-25 14:03:44,040 - INFO - Created 252 INI files for EA Martin-1 (expected: 252)
2025-04-25 14:03:44,222 - INFO - Created 252 INI files for EA Martin-for-small-deposits (expected: 252)
2025-04-25 14:03:44,398 - INFO - Created 252 INI files for EA MartingailExpert (expected: 252)
2025-04-25 14:03:44,577 - INFO - Created 252 INI files for EA MartinGaleBreakout (expected: 252)
2025-04-25 14:03:44,750 - INFO - Created 252 INI files for EA Marubozu (expected: 252)
2025-04-25 14:03:44,932 - INFO - Created 252 INI files for EA Marubozu-EA (expected: 252)
2025-04-25 14:03:45,105 - INFO - Created 252 INI files for EA Marubozu_EA_v1.10 (expected: 252)
2025-04-25 14:03:45,323 - INFO - Created 252 INI files for EA temp-Marubozu-EA-v1.10 (expected: 252)
2025-04-25 14:03:45,509 - INFO - Created 252 INI files for EA temp_Marubozu-EA-v1.10 (expected: 252)
2025-04-25 14:03:45,694 - INFO - Created 252 INI files for EA ma-channels (expected: 252)
2025-04-25 14:03:45,866 - INFO - Created 252 INI files for EA Ma-Crosses-MT5 (expected: 252)
2025-04-25 14:03:46,052 - INFO - Created 252 INI files for EA MA-Crossover-mt5-20EA (expected: 252)
2025-04-25 14:03:46,223 - INFO - Created 252 INI files for EA MelBar-EuSwiss-1.85 (expected: 252)
2025-04-25 14:03:46,417 - INFO - Created 252 INI files for EA MelBarTTake325-T-5.5Y-NZD-USD.ex5 (expected: 252)
2025-04-25 14:03:46,595 - INFO - Created 252 INI files for EA MelBarTTake325-T-5.5Y-NZD-USD.mq5 (expected: 252)
2025-04-25 14:03:46,790 - INFO - Created 252 INI files for EA MelBar™Take325-™-5.5Y-NZD-USD (expected: 252)
2025-04-25 14:03:46,972 - INFO - Created 252 INI files for EA Minning-GoldMT5-Yoforexpremium (expected: 252)
2025-04-25 14:03:47,149 - INFO - Created 252 INI files for EA Mobo-Bands (expected: 252)
2025-04-25 14:03:47,331 - INFO - Created 252 INI files for EA Mobo-Bands-EA (expected: 252)
2025-04-25 14:03:47,540 - INFO - Created 252 INI files for EA temp-Ma-Crosses (expected: 252)
2025-04-25 14:03:47,733 - INFO - Created 252 INI files for EA temp-MA-Crossover-20EA (expected: 252)
2025-04-25 14:03:47,920 - INFO - Created 252 INI files for EA temp-Minning-Gold-Yoforexpremium (expected: 252)
2025-04-25 14:03:48,089 - INFO - Created 252 INI files for EA temp_Ma-Crosses (expected: 252)
2025-04-25 14:03:48,260 - INFO - Created 252 INI files for EA temp_MA-Crossover-20EA (expected: 252)
2025-04-25 14:03:48,460 - INFO - Created 252 INI files for EA temp_Minning-Gold-Yoforexpremium (expected: 252)
2025-04-25 14:03:48,650 - INFO - Created 252 INI files for EA Modified-Moving-Averages (expected: 252)
2025-04-25 14:03:48,845 - INFO - Created 252 INI files for EA Momentum-M15 (expected: 252)
2025-04-25 14:03:49,034 - INFO - Created 252 INI files for EA Momo-trades (expected: 252)
2025-04-25 14:03:49,210 - INFO - Created 252 INI files for EA Money-Fixed-Margin (expected: 252)
2025-04-25 14:03:49,390 - INFO - Created 252 INI files for EA Money-Fixed-Risk (expected: 252)
2025-04-25 14:03:49,560 - INFO - Created 252 INI files for EA MoneyRain (expected: 252)
2025-04-25 14:03:49,746 - INFO - Created 252 INI files for EA Morning-evening-star-EA (expected: 252)
2025-04-25 14:03:49,924 - INFO - Created 252 INI files for EA MostasHaR15-Pivot (expected: 252)
2025-04-25 14:03:50,125 - INFO - Created 252 INI files for EA Moving-Average-Trade-System (expected: 252)
2025-04-25 14:03:50,314 - INFO - Created 252 INI files for EA Moving-Averages (expected: 252)
2025-04-25 14:03:50,617 - INFO - Created 252 INI files for EA Moving-20average-20and-20ichimoku-20EA (expected: 252)
2025-04-25 14:03:50,796 - INFO - Created 252 INI files for EA MovingAverage (expected: 252)
2025-04-25 14:03:50,970 - INFO - Created 252 INI files for EA MovingAverageMartinGale (expected: 252)
2025-04-25 14:03:51,149 - INFO - Created 252 INI files for EA MQL5-Wizard-MA-RSI (expected: 252)
2025-04-25 14:03:51,329 - INFO - Created 252 INI files for EA MQL5-Wizard-MACD-Parabolic-SAR (expected: 252)
2025-04-25 14:03:51,538 - INFO - Created 252 INI files for EA MT45 (expected: 252)
2025-04-25 14:03:51,732 - INFO - Created 252 INI files for EA MT5-CoupleHedgeEA (expected: 252)
2025-04-25 14:03:51,930 - INFO - Created 252 INI files for EA MT5-RingSystemEA (expected: 252)
2025-04-25 14:03:52,138 - INFO - Created 252 INI files for EA Mt5-williams-directional-index-EA (expected: 252)
2025-04-25 14:03:52,325 - INFO - Created 252 INI files for EA MTC-Сombo (expected: 252)
2025-04-25 14:03:52,522 - INFO - Created 252 INI files for EA temp-5 (expected: 252)
2025-04-25 14:03:52,708 - INFO - Created 252 INI files for EA temp-CoupleHedgeEA (expected: 252)
2025-04-25 14:03:52,888 - INFO - Created 252 INI files for EA temp-RingSystemEA (expected: 252)
2025-04-25 14:03:53,074 - INFO - Created 252 INI files for EA temp-williams-directional-index-EA (expected: 252)
2025-04-25 14:03:53,248 - INFO - Created 252 INI files for EA temp_-CoupleHedgeEA (expected: 252)
2025-04-25 14:03:53,436 - INFO - Created 252 INI files for EA temp_-RingSystemEA (expected: 252)
2025-04-25 14:03:53,616 - INFO - Created 252 INI files for EA temp_-williams-directional-index-EA (expected: 252)
2025-04-25 14:03:53,809 - INFO - Created 252 INI files for EA temp_5 (expected: 252)
2025-04-25 14:03:53,982 - INFO - Created 252 INI files for EA Multi-Stochastic (expected: 252)
2025-04-25 14:03:54,149 - INFO - Created 252 INI files for EA Multi-Trader-BC-Robot (expected: 252)
2025-04-25 14:03:54,349 - INFO - Created 252 INI files for EA MultiMartin (expected: 252)
2025-04-25 14:03:54,561 - INFO - Created 252 INI files for EA MySystem (expected: 252)
2025-04-25 14:03:54,761 - INFO - Created 252 INI files for EA N Candles v2 (expected: 252)
2025-04-25 14:03:55,045 - INFO - Created 252 INI files for EA N Candles v3 (expected: 252)
2025-04-25 14:03:55,255 - INFO - Created 252 INI files for EA N Candles v4 (expected: 252)
2025-04-25 14:03:55,442 - INFO - Created 252 INI files for EA N Candles v5 (expected: 252)
2025-04-25 14:03:55,640 - INFO - Created 252 INI files for EA N-Candles (expected: 252)
2025-04-25 14:03:55,824 - INFO - Created 252 INI files for EA N-_Candles_v7 (expected: 252)
2025-04-25 14:03:56,016 - INFO - Created 252 INI files for EA temp-N-Candles-v2 (expected: 252)
2025-04-25 14:03:56,219 - INFO - Created 252 INI files for EA temp-N-Candles-v3 (expected: 252)
2025-04-25 14:03:56,423 - INFO - Created 252 INI files for EA temp-N-Candles-v4 (expected: 252)
2025-04-25 14:03:56,702 - INFO - Created 252 INI files for EA temp-N-Candles-v5 (expected: 252)
2025-04-25 14:03:57,017 - INFO - Created 252 INI files for EA temp-N-Candles-v7 (expected: 252)
2025-04-25 14:03:57,280 - INFO - Created 252 INI files for EA temp_N-Candles-v2 (expected: 252)
2025-04-25 14:03:57,489 - INFO - Created 252 INI files for EA temp_N-Candles-v3 (expected: 252)
2025-04-25 14:03:57,686 - INFO - Created 252 INI files for EA temp_N-Candles-v4 (expected: 252)
2025-04-25 14:03:57,879 - INFO - Created 252 INI files for EA temp_N-Candles-v5 (expected: 252)
2025-04-25 14:03:58,095 - INFO - Created 252 INI files for EA temp_N-Candles-v7 (expected: 252)
2025-04-25 14:03:58,334 - INFO - Created 252 INI files for EA Nevalyashka (expected: 252)
2025-04-25 14:03:58,633 - INFO - Created 252 INI files for EA Nevalyashka-BreakdownLevel (expected: 252)
2025-04-25 14:03:59,024 - INFO - Created 252 INI files for EA Nevalyashka3-1 (expected: 252)
2025-04-25 14:03:59,328 - INFO - Created 252 INI files for EA New-Martin (expected: 252)
2025-04-25 14:03:59,690 - INFO - Created 252 INI files for EA New-Random (expected: 252)
2025-04-25 14:04:00,056 - INFO - Created 252 INI files for EA Nextbar (expected: 252)
2025-04-25 14:04:00,470 - INFO - Created 252 INI files for EA Night-Flat-Trade (expected: 252)
2025-04-25 14:04:01,391 - INFO - Created 252 INI files for EA NightScalper (expected: 252)
2025-04-25 14:04:03,050 - INFO - Created 252 INI files for EA NRTR-Revers (expected: 252)
2025-04-25 14:04:03,757 - INFO - Created 252 INI files for EA NSK-SWING-EA-MT5-Yoforexpremium (expected: 252)
2025-04-25 14:04:05,154 - INFO - Created 252 INI files for EA temp-NSK-SWING-EA-Yoforexpremium (expected: 252)
2025-04-25 14:04:05,887 - INFO - Created 252 INI files for EA temp_NSK-SWING-EA-Yoforexpremium (expected: 252)
2025-04-25 14:04:07,600 - INFO - Created 252 INI files for EA NSK-SWING-EA-Yoforexpremium (expected: 252)
2025-04-25 14:04:09,987 - INFO - Created 252 INI files for EA NUp1Down (expected: 252)
2025-04-25 14:04:10,289 - INFO - Created 252 INI files for EA Open-Candle-EA (expected: 252)
2025-04-25 14:04:10,712 - INFO - Created 252 INI files for EA Open-Close (expected: 252)
2025-04-25 14:04:11,074 - INFO - Created 252 INI files for EA Opening-and-ilosing-on-time (expected: 252)
2025-04-25 14:04:11,443 - INFO - Created 252 INI files for EA Opening-and-Сlosing-on-time (expected: 252)
2025-04-25 14:04:11,914 - INFO - Created 252 INI files for EA OpenPendingorderAfterPositionGetStopLoss (expected: 252)
2025-04-25 14:04:12,291 - INFO - Created 252 INI files for EA OpenTicks (expected: 252)
2025-04-25 14:04:12,602 - INFO - Created 252 INI files for EA optimization-result (expected: 252)
2025-04-25 14:04:12,966 - INFO - Created 252 INI files for EA ORB-EA-BOX (expected: 252)
2025-04-25 14:04:13,319 - INFO - Created 252 INI files for EA OsMaSter (expected: 252)
2025-04-25 14:04:13,819 - INFO - Created 252 INI files for EA OTT-20AND-20PRICE-20CROSS-20EA (expected: 252)
2025-04-25 14:04:14,145 - INFO - Created 252 INI files for EA OverHedge (expected: 252)
2025-04-25 14:04:14,551 - INFO - Created 252 INI files for EA OzFx (expected: 252)
2025-04-25 14:04:14,821 - INFO - Created 252 INI files for EA Par-20sar-20mt5-201 (expected: 252)
2025-04-25 14:04:15,067 - INFO - Created 252 INI files for EA Parabolic-SAR (expected: 252)
2025-04-25 14:04:15,514 - INFO - Created 252 INI files for EA PARSI-EA (expected: 252)
2025-04-25 14:04:15,881 - INFO - Created 252 INI files for EA Peceptron-Mult (expected: 252)
2025-04-25 14:04:16,141 - INFO - Created 252 INI files for EA Pending-orders-by-time (expected: 252)
2025-04-25 14:04:16,450 - INFO - Created 252 INI files for EA Pending-orders-by-time-2 (expected: 252)
2025-04-25 14:04:16,702 - INFO - Created 252 INI files for EA temp-Par-20sar-20-201 (expected: 252)
2025-04-25 14:04:16,964 - INFO - Created 252 INI files for EA temp_Par-20sar-20-201 (expected: 252)
2025-04-25 14:04:17,189 - INFO - Created 252 INI files for EA Pendulum (expected: 252)
2025-04-25 14:04:17,441 - INFO - Created 252 INI files for EA Pinball-machine (expected: 252)
2025-04-25 14:04:17,744 - INFO - Created 252 INI files for EA Pinbar-Magic-EA (expected: 252)
2025-04-25 14:04:18,003 - INFO - Created 252 INI files for EA PinBar-Magic-Indicator (expected: 252)
2025-04-25 14:04:18,210 - INFO - Created 252 INI files for EA Pipsover (expected: 252)
2025-04-25 14:04:18,517 - INFO - Created 252 INI files for EA Plan-X (expected: 252)
2025-04-25 14:04:18,851 - INFO - Created 252 INI files for EA Plateau (expected: 252)
2025-04-25 14:04:19,081 - INFO - Created 252 INI files for EA Poker-SHOW (expected: 252)
2025-04-25 14:04:19,305 - INFO - Created 252 INI files for EA POVERTY-KILLER-GHOSTMT5-YoForexPremium (expected: 252)
2025-04-25 14:04:19,535 - INFO - Created 252 INI files for EA POW-BANKER-EA-MT5-4170-with-SetFiles-YoForexPremium (expected: 252)
2025-04-25 14:04:19,816 - INFO - Created 252 INI files for EA temp-POVERTY-KILLER-GHOST-YoForexPremium (expected: 252)
2025-04-25 14:04:20,069 - INFO - Created 252 INI files for EA temp-POW-BANKER-EA-4170-with-SetFiles-YoForexPremium (expected: 252)
2025-04-25 14:04:20,268 - INFO - Created 252 INI files for EA temp_POVERTY-KILLER-GHOST-YoForexPremium (expected: 252)
2025-04-25 14:04:20,597 - INFO - Created 252 INI files for EA temp_POW-BANKER-EA-4170-with-SetFiles-YoForexPremium (expected: 252)
2025-04-25 14:04:20,791 - INFO - Created 252 INI files for EA Precipice (expected: 252)
2025-04-25 14:04:21,016 - INFO - Created 252 INI files for EA Precipice-MartIn (expected: 252)
2025-04-25 14:04:21,300 - INFO - Created 252 INI files for EA PrizmaL-Pro-EAMT5-YoforexPremium (expected: 252)
2025-04-25 14:04:21,513 - INFO - Created 252 INI files for EA Probe (expected: 252)
2025-04-25 14:04:21,702 - INFO - Created 252 INI files for EA Proffessor (expected: 252)
2025-04-25 14:04:21,936 - INFO - Created 252 INI files for EA PropFirmHelper (expected: 252)
2025-04-25 14:04:22,207 - INFO - Created 252 INI files for EA PROphet (expected: 252)
2025-04-25 14:04:22,458 - INFO - Created 252 INI files for EA Puria-method (expected: 252)
2025-04-25 14:04:22,690 - INFO - Created 252 INI files for EA Rabbit3 (expected: 252)
2025-04-25 14:04:22,932 - INFO - Created 252 INI files for EA Range-Breakout (expected: 252)
2025-04-25 14:04:23,145 - INFO - Created 252 INI files for EA temp-PrizmaL-Pro-EA-YoforexPremium (expected: 252)
2025-04-25 14:04:23,412 - INFO - Created 252 INI files for EA temp_PrizmaL-Pro-EA-YoforexPremium (expected: 252)
2025-04-25 14:04:23,660 - INFO - Created 252 INI files for EA Rapid-Doji-EA (expected: 252)
2025-04-25 14:04:23,919 - INFO - Created 252 INI files for EA Raymond-Cloudy-Day-for-EA (expected: 252)
2025-04-25 14:04:24,161 - INFO - Created 252 INI files for EA RedDragon-v.1.03 (expected: 252)
2025-04-25 14:04:24,391 - INFO - Created 252 INI files for EA Reflex (expected: 252)
2025-04-25 14:04:24,792 - INFO - Created 252 INI files for EA Reflex-EA (expected: 252)
2025-04-25 14:04:25,052 - INFO - Created 252 INI files for EA REFLEX-INDICATOR (expected: 252)
2025-04-25 14:04:25,358 - INFO - Created 252 INI files for EA Reversing-Martingale (expected: 252)
2025-04-25 14:04:25,610 - INFO - Created 252 INI files for EA RideAlligator (expected: 252)
2025-04-25 14:04:25,801 - INFO - Created 252 INI files for EA RNN (expected: 252)
2025-04-25 14:04:26,050 - INFO - Created 252 INI files for EA RobotPowerM5-meta4 (expected: 252)
2025-04-25 14:04:26,319 - INFO - Created 252 INI files for EA Robot-MACD (expected: 252)
2025-04-25 14:04:26,704 - INFO - Created 252 INI files for EA Rollback-system (expected: 252)
2025-04-25 14:04:27,200 - INFO - Created 252 INI files for EA RSI EA v2 (expected: 252)
2025-04-25 14:04:27,678 - INFO - Created 252 INI files for EA RSI-and-Bollinger-Bands (expected: 252)
2025-04-25 14:04:28,068 - INFO - Created 252 INI files for EA RSI-Arrow (expected: 252)
2025-04-25 14:04:28,417 - INFO - Created 252 INI files for EA RSI-Bollinger-Bands-EA (expected: 252)
2025-04-25 14:04:29,215 - INFO - Created 252 INI files for EA RSI-EA (expected: 252)
2025-04-25 14:04:29,598 - INFO - Created 252 INI files for EA RSI-Eraser (expected: 252)
2025-04-25 14:04:29,872 - INFO - Created 252 INI files for EA RSI-Levels (expected: 252)
2025-04-25 14:04:30,175 - INFO - Created 252 INI files for EA RSI-trader (expected: 252)
2025-04-25 14:04:30,483 - INFO - Created 252 INI files for EA temp-RSI-EA-v2 (expected: 252)
2025-04-25 14:04:30,787 - INFO - Created 252 INI files for EA temp_RSI-EA-v2 (expected: 252)
2025-04-25 14:04:31,219 - INFO - Created 252 INI files for EA RSI-Arrow-EA (expected: 252)
2025-04-25 14:04:31,496 - INFO - Created 252 INI files for EA RSI-Expert (expected: 252)
2025-04-25 14:04:31,718 - INFO - Created 252 INI files for EA RSI-Trend (expected: 252)
2025-04-25 14:04:31,962 - INFO - Created 252 INI files for EA RSI-Trend-EA (expected: 252)
2025-04-25 14:04:32,203 - INFO - Created 252 INI files for EA RSI-with-channels (expected: 252)
2025-04-25 14:04:32,477 - INFO - Created 252 INI files for EA RSI-with-channels-EA (expected: 252)
2025-04-25 14:04:32,706 - INFO - Created 252 INI files for EA RSI_Expert_v2.0 (expected: 252)
2025-04-25 14:04:32,954 - INFO - Created 252 INI files for EA Russian20-hp1 (expected: 252)
2025-04-25 14:04:33,499 - INFO - Created 252 INI files for EA SampleCheckPendingOrder (expected: 252)
2025-04-25 14:04:33,926 - INFO - Created 252 INI files for EA SampleTrailingstop-MT5 (expected: 252)
2025-04-25 14:04:34,171 - INFO - Created 252 INI files for EA temp-RSI-Expert-v2.0 (expected: 252)
2025-04-25 14:04:34,450 - INFO - Created 252 INI files for EA temp-SampleTrailingstop (expected: 252)
2025-04-25 14:04:34,690 - INFO - Created 252 INI files for EA temp_RSI-Expert-v2.0 (expected: 252)
2025-04-25 14:04:34,955 - INFO - Created 252 INI files for EA temp_SampleTrailingstop (expected: 252)
2025-04-25 14:04:35,203 - INFO - Created 252 INI files for EA SAR-trading (expected: 252)
2025-04-25 14:04:35,436 - INFO - Created 252 INI files for EA Secwenta (expected: 252)
2025-04-25 14:04:35,658 - INFO - Created 252 INI files for EA Sell-Stop (expected: 252)
2025-04-25 14:04:35,871 - INFO - Created 252 INI files for EA Sensitive (expected: 252)
2025-04-25 14:04:36,109 - INFO - Created 252 INI files for EA Separate-trade (expected: 252)
2025-04-25 14:04:36,351 - INFO - Created 252 INI files for EA SilverTrend (expected: 252)
2025-04-25 14:04:36,601 - INFO - Created 252 INI files for EA Simple-20Price-20Alert-20-20EA (expected: 252)
2025-04-25 14:04:36,819 - INFO - Created 252 INI files for EA Simple-20Volume-20EA (expected: 252)
2025-04-25 14:04:37,097 - INFO - Created 252 INI files for EA Simple-EA-MA-plus-MACD (expected: 252)
2025-04-25 14:04:37,346 - INFO - Created 252 INI files for EA Simple-FX (expected: 252)
2025-04-25 14:04:37,804 - INFO - Created 252 INI files for EA Simple-MACD (expected: 252)
2025-04-25 14:04:38,116 - INFO - Created 252 INI files for EA Simple-Volume-EA (expected: 252)
2025-04-25 14:04:38,383 - INFO - Created 252 INI files for EA SimplePivot (expected: 252)
2025-04-25 14:04:38,645 - INFO - Created 252 INI files for EA Simplest-Hedging-EA-ever (expected: 252)
2025-04-25 14:04:38,906 - INFO - Created 252 INI files for EA SimpleTrade (expected: 252)
2025-04-25 14:04:39,145 - INFO - Created 252 INI files for EA Six-Soldiers (expected: 252)
2025-04-25 14:04:39,403 - INFO - Created 252 INI files for EA Six-Soldiers-EA (expected: 252)
2025-04-25 14:04:39,624 - INFO - Created 252 INI files for EA Six-Soldiers-EA-Grid (expected: 252)
2025-04-25 14:04:39,882 - INFO - Created 252 INI files for EA Small-Inside-Bar-Strategy (expected: 252)
2025-04-25 14:04:40,125 - INFO - Created 252 INI files for EA Smart-Machine-20EA (expected: 252)
2025-04-25 14:04:40,451 - INFO - Created 252 INI files for EA Smoothing-Average (expected: 252)
2025-04-25 14:04:40,774 - INFO - Created 252 INI files for EA sound (expected: 252)
2025-04-25 14:04:41,059 - INFO - Created 252 INI files for EA Sound-Fx (expected: 252)
2025-04-25 14:04:41,294 - INFO - Created 252 INI files for EA Spasm (expected: 252)
2025-04-25 14:04:41,614 - INFO - Created 252 INI files for EA Sprd-mt5-20EA (expected: 252)
2025-04-25 14:04:42,037 - INFO - Created 252 INI files for EA SPYDER-EA-V-6.1-MT5-YoforexPremium (expected: 252)
2025-04-25 14:04:42,269 - INFO - Created 252 INI files for EA ssb5-123 (expected: 252)
2025-04-25 14:04:42,560 - INFO - Created 252 INI files for EA Stargogs-Ghost-Spike-Robot-EAMT5-YoForexPremium (expected: 252)
2025-04-25 14:04:42,779 - INFO - Created 252 INI files for EA Stargogs-Pay-EA-MT5-YoforexPremium (expected: 252)
2025-04-25 14:04:43,024 - INFO - Created 252 INI files for EA Starter (expected: 252)
2025-04-25 14:04:43,239 - INFO - Created 252 INI files for EA temp-Sprd-20EA (expected: 252)
2025-04-25 14:04:43,518 - INFO - Created 252 INI files for EA temp-SPYDER-EA-V-6.1-YoforexPremium (expected: 252)
2025-04-25 14:04:43,780 - INFO - Created 252 INI files for EA temp-Stargogs-Ghost-Spike-Robot-EA-YoForexPremium (expected: 252)
2025-04-25 14:04:43,978 - INFO - Created 252 INI files for EA temp-Stargogs-Pay-EA-YoforexPremium (expected: 252)
2025-04-25 14:04:44,160 - INFO - Created 252 INI files for EA temp_Sprd-20EA (expected: 252)
2025-04-25 14:04:44,375 - INFO - Created 252 INI files for EA temp_SPYDER-EA-V-6.1-YoforexPremium (expected: 252)
2025-04-25 14:04:44,601 - INFO - Created 252 INI files for EA temp_Stargogs-Ghost-Spike-Robot-EA-YoForexPremium (expected: 252)
2025-04-25 14:04:44,799 - INFO - Created 252 INI files for EA temp_Stargogs-Pay-EA-YoforexPremium (expected: 252)
2025-04-25 14:04:45,010 - INFO - Created 252 INI files for EA Steve-Cartwright-Trader-Camel-CCI-MACD (expected: 252)
2025-04-25 14:04:45,206 - INFO - Created 252 INI files for EA Stoch (expected: 252)
2025-04-25 14:04:45,399 - INFO - Created 252 INI files for EA Stoch-EA-1192 (expected: 252)
2025-04-25 14:04:45,581 - INFO - Created 252 INI files for EA Stochastic-20Alert (expected: 252)
2025-04-25 14:04:45,774 - INFO - Created 252 INI files for EA Stochastic-K-Divergence.lua (expected: 252)
2025-04-25 14:04:45,973 - INFO - Created 252 INI files for EA stochastic-three-periods (expected: 252)
2025-04-25 14:04:46,167 - INFO - Created 252 INI files for EA stochasticdiffsign (expected: 252)
2025-04-25 14:04:46,372 - INFO - Created 252 INI files for EA StochasticDiffSign-EA (expected: 252)
2025-04-25 14:04:46,647 - INFO - Created 252 INI files for EA StochMA (expected: 252)
2025-04-25 14:04:46,867 - INFO - Created 252 INI files for EA StochMA-EA (expected: 252)
2025-04-25 14:04:47,102 - INFO - Created 252 INI files for EA Stop-Loss-Take-Profit (expected: 252)
2025-04-25 14:04:47,356 - INFO - Created 252 INI files for EA StraddleqTrail (expected: 252)
2025-04-25 14:04:47,569 - INFO - Created 252 INI files for EA Strategie-Boom-Crash-System-MT5-YoForexPremium (expected: 252)
2025-04-25 14:04:47,767 - INFO - Created 252 INI files for EA SUPER-TURBO-EAMT5-YoForexPremium (expected: 252)
2025-04-25 14:04:47,956 - INFO - Created 252 INI files for EA Surefirething (expected: 252)
2025-04-25 14:04:48,147 - INFO - Created 252 INI files for EA TAILOR-EA-MT5-YoForexPremium (expected: 252)
2025-04-25 14:04:48,354 - INFO - Created 252 INI files for EA TAKASHI-SNIPEREA-MT5-yYoForexPremium (expected: 252)
2025-04-25 14:04:48,558 - INFO - Created 252 INI files for EA TDSGlobal (expected: 252)
2025-04-25 14:04:48,761 - INFO - Created 252 INI files for EA temp-Strategie-Boom-Crash-System-YoForexPremium (expected: 252)
2025-04-25 14:04:48,950 - INFO - Created 252 INI files for EA temp-SUPER-TURBO-EA-YoForexPremium (expected: 252)
2025-04-25 14:04:49,143 - INFO - Created 252 INI files for EA temp-TAILOR-EA-YoForexPremium (expected: 252)
2025-04-25 14:04:49,374 - INFO - Created 252 INI files for EA temp-TAKASHI-SNIPEREA-yYoForexPremium (expected: 252)
2025-04-25 14:04:49,566 - INFO - Created 252 INI files for EA temp_Strategie-Boom-Crash-System-YoForexPremium (expected: 252)
2025-04-25 14:04:49,769 - INFO - Created 252 INI files for EA temp_SUPER-TURBO-EA-YoForexPremium (expected: 252)
2025-04-25 14:04:49,982 - INFO - Created 252 INI files for EA temp_TAILOR-EA-YoForexPremium (expected: 252)
2025-04-25 14:04:50,194 - INFO - Created 252 INI files for EA temp_TAKASHI-SNIPEREA-yYoForexPremium (expected: 252)
2025-04-25 14:04:50,409 - INFO - Created 252 INI files for EA The-MasterMind (expected: 252)
2025-04-25 14:04:50,656 - INFO - Created 252 INI files for EA The-MasterMind-2 (expected: 252)
2025-04-25 14:04:50,885 - INFO - Created 252 INI files for EA temp-Thomas-EA-YoForexPremium (expected: 252)
2025-04-25 14:04:51,210 - INFO - Created 252 INI files for EA temp-Thomas-EA-YoForexPremium-1 (expected: 252)
2025-04-25 14:04:51,486 - INFO - Created 252 INI files for EA temp-Time-bomb-1 (expected: 252)
2025-04-25 14:04:51,759 - INFO - Created 252 INI files for EA temp-Time-bomb-1-1 (expected: 252)
2025-04-25 14:04:52,069 - INFO - Created 252 INI files for EA temp_Thomas-EA-YoForexPremium (expected: 252)
2025-04-25 14:04:52,287 - INFO - Created 252 INI files for EA temp_Time-bomb-1 (expected: 252)
2025-04-25 14:04:52,642 - INFO - Created 252 INI files for EA The-MasterMind-3 (expected: 252)
2025-04-25 14:04:53,079 - INFO - Created 252 INI files for EA The-Puncher (expected: 252)
2025-04-25 14:04:53,400 - INFO - Created 252 INI files for EA TheClassicTurtleTrader-no-dots (expected: 252)
2025-04-25 14:04:53,694 - INFO - Created 252 INI files for EA TheClassicTurtleTrader-no-dots-EA (expected: 252)
2025-04-25 14:04:53,932 - INFO - Created 252 INI files for EA Thomas-EA-MT5-YoForexPremium (expected: 252)
2025-04-25 14:04:54,192 - INFO - Created 252 INI files for EA Three-indicators (expected: 252)
2025-04-25 14:04:54,494 - INFO - Created 252 INI files for EA Three-neural-networks (expected: 252)
2025-04-25 14:04:54,798 - INFO - Created 252 INI files for EA Three-timeframes (expected: 252)
2025-04-25 14:04:55,063 - INFO - Created 252 INI files for EA Three-Typical-Candles (expected: 252)
2025-04-25 14:04:55,306 - INFO - Created 252 INI files for EA Time-bomb-mt5-1 (expected: 252)
2025-04-25 14:04:55,600 - INFO - Created 252 INI files for EA temp-Titan-X-21.18-EA (expected: 252)
2025-04-25 14:04:55,866 - INFO - Created 252 INI files for EA temp-Titan-X-21.18-EA-1 (expected: 252)
2025-04-25 14:04:56,187 - INFO - Created 252 INI files for EA temp_Titan-X-21.18-EA (expected: 252)
2025-04-25 14:04:56,506 - INFO - Created 252 INI files for EA Time-sync-forts (expected: 252)
2025-04-25 14:04:56,804 - INFO - Created 252 INI files for EA timer-trade (expected: 252)
2025-04-25 14:04:57,077 - INFO - Created 252 INI files for EA Titan-X-21.18-EA-MT5 (expected: 252)
2025-04-25 14:04:57,384 - INFO - Created 252 INI files for EA TMA-ATR-Channel (expected: 252)
2025-04-25 14:04:57,652 - INFO - Created 252 INI files for EA TMA-ATR-EA (expected: 252)
2025-04-25 14:04:58,119 - INFO - Created 252 INI files for EA TMA-CG-EA (expected: 252)
2025-04-25 14:04:58,518 - INFO - Created 252 INI files for EA TMA-CG-Martingale-20EA (expected: 252)
2025-04-25 14:04:58,886 - INFO - Created 252 INI files for EA TMA-CG-mladen (expected: 252)
2025-04-25 14:04:59,149 - INFO - Created 252 INI files for EA TmaTrue-2.0-with-Distances-6xx (expected: 252)
2025-04-25 14:04:59,456 - INFO - Created 252 INI files for EA TmaTrue-3.0-with-Distances-6xx (expected: 252)
2025-04-25 14:04:59,717 - INFO - Created 252 INI files for EA temp-Trade-Republic-1.75 (expected: 252)
2025-04-25 14:04:59,972 - INFO - Created 252 INI files for EA temp-Trade-Republic-1.75-1 (expected: 252)
2025-04-25 14:05:00,245 - INFO - Created 252 INI files for EA temp_Trade-Republic-1.75 (expected: 252)
2025-04-25 14:05:00,552 - INFO - Created 252 INI files for EA TMA-CG-special (expected: 252)
2025-04-25 14:05:00,811 - INFO - Created 252 INI files for EA TMA-slope-bands (expected: 252)
2025-04-25 14:05:01,134 - INFO - Created 252 INI files for EA TP-with-money (expected: 252)
2025-04-25 14:05:01,422 - INFO - Created 252 INI files for EA Trade-in-Channel (expected: 252)
2025-04-25 14:05:01,671 - INFO - Created 252 INI files for EA Trade-on-qualified-RSI (expected: 252)
2025-04-25 14:05:01,909 - INFO - Created 252 INI files for EA Trade-Republic-1.75-MT5 (expected: 252)
2025-04-25 14:05:02,192 - INFO - Created 252 INI files for EA Trading-Breakout-MrThanhTan (expected: 252)
2025-04-25 14:05:02,471 - INFO - Created 252 INI files for EA Trend-Trader-Strategy (expected: 252)
2025-04-25 14:05:02,733 - INFO - Created 252 INI files for EA Trend-Trader-Strategy-EA (expected: 252)
2025-04-25 14:05:03,068 - INFO - Created 252 INI files for EA True-Scalper-Profit-Lock (expected: 252)
2025-04-25 14:05:03,618 - INFO - Created 252 INI files for EA temp-Tunnel-Vision-2024-EA-YoForexPremium (expected: 252)
2025-04-25 14:05:04,306 - INFO - Created 252 INI files for EA temp-Tunnel-Vision-2024-EA-YoForexPremium-1 (expected: 252)
2025-04-25 14:05:04,633 - INFO - Created 252 INI files for EA temp_Tunnel-Vision-2024-EA-YoForexPremium (expected: 252)
2025-04-25 14:05:04,906 - INFO - Created 252 INI files for EA Tru-EA (expected: 252)
2025-04-25 14:05:05,197 - INFO - Created 252 INI files for EA TrueSort-1100 (expected: 252)
2025-04-25 14:05:05,543 - INFO - Created 252 INI files for EA Tunnel-gen4 (expected: 252)
2025-04-25 14:05:05,799 - INFO - Created 252 INI files for EA Tunnel-Method (expected: 252)
2025-04-25 14:05:06,133 - INFO - Created 252 INI files for EA Tunnel-Vision-2024-EA-MT5-YoForexPremium (expected: 252)
2025-04-25 14:05:06,443 - INFO - Created 252 INI files for EA TurnGrid (expected: 252)
2025-04-25 14:05:06,741 - INFO - Created 252 INI files for EA Two-20MA-20RSI-20ADX-20EA (expected: 252)
2025-04-25 14:05:07,026 - INFO - Created 252 INI files for EA Two-20Orders-20Panel (expected: 252)
2025-04-25 14:05:07,354 - INFO - Created 252 INI files for EA Two-pending-orders-2 (expected: 252)
2025-04-25 14:05:07,795 - INFO - Created 252 INI files for EA Two-PerBar (expected: 252)
2025-04-25 14:05:08,084 - INFO - Created 252 INI files for EA temp-Upgraded-EA-CRASH-1000-YoforexPremium (expected: 252)
2025-04-25 14:05:08,431 - INFO - Created 252 INI files for EA temp-Upgraded-EA-CRASH-1000-YoforexPremium-1 (expected: 252)
2025-04-25 14:05:08,730 - INFO - Created 252 INI files for EA temp_Upgraded-EA-CRASH-1000-YoforexPremium (expected: 252)
2025-04-25 14:05:08,992 - INFO - Created 252 INI files for EA UnityPro (expected: 252)
2025-04-25 14:05:09,315 - INFO - Created 252 INI files for EA UniversalMACrossEA (expected: 252)
2025-04-25 14:05:09,571 - INFO - Created 252 INI files for EA UniversalSignalDemo (expected: 252)
2025-04-25 14:05:09,828 - INFO - Created 252 INI files for EA Universum-3.0 (expected: 252)
2025-04-25 14:05:10,103 - INFO - Created 252 INI files for EA UnNomGuai-20EA (expected: 252)
2025-04-25 14:05:10,439 - INFO - Created 252 INI files for EA up3x1 (expected: 252)
2025-04-25 14:05:10,712 - INFO - Created 252 INI files for EA up3x1-Investor (expected: 252)
2025-04-25 14:05:11,035 - INFO - Created 252 INI files for EA up3x1-premium-M (expected: 252)
2025-04-25 14:05:11,331 - INFO - Created 252 INI files for EA Upgraded-EA-CRASH-1000MT5-YoforexPremium (expected: 252)
2025-04-25 14:05:11,871 - INFO - Created 252 INI files for EA Urdala-Trol (expected: 252)
2025-04-25 14:05:12,178 - INFO - Created 252 INI files for EA Very-Blonde-System (expected: 252)
2025-04-25 14:05:12,538 - INFO - Created 252 INI files for EA Virtual-Trailing-Stop (expected: 252)
2025-04-25 14:05:12,845 - INFO - Created 252 INI files for EA VLT-TRADER (expected: 252)
2025-04-25 14:05:13,348 - INFO - Created 252 INI files for EA Volume-trader (expected: 252)
2025-04-25 14:05:13,804 - INFO - Created 252 INI files for EA Vortex-Indicator-System (expected: 252)
2025-04-25 14:05:14,103 - INFO - Created 252 INI files for EA VR-Overturn (expected: 252)
2025-04-25 14:05:14,430 - INFO - Created 252 INI files for EA VR-ZVER (expected: 252)
2025-04-25 14:05:14,810 - INFO - Created 252 INI files for EA VR-ZVER-v.2 (expected: 252)
2025-04-25 14:05:15,137 - INFO - Created 252 INI files for EA VZO (expected: 252)
2025-04-25 14:05:15,663 - INFO - Created 252 INI files for EA Waddah-Attar-Win (expected: 252)
2025-04-25 14:05:15,993 - INFO - Created 252 INI files for EA NSK-Swing (expected: 252)
2025-04-25 14:05:16,332 - INFO - Created 252 INI files for EA Simple-Trade (expected: 252)
2025-04-25 14:05:16,665 - INFO - Created 252 INI files for EA temp-XKPRMST-EA-YoForexPremium (expected: 252)
2025-04-25 14:05:16,950 - INFO - Created 252 INI files for EA temp-XKPRMST-EA-YoForexPremium-1 (expected: 252)
2025-04-25 14:05:17,252 - INFO - Created 252 INI files for EA temp-XT-EURUSD-EA-YoForexPremium (expected: 252)
2025-04-25 14:05:17,584 - INFO - Created 252 INI files for EA temp-XT-EURUSD-EA-YoForexPremium-1 (expected: 252)
2025-04-25 14:05:17,892 - INFO - Created 252 INI files for EA temp-Yumnaa-Classic-EA-Setfiles-YoForexPremium (expected: 252)
2025-04-25 14:05:18,207 - INFO - Created 252 INI files for EA temp-Yumnaa-Classic-EA-Setfiles-YoForexPremium-1 (expected: 252)
2025-04-25 14:05:18,521 - INFO - Created 252 INI files for EA temp_XKPRMST-EA-YoForexPremium (expected: 252)
2025-04-25 14:05:18,823 - INFO - Created 252 INI files for EA temp_XT-EURUSD-EA-YoForexPremium (expected: 252)
2025-04-25 14:05:19,114 - INFO - Created 252 INI files for EA temp_Yumnaa-Classic-EA-Setfiles-YoForexPremium (expected: 252)
2025-04-25 14:05:19,406 - INFO - Created 252 INI files for EA Two-Perbar (expected: 252)
2025-04-25 14:05:19,701 - INFO - Created 252 INI files for EA wagonKing1-EA (expected: 252)
2025-04-25 14:05:19,982 - INFO - Created 252 INI files for EA WE-TRUST (expected: 252)
2025-04-25 14:05:20,265 - INFO - Created 252 INI files for EA X-RSIOMA (expected: 252)
2025-04-25 14:05:20,703 - INFO - Created 252 INI files for EA XKPRMST-EA-MT5-YoForexPremium (expected: 252)
2025-04-25 14:05:21,031 - INFO - Created 252 INI files for EA XT-EURUSD-EA-MT5-YoForexPremium (expected: 252)
2025-04-25 14:05:21,341 - INFO - Created 252 INI files for EA Yesterday-Today (expected: 252)
2025-04-25 14:05:21,802 - INFO - Created 252 INI files for EA Yumnaa-Classic-EA-MT5-Setfiles-YoForexPremium (expected: 252)
2025-04-25 14:05:21,804 - INFO - Total EAs processed: 736
2025-04-25 14:05:21,805 - INFO - Total INI files created: 185472
2025-04-25 14:05:21,805 - INFO - Expected INIs per EA: 252
