2025-04-25 13:14:31,406 - INFO - Deleted INI directory: ini\Batch_0001\EA_10Pips\ini
2025-04-25 13:14:31,407 - INFO - Deleted INI directory: ini\Batch_0001\EA_10Pips_EURUSD\ini
2025-04-25 13:14:31,408 - INFO - Deleted INI directory: ini\Batch_0001\EA_1H_EUR_USD\ini
2025-04-25 13:14:31,409 - INFO - Deleted INI directory: ini\Batch_0001\EA_21Hour\ini
2025-04-25 13:14:31,409 - INFO - Deleted INI directory: ini\Batch_0001\EA_2HR_HL\ini
2025-04-25 13:14:31,410 - INFO - Deleted INI directory: ini\Batch_0001\EA_2MA_4Level\ini
2025-04-25 13:14:31,411 - INFO - Deleted INI directory: ini\Batch_0001\EA_2MA_Bunny_Cross\ini
2025-04-25 13:14:31,412 - INFO - Deleted INI directory: ini\Batch_0001\EA_35Pip_Scalper\ini
2025-04-25 13:14:31,412 - INFO - Deleted INI directory: ini\Batch_0001\EA_3Bars_HighLow\ini
2025-04-25 13:14:31,413 - INFO - Deleted INI directory: ini\Batch_0001\EA_GBPUSD_M1_2001\ini
2025-04-25 13:14:31,414 - INFO - Deleted INI directory: ini\Batch_0002\EA_10Pips\ini
2025-04-25 13:14:31,414 - INFO - Deleted INI directory: ini\Batch_0002\EA_10Pips_EURUSD\ini
2025-04-25 13:14:31,415 - INFO - Deleted INI directory: ini\Batch_0002\EA_1H_EUR_USD\ini
2025-04-25 13:14:31,416 - INFO - Deleted INI directory: ini\Batch_0002\EA_21Hour\ini
2025-04-25 13:14:31,416 - INFO - Deleted INI directory: ini\Batch_0002\EA_2HR_HL\ini
2025-04-25 13:14:31,417 - INFO - Deleted INI directory: ini\Batch_0002\EA_2MA_4Level\ini
2025-04-25 13:14:31,417 - INFO - Deleted INI directory: ini\Batch_0002\EA_2MA_Bunny_Cross\ini
2025-04-25 13:14:31,418 - INFO - Deleted INI directory: ini\Batch_0002\EA_35Pip_Scalper\ini
2025-04-25 13:14:31,418 - INFO - Deleted INI directory: ini\Batch_0002\EA_3Bars_HighLow\ini
2025-04-25 13:14:31,419 - INFO - Deleted INI directory: ini\Batch_0002\EA_GBPUSD_M1_2001\ini
2025-04-25 13:14:31,420 - INFO - Deleted INI directory: ini\Batch_0003\EA_10Pips\ini
2025-04-25 13:14:31,420 - INFO - Deleted INI directory: ini\Batch_0003\EA_10Pips_EURUSD\ini
2025-04-25 13:14:31,421 - INFO - Deleted INI directory: ini\Batch_0003\EA_1H_EUR_USD\ini
2025-04-25 13:14:31,421 - INFO - Deleted INI directory: ini\Batch_0003\EA_21Hour\ini
2025-04-25 13:14:31,422 - INFO - Deleted INI directory: ini\Batch_0003\EA_2HR_HL\ini
2025-04-25 13:14:31,423 - INFO - Deleted INI directory: ini\Batch_0003\EA_2MA_4Level\ini
2025-04-25 13:14:31,424 - INFO - Deleted INI directory: ini\Batch_0003\EA_2MA_Bunny_Cross\ini
2025-04-25 13:14:31,424 - INFO - Deleted INI directory: ini\Batch_0003\EA_35Pip_Scalper\ini
2025-04-25 13:14:31,425 - INFO - Deleted INI directory: ini\Batch_0003\EA_3Bars_HighLow\ini
2025-04-25 13:14:31,426 - INFO - Deleted INI directory: ini\Batch_0003\EA_GBPUSD_M1_2001\ini
2025-04-25 13:14:31,426 - INFO - Deleted INI directory: ini\Batch_0004\EA_10Pips\ini
2025-04-25 13:14:31,427 - INFO - Deleted INI directory: ini\Batch_0004\EA_10Pips_EURUSD\ini
2025-04-25 13:14:31,427 - INFO - Deleted INI directory: ini\Batch_0004\EA_1H_EUR_USD\ini
2025-04-25 13:14:31,428 - INFO - Deleted INI directory: ini\Batch_0004\EA_21Hour\ini
2025-04-25 13:14:31,429 - INFO - Deleted INI directory: ini\Batch_0004\EA_2HR_HL\ini
2025-04-25 13:14:31,430 - INFO - Deleted INI directory: ini\Batch_0004\EA_2MA_4Level\ini
2025-04-25 13:14:31,430 - INFO - Deleted INI directory: ini\Batch_0004\EA_2MA_Bunny_Cross\ini
2025-04-25 13:14:31,431 - INFO - Deleted INI directory: ini\Batch_0004\EA_35Pip_Scalper\ini
2025-04-25 13:14:31,431 - INFO - Deleted INI directory: ini\Batch_0004\EA_3Bars_HighLow\ini
2025-04-25 13:14:31,432 - INFO - Deleted INI directory: ini\Batch_0004\EA_GBPUSD_M1_2001\ini
2025-04-25 13:14:31,433 - INFO - Deleted INI directory: ini\Batch_0005\EA_10Pips\ini
2025-04-25 13:14:31,433 - INFO - Deleted INI directory: ini\Batch_0005\EA_10Pips_EURUSD\ini
2025-04-25 13:14:31,434 - INFO - Deleted INI directory: ini\Batch_0005\EA_1H_EUR_USD\ini
2025-04-25 13:14:31,435 - INFO - Deleted INI directory: ini\Batch_0005\EA_21Hour\ini
2025-04-25 13:14:31,435 - INFO - Deleted INI directory: ini\Batch_0005\EA_2HR_HL\ini
2025-04-25 13:14:31,436 - INFO - Deleted INI directory: ini\Batch_0005\EA_2MA_4Level\ini
2025-04-25 13:14:31,437 - INFO - Deleted INI directory: ini\Batch_0005\EA_2MA_Bunny_Cross\ini
2025-04-25 13:14:31,438 - INFO - Deleted INI directory: ini\Batch_0005\EA_35Pip_Scalper\ini
2025-04-25 13:14:31,438 - INFO - Deleted INI directory: ini\Batch_0005\EA_3Bars_HighLow\ini
2025-04-25 13:14:31,439 - INFO - Deleted INI directory: ini\Batch_0005\EA_GBPUSD_M1_2001\ini
2025-04-25 13:14:31,440 - INFO - Deleted INI directory: ini\Batch_0006\EA_10Pips\ini
2025-04-25 13:14:31,441 - INFO - Deleted INI directory: ini\Batch_0006\EA_10Pips_EURUSD\ini
2025-04-25 13:14:31,441 - INFO - Deleted INI directory: ini\Batch_0006\EA_1H_EUR_USD\ini
2025-04-25 13:14:31,442 - INFO - Deleted INI directory: ini\Batch_0006\EA_21Hour\ini
2025-04-25 13:14:31,443 - INFO - Deleted INI directory: ini\Batch_0006\EA_2HR_HL\ini
2025-04-25 13:14:31,443 - INFO - Deleted INI directory: ini\Batch_0006\EA_2MA_4Level\ini
2025-04-25 13:14:31,444 - INFO - Deleted INI directory: ini\Batch_0006\EA_2MA_Bunny_Cross\ini
2025-04-25 13:14:31,445 - INFO - Deleted INI directory: ini\Batch_0006\EA_35Pip_Scalper\ini
2025-04-25 13:14:31,445 - INFO - Deleted INI directory: ini\Batch_0006\EA_3Bars_HighLow\ini
2025-04-25 13:14:31,446 - INFO - Deleted INI directory: ini\Batch_0006\EA_GBPUSD_M1_2001\ini
2025-04-25 13:14:31,447 - INFO - Deleted INI directory: ini\Batch_0007\EA_10Pips\ini
2025-04-25 13:14:31,447 - INFO - Deleted INI directory: ini\Batch_0007\EA_10Pips_EURUSD\ini
2025-04-25 13:14:31,448 - INFO - Deleted INI directory: ini\Batch_0007\EA_1H_EUR_USD\ini
2025-04-25 13:14:31,449 - INFO - Deleted INI directory: ini\Batch_0007\EA_21Hour\ini
2025-04-25 13:14:31,449 - INFO - Deleted INI directory: ini\Batch_0007\EA_2HR_HL\ini
2025-04-25 13:14:31,450 - INFO - Deleted INI directory: ini\Batch_0007\EA_2MA_4Level\ini
2025-04-25 13:14:31,450 - INFO - Deleted INI directory: ini\Batch_0007\EA_2MA_Bunny_Cross\ini
2025-04-25 13:14:31,451 - INFO - Deleted INI directory: ini\Batch_0007\EA_35Pip_Scalper\ini
2025-04-25 13:14:31,452 - INFO - Deleted INI directory: ini\Batch_0007\EA_3Bars_HighLow\ini
2025-04-25 13:14:31,452 - INFO - Deleted INI directory: ini\Batch_0007\EA_GBPUSD_M1_2001\ini
2025-04-25 13:14:31,453 - INFO - Deleted INI directory: ini\Batch_0008\EA_10Pips\ini
2025-04-25 13:14:31,454 - INFO - Deleted INI directory: ini\Batch_0008\EA_10Pips_EURUSD\ini
2025-04-25 13:14:31,454 - INFO - Deleted INI directory: ini\Batch_0008\EA_1H_EUR_USD\ini
2025-04-25 13:14:31,455 - INFO - Deleted INI directory: ini\Batch_0008\EA_21Hour\ini
2025-04-25 13:14:31,456 - INFO - Deleted INI directory: ini\Batch_0008\EA_2HR_HL\ini
2025-04-25 13:14:31,456 - INFO - Deleted INI directory: ini\Batch_0008\EA_2MA_4Level\ini
2025-04-25 13:14:31,457 - INFO - Deleted INI directory: ini\Batch_0008\EA_2MA_Bunny_Cross\ini
2025-04-25 13:14:31,458 - INFO - Deleted INI directory: ini\Batch_0008\EA_35Pip_Scalper\ini
2025-04-25 13:14:31,458 - INFO - Deleted INI directory: ini\Batch_0008\EA_3Bars_HighLow\ini
2025-04-25 13:14:31,459 - INFO - Deleted INI directory: ini\Batch_0008\EA_GBPUSD_M1_2001\ini
2025-04-25 13:14:31,460 - INFO - Deleted INI directory: ini\Batch_0009\EA_10Pips\ini
2025-04-25 13:14:31,460 - INFO - Deleted INI directory: ini\Batch_0009\EA_10Pips_EURUSD\ini
2025-04-25 13:14:31,461 - INFO - Deleted INI directory: ini\Batch_0009\EA_1H_EUR_USD\ini
2025-04-25 13:14:31,462 - INFO - Deleted INI directory: ini\Batch_0009\EA_21Hour\ini
2025-04-25 13:14:31,462 - INFO - Deleted INI directory: ini\Batch_0009\EA_2HR_HL\ini
2025-04-25 13:14:31,463 - INFO - Deleted INI directory: ini\Batch_0009\EA_2MA_4Level\ini
2025-04-25 13:14:31,464 - INFO - Deleted INI directory: ini\Batch_0009\EA_2MA_Bunny_Cross\ini
2025-04-25 13:14:31,464 - INFO - Deleted INI directory: ini\Batch_0009\EA_35Pip_Scalper\ini
2025-04-25 13:14:31,465 - INFO - Deleted INI directory: ini\Batch_0009\EA_3Bars_HighLow\ini
2025-04-25 13:14:31,466 - INFO - Deleted INI directory: ini\Batch_0009\EA_GBPUSD_M1_2001\ini
2025-04-25 13:14:31,466 - INFO - Deleted INI directory: ini\Batch_0010\EA_10Pips\ini
2025-04-25 13:14:31,467 - INFO - Deleted INI directory: ini\Batch_0010\EA_10Pips_EURUSD\ini
2025-04-25 13:14:31,468 - INFO - Deleted INI directory: ini\Batch_0010\EA_1H_EUR_USD\ini
2025-04-25 13:14:31,469 - INFO - Deleted INI directory: ini\Batch_0010\EA_21Hour\ini
2025-04-25 13:14:31,469 - INFO - Deleted INI directory: ini\Batch_0010\EA_2HR_HL\ini
2025-04-25 13:14:31,470 - INFO - Deleted INI directory: ini\Batch_0010\EA_2MA_4Level\ini
2025-04-25 13:14:31,471 - INFO - Deleted INI directory: ini\Batch_0010\EA_2MA_Bunny_Cross\ini
2025-04-25 13:14:31,471 - INFO - Deleted INI directory: ini\Batch_0010\EA_35Pip_Scalper\ini
2025-04-25 13:14:31,472 - INFO - Deleted INI directory: ini\Batch_0010\EA_3Bars_HighLow\ini
2025-04-25 13:14:31,473 - INFO - Deleted INI directory: ini\Batch_0010\EA_GBPUSD_M1_2001\ini
2025-04-25 13:14:31,474 - INFO - Deleted INI directory: ini\Batch_0011\EA_10Pips\ini
2025-04-25 13:14:31,474 - INFO - Deleted INI directory: ini\Batch_0011\EA_10Pips_EURUSD\ini
2025-04-25 13:14:31,475 - INFO - Deleted INI directory: ini\Batch_0011\EA_1H_EUR_USD\ini
2025-04-25 13:14:31,476 - INFO - Deleted INI directory: ini\Batch_0011\EA_21Hour\ini
2025-04-25 13:14:31,476 - INFO - Deleted INI directory: ini\Batch_0011\EA_2HR_HL\ini
2025-04-25 13:14:31,477 - INFO - Deleted INI directory: ini\Batch_0011\EA_2MA_4Level\ini
2025-04-25 13:14:31,478 - INFO - Deleted INI directory: ini\Batch_0011\EA_2MA_Bunny_Cross\ini
2025-04-25 13:14:31,478 - INFO - Deleted INI directory: ini\Batch_0011\EA_35Pip_Scalper\ini
2025-04-25 13:14:31,479 - INFO - Deleted INI directory: ini\Batch_0011\EA_3Bars_HighLow\ini
2025-04-25 13:14:31,480 - INFO - Deleted INI directory: ini\Batch_0011\EA_GBPUSD_M1_2001\ini
2025-04-25 13:14:31,480 - INFO - Deleted INI directory: ini\Batch_0012\EA_10Pips\ini
2025-04-25 13:14:31,481 - INFO - Deleted INI directory: ini\Batch_0012\EA_10Pips_EURUSD\ini
2025-04-25 13:14:31,481 - INFO - Deleted INI directory: ini\Batch_0012\EA_1H_EUR_USD\ini
2025-04-25 13:14:31,482 - INFO - Deleted INI directory: ini\Batch_0012\EA_21Hour\ini
2025-04-25 13:14:31,483 - INFO - Deleted INI directory: ini\Batch_0012\EA_2HR_HL\ini
2025-04-25 13:14:31,483 - INFO - Deleted INI directory: ini\Batch_0012\EA_2MA_4Level\ini
2025-04-25 13:14:31,484 - INFO - Deleted INI directory: ini\Batch_0012\EA_2MA_Bunny_Cross\ini
2025-04-25 13:14:31,485 - INFO - Deleted INI directory: ini\Batch_0012\EA_35Pip_Scalper\ini
2025-04-25 13:14:31,485 - INFO - Deleted INI directory: ini\Batch_0012\EA_3Bars_HighLow\ini
2025-04-25 13:14:31,486 - INFO - Deleted INI directory: ini\Batch_0012\EA_GBPUSD_M1_2001\ini
2025-04-25 13:14:31,487 - INFO - Deleted INI directory: ini\Batch_0013\EA_10Pips\ini
2025-04-25 13:14:31,487 - INFO - Deleted INI directory: ini\Batch_0013\EA_10Pips_EURUSD\ini
2025-04-25 13:14:31,488 - INFO - Deleted INI directory: ini\Batch_0013\EA_1H_EUR_USD\ini
2025-04-25 13:14:31,488 - INFO - Deleted INI directory: ini\Batch_0013\EA_21Hour\ini
2025-04-25 13:14:31,489 - INFO - Deleted INI directory: ini\Batch_0013\EA_2HR_HL\ini
2025-04-25 13:14:31,490 - INFO - Deleted INI directory: ini\Batch_0013\EA_2MA_4Level\ini
2025-04-25 13:14:31,490 - INFO - Deleted INI directory: ini\Batch_0013\EA_2MA_Bunny_Cross\ini
2025-04-25 13:14:31,491 - INFO - Deleted INI directory: ini\Batch_0013\EA_35Pip_Scalper\ini
2025-04-25 13:14:31,492 - INFO - Deleted INI directory: ini\Batch_0013\EA_3Bars_HighLow\ini
2025-04-25 13:14:31,492 - INFO - Deleted INI directory: ini\Batch_0013\EA_GBPUSD_M1_2001\ini
2025-04-25 13:14:31,493 - INFO - Deleted INI directory: ini\Batch_0014\EA_10Pips\ini
2025-04-25 13:14:31,493 - INFO - Deleted INI directory: ini\Batch_0014\EA_10Pips_EURUSD\ini
2025-04-25 13:14:31,494 - INFO - Deleted INI directory: ini\Batch_0014\EA_1H_EUR_USD\ini
2025-04-25 13:14:31,494 - INFO - Deleted INI directory: ini\Batch_0014\EA_21Hour\ini
2025-04-25 13:14:31,495 - INFO - Deleted INI directory: ini\Batch_0014\EA_2HR_HL\ini
2025-04-25 13:14:31,496 - INFO - Deleted INI directory: ini\Batch_0014\EA_2MA_4Level\ini
2025-04-25 13:14:31,496 - INFO - Deleted INI directory: ini\Batch_0014\EA_2MA_Bunny_Cross\ini
2025-04-25 13:14:31,497 - INFO - Deleted INI directory: ini\Batch_0014\EA_35Pip_Scalper\ini
2025-04-25 13:14:31,498 - INFO - Deleted INI directory: ini\Batch_0014\EA_3Bars_HighLow\ini
2025-04-25 13:14:31,498 - INFO - Deleted INI directory: ini\Batch_0014\EA_GBPUSD_M1_2001\ini
2025-04-25 13:14:31,499 - INFO - Deleted INI directory: ini\Batch_0015\EA_10Pips\ini
2025-04-25 13:14:31,499 - INFO - Deleted INI directory: ini\Batch_0015\EA_10Pips_EURUSD\ini
2025-04-25 13:14:31,500 - INFO - Deleted INI directory: ini\Batch_0015\EA_1H_EUR_USD\ini
2025-04-25 13:14:31,501 - INFO - Deleted INI directory: ini\Batch_0015\EA_21Hour\ini
2025-04-25 13:14:31,501 - INFO - Deleted INI directory: ini\Batch_0015\EA_2HR_HL\ini
2025-04-25 13:14:31,502 - INFO - Deleted INI directory: ini\Batch_0015\EA_2MA_4Level\ini
2025-04-25 13:14:31,503 - INFO - Deleted INI directory: ini\Batch_0015\EA_2MA_Bunny_Cross\ini
2025-04-25 13:14:31,503 - INFO - Deleted INI directory: ini\Batch_0015\EA_35Pip_Scalper\ini
2025-04-25 13:14:31,541 - INFO - Deleted INI directory: ini\Batch_0015\EA_3Bars_HighLow\ini
2025-04-25 13:14:31,542 - INFO - Deleted INI directory: ini\Batch_0015\EA_GBPUSD_M1_2001\ini
2025-04-25 13:14:31,543 - INFO - Deleted INI directory: ini\Batch_0016\EA_10Pips\ini
2025-04-25 13:14:31,544 - INFO - Deleted INI directory: ini\Batch_0016\EA_10Pips_EURUSD\ini
2025-04-25 13:14:31,544 - INFO - Deleted INI directory: ini\Batch_0016\EA_1H_EUR_USD\ini
2025-04-25 13:14:31,545 - INFO - Deleted INI directory: ini\Batch_0016\EA_21Hour\ini
2025-04-25 13:14:31,545 - INFO - Deleted INI directory: ini\Batch_0016\EA_2HR_HL\ini
2025-04-25 13:14:31,546 - INFO - Deleted INI directory: ini\Batch_0016\EA_2MA_4Level\ini
2025-04-25 13:14:31,547 - INFO - Deleted INI directory: ini\Batch_0016\EA_2MA_Bunny_Cross\ini
2025-04-25 13:14:31,547 - INFO - Deleted INI directory: ini\Batch_0016\EA_35Pip_Scalper\ini
2025-04-25 13:14:31,548 - INFO - Deleted INI directory: ini\Batch_0016\EA_3Bars_HighLow\ini
2025-04-25 13:14:31,549 - INFO - Deleted INI directory: ini\Batch_0016\EA_GBPUSD_M1_2001\ini
2025-04-25 13:14:31,549 - INFO - Deleted INI directory: ini\Batch_0017\EA_10Pips\ini
2025-04-25 13:14:31,550 - INFO - Deleted INI directory: ini\Batch_0017\EA_10Pips_EURUSD\ini
2025-04-25 13:14:31,550 - INFO - Deleted INI directory: ini\Batch_0017\EA_1H_EUR_USD\ini
2025-04-25 13:14:31,551 - INFO - Deleted INI directory: ini\Batch_0017\EA_21Hour\ini
2025-04-25 13:14:31,551 - INFO - Deleted INI directory: ini\Batch_0017\EA_2HR_HL\ini
2025-04-25 13:14:31,552 - INFO - Deleted INI directory: ini\Batch_0017\EA_2MA_4Level\ini
2025-04-25 13:14:31,552 - INFO - Deleted INI directory: ini\Batch_0017\EA_2MA_Bunny_Cross\ini
2025-04-25 13:14:31,553 - INFO - Deleted INI directory: ini\Batch_0017\EA_35Pip_Scalper\ini
2025-04-25 13:14:31,554 - INFO - Deleted INI directory: ini\Batch_0017\EA_3Bars_HighLow\ini
2025-04-25 13:14:31,554 - INFO - Deleted INI directory: ini\Batch_0017\EA_GBPUSD_M1_2001\ini
2025-04-25 13:14:31,554 - INFO - Deleted INI directory: ini\Batch_0018\EA_10Pips\ini
2025-04-25 13:14:31,555 - INFO - Deleted INI directory: ini\Batch_0018\EA_10Pips_EURUSD\ini
2025-04-25 13:14:31,555 - INFO - Deleted INI directory: ini\Batch_0018\EA_1H_EUR_USD\ini
2025-04-25 13:14:31,556 - INFO - Deleted INI directory: ini\Batch_0018\EA_21Hour\ini
2025-04-25 13:14:31,556 - INFO - Deleted INI directory: ini\Batch_0018\EA_2HR_HL\ini
2025-04-25 13:14:31,557 - INFO - Deleted INI directory: ini\Batch_0018\EA_2MA_4Level\ini
2025-04-25 13:14:31,557 - INFO - Deleted INI directory: ini\Batch_0018\EA_2MA_Bunny_Cross\ini
2025-04-25 13:14:31,558 - INFO - Deleted INI directory: ini\Batch_0018\EA_35Pip_Scalper\ini
2025-04-25 13:14:31,559 - INFO - Deleted INI directory: ini\Batch_0018\EA_3Bars_HighLow\ini
2025-04-25 13:14:31,559 - INFO - Deleted INI directory: ini\Batch_0018\EA_GBPUSD_M1_2001\ini
2025-04-25 13:14:31,560 - INFO - Deleted INI directory: ini\Batch_0019\EA_10Pips\ini
2025-04-25 13:14:31,560 - INFO - Deleted INI directory: ini\Batch_0019\EA_10Pips_EURUSD\ini
2025-04-25 13:14:31,561 - INFO - Deleted INI directory: ini\Batch_0019\EA_1H_EUR_USD\ini
2025-04-25 13:14:31,561 - INFO - Deleted INI directory: ini\Batch_0019\EA_21Hour\ini
2025-04-25 13:14:31,562 - INFO - Deleted INI directory: ini\Batch_0019\EA_2HR_HL\ini
2025-04-25 13:14:31,563 - INFO - Deleted INI directory: ini\Batch_0019\EA_2MA_4Level\ini
2025-04-25 13:14:31,563 - INFO - Deleted INI directory: ini\Batch_0019\EA_2MA_Bunny_Cross\ini
2025-04-25 13:14:31,564 - INFO - Deleted INI directory: ini\Batch_0019\EA_35Pip_Scalper\ini
2025-04-25 13:14:31,564 - INFO - Deleted INI directory: ini\Batch_0019\EA_3Bars_HighLow\ini
2025-04-25 13:14:31,565 - INFO - Deleted INI directory: ini\Batch_0019\EA_GBPUSD_M1_2001\ini
2025-04-25 13:14:31,566 - INFO - Deleted INI directory: ini\Batch_0020\EA_10Pips\ini
2025-04-25 13:14:31,566 - INFO - Deleted INI directory: ini\Batch_0020\EA_10Pips_EURUSD\ini
2025-04-25 13:14:31,567 - INFO - Deleted INI directory: ini\Batch_0020\EA_1H_EUR_USD\ini
2025-04-25 13:14:31,567 - INFO - Deleted INI directory: ini\Batch_0020\EA_21Hour\ini
2025-04-25 13:14:31,568 - INFO - Deleted INI directory: ini\Batch_0020\EA_2HR_HL\ini
2025-04-25 13:14:31,568 - INFO - Deleted INI directory: ini\Batch_0020\EA_2MA_4Level\ini
2025-04-25 13:14:31,569 - INFO - Deleted INI directory: ini\Batch_0020\EA_2MA_Bunny_Cross\ini
2025-04-25 13:14:31,569 - INFO - Deleted INI directory: ini\Batch_0020\EA_35Pip_Scalper\ini
2025-04-25 13:14:31,570 - INFO - Deleted INI directory: ini\Batch_0020\EA_3Bars_HighLow\ini
2025-04-25 13:14:31,570 - INFO - Deleted INI directory: ini\Batch_0020\EA_GBPUSD_M1_2001\ini
2025-04-25 13:14:31,571 - INFO - Deleted INI directory: ini\Batch_0021\EA_10Pips\ini
2025-04-25 13:14:31,571 - INFO - Deleted INI directory: ini\Batch_0021\EA_10Pips_EURUSD\ini
2025-04-25 13:14:31,572 - INFO - Deleted INI directory: ini\Batch_0021\EA_1H_EUR_USD\ini
2025-04-25 13:14:31,572 - INFO - Deleted INI directory: ini\Batch_0021\EA_21Hour\ini
2025-04-25 13:14:31,573 - INFO - Deleted INI directory: ini\Batch_0021\EA_2HR_HL\ini
2025-04-25 13:14:31,574 - INFO - Deleted INI directory: ini\Batch_0021\EA_2MA_4Level\ini
2025-04-25 13:14:31,574 - INFO - Deleted INI directory: ini\Batch_0021\EA_2MA_Bunny_Cross\ini
2025-04-25 13:14:31,575 - INFO - Deleted INI directory: ini\Batch_0021\EA_35Pip_Scalper\ini
2025-04-25 13:14:31,575 - INFO - Deleted INI directory: ini\Batch_0021\EA_3Bars_HighLow\ini
2025-04-25 13:14:31,576 - INFO - Deleted INI directory: ini\Batch_0021\EA_GBPUSD_M1_2001\ini
2025-04-25 13:14:31,576 - INFO - Deleted INI directory: ini\Batch_0022\EA_10Pips\ini
2025-04-25 13:14:31,577 - INFO - Deleted INI directory: ini\Batch_0022\EA_10Pips_EURUSD\ini
2025-04-25 13:14:31,577 - INFO - Deleted INI directory: ini\Batch_0022\EA_1H_EUR_USD\ini
2025-04-25 13:14:31,578 - INFO - Deleted INI directory: ini\Batch_0022\EA_21Hour\ini
2025-04-25 13:14:31,578 - INFO - Deleted INI directory: ini\Batch_0022\EA_2HR_HL\ini
2025-04-25 13:14:31,579 - INFO - Deleted INI directory: ini\Batch_0022\EA_2MA_4Level\ini
2025-04-25 13:14:31,580 - INFO - Deleted INI directory: ini\Batch_0022\EA_2MA_Bunny_Cross\ini
2025-04-25 13:14:31,580 - INFO - Deleted INI directory: ini\Batch_0022\EA_35Pip_Scalper\ini
2025-04-25 13:14:31,581 - INFO - Deleted INI directory: ini\Batch_0022\EA_3Bars_HighLow\ini
2025-04-25 13:14:31,581 - INFO - Deleted INI directory: ini\Batch_0022\EA_GBPUSD_M1_2001\ini
2025-04-25 13:14:31,582 - INFO - Deleted INI directory: ini\Batch_0023\EA_10Pips\ini
2025-04-25 13:14:31,582 - INFO - Deleted INI directory: ini\Batch_0023\EA_10Pips_EURUSD\ini
2025-04-25 13:14:31,583 - INFO - Deleted INI directory: ini\Batch_0023\EA_1H_EUR_USD\ini
2025-04-25 13:14:31,584 - INFO - Deleted INI directory: ini\Batch_0023\EA_21Hour\ini
2025-04-25 13:14:31,584 - INFO - Deleted INI directory: ini\Batch_0023\EA_2HR_HL\ini
2025-04-25 13:14:31,585 - INFO - Deleted INI directory: ini\Batch_0023\EA_2MA_4Level\ini
2025-04-25 13:14:31,585 - INFO - Deleted INI directory: ini\Batch_0023\EA_2MA_Bunny_Cross\ini
2025-04-25 13:14:31,586 - INFO - Deleted INI directory: ini\Batch_0023\EA_35Pip_Scalper\ini
2025-04-25 13:14:31,586 - INFO - Deleted INI directory: ini\Batch_0023\EA_3Bars_HighLow\ini
2025-04-25 13:14:31,587 - INFO - Deleted INI directory: ini\Batch_0023\EA_GBPUSD_M1_2001\ini
2025-04-25 13:14:31,588 - INFO - Deleted INI directory: ini\Batch_0024\EA_10Pips\ini
2025-04-25 13:14:31,588 - INFO - Deleted INI directory: ini\Batch_0024\EA_10Pips_EURUSD\ini
2025-04-25 13:14:31,589 - INFO - Deleted INI directory: ini\Batch_0024\EA_1H_EUR_USD\ini
2025-04-25 13:14:31,590 - INFO - Deleted INI directory: ini\Batch_0024\EA_21Hour\ini
2025-04-25 13:14:31,590 - INFO - Deleted INI directory: ini\Batch_0024\EA_2HR_HL\ini
2025-04-25 13:14:31,591 - INFO - Deleted INI directory: ini\Batch_0024\EA_2MA_4Level\ini
2025-04-25 13:14:31,591 - INFO - Deleted INI directory: ini\Batch_0024\EA_2MA_Bunny_Cross\ini
2025-04-25 13:14:31,592 - INFO - Deleted INI directory: ini\Batch_0024\EA_35Pip_Scalper\ini
2025-04-25 13:14:31,593 - INFO - Deleted INI directory: ini\Batch_0024\EA_3Bars_HighLow\ini
2025-04-25 13:14:31,593 - INFO - Deleted INI directory: ini\Batch_0024\EA_GBPUSD_M1_2001\ini
2025-04-25 13:14:31,594 - INFO - Deleted INI directory: ini\Batch_0025\EA_10Pips\ini
2025-04-25 13:14:31,595 - INFO - Deleted INI directory: ini\Batch_0025\EA_10Pips_EURUSD\ini
2025-04-25 13:14:31,595 - INFO - Deleted INI directory: ini\Batch_0025\EA_1H_EUR_USD\ini
2025-04-25 13:14:31,596 - INFO - Deleted INI directory: ini\Batch_0025\EA_21Hour\ini
2025-04-25 13:14:31,596 - INFO - Deleted INI directory: ini\Batch_0025\EA_2HR_HL\ini
2025-04-25 13:14:31,597 - INFO - Deleted INI directory: ini\Batch_0025\EA_2MA_4Level\ini
2025-04-25 13:14:31,597 - INFO - Deleted INI directory: ini\Batch_0025\EA_2MA_Bunny_Cross\ini
2025-04-25 13:14:31,598 - INFO - Deleted INI directory: ini\Batch_0025\EA_35Pip_Scalper\ini
2025-04-25 13:14:31,599 - INFO - Deleted INI directory: ini\Batch_0025\EA_3Bars_HighLow\ini
2025-04-25 13:14:31,599 - INFO - Deleted INI directory: ini\Batch_0025\EA_GBPUSD_M1_2001\ini
2025-04-25 13:14:31,600 - INFO - Deleted INI directory: ini\Batch_0026\EA_10Pips\ini
2025-04-25 13:14:31,600 - INFO - Deleted INI directory: ini\Batch_0026\EA_10Pips_EURUSD\ini
2025-04-25 13:14:31,601 - INFO - Deleted INI directory: ini\Batch_0026\EA_1H_EUR_USD\ini
2025-04-25 13:14:31,602 - INFO - Deleted INI directory: ini\Batch_0026\EA_21Hour\ini
2025-04-25 13:14:31,602 - INFO - Deleted INI directory: ini\Batch_0026\EA_2HR_HL\ini
2025-04-25 13:14:31,603 - INFO - Deleted INI directory: ini\Batch_0026\EA_2MA_4Level\ini
2025-04-25 13:14:31,603 - INFO - Deleted INI directory: ini\Batch_0026\EA_2MA_Bunny_Cross\ini
2025-04-25 13:14:31,604 - INFO - Deleted INI directory: ini\Batch_0026\EA_35Pip_Scalper\ini
2025-04-25 13:14:31,604 - INFO - Deleted INI directory: ini\Batch_0026\EA_3Bars_HighLow\ini
2025-04-25 13:14:31,605 - INFO - Deleted INI directory: ini\Batch_0026\EA_GBPUSD_M1_2001\ini
2025-04-25 13:14:31,606 - INFO - Deleted INI directory: ini\Batch_0027\EA_10Pips\ini
2025-04-25 13:14:31,606 - INFO - Deleted INI directory: ini\Batch_0027\EA_10Pips_EURUSD\ini
2025-04-25 13:14:31,607 - INFO - Deleted INI directory: ini\Batch_0027\EA_1H_EUR_USD\ini
2025-04-25 13:14:31,607 - INFO - Deleted INI directory: ini\Batch_0027\EA_21Hour\ini
2025-04-25 13:14:31,608 - INFO - Deleted INI directory: ini\Batch_0027\EA_2HR_HL\ini
2025-04-25 13:14:31,608 - INFO - Deleted INI directory: ini\Batch_0027\EA_2MA_4Level\ini
2025-04-25 13:14:31,609 - INFO - Deleted INI directory: ini\Batch_0027\EA_2MA_Bunny_Cross\ini
2025-04-25 13:14:31,610 - INFO - Deleted INI directory: ini\Batch_0027\EA_35Pip_Scalper\ini
2025-04-25 13:14:31,611 - INFO - Deleted INI directory: ini\Batch_0027\EA_3Bars_HighLow\ini
2025-04-25 13:14:31,611 - INFO - Deleted INI directory: ini\Batch_0027\EA_GBPUSD_M1_2001\ini
2025-04-25 13:14:31,612 - INFO - Deleted INI directory: ini\Batch_0028\EA_10Pips\ini
2025-04-25 13:14:31,612 - INFO - Deleted INI directory: ini\Batch_0028\EA_10Pips_EURUSD\ini
2025-04-25 13:14:31,613 - INFO - Deleted INI directory: ini\Batch_0028\EA_1H_EUR_USD\ini
2025-04-25 13:14:31,613 - INFO - Deleted INI directory: ini\Batch_0028\EA_21Hour\ini
2025-04-25 13:14:31,614 - INFO - Deleted INI directory: ini\Batch_0028\EA_2HR_HL\ini
2025-04-25 13:14:31,615 - INFO - Deleted INI directory: ini\Batch_0028\EA_2MA_4Level\ini
2025-04-25 13:14:31,615 - INFO - Deleted INI directory: ini\Batch_0028\EA_2MA_Bunny_Cross\ini
2025-04-25 13:14:31,616 - INFO - Deleted INI directory: ini\Batch_0028\EA_35Pip_Scalper\ini
2025-04-25 13:14:31,617 - INFO - Deleted INI directory: ini\Batch_0028\EA_3Bars_HighLow\ini
2025-04-25 13:14:31,617 - INFO - Deleted INI directory: ini\Batch_0028\EA_GBPUSD_M1_2001\ini
2025-04-25 13:14:31,618 - INFO - Deleted INI directory: ini\Batch_0029\EA_10Pips\ini
2025-04-25 13:14:31,618 - INFO - Deleted INI directory: ini\Batch_0029\EA_10Pips_EURUSD\ini
2025-04-25 13:14:31,619 - INFO - Deleted INI directory: ini\Batch_0029\EA_1H_EUR_USD\ini
2025-04-25 13:14:31,619 - INFO - Deleted INI directory: ini\Batch_0029\EA_21Hour\ini
2025-04-25 13:14:31,620 - INFO - Deleted INI directory: ini\Batch_0029\EA_2HR_HL\ini
2025-04-25 13:14:31,621 - INFO - Deleted INI directory: ini\Batch_0029\EA_2MA_4Level\ini
2025-04-25 13:14:31,621 - INFO - Deleted INI directory: ini\Batch_0029\EA_2MA_Bunny_Cross\ini
2025-04-25 13:14:31,622 - INFO - Deleted INI directory: ini\Batch_0029\EA_35Pip_Scalper\ini
2025-04-25 13:14:31,622 - INFO - Deleted INI directory: ini\Batch_0029\EA_3Bars_HighLow\ini
2025-04-25 13:14:31,623 - INFO - Deleted INI directory: ini\Batch_0029\EA_GBPUSD_M1_2001\ini
2025-04-25 13:14:31,623 - INFO - Deleted INI directory: ini\Batch_0030\EA_10Pips\ini
2025-04-25 13:14:31,624 - INFO - Deleted INI directory: ini\Batch_0030\EA_10Pips_EURUSD\ini
2025-04-25 13:14:31,625 - INFO - Deleted INI directory: ini\Batch_0030\EA_1H_EUR_USD\ini
2025-04-25 13:14:31,625 - INFO - Deleted INI directory: ini\Batch_0030\EA_21Hour\ini
2025-04-25 13:14:31,626 - INFO - Deleted INI directory: ini\Batch_0030\EA_2HR_HL\ini
2025-04-25 13:14:31,627 - INFO - Deleted INI directory: ini\Batch_0030\EA_2MA_4Level\ini
2025-04-25 13:14:31,627 - INFO - Deleted INI directory: ini\Batch_0030\EA_2MA_Bunny_Cross\ini
2025-04-25 13:14:31,628 - INFO - Deleted INI directory: ini\Batch_0030\EA_35Pip_Scalper\ini
2025-04-25 13:14:31,629 - INFO - Deleted INI directory: ini\Batch_0030\EA_3Bars_HighLow\ini
2025-04-25 13:14:31,629 - INFO - Deleted INI directory: ini\Batch_0030\EA_GBPUSD_M1_2001\ini
2025-04-25 13:14:31,630 - INFO - Deleted INI directory: ini\Batch_0031\EA_10Pips\ini
2025-04-25 13:14:31,631 - INFO - Deleted INI directory: ini\Batch_0031\EA_10Pips_EURUSD\ini
2025-04-25 13:14:31,631 - INFO - Deleted INI directory: ini\Batch_0031\EA_1H_EUR_USD\ini
2025-04-25 13:14:31,632 - INFO - Deleted INI directory: ini\Batch_0031\EA_21Hour\ini
2025-04-25 13:14:31,632 - INFO - Deleted INI directory: ini\Batch_0031\EA_2HR_HL\ini
2025-04-25 13:14:31,633 - INFO - Deleted INI directory: ini\Batch_0031\EA_2MA_4Level\ini
2025-04-25 13:14:31,634 - INFO - Deleted INI directory: ini\Batch_0031\EA_2MA_Bunny_Cross\ini
2025-04-25 13:14:31,634 - INFO - Deleted INI directory: ini\Batch_0031\EA_35Pip_Scalper\ini
2025-04-25 13:14:31,635 - INFO - Deleted INI directory: ini\Batch_0031\EA_3Bars_HighLow\ini
2025-04-25 13:14:31,635 - INFO - Deleted INI directory: ini\Batch_0031\EA_GBPUSD_M1_2001\ini
2025-04-25 13:14:31,636 - INFO - Deleted INI directory: ini\Batch_0032\EA_10Pips\ini
2025-04-25 13:14:31,637 - INFO - Deleted INI directory: ini\Batch_0032\EA_10Pips_EURUSD\ini
2025-04-25 13:14:31,637 - INFO - Deleted INI directory: ini\Batch_0032\EA_1H_EUR_USD\ini
2025-04-25 13:14:31,638 - INFO - Deleted INI directory: ini\Batch_0032\EA_21Hour\ini
2025-04-25 13:14:31,638 - INFO - Deleted INI directory: ini\Batch_0032\EA_2HR_HL\ini
2025-04-25 13:14:31,639 - INFO - Deleted INI directory: ini\Batch_0032\EA_2MA_4Level\ini
2025-04-25 13:14:31,639 - INFO - Deleted INI directory: ini\Batch_0032\EA_2MA_Bunny_Cross\ini
2025-04-25 13:14:31,640 - INFO - Deleted INI directory: ini\Batch_0032\EA_35Pip_Scalper\ini
2025-04-25 13:14:31,641 - INFO - Deleted INI directory: ini\Batch_0032\EA_3Bars_HighLow\ini
2025-04-25 13:14:31,641 - INFO - Deleted INI directory: ini\Batch_0032\EA_GBPUSD_M1_2001\ini
2025-04-25 13:14:31,642 - INFO - Deleted INI directory: ini\Batch_0033\EA_10Pips\ini
2025-04-25 13:14:31,642 - INFO - Deleted INI directory: ini\Batch_0033\EA_10Pips_EURUSD\ini
2025-04-25 13:14:31,643 - INFO - Deleted INI directory: ini\Batch_0033\EA_1H_EUR_USD\ini
2025-04-25 13:14:31,643 - INFO - Deleted INI directory: ini\Batch_0033\EA_21Hour\ini
2025-04-25 13:14:31,644 - INFO - Deleted INI directory: ini\Batch_0033\EA_2HR_HL\ini
2025-04-25 13:14:31,644 - INFO - Deleted INI directory: ini\Batch_0033\EA_2MA_4Level\ini
2025-04-25 13:14:31,645 - INFO - Deleted INI directory: ini\Batch_0033\EA_2MA_Bunny_Cross\ini
2025-04-25 13:14:31,646 - INFO - Deleted INI directory: ini\Batch_0033\EA_35Pip_Scalper\ini
2025-04-25 13:14:31,646 - INFO - Deleted INI directory: ini\Batch_0033\EA_3Bars_HighLow\ini
2025-04-25 13:14:31,647 - INFO - Deleted INI directory: ini\Batch_0033\EA_GBPUSD_M1_2001\ini
2025-04-25 13:14:31,647 - INFO - Deleted INI directory: ini\Batch_0034\EA_10Pips\ini
2025-04-25 13:14:31,648 - INFO - Deleted INI directory: ini\Batch_0034\EA_10Pips_EURUSD\ini
2025-04-25 13:14:31,648 - INFO - Deleted INI directory: ini\Batch_0034\EA_1H_EUR_USD\ini
2025-04-25 13:14:31,649 - INFO - Deleted INI directory: ini\Batch_0034\EA_21Hour\ini
2025-04-25 13:14:31,649 - INFO - Deleted INI directory: ini\Batch_0034\EA_2HR_HL\ini
2025-04-25 13:14:31,650 - INFO - Deleted INI directory: ini\Batch_0034\EA_2MA_4Level\ini
2025-04-25 13:14:31,651 - INFO - Deleted INI directory: ini\Batch_0034\EA_2MA_Bunny_Cross\ini
2025-04-25 13:14:31,651 - INFO - Deleted INI directory: ini\Batch_0034\EA_35Pip_Scalper\ini
2025-04-25 13:14:31,652 - INFO - Deleted INI directory: ini\Batch_0034\EA_3Bars_HighLow\ini
2025-04-25 13:14:31,652 - INFO - Deleted INI directory: ini\Batch_0034\EA_GBPUSD_M1_2001\ini
2025-04-25 13:14:31,653 - INFO - Deleted INI directory: ini\Batch_0035\EA_10Pips\ini
2025-04-25 13:14:31,653 - INFO - Deleted INI directory: ini\Batch_0035\EA_10Pips_EURUSD\ini
2025-04-25 13:14:31,654 - INFO - Deleted INI directory: ini\Batch_0035\EA_1H_EUR_USD\ini
2025-04-25 13:14:31,654 - INFO - Deleted INI directory: ini\Batch_0035\EA_21Hour\ini
2025-04-25 13:14:31,655 - INFO - Deleted INI directory: ini\Batch_0035\EA_2HR_HL\ini
2025-04-25 13:14:31,655 - INFO - Deleted INI directory: ini\Batch_0035\EA_2MA_4Level\ini
2025-04-25 13:14:31,656 - INFO - Deleted INI directory: ini\Batch_0035\EA_2MA_Bunny_Cross\ini
2025-04-25 13:14:31,656 - INFO - Deleted INI directory: ini\Batch_0035\EA_35Pip_Scalper\ini
2025-04-25 13:14:31,657 - INFO - Deleted INI directory: ini\Batch_0035\EA_3Bars_HighLow\ini
2025-04-25 13:14:31,657 - INFO - Deleted INI directory: ini\Batch_0035\EA_GBPUSD_M1_2001\ini
2025-04-25 13:14:31,658 - INFO - Deleted INI directory: ini\Batch_0036\EA_10Pips\ini
2025-04-25 13:14:31,658 - INFO - Deleted INI directory: ini\Batch_0036\EA_10Pips_EURUSD\ini
2025-04-25 13:14:31,659 - INFO - Deleted INI directory: ini\Batch_0036\EA_1H_EUR_USD\ini
2025-04-25 13:14:31,660 - INFO - Deleted INI directory: ini\Batch_0036\EA_21Hour\ini
2025-04-25 13:14:31,660 - INFO - Deleted INI directory: ini\Batch_0036\EA_2HR_HL\ini
2025-04-25 13:14:31,661 - INFO - Deleted INI directory: ini\Batch_0036\EA_2MA_4Level\ini
2025-04-25 13:14:31,661 - INFO - Deleted INI directory: ini\Batch_0036\EA_2MA_Bunny_Cross\ini
2025-04-25 13:14:31,662 - INFO - Deleted INI directory: ini\Batch_0036\EA_35Pip_Scalper\ini
2025-04-25 13:14:31,662 - INFO - Deleted INI directory: ini\Batch_0036\EA_3Bars_HighLow\ini
2025-04-25 13:14:31,663 - INFO - Deleted INI directory: ini\Batch_0036\EA_GBPUSD_M1_2001\ini
2025-04-25 13:14:31,663 - INFO - Deleted INI directory: ini\Batch_0037\EA_10Pips\ini
2025-04-25 13:14:31,664 - INFO - Deleted INI directory: ini\Batch_0037\EA_10Pips_EURUSD\ini
2025-04-25 13:14:31,664 - INFO - Deleted INI directory: ini\Batch_0037\EA_1H_EUR_USD\ini
2025-04-25 13:14:31,665 - INFO - Deleted INI directory: ini\Batch_0037\EA_21Hour\ini
2025-04-25 13:14:31,666 - INFO - Deleted INI directory: ini\Batch_0037\EA_2HR_HL\ini
2025-04-25 13:14:31,666 - INFO - Deleted INI directory: ini\Batch_0037\EA_2MA_4Level\ini
2025-04-25 13:14:31,667 - INFO - Deleted INI directory: ini\Batch_0037\EA_2MA_Bunny_Cross\ini
2025-04-25 13:14:31,667 - INFO - Deleted INI directory: ini\Batch_0037\EA_35Pip_Scalper\ini
2025-04-25 13:14:31,668 - INFO - Deleted INI directory: ini\Batch_0037\EA_3Bars_HighLow\ini
2025-04-25 13:14:31,668 - INFO - Deleted INI directory: ini\Batch_0037\EA_GBPUSD_M1_2001\ini
2025-04-25 13:14:31,669 - INFO - Deleted INI directory: ini\Batch_0038\EA_10Pips\ini
2025-04-25 13:14:31,669 - INFO - Deleted INI directory: ini\Batch_0038\EA_10Pips_EURUSD\ini
2025-04-25 13:14:31,670 - INFO - Deleted INI directory: ini\Batch_0038\EA_1H_EUR_USD\ini
2025-04-25 13:14:31,670 - INFO - Deleted INI directory: ini\Batch_0038\EA_21Hour\ini
2025-04-25 13:14:31,671 - INFO - Deleted INI directory: ini\Batch_0038\EA_2HR_HL\ini
2025-04-25 13:14:31,671 - INFO - Deleted INI directory: ini\Batch_0038\EA_2MA_4Level\ini
2025-04-25 13:14:31,672 - INFO - Deleted INI directory: ini\Batch_0038\EA_2MA_Bunny_Cross\ini
2025-04-25 13:14:31,673 - INFO - Deleted INI directory: ini\Batch_0038\EA_35Pip_Scalper\ini
2025-04-25 13:14:31,673 - INFO - Deleted INI directory: ini\Batch_0038\EA_3Bars_HighLow\ini
2025-04-25 13:14:31,674 - INFO - Deleted INI directory: ini\Batch_0038\EA_GBPUSD_M1_2001\ini
2025-04-25 13:14:31,674 - INFO - Deleted INI directory: ini\Batch_0039\EA_10Pips\ini
2025-04-25 13:14:31,675 - INFO - Deleted INI directory: ini\Batch_0039\EA_10Pips_EURUSD\ini
2025-04-25 13:14:31,676 - INFO - Deleted INI directory: ini\Batch_0039\EA_1H_EUR_USD\ini
2025-04-25 13:14:31,676 - INFO - Deleted INI directory: ini\Batch_0039\EA_21Hour\ini
2025-04-25 13:14:31,677 - INFO - Deleted INI directory: ini\Batch_0039\EA_2HR_HL\ini
2025-04-25 13:14:31,677 - INFO - Deleted INI directory: ini\Batch_0039\EA_2MA_4Level\ini
2025-04-25 13:14:31,678 - INFO - Deleted INI directory: ini\Batch_0039\EA_2MA_Bunny_Cross\ini
2025-04-25 13:14:31,678 - INFO - Deleted INI directory: ini\Batch_0039\EA_35Pip_Scalper\ini
2025-04-25 13:14:31,679 - INFO - Deleted INI directory: ini\Batch_0039\EA_3Bars_HighLow\ini
2025-04-25 13:14:31,679 - INFO - Deleted INI directory: ini\Batch_0039\EA_GBPUSD_M1_2001\ini
2025-04-25 13:14:31,680 - INFO - Deleted INI directory: ini\Batch_0040\EA_10Pips\ini
2025-04-25 13:14:31,680 - INFO - Deleted INI directory: ini\Batch_0040\EA_10Pips_EURUSD\ini
2025-04-25 13:14:31,681 - INFO - Deleted INI directory: ini\Batch_0040\EA_1H_EUR_USD\ini
2025-04-25 13:14:31,681 - INFO - Deleted INI directory: ini\Batch_0040\EA_21Hour\ini
2025-04-25 13:14:31,682 - INFO - Deleted INI directory: ini\Batch_0040\EA_2HR_HL\ini
2025-04-25 13:14:31,683 - INFO - Deleted INI directory: ini\Batch_0040\EA_2MA_4Level\ini
2025-04-25 13:14:31,683 - INFO - Deleted INI directory: ini\Batch_0040\EA_2MA_Bunny_Cross\ini
2025-04-25 13:14:31,684 - INFO - Deleted INI directory: ini\Batch_0040\EA_35Pip_Scalper\ini
2025-04-25 13:14:31,684 - INFO - Deleted INI directory: ini\Batch_0040\EA_3Bars_HighLow\ini
2025-04-25 13:14:31,685 - INFO - Deleted INI directory: ini\Batch_0040\EA_GBPUSD_M1_2001\ini
2025-04-25 13:14:31,685 - INFO - Deleted INI directory: ini\Batch_0041\EA_10Pips\ini
2025-04-25 13:14:31,686 - INFO - Deleted INI directory: ini\Batch_0041\EA_10Pips_EURUSD\ini
2025-04-25 13:14:31,686 - INFO - Deleted INI directory: ini\Batch_0041\EA_1H_EUR_USD\ini
2025-04-25 13:14:31,687 - INFO - Deleted INI directory: ini\Batch_0041\EA_21Hour\ini
2025-04-25 13:14:31,687 - INFO - Deleted INI directory: ini\Batch_0041\EA_2HR_HL\ini
2025-04-25 13:14:31,688 - INFO - Deleted INI directory: ini\Batch_0041\EA_2MA_4Level\ini
2025-04-25 13:14:31,689 - INFO - Deleted INI directory: ini\Batch_0041\EA_2MA_Bunny_Cross\ini
2025-04-25 13:14:31,689 - INFO - Deleted INI directory: ini\Batch_0041\EA_35Pip_Scalper\ini
2025-04-25 13:14:31,690 - INFO - Deleted INI directory: ini\Batch_0041\EA_3Bars_HighLow\ini
2025-04-25 13:14:31,690 - INFO - Deleted INI directory: ini\Batch_0041\EA_GBPUSD_M1_2001\ini
2025-04-25 13:14:31,691 - INFO - Deleted INI directory: ini\Batch_0042\EA_10Pips\ini
2025-04-25 13:14:31,691 - INFO - Deleted INI directory: ini\Batch_0042\EA_10Pips_EURUSD\ini
2025-04-25 13:14:31,692 - INFO - Deleted INI directory: ini\Batch_0042\EA_1H_EUR_USD\ini
2025-04-25 13:14:31,692 - INFO - Deleted INI directory: ini\Batch_0042\EA_21Hour\ini
2025-04-25 13:14:31,693 - INFO - Deleted INI directory: ini\Batch_0042\EA_2HR_HL\ini
2025-04-25 13:14:31,694 - INFO - Deleted INI directory: ini\Batch_0042\EA_2MA_4Level\ini
2025-04-25 13:14:31,694 - INFO - Deleted INI directory: ini\Batch_0042\EA_2MA_Bunny_Cross\ini
2025-04-25 13:14:31,695 - INFO - Deleted INI directory: ini\Batch_0042\EA_35Pip_Scalper\ini
2025-04-25 13:14:31,695 - INFO - Deleted INI directory: ini\Batch_0042\EA_3Bars_HighLow\ini
2025-04-25 13:14:31,696 - INFO - Deleted INI directory: ini\Batch_0042\EA_GBPUSD_M1_2001\ini
2025-04-25 13:14:31,696 - INFO - Deleted INI directory: ini\Batch_0043\EA_10Pips\ini
2025-04-25 13:14:31,697 - INFO - Deleted INI directory: ini\Batch_0043\EA_10Pips_EURUSD\ini
2025-04-25 13:14:31,697 - INFO - Deleted INI directory: ini\Batch_0043\EA_1H_EUR_USD\ini
2025-04-25 13:14:31,698 - INFO - Deleted INI directory: ini\Batch_0043\EA_21Hour\ini
2025-04-25 13:14:31,699 - INFO - Deleted INI directory: ini\Batch_0043\EA_2HR_HL\ini
2025-04-25 13:14:31,699 - INFO - Deleted INI directory: ini\Batch_0043\EA_2MA_4Level\ini
2025-04-25 13:14:31,700 - INFO - Deleted INI directory: ini\Batch_0043\EA_2MA_Bunny_Cross\ini
2025-04-25 13:14:31,700 - INFO - Deleted INI directory: ini\Batch_0043\EA_35Pip_Scalper\ini
2025-04-25 13:14:31,701 - INFO - Deleted INI directory: ini\Batch_0043\EA_3Bars_HighLow\ini
2025-04-25 13:14:31,701 - INFO - Deleted INI directory: ini\Batch_0043\EA_GBPUSD_M1_2001\ini
2025-04-25 13:14:31,702 - INFO - Deleted INI directory: ini\Batch_0044\EA_10Pips\ini
2025-04-25 13:14:31,703 - INFO - Deleted INI directory: ini\Batch_0044\EA_10Pips_EURUSD\ini
2025-04-25 13:14:31,703 - INFO - Deleted INI directory: ini\Batch_0044\EA_1H_EUR_USD\ini
2025-04-25 13:14:31,704 - INFO - Deleted INI directory: ini\Batch_0044\EA_21Hour\ini
2025-04-25 13:14:31,704 - INFO - Deleted INI directory: ini\Batch_0044\EA_2HR_HL\ini
2025-04-25 13:14:31,705 - INFO - Deleted INI directory: ini\Batch_0044\EA_2MA_4Level\ini
2025-04-25 13:14:31,706 - INFO - Deleted INI directory: ini\Batch_0044\EA_2MA_Bunny_Cross\ini
2025-04-25 13:14:31,707 - INFO - Deleted INI directory: ini\Batch_0044\EA_35Pip_Scalper\ini
2025-04-25 13:14:31,707 - INFO - Deleted INI directory: ini\Batch_0044\EA_3Bars_HighLow\ini
2025-04-25 13:14:31,708 - INFO - Deleted INI directory: ini\Batch_0044\EA_GBPUSD_M1_2001\ini
2025-04-25 13:14:31,709 - INFO - Deleted INI directory: ini\Batch_0045\EA_10Pips\ini
2025-04-25 13:14:31,709 - INFO - Deleted INI directory: ini\Batch_0045\EA_10Pips_EURUSD\ini
2025-04-25 13:14:31,710 - INFO - Deleted INI directory: ini\Batch_0045\EA_1H_EUR_USD\ini
2025-04-25 13:14:31,710 - INFO - Deleted INI directory: ini\Batch_0045\EA_21Hour\ini
2025-04-25 13:14:31,711 - INFO - Deleted INI directory: ini\Batch_0045\EA_2HR_HL\ini
2025-04-25 13:14:31,711 - INFO - Deleted INI directory: ini\Batch_0045\EA_2MA_4Level\ini
2025-04-25 13:14:31,712 - INFO - Deleted INI directory: ini\Batch_0045\EA_2MA_Bunny_Cross\ini
2025-04-25 13:14:31,712 - INFO - Deleted INI directory: ini\Batch_0045\EA_35Pip_Scalper\ini
2025-04-25 13:14:31,713 - INFO - Deleted INI directory: ini\Batch_0045\EA_3Bars_HighLow\ini
2025-04-25 13:14:31,713 - INFO - Deleted INI directory: ini\Batch_0045\EA_GBPUSD_M1_2001\ini
2025-04-25 13:14:31,714 - INFO - Deleted INI directory: ini\Batch_0046\EA_10Pips\ini
2025-04-25 13:14:31,714 - INFO - Deleted INI directory: ini\Batch_0046\EA_10Pips_EURUSD\ini
2025-04-25 13:14:31,715 - INFO - Deleted INI directory: ini\Batch_0046\EA_1H_EUR_USD\ini
2025-04-25 13:14:31,715 - INFO - Deleted INI directory: ini\Batch_0046\EA_21Hour\ini
2025-04-25 13:14:31,716 - INFO - Deleted INI directory: ini\Batch_0046\EA_2HR_HL\ini
2025-04-25 13:14:31,717 - INFO - Deleted INI directory: ini\Batch_0046\EA_2MA_4Level\ini
2025-04-25 13:14:31,717 - INFO - Deleted INI directory: ini\Batch_0046\EA_2MA_Bunny_Cross\ini
2025-04-25 13:14:31,718 - INFO - Deleted INI directory: ini\Batch_0046\EA_35Pip_Scalper\ini
2025-04-25 13:14:31,718 - INFO - Deleted INI directory: ini\Batch_0046\EA_3Bars_HighLow\ini
2025-04-25 13:14:31,719 - INFO - Deleted INI directory: ini\Batch_0046\EA_GBPUSD_M1_2001\ini
2025-04-25 13:14:31,719 - INFO - Deleted INI directory: ini\Batch_0047\EA_10Pips\ini
2025-04-25 13:14:31,720 - INFO - Deleted INI directory: ini\Batch_0047\EA_10Pips_EURUSD\ini
2025-04-25 13:14:31,720 - INFO - Deleted INI directory: ini\Batch_0047\EA_1H_EUR_USD\ini
2025-04-25 13:14:31,721 - INFO - Deleted INI directory: ini\Batch_0047\EA_21Hour\ini
2025-04-25 13:14:31,721 - INFO - Deleted INI directory: ini\Batch_0047\EA_2HR_HL\ini
2025-04-25 13:14:31,722 - INFO - Deleted INI directory: ini\Batch_0047\EA_2MA_4Level\ini
2025-04-25 13:14:31,722 - INFO - Deleted INI directory: ini\Batch_0047\EA_2MA_Bunny_Cross\ini
2025-04-25 13:14:31,723 - INFO - Deleted INI directory: ini\Batch_0047\EA_35Pip_Scalper\ini
2025-04-25 13:14:31,723 - INFO - Deleted INI directory: ini\Batch_0047\EA_3Bars_HighLow\ini
2025-04-25 13:14:31,724 - INFO - Deleted INI directory: ini\Batch_0047\EA_GBPUSD_M1_2001\ini
2025-04-25 13:14:31,724 - INFO - Deleted INI directory: ini\Batch_0048\EA_10Pips\ini
2025-04-25 13:14:31,725 - INFO - Deleted INI directory: ini\Batch_0048\EA_10Pips_EURUSD\ini
2025-04-25 13:14:31,725 - INFO - Deleted INI directory: ini\Batch_0048\EA_1H_EUR_USD\ini
2025-04-25 13:14:31,726 - INFO - Deleted INI directory: ini\Batch_0048\EA_21Hour\ini
2025-04-25 13:14:31,727 - INFO - Deleted INI directory: ini\Batch_0048\EA_2HR_HL\ini
2025-04-25 13:14:31,727 - INFO - Deleted INI directory: ini\Batch_0048\EA_2MA_4Level\ini
2025-04-25 13:14:31,728 - INFO - Deleted INI directory: ini\Batch_0048\EA_2MA_Bunny_Cross\ini
2025-04-25 13:14:31,728 - INFO - Deleted INI directory: ini\Batch_0048\EA_35Pip_Scalper\ini
2025-04-25 13:14:31,729 - INFO - Deleted INI directory: ini\Batch_0048\EA_3Bars_HighLow\ini
2025-04-25 13:14:31,729 - INFO - Deleted INI directory: ini\Batch_0048\EA_GBPUSD_M1_2001\ini
2025-04-25 13:14:31,730 - INFO - Deleted INI directory: ini\Batch_0049\EA_10Pips\ini
2025-04-25 13:14:31,730 - INFO - Deleted INI directory: ini\Batch_0049\EA_10Pips_EURUSD\ini
2025-04-25 13:14:31,731 - INFO - Deleted INI directory: ini\Batch_0049\EA_1H_EUR_USD\ini
2025-04-25 13:14:31,731 - INFO - Deleted INI directory: ini\Batch_0049\EA_21Hour\ini
2025-04-25 13:14:31,732 - INFO - Deleted INI directory: ini\Batch_0049\EA_2HR_HL\ini
2025-04-25 13:14:31,732 - INFO - Deleted INI directory: ini\Batch_0049\EA_2MA_4Level\ini
2025-04-25 13:14:31,733 - INFO - Deleted INI directory: ini\Batch_0049\EA_2MA_Bunny_Cross\ini
2025-04-25 13:14:31,734 - INFO - Deleted INI directory: ini\Batch_0049\EA_35Pip_Scalper\ini
2025-04-25 13:14:31,734 - INFO - Deleted INI directory: ini\Batch_0049\EA_3Bars_HighLow\ini
2025-04-25 13:14:31,735 - INFO - Deleted INI directory: ini\Batch_0049\EA_GBPUSD_M1_2001\ini
2025-04-25 13:14:31,735 - INFO - Deleted INI directory: ini\Batch_0050\EA_10Pips\ini
2025-04-25 13:14:31,736 - INFO - Deleted INI directory: ini\Batch_0050\EA_10Pips_EURUSD\ini
2025-04-25 13:14:31,736 - INFO - Deleted INI directory: ini\Batch_0050\EA_1H_EUR_USD\ini
2025-04-25 13:14:31,737 - INFO - Deleted INI directory: ini\Batch_0050\EA_21Hour\ini
2025-04-25 13:14:31,737 - INFO - Deleted INI directory: ini\Batch_0050\EA_2HR_HL\ini
2025-04-25 13:14:31,738 - INFO - Deleted INI directory: ini\Batch_0050\EA_2MA_4Level\ini
2025-04-25 13:14:31,738 - INFO - Deleted INI directory: ini\Batch_0050\EA_2MA_Bunny_Cross\ini
2025-04-25 13:14:31,739 - INFO - Deleted INI directory: ini\Batch_0050\EA_35Pip_Scalper\ini
2025-04-25 13:14:31,739 - INFO - Deleted INI directory: ini\Batch_0050\EA_3Bars_HighLow\ini
2025-04-25 13:14:31,740 - INFO - Deleted INI directory: ini\Batch_0050\EA_GBPUSD_M1_2001\ini
2025-04-25 13:14:31,740 - INFO - Deleted INI directory: ini\Batch_0051\EA_10Pips\ini
2025-04-25 13:14:31,741 - INFO - Deleted INI directory: ini\Batch_0051\EA_10Pips_EURUSD\ini
2025-04-25 13:14:31,741 - INFO - Deleted INI directory: ini\Batch_0051\EA_1H_EUR_USD\ini
2025-04-25 13:14:31,742 - INFO - Deleted INI directory: ini\Batch_0051\EA_21Hour\ini
2025-04-25 13:14:31,742 - INFO - Deleted INI directory: ini\Batch_0051\EA_2HR_HL\ini
2025-04-25 13:14:31,743 - INFO - Deleted INI directory: ini\Batch_0051\EA_2MA_4Level\ini
2025-04-25 13:14:31,744 - INFO - Deleted INI directory: ini\Batch_0051\EA_2MA_Bunny_Cross\ini
2025-04-25 13:14:31,744 - INFO - Deleted INI directory: ini\Batch_0051\EA_35Pip_Scalper\ini
2025-04-25 13:14:31,744 - INFO - Deleted INI directory: ini\Batch_0051\EA_3Bars_HighLow\ini
2025-04-25 13:14:31,745 - INFO - Deleted INI directory: ini\Batch_0051\EA_GBPUSD_M1_2001\ini
2025-04-25 13:14:31,745 - INFO - Deleted INI directory: ini\Batch_0052\EA_10Pips\ini
2025-04-25 13:14:31,746 - INFO - Deleted INI directory: ini\Batch_0052\EA_10Pips_EURUSD\ini
2025-04-25 13:14:31,746 - INFO - Deleted INI directory: ini\Batch_0052\EA_1H_EUR_USD\ini
2025-04-25 13:14:31,747 - INFO - Deleted INI directory: ini\Batch_0052\EA_21Hour\ini
2025-04-25 13:14:31,747 - INFO - Deleted INI directory: ini\Batch_0052\EA_2HR_HL\ini
2025-04-25 13:14:31,748 - INFO - Deleted INI directory: ini\Batch_0052\EA_2MA_4Level\ini
2025-04-25 13:14:31,749 - INFO - Deleted INI directory: ini\Batch_0052\EA_2MA_Bunny_Cross\ini
2025-04-25 13:14:31,749 - INFO - Deleted INI directory: ini\Batch_0052\EA_35Pip_Scalper\ini
2025-04-25 13:14:31,749 - INFO - Deleted INI directory: ini\Batch_0052\EA_3Bars_HighLow\ini
2025-04-25 13:14:31,750 - INFO - Deleted INI directory: ini\Batch_0052\EA_GBPUSD_M1_2001\ini
2025-04-25 13:14:31,750 - INFO - Deleted INI directory: ini\Batch_0053\EA_10Pips\ini
2025-04-25 13:14:31,751 - INFO - Deleted INI directory: ini\Batch_0053\EA_10Pips_EURUSD\ini
2025-04-25 13:14:31,751 - INFO - Deleted INI directory: ini\Batch_0053\EA_1H_EUR_USD\ini
2025-04-25 13:14:31,752 - INFO - Deleted INI directory: ini\Batch_0053\EA_21Hour\ini
2025-04-25 13:14:31,753 - INFO - Deleted INI directory: ini\Batch_0053\EA_2HR_HL\ini
2025-04-25 13:14:31,753 - INFO - Deleted INI directory: ini\Batch_0053\EA_2MA_4Level\ini
2025-04-25 13:14:31,761 - INFO - Deleted INI directory: ini\Batch_0053\EA_2MA_Bunny_Cross\ini
2025-04-25 13:14:31,762 - INFO - Deleted INI directory: ini\Batch_0053\EA_35Pip_Scalper\ini
2025-04-25 13:14:31,763 - INFO - Deleted INI directory: ini\Batch_0053\EA_3Bars_HighLow\ini
2025-04-25 13:14:31,764 - INFO - Deleted INI directory: ini\Batch_0053\EA_GBPUSD_M1_2001\ini
2025-04-25 13:14:31,764 - INFO - Deleted INI directory: ini\Batch_0054\EA_10Pips\ini
2025-04-25 13:14:31,765 - INFO - Deleted INI directory: ini\Batch_0054\EA_10Pips_EURUSD\ini
2025-04-25 13:14:31,766 - INFO - Deleted INI directory: ini\Batch_0054\EA_1H_EUR_USD\ini
2025-04-25 13:14:31,766 - INFO - Deleted INI directory: ini\Batch_0054\EA_21Hour\ini
2025-04-25 13:14:31,767 - INFO - Deleted INI directory: ini\Batch_0054\EA_2HR_HL\ini
2025-04-25 13:14:31,767 - INFO - Deleted INI directory: ini\Batch_0054\EA_2MA_4Level\ini
2025-04-25 13:14:31,768 - INFO - Deleted INI directory: ini\Batch_0054\EA_2MA_Bunny_Cross\ini
2025-04-25 13:14:31,769 - INFO - Deleted INI directory: ini\Batch_0054\EA_35Pip_Scalper\ini
2025-04-25 13:14:31,769 - INFO - Deleted INI directory: ini\Batch_0054\EA_3Bars_HighLow\ini
2025-04-25 13:14:31,770 - INFO - Deleted INI directory: ini\Batch_0054\EA_GBPUSD_M1_2001\ini
2025-04-25 13:14:31,770 - INFO - Deleted INI directory: ini\Batch_0055\EA_10Pips\ini
2025-04-25 13:14:31,771 - INFO - Deleted INI directory: ini\Batch_0055\EA_10Pips_EURUSD\ini
2025-04-25 13:14:31,771 - INFO - Deleted INI directory: ini\Batch_0055\EA_1H_EUR_USD\ini
2025-04-25 13:14:31,772 - INFO - Deleted INI directory: ini\Batch_0055\EA_21Hour\ini
2025-04-25 13:14:31,772 - INFO - Deleted INI directory: ini\Batch_0055\EA_2HR_HL\ini
2025-04-25 13:14:31,773 - INFO - Deleted INI directory: ini\Batch_0055\EA_2MA_4Level\ini
2025-04-25 13:14:31,773 - INFO - Deleted INI directory: ini\Batch_0055\EA_2MA_Bunny_Cross\ini
2025-04-25 13:14:31,774 - INFO - Deleted INI directory: ini\Batch_0055\EA_35Pip_Scalper\ini
2025-04-25 13:14:31,774 - INFO - Deleted INI directory: ini\Batch_0055\EA_3Bars_HighLow\ini
2025-04-25 13:14:31,775 - INFO - Deleted INI directory: ini\Batch_0055\EA_GBPUSD_M1_2001\ini
2025-04-25 13:14:31,775 - INFO - Deleted INI directory: ini\Batch_0056\EA_10Pips\ini
2025-04-25 13:14:31,776 - INFO - Deleted INI directory: ini\Batch_0056\EA_10Pips_EURUSD\ini
2025-04-25 13:14:31,777 - INFO - Deleted INI directory: ini\Batch_0056\EA_1H_EUR_USD\ini
2025-04-25 13:14:31,777 - INFO - Deleted INI directory: ini\Batch_0056\EA_21Hour\ini
2025-04-25 13:14:31,778 - INFO - Deleted INI directory: ini\Batch_0056\EA_2HR_HL\ini
2025-04-25 13:14:31,778 - INFO - Deleted INI directory: ini\Batch_0056\EA_2MA_4Level\ini
2025-04-25 13:14:31,779 - INFO - Deleted INI directory: ini\Batch_0056\EA_2MA_Bunny_Cross\ini
2025-04-25 13:14:31,779 - INFO - Deleted INI directory: ini\Batch_0056\EA_35Pip_Scalper\ini
2025-04-25 13:14:31,780 - INFO - Deleted INI directory: ini\Batch_0056\EA_3Bars_HighLow\ini
2025-04-25 13:14:31,780 - INFO - Deleted INI directory: ini\Batch_0056\EA_GBPUSD_M1_2001\ini
2025-04-25 13:14:31,781 - INFO - Deleted INI directory: ini\Batch_0057\EA_10Pips\ini
2025-04-25 13:14:31,781 - INFO - Deleted INI directory: ini\Batch_0057\EA_10Pips_EURUSD\ini
2025-04-25 13:14:31,782 - INFO - Deleted INI directory: ini\Batch_0057\EA_1H_EUR_USD\ini
2025-04-25 13:14:31,782 - INFO - Deleted INI directory: ini\Batch_0057\EA_21Hour\ini
2025-04-25 13:14:31,783 - INFO - Deleted INI directory: ini\Batch_0057\EA_2HR_HL\ini
2025-04-25 13:14:31,783 - INFO - Deleted INI directory: ini\Batch_0057\EA_2MA_4Level\ini
2025-04-25 13:14:31,784 - INFO - Deleted INI directory: ini\Batch_0057\EA_2MA_Bunny_Cross\ini
2025-04-25 13:14:31,785 - INFO - Deleted INI directory: ini\Batch_0057\EA_35Pip_Scalper\ini
2025-04-25 13:14:31,785 - INFO - Deleted INI directory: ini\Batch_0057\EA_3Bars_HighLow\ini
2025-04-25 13:14:31,786 - INFO - Deleted INI directory: ini\Batch_0057\EA_GBPUSD_M1_2001\ini
2025-04-25 13:14:31,786 - INFO - Deleted INI directory: ini\Batch_0058\EA_10Pips\ini
2025-04-25 13:14:31,787 - INFO - Deleted INI directory: ini\Batch_0058\EA_10Pips_EURUSD\ini
2025-04-25 13:14:31,787 - INFO - Deleted INI directory: ini\Batch_0058\EA_1H_EUR_USD\ini
2025-04-25 13:14:31,788 - INFO - Deleted INI directory: ini\Batch_0058\EA_21Hour\ini
2025-04-25 13:14:31,789 - INFO - Deleted INI directory: ini\Batch_0058\EA_2HR_HL\ini
2025-04-25 13:14:31,789 - INFO - Deleted INI directory: ini\Batch_0058\EA_2MA_4Level\ini
2025-04-25 13:14:31,790 - INFO - Deleted INI directory: ini\Batch_0058\EA_2MA_Bunny_Cross\ini
2025-04-25 13:14:31,790 - INFO - Deleted INI directory: ini\Batch_0058\EA_35Pip_Scalper\ini
2025-04-25 13:14:31,791 - INFO - Deleted INI directory: ini\Batch_0058\EA_3Bars_HighLow\ini
2025-04-25 13:14:31,791 - INFO - Deleted INI directory: ini\Batch_0058\EA_GBPUSD_M1_2001\ini
2025-04-25 13:14:31,792 - INFO - Deleted INI directory: ini\Batch_0059\EA_10Pips\ini
2025-04-25 13:14:31,793 - INFO - Deleted INI directory: ini\Batch_0059\EA_10Pips_EURUSD\ini
2025-04-25 13:14:31,793 - INFO - Deleted INI directory: ini\Batch_0059\EA_1H_EUR_USD\ini
2025-04-25 13:14:31,794 - INFO - Deleted INI directory: ini\Batch_0059\EA_21Hour\ini
2025-04-25 13:14:31,794 - INFO - Deleted INI directory: ini\Batch_0059\EA_2HR_HL\ini
2025-04-25 13:14:31,795 - INFO - Deleted INI directory: ini\Batch_0059\EA_2MA_4Level\ini
2025-04-25 13:14:31,795 - INFO - Deleted INI directory: ini\Batch_0059\EA_2MA_Bunny_Cross\ini
2025-04-25 13:14:31,796 - INFO - Deleted INI directory: ini\Batch_0059\EA_35Pip_Scalper\ini
2025-04-25 13:14:31,796 - INFO - Deleted INI directory: ini\Batch_0059\EA_3Bars_HighLow\ini
2025-04-25 13:14:31,797 - INFO - Deleted INI directory: ini\Batch_0059\EA_GBPUSD_M1_2001\ini
2025-04-25 13:14:31,797 - INFO - Deleted INI directory: ini\Batch_0060\EA_10Pips\ini
2025-04-25 13:14:31,798 - INFO - Deleted INI directory: ini\Batch_0060\EA_10Pips_EURUSD\ini
2025-04-25 13:14:31,799 - INFO - Deleted INI directory: ini\Batch_0060\EA_1H_EUR_USD\ini
2025-04-25 13:14:31,799 - INFO - Deleted INI directory: ini\Batch_0060\EA_21Hour\ini
2025-04-25 13:14:31,800 - INFO - Deleted INI directory: ini\Batch_0060\EA_2HR_HL\ini
2025-04-25 13:14:31,800 - INFO - Deleted INI directory: ini\Batch_0060\EA_2MA_4Level\ini
2025-04-25 13:14:31,801 - INFO - Deleted INI directory: ini\Batch_0060\EA_2MA_Bunny_Cross\ini
2025-04-25 13:14:31,801 - INFO - Deleted INI directory: ini\Batch_0060\EA_35Pip_Scalper\ini
2025-04-25 13:14:31,802 - INFO - Deleted INI directory: ini\Batch_0060\EA_3Bars_HighLow\ini
2025-04-25 13:14:31,802 - INFO - Deleted INI directory: ini\Batch_0060\EA_GBPUSD_M1_2001\ini
2025-04-25 13:14:31,803 - INFO - Successfully deleted 600 INI directories
