2025-04-25 13:20:39,145 - INFO - Deleted INI directory: ini\Batch_0001\ea_10pips\ini
2025-04-25 13:20:39,146 - INFO - Deleted INI directory: ini\Batch_0001\ea_10pips_eur_usd\ini
2025-04-25 13:20:39,147 - INFO - Deleted INI directory: ini\Batch_0001\ea_1h_eur_usd\ini
2025-04-25 13:20:39,148 - INFO - Deleted INI directory: ini\Batch_0001\ea_21hour\ini
2025-04-25 13:20:39,148 - INFO - Deleted INI directory: ini\Batch_0001\ea_2hr_hl\ini
2025-04-25 13:20:39,149 - INFO - Deleted INI directory: ini\Batch_0001\ea_2ma_4level\ini
2025-04-25 13:20:39,150 - INFO - Deleted INI directory: ini\Batch_0001\ea_2ma_bunny_cross\ini
2025-04-25 13:20:39,151 - INFO - Deleted INI directory: ini\Batch_0001\ea_35pip_scalper\ini
2025-04-25 13:20:39,152 - INFO - Deleted INI directory: ini\Batch_0001\ea_3bars_highlow\ini
2025-04-25 13:20:39,153 - INFO - Deleted INI directory: ini\Batch_0001\ea_gbp_usd_m1_2001\ini
2025-04-25 13:20:39,154 - INFO - Deleted INI directory: ini\Batch_0002\ea_10pips\ini
2025-04-25 13:20:39,155 - INFO - Deleted INI directory: ini\Batch_0002\ea_10pips_eur_usd\ini
2025-04-25 13:20:39,155 - INFO - Deleted INI directory: ini\Batch_0002\ea_1h_eur_usd\ini
2025-04-25 13:20:39,156 - INFO - Deleted INI directory: ini\Batch_0002\ea_21hour\ini
2025-04-25 13:20:39,157 - INFO - Deleted INI directory: ini\Batch_0002\ea_2hr_hl\ini
2025-04-25 13:20:39,158 - INFO - Deleted INI directory: ini\Batch_0002\ea_2ma_4level\ini
2025-04-25 13:20:39,159 - INFO - Deleted INI directory: ini\Batch_0002\ea_2ma_bunny_cross\ini
2025-04-25 13:20:39,159 - INFO - Deleted INI directory: ini\Batch_0002\ea_35pip_scalper\ini
2025-04-25 13:20:39,160 - INFO - Deleted INI directory: ini\Batch_0002\ea_3bars_highlow\ini
2025-04-25 13:20:39,161 - INFO - Deleted INI directory: ini\Batch_0002\ea_gbp_usd_m1_2001\ini
2025-04-25 13:20:39,162 - INFO - Deleted INI directory: ini\Batch_0003\ea_10pips\ini
2025-04-25 13:20:39,163 - INFO - Deleted INI directory: ini\Batch_0003\ea_10pips_eur_usd\ini
2025-04-25 13:20:39,163 - INFO - Deleted INI directory: ini\Batch_0003\ea_1h_eur_usd\ini
2025-04-25 13:20:39,164 - INFO - Deleted INI directory: ini\Batch_0003\ea_21hour\ini
2025-04-25 13:20:39,165 - INFO - Deleted INI directory: ini\Batch_0003\ea_2hr_hl\ini
2025-04-25 13:20:39,166 - INFO - Deleted INI directory: ini\Batch_0003\ea_2ma_4level\ini
2025-04-25 13:20:39,166 - INFO - Deleted INI directory: ini\Batch_0003\ea_2ma_bunny_cross\ini
2025-04-25 13:20:39,167 - INFO - Deleted INI directory: ini\Batch_0003\ea_35pip_scalper\ini
2025-04-25 13:20:39,168 - INFO - Deleted INI directory: ini\Batch_0003\ea_3bars_highlow\ini
2025-04-25 13:20:39,169 - INFO - Deleted INI directory: ini\Batch_0003\ea_gbp_usd_m1_2001\ini
2025-04-25 13:20:39,169 - INFO - Deleted INI directory: ini\Batch_0004\ea_10pips\ini
2025-04-25 13:20:39,170 - INFO - Deleted INI directory: ini\Batch_0004\ea_10pips_eur_usd\ini
2025-04-25 13:20:39,171 - INFO - Deleted INI directory: ini\Batch_0004\ea_1h_eur_usd\ini
2025-04-25 13:20:39,171 - INFO - Deleted INI directory: ini\Batch_0004\ea_21hour\ini
2025-04-25 13:20:39,172 - INFO - Deleted INI directory: ini\Batch_0004\ea_2hr_hl\ini
2025-04-25 13:20:39,173 - INFO - Deleted INI directory: ini\Batch_0004\ea_2ma_4level\ini
2025-04-25 13:20:39,174 - INFO - Deleted INI directory: ini\Batch_0004\ea_2ma_bunny_cross\ini
2025-04-25 13:20:39,175 - INFO - Deleted INI directory: ini\Batch_0004\ea_35pip_scalper\ini
2025-04-25 13:20:39,175 - INFO - Deleted INI directory: ini\Batch_0004\ea_3bars_highlow\ini
2025-04-25 13:20:39,176 - INFO - Deleted INI directory: ini\Batch_0004\ea_gbp_usd_m1_2001\ini
2025-04-25 13:20:39,177 - INFO - Deleted INI directory: ini\Batch_0005\ea_10pips\ini
2025-04-25 13:20:39,178 - INFO - Deleted INI directory: ini\Batch_0005\ea_10pips_eur_usd\ini
2025-04-25 13:20:39,179 - INFO - Deleted INI directory: ini\Batch_0005\ea_1h_eur_usd\ini
2025-04-25 13:20:39,180 - INFO - Deleted INI directory: ini\Batch_0005\ea_21hour\ini
2025-04-25 13:20:39,180 - INFO - Deleted INI directory: ini\Batch_0005\ea_2hr_hl\ini
2025-04-25 13:20:39,181 - INFO - Deleted INI directory: ini\Batch_0005\ea_2ma_4level\ini
2025-04-25 13:20:39,182 - INFO - Deleted INI directory: ini\Batch_0005\ea_2ma_bunny_cross\ini
2025-04-25 13:20:39,182 - INFO - Deleted INI directory: ini\Batch_0005\ea_35pip_scalper\ini
2025-04-25 13:20:39,183 - INFO - Deleted INI directory: ini\Batch_0005\ea_3bars_highlow\ini
2025-04-25 13:20:39,184 - INFO - Deleted INI directory: ini\Batch_0005\ea_gbp_usd_m1_2001\ini
2025-04-25 13:20:39,185 - INFO - Deleted INI directory: ini\Batch_0006\ea_10pips\ini
2025-04-25 13:20:39,186 - INFO - Deleted INI directory: ini\Batch_0006\ea_10pips_eur_usd\ini
2025-04-25 13:20:39,187 - INFO - Deleted INI directory: ini\Batch_0006\ea_1h_eur_usd\ini
2025-04-25 13:20:39,187 - INFO - Deleted INI directory: ini\Batch_0006\ea_21hour\ini
2025-04-25 13:20:39,188 - INFO - Deleted INI directory: ini\Batch_0006\ea_2hr_hl\ini
2025-04-25 13:20:39,189 - INFO - Deleted INI directory: ini\Batch_0006\ea_2ma_4level\ini
2025-04-25 13:20:39,190 - INFO - Deleted INI directory: ini\Batch_0006\ea_2ma_bunny_cross\ini
2025-04-25 13:20:39,191 - INFO - Deleted INI directory: ini\Batch_0006\ea_35pip_scalper\ini
2025-04-25 13:20:39,192 - INFO - Deleted INI directory: ini\Batch_0006\ea_3bars_highlow\ini
2025-04-25 13:20:39,193 - INFO - Deleted INI directory: ini\Batch_0006\ea_gbp_usd_m1_2001\ini
2025-04-25 13:20:39,194 - INFO - Deleted INI directory: ini\Batch_0007\ea_10pips\ini
2025-04-25 13:20:39,195 - INFO - Deleted INI directory: ini\Batch_0007\ea_10pips_eur_usd\ini
2025-04-25 13:20:39,196 - INFO - Deleted INI directory: ini\Batch_0007\ea_1h_eur_usd\ini
2025-04-25 13:20:39,198 - INFO - Deleted INI directory: ini\Batch_0007\ea_21hour\ini
2025-04-25 13:20:39,199 - INFO - Deleted INI directory: ini\Batch_0007\ea_2hr_hl\ini
2025-04-25 13:20:39,199 - INFO - Deleted INI directory: ini\Batch_0007\ea_2ma_4level\ini
2025-04-25 13:20:39,201 - INFO - Deleted INI directory: ini\Batch_0007\ea_2ma_bunny_cross\ini
2025-04-25 13:20:39,202 - INFO - Deleted INI directory: ini\Batch_0007\ea_35pip_scalper\ini
2025-04-25 13:20:39,203 - INFO - Deleted INI directory: ini\Batch_0007\ea_3bars_highlow\ini
2025-04-25 13:20:39,205 - INFO - Deleted INI directory: ini\Batch_0007\ea_gbp_usd_m1_2001\ini
2025-04-25 13:20:39,206 - INFO - Deleted INI directory: ini\Batch_0008\ea_10pips\ini
2025-04-25 13:20:39,207 - INFO - Deleted INI directory: ini\Batch_0008\ea_10pips_eur_usd\ini
2025-04-25 13:20:39,208 - INFO - Deleted INI directory: ini\Batch_0008\ea_1h_eur_usd\ini
2025-04-25 13:20:39,209 - INFO - Deleted INI directory: ini\Batch_0008\ea_21hour\ini
2025-04-25 13:20:39,210 - INFO - Deleted INI directory: ini\Batch_0008\ea_2hr_hl\ini
2025-04-25 13:20:39,212 - INFO - Deleted INI directory: ini\Batch_0008\ea_2ma_4level\ini
2025-04-25 13:20:39,213 - INFO - Deleted INI directory: ini\Batch_0008\ea_2ma_bunny_cross\ini
2025-04-25 13:20:39,215 - INFO - Deleted INI directory: ini\Batch_0008\ea_35pip_scalper\ini
2025-04-25 13:20:39,216 - INFO - Deleted INI directory: ini\Batch_0008\ea_3bars_highlow\ini
2025-04-25 13:20:39,218 - INFO - Deleted INI directory: ini\Batch_0008\ea_gbp_usd_m1_2001\ini
2025-04-25 13:20:39,220 - INFO - Deleted INI directory: ini\Batch_0009\ea_10pips\ini
2025-04-25 13:20:39,222 - INFO - Deleted INI directory: ini\Batch_0009\ea_10pips_eur_usd\ini
2025-04-25 13:20:39,223 - INFO - Deleted INI directory: ini\Batch_0009\ea_1h_eur_usd\ini
2025-04-25 13:20:39,224 - INFO - Deleted INI directory: ini\Batch_0009\ea_21hour\ini
2025-04-25 13:20:39,225 - INFO - Deleted INI directory: ini\Batch_0009\ea_2hr_hl\ini
2025-04-25 13:20:39,227 - INFO - Deleted INI directory: ini\Batch_0009\ea_2ma_4level\ini
2025-04-25 13:20:39,228 - INFO - Deleted INI directory: ini\Batch_0009\ea_2ma_bunny_cross\ini
2025-04-25 13:20:39,229 - INFO - Deleted INI directory: ini\Batch_0009\ea_35pip_scalper\ini
2025-04-25 13:20:39,229 - INFO - Deleted INI directory: ini\Batch_0009\ea_3bars_highlow\ini
2025-04-25 13:20:39,230 - INFO - Deleted INI directory: ini\Batch_0009\ea_gbp_usd_m1_2001\ini
2025-04-25 13:20:39,231 - INFO - Deleted INI directory: ini\Batch_0010\ea_10pips\ini
2025-04-25 13:20:39,232 - INFO - Deleted INI directory: ini\Batch_0010\ea_10pips_eur_usd\ini
2025-04-25 13:20:39,233 - INFO - Deleted INI directory: ini\Batch_0010\ea_1h_eur_usd\ini
2025-04-25 13:20:39,234 - INFO - Deleted INI directory: ini\Batch_0010\ea_21hour\ini
2025-04-25 13:20:39,235 - INFO - Deleted INI directory: ini\Batch_0010\ea_2hr_hl\ini
2025-04-25 13:20:39,236 - INFO - Deleted INI directory: ini\Batch_0010\ea_2ma_4level\ini
2025-04-25 13:20:39,237 - INFO - Deleted INI directory: ini\Batch_0010\ea_2ma_bunny_cross\ini
2025-04-25 13:20:39,238 - INFO - Deleted INI directory: ini\Batch_0010\ea_35pip_scalper\ini
2025-04-25 13:20:39,239 - INFO - Deleted INI directory: ini\Batch_0010\ea_3bars_highlow\ini
2025-04-25 13:20:39,240 - INFO - Deleted INI directory: ini\Batch_0010\ea_gbp_usd_m1_2001\ini
2025-04-25 13:20:39,241 - INFO - Deleted INI directory: ini\Batch_0011\ea_10pips\ini
2025-04-25 13:20:39,242 - INFO - Deleted INI directory: ini\Batch_0011\ea_10pips_eur_usd\ini
2025-04-25 13:20:39,243 - INFO - Deleted INI directory: ini\Batch_0011\ea_1h_eur_usd\ini
2025-04-25 13:20:39,244 - INFO - Deleted INI directory: ini\Batch_0011\ea_21hour\ini
2025-04-25 13:20:39,245 - INFO - Deleted INI directory: ini\Batch_0011\ea_2hr_hl\ini
2025-04-25 13:20:39,246 - INFO - Deleted INI directory: ini\Batch_0011\ea_2ma_4level\ini
2025-04-25 13:20:39,247 - INFO - Deleted INI directory: ini\Batch_0011\ea_2ma_bunny_cross\ini
2025-04-25 13:20:39,248 - INFO - Deleted INI directory: ini\Batch_0011\ea_35pip_scalper\ini
2025-04-25 13:20:39,248 - INFO - Deleted INI directory: ini\Batch_0011\ea_3bars_highlow\ini
2025-04-25 13:20:39,249 - INFO - Deleted INI directory: ini\Batch_0011\ea_gbp_usd_m1_2001\ini
2025-04-25 13:20:39,250 - INFO - Deleted INI directory: ini\Batch_0012\ea_10pips\ini
2025-04-25 13:20:39,251 - INFO - Deleted INI directory: ini\Batch_0012\ea_10pips_eur_usd\ini
2025-04-25 13:20:39,252 - INFO - Deleted INI directory: ini\Batch_0012\ea_1h_eur_usd\ini
2025-04-25 13:20:39,253 - INFO - Deleted INI directory: ini\Batch_0012\ea_21hour\ini
2025-04-25 13:20:39,254 - INFO - Deleted INI directory: ini\Batch_0012\ea_2hr_hl\ini
2025-04-25 13:20:39,255 - INFO - Deleted INI directory: ini\Batch_0012\ea_2ma_4level\ini
2025-04-25 13:20:39,256 - INFO - Deleted INI directory: ini\Batch_0012\ea_2ma_bunny_cross\ini
2025-04-25 13:20:39,257 - INFO - Deleted INI directory: ini\Batch_0012\ea_35pip_scalper\ini
2025-04-25 13:20:39,258 - INFO - Deleted INI directory: ini\Batch_0012\ea_3bars_highlow\ini
2025-04-25 13:20:39,259 - INFO - Deleted INI directory: ini\Batch_0012\ea_gbp_usd_m1_2001\ini
2025-04-25 13:20:39,260 - INFO - Deleted INI directory: ini\Batch_0013\ea_10pips\ini
2025-04-25 13:20:39,261 - INFO - Deleted INI directory: ini\Batch_0013\ea_10pips_eur_usd\ini
2025-04-25 13:20:39,262 - INFO - Deleted INI directory: ini\Batch_0013\ea_1h_eur_usd\ini
2025-04-25 13:20:39,263 - INFO - Deleted INI directory: ini\Batch_0013\ea_21hour\ini
2025-04-25 13:20:39,265 - INFO - Deleted INI directory: ini\Batch_0013\ea_2hr_hl\ini
2025-04-25 13:20:39,266 - INFO - Deleted INI directory: ini\Batch_0013\ea_2ma_4level\ini
2025-04-25 13:20:39,268 - INFO - Deleted INI directory: ini\Batch_0013\ea_2ma_bunny_cross\ini
2025-04-25 13:20:39,269 - INFO - Deleted INI directory: ini\Batch_0013\ea_35pip_scalper\ini
2025-04-25 13:20:39,270 - INFO - Deleted INI directory: ini\Batch_0013\ea_3bars_highlow\ini
2025-04-25 13:20:39,271 - INFO - Deleted INI directory: ini\Batch_0013\ea_gbp_usd_m1_2001\ini
2025-04-25 13:20:39,273 - INFO - Deleted INI directory: ini\Batch_0014\ea_10pips\ini
2025-04-25 13:20:39,274 - INFO - Deleted INI directory: ini\Batch_0014\ea_10pips_eur_usd\ini
2025-04-25 13:20:39,275 - INFO - Deleted INI directory: ini\Batch_0014\ea_1h_eur_usd\ini
2025-04-25 13:20:39,276 - INFO - Deleted INI directory: ini\Batch_0014\ea_21hour\ini
2025-04-25 13:20:39,278 - INFO - Deleted INI directory: ini\Batch_0014\ea_2hr_hl\ini
2025-04-25 13:20:39,279 - INFO - Deleted INI directory: ini\Batch_0014\ea_2ma_4level\ini
2025-04-25 13:20:39,280 - INFO - Deleted INI directory: ini\Batch_0014\ea_2ma_bunny_cross\ini
2025-04-25 13:20:39,281 - INFO - Deleted INI directory: ini\Batch_0014\ea_35pip_scalper\ini
2025-04-25 13:20:39,283 - INFO - Deleted INI directory: ini\Batch_0014\ea_3bars_highlow\ini
2025-04-25 13:20:39,284 - INFO - Deleted INI directory: ini\Batch_0014\ea_gbp_usd_m1_2001\ini
2025-04-25 13:20:39,284 - INFO - Deleted INI directory: ini\Batch_0015\ea_10pips\ini
2025-04-25 13:20:39,286 - INFO - Deleted INI directory: ini\Batch_0015\ea_10pips_eur_usd\ini
2025-04-25 13:20:39,286 - INFO - Deleted INI directory: ini\Batch_0015\ea_1h_eur_usd\ini
2025-04-25 13:20:39,287 - INFO - Deleted INI directory: ini\Batch_0015\ea_21hour\ini
2025-04-25 13:20:39,289 - INFO - Deleted INI directory: ini\Batch_0015\ea_2hr_hl\ini
2025-04-25 13:20:39,290 - INFO - Deleted INI directory: ini\Batch_0015\ea_2ma_4level\ini
2025-04-25 13:20:39,291 - INFO - Deleted INI directory: ini\Batch_0015\ea_2ma_bunny_cross\ini
2025-04-25 13:20:39,292 - INFO - Deleted INI directory: ini\Batch_0015\ea_35pip_scalper\ini
2025-04-25 13:20:39,293 - INFO - Deleted INI directory: ini\Batch_0015\ea_3bars_highlow\ini
2025-04-25 13:20:39,294 - INFO - Deleted INI directory: ini\Batch_0015\ea_gbp_usd_m1_2001\ini
2025-04-25 13:20:39,295 - INFO - Deleted INI directory: ini\Batch_0016\ea_10pips\ini
2025-04-25 13:20:39,296 - INFO - Deleted INI directory: ini\Batch_0016\ea_10pips_eur_usd\ini
2025-04-25 13:20:39,297 - INFO - Deleted INI directory: ini\Batch_0016\ea_1h_eur_usd\ini
2025-04-25 13:20:39,298 - INFO - Deleted INI directory: ini\Batch_0016\ea_21hour\ini
2025-04-25 13:20:39,298 - INFO - Deleted INI directory: ini\Batch_0016\ea_2hr_hl\ini
2025-04-25 13:20:39,299 - INFO - Deleted INI directory: ini\Batch_0016\ea_2ma_4level\ini
2025-04-25 13:20:39,300 - INFO - Deleted INI directory: ini\Batch_0016\ea_2ma_bunny_cross\ini
2025-04-25 13:20:39,300 - INFO - Deleted INI directory: ini\Batch_0016\ea_35pip_scalper\ini
2025-04-25 13:20:39,301 - INFO - Deleted INI directory: ini\Batch_0016\ea_3bars_highlow\ini
2025-04-25 13:20:39,302 - INFO - Deleted INI directory: ini\Batch_0016\ea_gbp_usd_m1_2001\ini
2025-04-25 13:20:39,302 - INFO - Deleted INI directory: ini\Batch_0017\ea_10pips\ini
2025-04-25 13:20:39,303 - INFO - Deleted INI directory: ini\Batch_0017\ea_10pips_eur_usd\ini
2025-04-25 13:20:39,304 - INFO - Deleted INI directory: ini\Batch_0017\ea_1h_eur_usd\ini
2025-04-25 13:20:39,304 - INFO - Deleted INI directory: ini\Batch_0017\ea_21hour\ini
2025-04-25 13:20:39,305 - INFO - Deleted INI directory: ini\Batch_0017\ea_2hr_hl\ini
2025-04-25 13:20:39,306 - INFO - Deleted INI directory: ini\Batch_0017\ea_2ma_4level\ini
2025-04-25 13:20:39,306 - INFO - Deleted INI directory: ini\Batch_0017\ea_2ma_bunny_cross\ini
2025-04-25 13:20:39,307 - INFO - Deleted INI directory: ini\Batch_0017\ea_35pip_scalper\ini
2025-04-25 13:20:39,307 - INFO - Deleted INI directory: ini\Batch_0017\ea_3bars_highlow\ini
2025-04-25 13:20:39,308 - INFO - Deleted INI directory: ini\Batch_0017\ea_gbp_usd_m1_2001\ini
2025-04-25 13:20:39,309 - INFO - Deleted INI directory: ini\Batch_0018\ea_10pips\ini
2025-04-25 13:20:39,310 - INFO - Deleted INI directory: ini\Batch_0018\ea_10pips_eur_usd\ini
2025-04-25 13:20:39,311 - INFO - Deleted INI directory: ini\Batch_0018\ea_1h_eur_usd\ini
2025-04-25 13:20:39,311 - INFO - Deleted INI directory: ini\Batch_0018\ea_21hour\ini
2025-04-25 13:20:39,312 - INFO - Deleted INI directory: ini\Batch_0018\ea_2hr_hl\ini
2025-04-25 13:20:39,312 - INFO - Deleted INI directory: ini\Batch_0018\ea_2ma_4level\ini
2025-04-25 13:20:39,313 - INFO - Deleted INI directory: ini\Batch_0018\ea_2ma_bunny_cross\ini
2025-04-25 13:20:39,314 - INFO - Deleted INI directory: ini\Batch_0018\ea_35pip_scalper\ini
2025-04-25 13:20:39,314 - INFO - Deleted INI directory: ini\Batch_0018\ea_3bars_highlow\ini
2025-04-25 13:20:39,315 - INFO - Deleted INI directory: ini\Batch_0018\ea_gbp_usd_m1_2001\ini
2025-04-25 13:20:39,316 - INFO - Deleted INI directory: ini\Batch_0019\ea_10pips\ini
2025-04-25 13:20:39,317 - INFO - Deleted INI directory: ini\Batch_0019\ea_10pips_eur_usd\ini
2025-04-25 13:20:39,317 - INFO - Deleted INI directory: ini\Batch_0019\ea_1h_eur_usd\ini
2025-04-25 13:20:39,318 - INFO - Deleted INI directory: ini\Batch_0019\ea_21hour\ini
2025-04-25 13:20:39,318 - INFO - Deleted INI directory: ini\Batch_0019\ea_2hr_hl\ini
2025-04-25 13:20:39,319 - INFO - Deleted INI directory: ini\Batch_0019\ea_2ma_4level\ini
2025-04-25 13:20:39,320 - INFO - Deleted INI directory: ini\Batch_0019\ea_2ma_bunny_cross\ini
2025-04-25 13:20:39,320 - INFO - Deleted INI directory: ini\Batch_0019\ea_35pip_scalper\ini
2025-04-25 13:20:39,321 - INFO - Deleted INI directory: ini\Batch_0019\ea_3bars_highlow\ini
2025-04-25 13:20:39,322 - INFO - Deleted INI directory: ini\Batch_0019\ea_gbp_usd_m1_2001\ini
2025-04-25 13:20:39,322 - INFO - Deleted INI directory: ini\Batch_0020\ea_10pips\ini
2025-04-25 13:20:39,323 - INFO - Deleted INI directory: ini\Batch_0020\ea_10pips_eur_usd\ini
2025-04-25 13:20:39,324 - INFO - Deleted INI directory: ini\Batch_0020\ea_1h_eur_usd\ini
2025-04-25 13:20:39,324 - INFO - Deleted INI directory: ini\Batch_0020\ea_21hour\ini
2025-04-25 13:20:39,325 - INFO - Deleted INI directory: ini\Batch_0020\ea_2hr_hl\ini
2025-04-25 13:20:39,326 - INFO - Deleted INI directory: ini\Batch_0020\ea_2ma_4level\ini
2025-04-25 13:20:39,326 - INFO - Deleted INI directory: ini\Batch_0020\ea_2ma_bunny_cross\ini
2025-04-25 13:20:39,327 - INFO - Deleted INI directory: ini\Batch_0020\ea_35pip_scalper\ini
2025-04-25 13:20:39,328 - INFO - Deleted INI directory: ini\Batch_0020\ea_3bars_highlow\ini
2025-04-25 13:20:39,328 - INFO - Deleted INI directory: ini\Batch_0020\ea_gbp_usd_m1_2001\ini
2025-04-25 13:20:39,329 - INFO - Deleted INI directory: ini\Batch_0021\ea_10pips\ini
2025-04-25 13:20:39,329 - INFO - Deleted INI directory: ini\Batch_0021\ea_10pips_eur_usd\ini
2025-04-25 13:20:39,330 - INFO - Deleted INI directory: ini\Batch_0021\ea_1h_eur_usd\ini
2025-04-25 13:20:39,331 - INFO - Deleted INI directory: ini\Batch_0021\ea_21hour\ini
2025-04-25 13:20:39,331 - INFO - Deleted INI directory: ini\Batch_0021\ea_2hr_hl\ini
2025-04-25 13:20:39,332 - INFO - Deleted INI directory: ini\Batch_0021\ea_2ma_4level\ini
2025-04-25 13:20:39,333 - INFO - Deleted INI directory: ini\Batch_0021\ea_2ma_bunny_cross\ini
2025-04-25 13:20:39,333 - INFO - Deleted INI directory: ini\Batch_0021\ea_35pip_scalper\ini
2025-04-25 13:20:39,334 - INFO - Deleted INI directory: ini\Batch_0021\ea_3bars_highlow\ini
2025-04-25 13:20:39,335 - INFO - Deleted INI directory: ini\Batch_0021\ea_gbp_usd_m1_2001\ini
2025-04-25 13:20:39,335 - INFO - Deleted INI directory: ini\Batch_0022\ea_10pips\ini
2025-04-25 13:20:39,336 - INFO - Deleted INI directory: ini\Batch_0022\ea_10pips_eur_usd\ini
2025-04-25 13:20:39,337 - INFO - Deleted INI directory: ini\Batch_0022\ea_1h_eur_usd\ini
2025-04-25 13:20:39,337 - INFO - Deleted INI directory: ini\Batch_0022\ea_21hour\ini
2025-04-25 13:20:39,338 - INFO - Deleted INI directory: ini\Batch_0022\ea_2hr_hl\ini
2025-04-25 13:20:39,339 - INFO - Deleted INI directory: ini\Batch_0022\ea_2ma_4level\ini
2025-04-25 13:20:39,340 - INFO - Deleted INI directory: ini\Batch_0022\ea_2ma_bunny_cross\ini
2025-04-25 13:20:39,340 - INFO - Deleted INI directory: ini\Batch_0022\ea_35pip_scalper\ini
2025-04-25 13:20:39,341 - INFO - Deleted INI directory: ini\Batch_0022\ea_3bars_highlow\ini
2025-04-25 13:20:39,342 - INFO - Deleted INI directory: ini\Batch_0022\ea_gbp_usd_m1_2001\ini
2025-04-25 13:20:39,342 - INFO - Deleted INI directory: ini\Batch_0023\ea_10pips\ini
2025-04-25 13:20:39,343 - INFO - Deleted INI directory: ini\Batch_0023\ea_10pips_eur_usd\ini
2025-04-25 13:20:39,344 - INFO - Deleted INI directory: ini\Batch_0023\ea_1h_eur_usd\ini
2025-04-25 13:20:39,344 - INFO - Deleted INI directory: ini\Batch_0023\ea_21hour\ini
2025-04-25 13:20:39,345 - INFO - Deleted INI directory: ini\Batch_0023\ea_2hr_hl\ini
2025-04-25 13:20:39,346 - INFO - Deleted INI directory: ini\Batch_0023\ea_2ma_4level\ini
2025-04-25 13:20:39,346 - INFO - Deleted INI directory: ini\Batch_0023\ea_2ma_bunny_cross\ini
2025-04-25 13:20:39,347 - INFO - Deleted INI directory: ini\Batch_0023\ea_35pip_scalper\ini
2025-04-25 13:20:39,347 - INFO - Deleted INI directory: ini\Batch_0023\ea_3bars_highlow\ini
2025-04-25 13:20:39,348 - INFO - Deleted INI directory: ini\Batch_0023\ea_gbp_usd_m1_2001\ini
2025-04-25 13:20:39,349 - INFO - Deleted INI directory: ini\Batch_0024\ea_10pips\ini
2025-04-25 13:20:39,349 - INFO - Deleted INI directory: ini\Batch_0024\ea_10pips_eur_usd\ini
2025-04-25 13:20:39,350 - INFO - Deleted INI directory: ini\Batch_0024\ea_1h_eur_usd\ini
2025-04-25 13:20:39,351 - INFO - Deleted INI directory: ini\Batch_0024\ea_21hour\ini
2025-04-25 13:20:39,351 - INFO - Deleted INI directory: ini\Batch_0024\ea_2hr_hl\ini
2025-04-25 13:20:39,352 - INFO - Deleted INI directory: ini\Batch_0024\ea_2ma_4level\ini
2025-04-25 13:20:39,352 - INFO - Deleted INI directory: ini\Batch_0024\ea_2ma_bunny_cross\ini
2025-04-25 13:20:39,353 - INFO - Deleted INI directory: ini\Batch_0024\ea_35pip_scalper\ini
2025-04-25 13:20:39,354 - INFO - Deleted INI directory: ini\Batch_0024\ea_3bars_highlow\ini
2025-04-25 13:20:39,354 - INFO - Deleted INI directory: ini\Batch_0024\ea_gbp_usd_m1_2001\ini
2025-04-25 13:20:39,355 - INFO - Deleted INI directory: ini\Batch_0025\ea_10pips\ini
2025-04-25 13:20:39,356 - INFO - Deleted INI directory: ini\Batch_0025\ea_10pips_eur_usd\ini
2025-04-25 13:20:39,357 - INFO - Deleted INI directory: ini\Batch_0025\ea_1h_eur_usd\ini
2025-04-25 13:20:39,357 - INFO - Deleted INI directory: ini\Batch_0025\ea_21hour\ini
2025-04-25 13:20:39,358 - INFO - Deleted INI directory: ini\Batch_0025\ea_2hr_hl\ini
2025-04-25 13:20:39,359 - INFO - Deleted INI directory: ini\Batch_0025\ea_2ma_4level\ini
2025-04-25 13:20:39,360 - INFO - Deleted INI directory: ini\Batch_0025\ea_2ma_bunny_cross\ini
2025-04-25 13:20:39,360 - INFO - Deleted INI directory: ini\Batch_0025\ea_35pip_scalper\ini
2025-04-25 13:20:39,361 - INFO - Deleted INI directory: ini\Batch_0025\ea_3bars_highlow\ini
2025-04-25 13:20:39,362 - INFO - Deleted INI directory: ini\Batch_0025\ea_gbp_usd_m1_2001\ini
2025-04-25 13:20:39,362 - INFO - Deleted INI directory: ini\Batch_0026\ea_10pips\ini
2025-04-25 13:20:39,363 - INFO - Deleted INI directory: ini\Batch_0026\ea_10pips_eur_usd\ini
2025-04-25 13:20:39,364 - INFO - Deleted INI directory: ini\Batch_0026\ea_1h_eur_usd\ini
2025-04-25 13:20:39,364 - INFO - Deleted INI directory: ini\Batch_0026\ea_21hour\ini
2025-04-25 13:20:39,365 - INFO - Deleted INI directory: ini\Batch_0026\ea_2hr_hl\ini
2025-04-25 13:20:39,366 - INFO - Deleted INI directory: ini\Batch_0026\ea_2ma_4level\ini
2025-04-25 13:20:39,367 - INFO - Deleted INI directory: ini\Batch_0026\ea_2ma_bunny_cross\ini
2025-04-25 13:20:39,367 - INFO - Deleted INI directory: ini\Batch_0026\ea_35pip_scalper\ini
2025-04-25 13:20:39,368 - INFO - Deleted INI directory: ini\Batch_0026\ea_3bars_highlow\ini
2025-04-25 13:20:39,369 - INFO - Deleted INI directory: ini\Batch_0026\ea_gbp_usd_m1_2001\ini
2025-04-25 13:20:39,369 - INFO - Deleted INI directory: ini\Batch_0027\ea_10pips\ini
2025-04-25 13:20:39,370 - INFO - Deleted INI directory: ini\Batch_0027\ea_10pips_eur_usd\ini
2025-04-25 13:20:39,371 - INFO - Deleted INI directory: ini\Batch_0027\ea_1h_eur_usd\ini
2025-04-25 13:20:39,372 - INFO - Deleted INI directory: ini\Batch_0027\ea_21hour\ini
2025-04-25 13:20:39,372 - INFO - Deleted INI directory: ini\Batch_0027\ea_2hr_hl\ini
2025-04-25 13:20:39,373 - INFO - Deleted INI directory: ini\Batch_0027\ea_2ma_4level\ini
2025-04-25 13:20:39,374 - INFO - Deleted INI directory: ini\Batch_0027\ea_2ma_bunny_cross\ini
2025-04-25 13:20:39,374 - INFO - Deleted INI directory: ini\Batch_0027\ea_35pip_scalper\ini
2025-04-25 13:20:39,375 - INFO - Deleted INI directory: ini\Batch_0027\ea_3bars_highlow\ini
2025-04-25 13:20:39,375 - INFO - Deleted INI directory: ini\Batch_0027\ea_gbp_usd_m1_2001\ini
2025-04-25 13:20:39,376 - INFO - Deleted INI directory: ini\Batch_0028\ea_10pips\ini
2025-04-25 13:20:39,377 - INFO - Deleted INI directory: ini\Batch_0028\ea_10pips_eur_usd\ini
2025-04-25 13:20:39,377 - INFO - Deleted INI directory: ini\Batch_0028\ea_1h_eur_usd\ini
2025-04-25 13:20:39,378 - INFO - Deleted INI directory: ini\Batch_0028\ea_21hour\ini
2025-04-25 13:20:39,379 - INFO - Deleted INI directory: ini\Batch_0028\ea_2hr_hl\ini
2025-04-25 13:20:39,379 - INFO - Deleted INI directory: ini\Batch_0028\ea_2ma_4level\ini
2025-04-25 13:20:39,380 - INFO - Deleted INI directory: ini\Batch_0028\ea_2ma_bunny_cross\ini
2025-04-25 13:20:39,381 - INFO - Deleted INI directory: ini\Batch_0028\ea_35pip_scalper\ini
2025-04-25 13:20:39,381 - INFO - Deleted INI directory: ini\Batch_0028\ea_3bars_highlow\ini
2025-04-25 13:20:39,382 - INFO - Deleted INI directory: ini\Batch_0028\ea_gbp_usd_m1_2001\ini
2025-04-25 13:20:39,383 - INFO - Deleted INI directory: ini\Batch_0029\ea_10pips\ini
2025-04-25 13:20:39,383 - INFO - Deleted INI directory: ini\Batch_0029\ea_10pips_eur_usd\ini
2025-04-25 13:20:39,384 - INFO - Deleted INI directory: ini\Batch_0029\ea_1h_eur_usd\ini
2025-04-25 13:20:39,385 - INFO - Deleted INI directory: ini\Batch_0029\ea_21hour\ini
2025-04-25 13:20:39,385 - INFO - Deleted INI directory: ini\Batch_0029\ea_2hr_hl\ini
2025-04-25 13:20:39,386 - INFO - Deleted INI directory: ini\Batch_0029\ea_2ma_4level\ini
2025-04-25 13:20:39,386 - INFO - Deleted INI directory: ini\Batch_0029\ea_2ma_bunny_cross\ini
2025-04-25 13:20:39,387 - INFO - Deleted INI directory: ini\Batch_0029\ea_35pip_scalper\ini
2025-04-25 13:20:39,388 - INFO - Deleted INI directory: ini\Batch_0029\ea_3bars_highlow\ini
2025-04-25 13:20:39,388 - INFO - Deleted INI directory: ini\Batch_0029\ea_gbp_usd_m1_2001\ini
2025-04-25 13:20:39,389 - INFO - Deleted INI directory: ini\Batch_0030\ea_10pips\ini
2025-04-25 13:20:39,389 - INFO - Deleted INI directory: ini\Batch_0030\ea_10pips_eur_usd\ini
2025-04-25 13:20:39,390 - INFO - Deleted INI directory: ini\Batch_0030\ea_1h_eur_usd\ini
2025-04-25 13:20:39,391 - INFO - Deleted INI directory: ini\Batch_0030\ea_21hour\ini
2025-04-25 13:20:39,391 - INFO - Deleted INI directory: ini\Batch_0030\ea_2hr_hl\ini
2025-04-25 13:20:39,392 - INFO - Deleted INI directory: ini\Batch_0030\ea_2ma_4level\ini
2025-04-25 13:20:39,393 - INFO - Deleted INI directory: ini\Batch_0030\ea_2ma_bunny_cross\ini
2025-04-25 13:20:39,393 - INFO - Deleted INI directory: ini\Batch_0030\ea_35pip_scalper\ini
2025-04-25 13:20:39,394 - INFO - Deleted INI directory: ini\Batch_0030\ea_3bars_highlow\ini
2025-04-25 13:20:39,395 - INFO - Deleted INI directory: ini\Batch_0030\ea_gbp_usd_m1_2001\ini
2025-04-25 13:20:39,395 - INFO - Deleted INI directory: ini\Batch_0031\ea_10pips\ini
2025-04-25 13:20:39,396 - INFO - Deleted INI directory: ini\Batch_0031\ea_10pips_eur_usd\ini
2025-04-25 13:20:39,396 - INFO - Deleted INI directory: ini\Batch_0031\ea_1h_eur_usd\ini
2025-04-25 13:20:39,397 - INFO - Deleted INI directory: ini\Batch_0031\ea_21hour\ini
2025-04-25 13:20:39,398 - INFO - Deleted INI directory: ini\Batch_0031\ea_2hr_hl\ini
2025-04-25 13:20:39,398 - INFO - Deleted INI directory: ini\Batch_0031\ea_2ma_4level\ini
2025-04-25 13:20:39,399 - INFO - Deleted INI directory: ini\Batch_0031\ea_2ma_bunny_cross\ini
2025-04-25 13:20:39,400 - INFO - Deleted INI directory: ini\Batch_0031\ea_35pip_scalper\ini
2025-04-25 13:20:39,401 - INFO - Deleted INI directory: ini\Batch_0031\ea_3bars_highlow\ini
2025-04-25 13:20:39,402 - INFO - Deleted INI directory: ini\Batch_0031\ea_gbp_usd_m1_2001\ini
2025-04-25 13:20:39,402 - INFO - Deleted INI directory: ini\Batch_0032\ea_10pips\ini
2025-04-25 13:20:39,403 - INFO - Deleted INI directory: ini\Batch_0032\ea_10pips_eur_usd\ini
2025-04-25 13:20:39,403 - INFO - Deleted INI directory: ini\Batch_0032\ea_1h_eur_usd\ini
2025-04-25 13:20:39,404 - INFO - Deleted INI directory: ini\Batch_0032\ea_21hour\ini
2025-04-25 13:20:39,405 - INFO - Deleted INI directory: ini\Batch_0032\ea_2hr_hl\ini
2025-04-25 13:20:39,406 - INFO - Deleted INI directory: ini\Batch_0032\ea_2ma_4level\ini
2025-04-25 13:20:39,406 - INFO - Deleted INI directory: ini\Batch_0032\ea_2ma_bunny_cross\ini
2025-04-25 13:20:39,407 - INFO - Deleted INI directory: ini\Batch_0032\ea_35pip_scalper\ini
2025-04-25 13:20:39,408 - INFO - Deleted INI directory: ini\Batch_0032\ea_3bars_highlow\ini
2025-04-25 13:20:39,408 - INFO - Deleted INI directory: ini\Batch_0032\ea_gbp_usd_m1_2001\ini
2025-04-25 13:20:39,409 - INFO - Deleted INI directory: ini\Batch_0033\ea_10pips\ini
2025-04-25 13:20:39,410 - INFO - Deleted INI directory: ini\Batch_0033\ea_10pips_eur_usd\ini
2025-04-25 13:20:39,411 - INFO - Deleted INI directory: ini\Batch_0033\ea_1h_eur_usd\ini
2025-04-25 13:20:39,411 - INFO - Deleted INI directory: ini\Batch_0033\ea_21hour\ini
2025-04-25 13:20:39,412 - INFO - Deleted INI directory: ini\Batch_0033\ea_2hr_hl\ini
2025-04-25 13:20:39,412 - INFO - Deleted INI directory: ini\Batch_0033\ea_2ma_4level\ini
2025-04-25 13:20:39,413 - INFO - Deleted INI directory: ini\Batch_0033\ea_2ma_bunny_cross\ini
2025-04-25 13:20:39,414 - INFO - Deleted INI directory: ini\Batch_0033\ea_35pip_scalper\ini
2025-04-25 13:20:39,414 - INFO - Deleted INI directory: ini\Batch_0033\ea_3bars_highlow\ini
2025-04-25 13:20:39,415 - INFO - Deleted INI directory: ini\Batch_0033\ea_gbp_usd_m1_2001\ini
2025-04-25 13:20:39,416 - INFO - Deleted INI directory: ini\Batch_0034\ea_10pips\ini
2025-04-25 13:20:39,416 - INFO - Deleted INI directory: ini\Batch_0034\ea_10pips_eur_usd\ini
2025-04-25 13:20:39,417 - INFO - Deleted INI directory: ini\Batch_0034\ea_1h_eur_usd\ini
2025-04-25 13:20:39,418 - INFO - Deleted INI directory: ini\Batch_0034\ea_21hour\ini
2025-04-25 13:20:39,418 - INFO - Deleted INI directory: ini\Batch_0034\ea_2hr_hl\ini
2025-04-25 13:20:39,419 - INFO - Deleted INI directory: ini\Batch_0034\ea_2ma_4level\ini
2025-04-25 13:20:39,420 - INFO - Deleted INI directory: ini\Batch_0034\ea_2ma_bunny_cross\ini
2025-04-25 13:20:39,420 - INFO - Deleted INI directory: ini\Batch_0034\ea_35pip_scalper\ini
2025-04-25 13:20:39,421 - INFO - Deleted INI directory: ini\Batch_0034\ea_3bars_highlow\ini
2025-04-25 13:20:39,422 - INFO - Deleted INI directory: ini\Batch_0034\ea_gbp_usd_m1_2001\ini
2025-04-25 13:20:39,422 - INFO - Deleted INI directory: ini\Batch_0035\ea_10pips\ini
2025-04-25 13:20:39,423 - INFO - Deleted INI directory: ini\Batch_0035\ea_10pips_eur_usd\ini
2025-04-25 13:20:39,424 - INFO - Deleted INI directory: ini\Batch_0035\ea_1h_eur_usd\ini
2025-04-25 13:20:39,425 - INFO - Deleted INI directory: ini\Batch_0035\ea_21hour\ini
2025-04-25 13:20:39,426 - INFO - Deleted INI directory: ini\Batch_0035\ea_2hr_hl\ini
2025-04-25 13:20:39,427 - INFO - Deleted INI directory: ini\Batch_0035\ea_2ma_4level\ini
2025-04-25 13:20:39,428 - INFO - Deleted INI directory: ini\Batch_0035\ea_2ma_bunny_cross\ini
2025-04-25 13:20:39,429 - INFO - Deleted INI directory: ini\Batch_0035\ea_35pip_scalper\ini
2025-04-25 13:20:39,429 - INFO - Deleted INI directory: ini\Batch_0035\ea_3bars_highlow\ini
2025-04-25 13:20:39,430 - INFO - Deleted INI directory: ini\Batch_0035\ea_gbp_usd_m1_2001\ini
2025-04-25 13:20:39,431 - INFO - Deleted INI directory: ini\Batch_0036\ea_10pips\ini
2025-04-25 13:20:39,432 - INFO - Deleted INI directory: ini\Batch_0036\ea_10pips_eur_usd\ini
2025-04-25 13:20:39,432 - INFO - Deleted INI directory: ini\Batch_0036\ea_1h_eur_usd\ini
2025-04-25 13:20:39,433 - INFO - Deleted INI directory: ini\Batch_0036\ea_21hour\ini
2025-04-25 13:20:39,434 - INFO - Deleted INI directory: ini\Batch_0036\ea_2hr_hl\ini
2025-04-25 13:20:39,435 - INFO - Deleted INI directory: ini\Batch_0036\ea_2ma_4level\ini
2025-04-25 13:20:39,436 - INFO - Deleted INI directory: ini\Batch_0036\ea_2ma_bunny_cross\ini
2025-04-25 13:20:39,437 - INFO - Deleted INI directory: ini\Batch_0036\ea_35pip_scalper\ini
2025-04-25 13:20:39,438 - INFO - Deleted INI directory: ini\Batch_0036\ea_3bars_highlow\ini
2025-04-25 13:20:39,439 - INFO - Deleted INI directory: ini\Batch_0036\ea_gbp_usd_m1_2001\ini
2025-04-25 13:20:39,440 - INFO - Deleted INI directory: ini\Batch_0037\ea_10pips\ini
2025-04-25 13:20:39,441 - INFO - Deleted INI directory: ini\Batch_0037\ea_10pips_eur_usd\ini
2025-04-25 13:20:39,441 - INFO - Deleted INI directory: ini\Batch_0037\ea_1h_eur_usd\ini
2025-04-25 13:20:39,442 - INFO - Deleted INI directory: ini\Batch_0037\ea_21hour\ini
2025-04-25 13:20:39,443 - INFO - Deleted INI directory: ini\Batch_0037\ea_2hr_hl\ini
2025-04-25 13:20:39,444 - INFO - Deleted INI directory: ini\Batch_0037\ea_2ma_4level\ini
2025-04-25 13:20:39,445 - INFO - Deleted INI directory: ini\Batch_0037\ea_2ma_bunny_cross\ini
2025-04-25 13:20:39,445 - INFO - Deleted INI directory: ini\Batch_0037\ea_35pip_scalper\ini
2025-04-25 13:20:39,446 - INFO - Deleted INI directory: ini\Batch_0037\ea_3bars_highlow\ini
2025-04-25 13:20:39,447 - INFO - Deleted INI directory: ini\Batch_0037\ea_gbp_usd_m1_2001\ini
2025-04-25 13:20:39,448 - INFO - Deleted INI directory: ini\Batch_0038\ea_10pips\ini
2025-04-25 13:20:39,449 - INFO - Deleted INI directory: ini\Batch_0038\ea_10pips_eur_usd\ini
2025-04-25 13:20:39,450 - INFO - Deleted INI directory: ini\Batch_0038\ea_1h_eur_usd\ini
2025-04-25 13:20:39,451 - INFO - Deleted INI directory: ini\Batch_0038\ea_21hour\ini
2025-04-25 13:20:39,451 - INFO - Deleted INI directory: ini\Batch_0038\ea_2hr_hl\ini
2025-04-25 13:20:39,452 - INFO - Deleted INI directory: ini\Batch_0038\ea_2ma_4level\ini
2025-04-25 13:20:39,453 - INFO - Deleted INI directory: ini\Batch_0038\ea_2ma_bunny_cross\ini
2025-04-25 13:20:39,454 - INFO - Deleted INI directory: ini\Batch_0038\ea_35pip_scalper\ini
2025-04-25 13:20:39,455 - INFO - Deleted INI directory: ini\Batch_0038\ea_3bars_highlow\ini
2025-04-25 13:20:39,456 - INFO - Deleted INI directory: ini\Batch_0038\ea_gbp_usd_m1_2001\ini
2025-04-25 13:20:39,457 - INFO - Deleted INI directory: ini\Batch_0039\ea_10pips\ini
2025-04-25 13:20:39,458 - INFO - Deleted INI directory: ini\Batch_0039\ea_10pips_eur_usd\ini
2025-04-25 13:20:39,459 - INFO - Deleted INI directory: ini\Batch_0039\ea_1h_eur_usd\ini
2025-04-25 13:20:39,460 - INFO - Deleted INI directory: ini\Batch_0039\ea_21hour\ini
2025-04-25 13:20:39,461 - INFO - Deleted INI directory: ini\Batch_0039\ea_2hr_hl\ini
2025-04-25 13:20:39,462 - INFO - Deleted INI directory: ini\Batch_0039\ea_2ma_4level\ini
2025-04-25 13:20:39,463 - INFO - Deleted INI directory: ini\Batch_0039\ea_2ma_bunny_cross\ini
2025-04-25 13:20:39,464 - INFO - Deleted INI directory: ini\Batch_0039\ea_35pip_scalper\ini
2025-04-25 13:20:39,465 - INFO - Deleted INI directory: ini\Batch_0039\ea_3bars_highlow\ini
2025-04-25 13:20:39,466 - INFO - Deleted INI directory: ini\Batch_0039\ea_gbp_usd_m1_2001\ini
2025-04-25 13:20:39,466 - INFO - Deleted INI directory: ini\Batch_0040\ea_10pips\ini
2025-04-25 13:20:39,467 - INFO - Deleted INI directory: ini\Batch_0040\ea_10pips_eur_usd\ini
2025-04-25 13:20:39,468 - INFO - Deleted INI directory: ini\Batch_0040\ea_1h_eur_usd\ini
2025-04-25 13:20:39,468 - INFO - Deleted INI directory: ini\Batch_0040\ea_21hour\ini
2025-04-25 13:20:39,469 - INFO - Deleted INI directory: ini\Batch_0040\ea_2hr_hl\ini
2025-04-25 13:20:39,470 - INFO - Deleted INI directory: ini\Batch_0040\ea_2ma_4level\ini
2025-04-25 13:20:39,471 - INFO - Deleted INI directory: ini\Batch_0040\ea_2ma_bunny_cross\ini
2025-04-25 13:20:39,472 - INFO - Deleted INI directory: ini\Batch_0040\ea_35pip_scalper\ini
2025-04-25 13:20:39,473 - INFO - Deleted INI directory: ini\Batch_0040\ea_3bars_highlow\ini
2025-04-25 13:20:39,473 - INFO - Deleted INI directory: ini\Batch_0040\ea_gbp_usd_m1_2001\ini
2025-04-25 13:20:39,474 - INFO - Deleted INI directory: ini\Batch_0041\ea_10pips\ini
2025-04-25 13:20:39,475 - INFO - Deleted INI directory: ini\Batch_0041\ea_10pips_eur_usd\ini
2025-04-25 13:20:39,476 - INFO - Deleted INI directory: ini\Batch_0041\ea_1h_eur_usd\ini
2025-04-25 13:20:39,477 - INFO - Deleted INI directory: ini\Batch_0041\ea_21hour\ini
2025-04-25 13:20:39,478 - INFO - Deleted INI directory: ini\Batch_0041\ea_2hr_hl\ini
2025-04-25 13:20:39,479 - INFO - Deleted INI directory: ini\Batch_0041\ea_2ma_4level\ini
2025-04-25 13:20:39,479 - INFO - Deleted INI directory: ini\Batch_0041\ea_2ma_bunny_cross\ini
2025-04-25 13:20:39,480 - INFO - Deleted INI directory: ini\Batch_0041\ea_35pip_scalper\ini
2025-04-25 13:20:39,481 - INFO - Deleted INI directory: ini\Batch_0041\ea_3bars_highlow\ini
2025-04-25 13:20:39,482 - INFO - Deleted INI directory: ini\Batch_0041\ea_gbp_usd_m1_2001\ini
2025-04-25 13:20:39,483 - INFO - Deleted INI directory: ini\Batch_0042\ea_10pips\ini
2025-04-25 13:20:39,484 - INFO - Deleted INI directory: ini\Batch_0042\ea_10pips_eur_usd\ini
2025-04-25 13:20:39,485 - INFO - Deleted INI directory: ini\Batch_0042\ea_1h_eur_usd\ini
2025-04-25 13:20:39,486 - INFO - Deleted INI directory: ini\Batch_0042\ea_21hour\ini
2025-04-25 13:20:39,487 - INFO - Deleted INI directory: ini\Batch_0042\ea_2hr_hl\ini
2025-04-25 13:20:39,487 - INFO - Deleted INI directory: ini\Batch_0042\ea_2ma_4level\ini
2025-04-25 13:20:39,488 - INFO - Deleted INI directory: ini\Batch_0042\ea_2ma_bunny_cross\ini
2025-04-25 13:20:39,489 - INFO - Deleted INI directory: ini\Batch_0042\ea_35pip_scalper\ini
2025-04-25 13:20:39,490 - INFO - Deleted INI directory: ini\Batch_0042\ea_3bars_highlow\ini
2025-04-25 13:20:39,491 - INFO - Deleted INI directory: ini\Batch_0042\ea_gbp_usd_m1_2001\ini
2025-04-25 13:20:39,491 - INFO - Deleted INI directory: ini\Batch_0043\ea_10pips\ini
2025-04-25 13:20:39,492 - INFO - Deleted INI directory: ini\Batch_0043\ea_10pips_eur_usd\ini
2025-04-25 13:20:39,493 - INFO - Deleted INI directory: ini\Batch_0043\ea_1h_eur_usd\ini
2025-04-25 13:20:39,494 - INFO - Deleted INI directory: ini\Batch_0043\ea_21hour\ini
2025-04-25 13:20:39,495 - INFO - Deleted INI directory: ini\Batch_0043\ea_2hr_hl\ini
2025-04-25 13:20:39,495 - INFO - Deleted INI directory: ini\Batch_0043\ea_2ma_4level\ini
2025-04-25 13:20:39,496 - INFO - Deleted INI directory: ini\Batch_0043\ea_2ma_bunny_cross\ini
2025-04-25 13:20:39,497 - INFO - Deleted INI directory: ini\Batch_0043\ea_35pip_scalper\ini
2025-04-25 13:20:39,498 - INFO - Deleted INI directory: ini\Batch_0043\ea_3bars_highlow\ini
2025-04-25 13:20:39,499 - INFO - Deleted INI directory: ini\Batch_0043\ea_gbp_usd_m1_2001\ini
2025-04-25 13:20:39,500 - INFO - Deleted INI directory: ini\Batch_0044\ea_10pips\ini
2025-04-25 13:20:39,501 - INFO - Deleted INI directory: ini\Batch_0044\ea_10pips_eur_usd\ini
2025-04-25 13:20:39,502 - INFO - Deleted INI directory: ini\Batch_0044\ea_1h_eur_usd\ini
2025-04-25 13:20:39,503 - INFO - Deleted INI directory: ini\Batch_0044\ea_21hour\ini
2025-04-25 13:20:39,504 - INFO - Deleted INI directory: ini\Batch_0044\ea_2hr_hl\ini
2025-04-25 13:20:39,504 - INFO - Deleted INI directory: ini\Batch_0044\ea_2ma_4level\ini
2025-04-25 13:20:39,505 - INFO - Deleted INI directory: ini\Batch_0044\ea_2ma_bunny_cross\ini
2025-04-25 13:20:39,506 - INFO - Deleted INI directory: ini\Batch_0044\ea_35pip_scalper\ini
2025-04-25 13:20:39,507 - INFO - Deleted INI directory: ini\Batch_0044\ea_3bars_highlow\ini
2025-04-25 13:20:39,508 - INFO - Deleted INI directory: ini\Batch_0044\ea_gbp_usd_m1_2001\ini
2025-04-25 13:20:39,508 - INFO - Deleted INI directory: ini\Batch_0045\ea_10pips\ini
2025-04-25 13:20:39,509 - INFO - Deleted INI directory: ini\Batch_0045\ea_10pips_eur_usd\ini
2025-04-25 13:20:39,510 - INFO - Deleted INI directory: ini\Batch_0045\ea_1h_eur_usd\ini
2025-04-25 13:20:39,511 - INFO - Deleted INI directory: ini\Batch_0045\ea_21hour\ini
2025-04-25 13:20:39,512 - INFO - Deleted INI directory: ini\Batch_0045\ea_2hr_hl\ini
2025-04-25 13:20:39,513 - INFO - Deleted INI directory: ini\Batch_0045\ea_2ma_4level\ini
2025-04-25 13:20:39,514 - INFO - Deleted INI directory: ini\Batch_0045\ea_2ma_bunny_cross\ini
2025-04-25 13:20:39,514 - INFO - Deleted INI directory: ini\Batch_0045\ea_35pip_scalper\ini
2025-04-25 13:20:39,515 - INFO - Deleted INI directory: ini\Batch_0045\ea_3bars_highlow\ini
2025-04-25 13:20:39,516 - INFO - Deleted INI directory: ini\Batch_0045\ea_gbp_usd_m1_2001\ini
2025-04-25 13:20:39,517 - INFO - Deleted INI directory: ini\Batch_0046\ea_10pips\ini
2025-04-25 13:20:39,518 - INFO - Deleted INI directory: ini\Batch_0046\ea_10pips_eur_usd\ini
2025-04-25 13:20:39,519 - INFO - Deleted INI directory: ini\Batch_0046\ea_1h_eur_usd\ini
2025-04-25 13:20:39,520 - INFO - Deleted INI directory: ini\Batch_0046\ea_21hour\ini
2025-04-25 13:20:39,521 - INFO - Deleted INI directory: ini\Batch_0046\ea_2hr_hl\ini
2025-04-25 13:20:39,522 - INFO - Deleted INI directory: ini\Batch_0046\ea_2ma_4level\ini
2025-04-25 13:20:39,523 - INFO - Deleted INI directory: ini\Batch_0046\ea_2ma_bunny_cross\ini
2025-04-25 13:20:39,524 - INFO - Deleted INI directory: ini\Batch_0046\ea_35pip_scalper\ini
2025-04-25 13:20:39,525 - INFO - Deleted INI directory: ini\Batch_0046\ea_3bars_highlow\ini
2025-04-25 13:20:39,526 - INFO - Deleted INI directory: ini\Batch_0046\ea_gbp_usd_m1_2001\ini
2025-04-25 13:20:39,527 - INFO - Deleted INI directory: ini\Batch_0047\ea_10pips\ini
2025-04-25 13:20:39,528 - INFO - Deleted INI directory: ini\Batch_0047\ea_10pips_eur_usd\ini
2025-04-25 13:20:39,529 - INFO - Deleted INI directory: ini\Batch_0047\ea_1h_eur_usd\ini
2025-04-25 13:20:39,530 - INFO - Deleted INI directory: ini\Batch_0047\ea_21hour\ini
2025-04-25 13:20:39,531 - INFO - Deleted INI directory: ini\Batch_0047\ea_2hr_hl\ini
2025-04-25 13:20:39,532 - INFO - Deleted INI directory: ini\Batch_0047\ea_2ma_4level\ini
2025-04-25 13:20:39,533 - INFO - Deleted INI directory: ini\Batch_0047\ea_2ma_bunny_cross\ini
2025-04-25 13:20:39,534 - INFO - Deleted INI directory: ini\Batch_0047\ea_35pip_scalper\ini
2025-04-25 13:20:39,535 - INFO - Deleted INI directory: ini\Batch_0047\ea_3bars_highlow\ini
2025-04-25 13:20:39,536 - INFO - Deleted INI directory: ini\Batch_0047\ea_gbp_usd_m1_2001\ini
2025-04-25 13:20:39,537 - INFO - Deleted INI directory: ini\Batch_0048\ea_10pips\ini
2025-04-25 13:20:39,538 - INFO - Deleted INI directory: ini\Batch_0048\ea_10pips_eur_usd\ini
2025-04-25 13:20:39,539 - INFO - Deleted INI directory: ini\Batch_0048\ea_1h_eur_usd\ini
2025-04-25 13:20:39,540 - INFO - Deleted INI directory: ini\Batch_0048\ea_21hour\ini
2025-04-25 13:20:39,541 - INFO - Deleted INI directory: ini\Batch_0048\ea_2hr_hl\ini
2025-04-25 13:20:39,542 - INFO - Deleted INI directory: ini\Batch_0048\ea_2ma_4level\ini
2025-04-25 13:20:39,543 - INFO - Deleted INI directory: ini\Batch_0048\ea_2ma_bunny_cross\ini
2025-04-25 13:20:39,544 - INFO - Deleted INI directory: ini\Batch_0048\ea_35pip_scalper\ini
2025-04-25 13:20:39,545 - INFO - Deleted INI directory: ini\Batch_0048\ea_3bars_highlow\ini
2025-04-25 13:20:39,546 - INFO - Deleted INI directory: ini\Batch_0048\ea_gbp_usd_m1_2001\ini
2025-04-25 13:20:39,547 - INFO - Deleted INI directory: ini\Batch_0049\ea_10pips\ini
2025-04-25 13:20:39,548 - INFO - Deleted INI directory: ini\Batch_0049\ea_10pips_eur_usd\ini
2025-04-25 13:20:39,549 - INFO - Deleted INI directory: ini\Batch_0049\ea_1h_eur_usd\ini
2025-04-25 13:20:39,550 - INFO - Deleted INI directory: ini\Batch_0049\ea_21hour\ini
2025-04-25 13:20:39,551 - INFO - Deleted INI directory: ini\Batch_0049\ea_2hr_hl\ini
2025-04-25 13:20:39,552 - INFO - Deleted INI directory: ini\Batch_0049\ea_2ma_4level\ini
2025-04-25 13:20:39,553 - INFO - Deleted INI directory: ini\Batch_0049\ea_2ma_bunny_cross\ini
2025-04-25 13:20:39,553 - INFO - Deleted INI directory: ini\Batch_0049\ea_35pip_scalper\ini
2025-04-25 13:20:39,554 - INFO - Deleted INI directory: ini\Batch_0049\ea_3bars_highlow\ini
2025-04-25 13:20:39,555 - INFO - Deleted INI directory: ini\Batch_0049\ea_gbp_usd_m1_2001\ini
2025-04-25 13:20:39,556 - INFO - Deleted INI directory: ini\Batch_0050\ea_10pips\ini
2025-04-25 13:20:39,557 - INFO - Deleted INI directory: ini\Batch_0050\ea_10pips_eur_usd\ini
2025-04-25 13:20:39,557 - INFO - Deleted INI directory: ini\Batch_0050\ea_1h_eur_usd\ini
2025-04-25 13:20:39,558 - INFO - Deleted INI directory: ini\Batch_0050\ea_21hour\ini
2025-04-25 13:20:39,559 - INFO - Deleted INI directory: ini\Batch_0050\ea_2hr_hl\ini
2025-04-25 13:20:39,560 - INFO - Deleted INI directory: ini\Batch_0050\ea_2ma_4level\ini
2025-04-25 13:20:39,561 - INFO - Deleted INI directory: ini\Batch_0050\ea_2ma_bunny_cross\ini
2025-04-25 13:20:39,562 - INFO - Deleted INI directory: ini\Batch_0050\ea_35pip_scalper\ini
2025-04-25 13:20:39,563 - INFO - Deleted INI directory: ini\Batch_0050\ea_3bars_highlow\ini
2025-04-25 13:20:39,563 - INFO - Deleted INI directory: ini\Batch_0050\ea_gbp_usd_m1_2001\ini
2025-04-25 13:20:39,564 - INFO - Deleted INI directory: ini\Batch_0051\ea_10pips\ini
2025-04-25 13:20:39,565 - INFO - Deleted INI directory: ini\Batch_0051\ea_10pips_eur_usd\ini
2025-04-25 13:20:39,566 - INFO - Deleted INI directory: ini\Batch_0051\ea_1h_eur_usd\ini
2025-04-25 13:20:39,567 - INFO - Deleted INI directory: ini\Batch_0051\ea_21hour\ini
2025-04-25 13:20:39,568 - INFO - Deleted INI directory: ini\Batch_0051\ea_2hr_hl\ini
2025-04-25 13:20:39,569 - INFO - Deleted INI directory: ini\Batch_0051\ea_2ma_4level\ini
2025-04-25 13:20:39,569 - INFO - Deleted INI directory: ini\Batch_0051\ea_2ma_bunny_cross\ini
2025-04-25 13:20:39,570 - INFO - Deleted INI directory: ini\Batch_0051\ea_35pip_scalper\ini
2025-04-25 13:20:39,571 - INFO - Deleted INI directory: ini\Batch_0051\ea_3bars_highlow\ini
2025-04-25 13:20:39,571 - INFO - Deleted INI directory: ini\Batch_0051\ea_gbp_usd_m1_2001\ini
2025-04-25 13:20:39,572 - INFO - Deleted INI directory: ini\Batch_0052\ea_10pips\ini
2025-04-25 13:20:39,573 - INFO - Deleted INI directory: ini\Batch_0052\ea_10pips_eur_usd\ini
2025-04-25 13:20:39,574 - INFO - Deleted INI directory: ini\Batch_0052\ea_1h_eur_usd\ini
2025-04-25 13:20:39,574 - INFO - Deleted INI directory: ini\Batch_0052\ea_21hour\ini
2025-04-25 13:20:39,575 - INFO - Deleted INI directory: ini\Batch_0052\ea_2hr_hl\ini
2025-04-25 13:20:39,576 - INFO - Deleted INI directory: ini\Batch_0052\ea_2ma_4level\ini
2025-04-25 13:20:39,577 - INFO - Deleted INI directory: ini\Batch_0052\ea_2ma_bunny_cross\ini
2025-04-25 13:20:39,577 - INFO - Deleted INI directory: ini\Batch_0052\ea_35pip_scalper\ini
2025-04-25 13:20:39,578 - INFO - Deleted INI directory: ini\Batch_0052\ea_3bars_highlow\ini
2025-04-25 13:20:39,579 - INFO - Deleted INI directory: ini\Batch_0052\ea_gbp_usd_m1_2001\ini
2025-04-25 13:20:39,580 - INFO - Deleted INI directory: ini\Batch_0053\ea_10pips\ini
2025-04-25 13:20:39,581 - INFO - Deleted INI directory: ini\Batch_0053\ea_10pips_eur_usd\ini
2025-04-25 13:20:39,582 - INFO - Deleted INI directory: ini\Batch_0053\ea_1h_eur_usd\ini
2025-04-25 13:20:39,582 - INFO - Deleted INI directory: ini\Batch_0053\ea_21hour\ini
2025-04-25 13:20:39,583 - INFO - Deleted INI directory: ini\Batch_0053\ea_2hr_hl\ini
2025-04-25 13:20:39,584 - INFO - Deleted INI directory: ini\Batch_0053\ea_2ma_4level\ini
2025-04-25 13:20:39,585 - INFO - Deleted INI directory: ini\Batch_0053\ea_2ma_bunny_cross\ini
2025-04-25 13:20:39,585 - INFO - Deleted INI directory: ini\Batch_0053\ea_35pip_scalper\ini
2025-04-25 13:20:39,586 - INFO - Deleted INI directory: ini\Batch_0053\ea_3bars_highlow\ini
2025-04-25 13:20:39,587 - INFO - Deleted INI directory: ini\Batch_0053\ea_gbp_usd_m1_2001\ini
2025-04-25 13:20:39,587 - INFO - Deleted INI directory: ini\Batch_0054\ea_10pips\ini
2025-04-25 13:20:39,588 - INFO - Deleted INI directory: ini\Batch_0054\ea_10pips_eur_usd\ini
2025-04-25 13:20:39,589 - INFO - Deleted INI directory: ini\Batch_0054\ea_1h_eur_usd\ini
2025-04-25 13:20:39,589 - INFO - Deleted INI directory: ini\Batch_0054\ea_21hour\ini
2025-04-25 13:20:39,590 - INFO - Deleted INI directory: ini\Batch_0054\ea_2hr_hl\ini
2025-04-25 13:20:39,591 - INFO - Deleted INI directory: ini\Batch_0054\ea_2ma_4level\ini
2025-04-25 13:20:39,592 - INFO - Deleted INI directory: ini\Batch_0054\ea_2ma_bunny_cross\ini
2025-04-25 13:20:39,592 - INFO - Deleted INI directory: ini\Batch_0054\ea_35pip_scalper\ini
2025-04-25 13:20:39,593 - INFO - Deleted INI directory: ini\Batch_0054\ea_3bars_highlow\ini
2025-04-25 13:20:39,594 - INFO - Deleted INI directory: ini\Batch_0054\ea_gbp_usd_m1_2001\ini
2025-04-25 13:20:39,595 - INFO - Deleted INI directory: ini\Batch_0055\ea_10pips\ini
2025-04-25 13:20:39,596 - INFO - Deleted INI directory: ini\Batch_0055\ea_10pips_eur_usd\ini
2025-04-25 13:20:39,596 - INFO - Deleted INI directory: ini\Batch_0055\ea_1h_eur_usd\ini
2025-04-25 13:20:39,597 - INFO - Deleted INI directory: ini\Batch_0055\ea_21hour\ini
2025-04-25 13:20:39,598 - INFO - Deleted INI directory: ini\Batch_0055\ea_2hr_hl\ini
2025-04-25 13:20:39,599 - INFO - Deleted INI directory: ini\Batch_0055\ea_2ma_4level\ini
2025-04-25 13:20:39,600 - INFO - Deleted INI directory: ini\Batch_0055\ea_2ma_bunny_cross\ini
2025-04-25 13:20:39,601 - INFO - Deleted INI directory: ini\Batch_0055\ea_35pip_scalper\ini
2025-04-25 13:20:39,602 - INFO - Deleted INI directory: ini\Batch_0055\ea_3bars_highlow\ini
2025-04-25 13:20:39,602 - INFO - Deleted INI directory: ini\Batch_0055\ea_gbp_usd_m1_2001\ini
2025-04-25 13:20:39,603 - INFO - Deleted INI directory: ini\Batch_0056\ea_10pips\ini
2025-04-25 13:20:39,604 - INFO - Deleted INI directory: ini\Batch_0056\ea_10pips_eur_usd\ini
2025-04-25 13:20:39,605 - INFO - Deleted INI directory: ini\Batch_0056\ea_1h_eur_usd\ini
2025-04-25 13:20:39,606 - INFO - Deleted INI directory: ini\Batch_0056\ea_21hour\ini
2025-04-25 13:20:39,607 - INFO - Deleted INI directory: ini\Batch_0056\ea_2hr_hl\ini
2025-04-25 13:20:39,608 - INFO - Deleted INI directory: ini\Batch_0056\ea_2ma_4level\ini
2025-04-25 13:20:39,609 - INFO - Deleted INI directory: ini\Batch_0056\ea_2ma_bunny_cross\ini
2025-04-25 13:20:39,610 - INFO - Deleted INI directory: ini\Batch_0056\ea_35pip_scalper\ini
2025-04-25 13:20:39,610 - INFO - Deleted INI directory: ini\Batch_0056\ea_3bars_highlow\ini
2025-04-25 13:20:39,611 - INFO - Deleted INI directory: ini\Batch_0056\ea_gbp_usd_m1_2001\ini
2025-04-25 13:20:39,612 - INFO - Deleted INI directory: ini\Batch_0057\ea_10pips\ini
2025-04-25 13:20:39,612 - INFO - Deleted INI directory: ini\Batch_0057\ea_10pips_eur_usd\ini
2025-04-25 13:20:39,613 - INFO - Deleted INI directory: ini\Batch_0057\ea_1h_eur_usd\ini
2025-04-25 13:20:39,614 - INFO - Deleted INI directory: ini\Batch_0057\ea_21hour\ini
2025-04-25 13:20:39,615 - INFO - Deleted INI directory: ini\Batch_0057\ea_2hr_hl\ini
2025-04-25 13:20:39,616 - INFO - Deleted INI directory: ini\Batch_0057\ea_2ma_4level\ini
2025-04-25 13:20:39,617 - INFO - Deleted INI directory: ini\Batch_0057\ea_2ma_bunny_cross\ini
2025-04-25 13:20:39,617 - INFO - Deleted INI directory: ini\Batch_0057\ea_35pip_scalper\ini
2025-04-25 13:20:39,618 - INFO - Deleted INI directory: ini\Batch_0057\ea_3bars_highlow\ini
2025-04-25 13:20:39,619 - INFO - Deleted INI directory: ini\Batch_0057\ea_gbp_usd_m1_2001\ini
2025-04-25 13:20:39,620 - INFO - Deleted INI directory: ini\Batch_0058\ea_10pips\ini
2025-04-25 13:20:39,621 - INFO - Deleted INI directory: ini\Batch_0058\ea_10pips_eur_usd\ini
2025-04-25 13:20:39,622 - INFO - Deleted INI directory: ini\Batch_0058\ea_1h_eur_usd\ini
2025-04-25 13:20:39,623 - INFO - Deleted INI directory: ini\Batch_0058\ea_21hour\ini
2025-04-25 13:20:39,624 - INFO - Deleted INI directory: ini\Batch_0058\ea_2hr_hl\ini
2025-04-25 13:20:39,625 - INFO - Deleted INI directory: ini\Batch_0058\ea_2ma_4level\ini
2025-04-25 13:20:39,626 - INFO - Deleted INI directory: ini\Batch_0058\ea_2ma_bunny_cross\ini
2025-04-25 13:20:39,628 - INFO - Deleted INI directory: ini\Batch_0058\ea_35pip_scalper\ini
2025-04-25 13:20:39,629 - INFO - Deleted INI directory: ini\Batch_0058\ea_3bars_highlow\ini
2025-04-25 13:20:39,630 - INFO - Deleted INI directory: ini\Batch_0058\ea_gbp_usd_m1_2001\ini
2025-04-25 13:20:39,631 - INFO - Deleted INI directory: ini\Batch_0059\ea_10pips\ini
2025-04-25 13:20:39,632 - INFO - Deleted INI directory: ini\Batch_0059\ea_10pips_eur_usd\ini
2025-04-25 13:20:39,633 - INFO - Deleted INI directory: ini\Batch_0059\ea_1h_eur_usd\ini
2025-04-25 13:20:39,635 - INFO - Deleted INI directory: ini\Batch_0059\ea_21hour\ini
2025-04-25 13:20:39,636 - INFO - Deleted INI directory: ini\Batch_0059\ea_2hr_hl\ini
2025-04-25 13:20:39,637 - INFO - Deleted INI directory: ini\Batch_0059\ea_2ma_4level\ini
2025-04-25 13:20:39,639 - INFO - Deleted INI directory: ini\Batch_0059\ea_2ma_bunny_cross\ini
2025-04-25 13:20:39,640 - INFO - Deleted INI directory: ini\Batch_0059\ea_35pip_scalper\ini
2025-04-25 13:20:39,641 - INFO - Deleted INI directory: ini\Batch_0059\ea_3bars_highlow\ini
2025-04-25 13:20:39,642 - INFO - Deleted INI directory: ini\Batch_0059\ea_gbp_usd_m1_2001\ini
2025-04-25 13:20:39,643 - INFO - Deleted INI directory: ini\Batch_0060\ea_10pips\ini
2025-04-25 13:20:39,644 - INFO - Deleted INI directory: ini\Batch_0060\ea_10pips_eur_usd\ini
2025-04-25 13:20:39,646 - INFO - Deleted INI directory: ini\Batch_0060\ea_1h_eur_usd\ini
2025-04-25 13:20:39,647 - INFO - Deleted INI directory: ini\Batch_0060\ea_21hour\ini
2025-04-25 13:20:39,649 - INFO - Deleted INI directory: ini\Batch_0060\ea_2hr_hl\ini
2025-04-25 13:20:39,651 - INFO - Deleted INI directory: ini\Batch_0060\ea_2ma_4level\ini
2025-04-25 13:20:39,652 - INFO - Deleted INI directory: ini\Batch_0060\ea_2ma_bunny_cross\ini
2025-04-25 13:20:39,653 - INFO - Deleted INI directory: ini\Batch_0060\ea_35pip_scalper\ini
2025-04-25 13:20:39,654 - INFO - Deleted INI directory: ini\Batch_0060\ea_3bars_highlow\ini
2025-04-25 13:20:39,655 - INFO - Deleted INI directory: ini\Batch_0060\ea_gbp_usd_m1_2001\ini
2025-04-25 13:20:39,656 - INFO - Successfully deleted 600 INI directories
