2025-04-25 12:55:02,060 - INFO - Deleted INI directory: ini\Batch_0001\EA_10Pips\ini
2025-04-25 12:55:02,075 - INFO - Deleted INI directory: ini\Batch_0001\EA_10Pips_EURUSD\ini
2025-04-25 12:55:02,089 - INFO - Deleted INI directory: ini\Batch_0001\EA_1H_EUR_USD\ini
2025-04-25 12:55:02,109 - INFO - Deleted INI directory: ini\Batch_0001\EA_21Hour\ini
2025-04-25 12:55:02,124 - INFO - Deleted INI directory: ini\Batch_0001\EA_2HR_HL\ini
2025-04-25 12:55:02,139 - INFO - Deleted INI directory: ini\Batch_0001\EA_2MA_4Level\ini
2025-04-25 12:55:02,157 - INFO - Deleted INI directory: ini\Batch_0001\EA_2MA_Bunny_Cross\ini
2025-04-25 12:55:02,172 - INFO - Deleted INI directory: ini\Batch_0001\EA_35Pip_Scalper\ini
2025-04-25 12:55:02,188 - INFO - Deleted INI directory: ini\Batch_0001\EA_3Bars_HighLow\ini
2025-04-25 12:55:02,203 - INFO - Deleted INI directory: ini\Batch_0001\EA_GBPUSD_M1_2001\ini
2025-04-25 12:55:02,218 - INFO - Deleted INI directory: ini\Batch_0002\EA_10Pips\ini
2025-04-25 12:55:02,234 - INFO - Deleted INI directory: ini\Batch_0002\EA_10Pips_EURUSD\ini
2025-04-25 12:55:02,250 - INFO - Deleted INI directory: ini\Batch_0002\EA_1H_EUR_USD\ini
2025-04-25 12:55:02,265 - INFO - Deleted INI directory: ini\Batch_0002\EA_21Hour\ini
2025-04-25 12:55:02,281 - INFO - Deleted INI directory: ini\Batch_0002\EA_2HR_HL\ini
2025-04-25 12:55:02,297 - INFO - Deleted INI directory: ini\Batch_0002\EA_2MA_4Level\ini
2025-04-25 12:55:02,317 - INFO - Deleted INI directory: ini\Batch_0002\EA_2MA_Bunny_Cross\ini
2025-04-25 12:55:02,334 - INFO - Deleted INI directory: ini\Batch_0002\EA_35Pip_Scalper\ini
2025-04-25 12:55:02,351 - INFO - Deleted INI directory: ini\Batch_0002\EA_3Bars_HighLow\ini
2025-04-25 12:55:02,368 - INFO - Deleted INI directory: ini\Batch_0002\EA_GBPUSD_M1_2001\ini
2025-04-25 12:55:02,383 - INFO - Deleted INI directory: ini\Batch_0003\EA_10Pips\ini
2025-04-25 12:55:02,400 - INFO - Deleted INI directory: ini\Batch_0003\EA_10Pips_EURUSD\ini
2025-04-25 12:55:02,416 - INFO - Deleted INI directory: ini\Batch_0003\EA_1H_EUR_USD\ini
2025-04-25 12:55:02,430 - INFO - Deleted INI directory: ini\Batch_0003\EA_21Hour\ini
2025-04-25 12:55:02,446 - INFO - Deleted INI directory: ini\Batch_0003\EA_2HR_HL\ini
2025-04-25 12:55:02,461 - INFO - Deleted INI directory: ini\Batch_0003\EA_2MA_4Level\ini
2025-04-25 12:55:02,476 - INFO - Deleted INI directory: ini\Batch_0003\EA_2MA_Bunny_Cross\ini
2025-04-25 12:55:02,494 - INFO - Deleted INI directory: ini\Batch_0003\EA_35Pip_Scalper\ini
2025-04-25 12:55:02,508 - INFO - Deleted INI directory: ini\Batch_0003\EA_3Bars_HighLow\ini
2025-04-25 12:55:02,525 - INFO - Deleted INI directory: ini\Batch_0003\EA_GBPUSD_M1_2001\ini
2025-04-25 12:55:02,540 - INFO - Deleted INI directory: ini\Batch_0004\EA_10Pips\ini
2025-04-25 12:55:02,565 - INFO - Deleted INI directory: ini\Batch_0004\EA_10Pips_EURUSD\ini
2025-04-25 12:55:02,582 - INFO - Deleted INI directory: ini\Batch_0004\EA_1H_EUR_USD\ini
2025-04-25 12:55:02,597 - INFO - Deleted INI directory: ini\Batch_0004\EA_21Hour\ini
2025-04-25 12:55:02,613 - INFO - Deleted INI directory: ini\Batch_0004\EA_2HR_HL\ini
2025-04-25 12:55:02,628 - INFO - Deleted INI directory: ini\Batch_0004\EA_2MA_4Level\ini
2025-04-25 12:55:02,645 - INFO - Deleted INI directory: ini\Batch_0004\EA_2MA_Bunny_Cross\ini
2025-04-25 12:55:02,661 - INFO - Deleted INI directory: ini\Batch_0004\EA_35Pip_Scalper\ini
2025-04-25 12:55:02,680 - INFO - Deleted INI directory: ini\Batch_0004\EA_3Bars_HighLow\ini
2025-04-25 12:55:02,698 - INFO - Deleted INI directory: ini\Batch_0004\EA_GBPUSD_M1_2001\ini
2025-04-25 12:55:02,716 - INFO - Deleted INI directory: ini\Batch_0005\EA_10Pips\ini
2025-04-25 12:55:02,736 - INFO - Deleted INI directory: ini\Batch_0005\EA_10Pips_EURUSD\ini
2025-04-25 12:55:02,754 - INFO - Deleted INI directory: ini\Batch_0005\EA_1H_EUR_USD\ini
2025-04-25 12:55:02,771 - INFO - Deleted INI directory: ini\Batch_0005\EA_21Hour\ini
2025-04-25 12:55:02,789 - INFO - Deleted INI directory: ini\Batch_0005\EA_2HR_HL\ini
2025-04-25 12:55:02,808 - INFO - Deleted INI directory: ini\Batch_0005\EA_2MA_4Level\ini
2025-04-25 12:55:02,828 - INFO - Deleted INI directory: ini\Batch_0005\EA_2MA_Bunny_Cross\ini
2025-04-25 12:55:02,848 - INFO - Deleted INI directory: ini\Batch_0005\EA_35Pip_Scalper\ini
2025-04-25 12:55:02,871 - INFO - Deleted INI directory: ini\Batch_0005\EA_3Bars_HighLow\ini
2025-04-25 12:55:02,892 - INFO - Deleted INI directory: ini\Batch_0005\EA_GBPUSD_M1_2001\ini
2025-04-25 12:55:02,912 - INFO - Deleted INI directory: ini\Batch_0006\EA_10Pips\ini
2025-04-25 12:55:02,928 - INFO - Deleted INI directory: ini\Batch_0006\EA_10Pips_EURUSD\ini
2025-04-25 12:55:02,945 - INFO - Deleted INI directory: ini\Batch_0006\EA_1H_EUR_USD\ini
2025-04-25 12:55:02,962 - INFO - Deleted INI directory: ini\Batch_0006\EA_21Hour\ini
2025-04-25 12:55:02,984 - INFO - Deleted INI directory: ini\Batch_0006\EA_2HR_HL\ini
2025-04-25 12:55:03,005 - INFO - Deleted INI directory: ini\Batch_0006\EA_2MA_4Level\ini
2025-04-25 12:55:03,022 - INFO - Deleted INI directory: ini\Batch_0006\EA_2MA_Bunny_Cross\ini
2025-04-25 12:55:03,038 - INFO - Deleted INI directory: ini\Batch_0006\EA_35Pip_Scalper\ini
2025-04-25 12:55:03,055 - INFO - Deleted INI directory: ini\Batch_0006\EA_3Bars_HighLow\ini
2025-04-25 12:55:03,074 - INFO - Deleted INI directory: ini\Batch_0006\EA_GBPUSD_M1_2001\ini
2025-04-25 12:55:03,093 - INFO - Deleted INI directory: ini\Batch_0007\EA_10Pips\ini
2025-04-25 12:55:03,109 - INFO - Deleted INI directory: ini\Batch_0007\EA_10Pips_EURUSD\ini
2025-04-25 12:55:03,125 - INFO - Deleted INI directory: ini\Batch_0007\EA_1H_EUR_USD\ini
2025-04-25 12:55:03,140 - INFO - Deleted INI directory: ini\Batch_0007\EA_21Hour\ini
2025-04-25 12:55:03,158 - INFO - Deleted INI directory: ini\Batch_0007\EA_2HR_HL\ini
2025-04-25 12:55:03,175 - INFO - Deleted INI directory: ini\Batch_0007\EA_2MA_4Level\ini
2025-04-25 12:55:03,194 - INFO - Deleted INI directory: ini\Batch_0007\EA_2MA_Bunny_Cross\ini
2025-04-25 12:55:03,212 - INFO - Deleted INI directory: ini\Batch_0007\EA_35Pip_Scalper\ini
2025-04-25 12:55:03,232 - INFO - Deleted INI directory: ini\Batch_0007\EA_3Bars_HighLow\ini
2025-04-25 12:55:03,254 - INFO - Deleted INI directory: ini\Batch_0007\EA_GBPUSD_M1_2001\ini
2025-04-25 12:55:03,276 - INFO - Deleted INI directory: ini\Batch_0008\EA_10Pips\ini
2025-04-25 12:55:03,296 - INFO - Deleted INI directory: ini\Batch_0008\EA_10Pips_EURUSD\ini
2025-04-25 12:55:03,313 - INFO - Deleted INI directory: ini\Batch_0008\EA_1H_EUR_USD\ini
2025-04-25 12:55:03,335 - INFO - Deleted INI directory: ini\Batch_0008\EA_21Hour\ini
2025-04-25 12:55:03,352 - INFO - Deleted INI directory: ini\Batch_0008\EA_2HR_HL\ini
2025-04-25 12:55:03,374 - INFO - Deleted INI directory: ini\Batch_0008\EA_2MA_4Level\ini
2025-04-25 12:55:03,395 - INFO - Deleted INI directory: ini\Batch_0008\EA_2MA_Bunny_Cross\ini
2025-04-25 12:55:03,413 - INFO - Deleted INI directory: ini\Batch_0008\EA_35Pip_Scalper\ini
2025-04-25 12:55:03,433 - INFO - Deleted INI directory: ini\Batch_0008\EA_3Bars_HighLow\ini
2025-04-25 12:55:03,452 - INFO - Deleted INI directory: ini\Batch_0008\EA_GBPUSD_M1_2001\ini
2025-04-25 12:55:03,472 - INFO - Deleted INI directory: ini\Batch_0009\EA_10Pips\ini
2025-04-25 12:55:03,491 - INFO - Deleted INI directory: ini\Batch_0009\EA_10Pips_EURUSD\ini
2025-04-25 12:55:03,509 - INFO - Deleted INI directory: ini\Batch_0009\EA_1H_EUR_USD\ini
2025-04-25 12:55:03,526 - INFO - Deleted INI directory: ini\Batch_0009\EA_21Hour\ini
2025-04-25 12:55:03,541 - INFO - Deleted INI directory: ini\Batch_0009\EA_2HR_HL\ini
2025-04-25 12:55:03,559 - INFO - Deleted INI directory: ini\Batch_0009\EA_2MA_4Level\ini
2025-04-25 12:55:03,577 - INFO - Deleted INI directory: ini\Batch_0009\EA_2MA_Bunny_Cross\ini
2025-04-25 12:55:03,592 - INFO - Deleted INI directory: ini\Batch_0009\EA_35Pip_Scalper\ini
2025-04-25 12:55:03,609 - INFO - Deleted INI directory: ini\Batch_0009\EA_3Bars_HighLow\ini
2025-04-25 12:55:03,627 - INFO - Deleted INI directory: ini\Batch_0009\EA_GBPUSD_M1_2001\ini
2025-04-25 12:55:03,642 - INFO - Deleted INI directory: ini\Batch_0010\EA_10Pips\ini
2025-04-25 12:55:03,657 - INFO - Deleted INI directory: ini\Batch_0010\EA_10Pips_EURUSD\ini
2025-04-25 12:55:03,673 - INFO - Deleted INI directory: ini\Batch_0010\EA_1H_EUR_USD\ini
2025-04-25 12:55:03,691 - INFO - Deleted INI directory: ini\Batch_0010\EA_21Hour\ini
2025-04-25 12:55:03,708 - INFO - Deleted INI directory: ini\Batch_0010\EA_2HR_HL\ini
2025-04-25 12:55:03,724 - INFO - Deleted INI directory: ini\Batch_0010\EA_2MA_4Level\ini
2025-04-25 12:55:03,741 - INFO - Deleted INI directory: ini\Batch_0010\EA_2MA_Bunny_Cross\ini
2025-04-25 12:55:03,758 - INFO - Deleted INI directory: ini\Batch_0010\EA_35Pip_Scalper\ini
2025-04-25 12:55:03,772 - INFO - Deleted INI directory: ini\Batch_0010\EA_3Bars_HighLow\ini
2025-04-25 12:55:03,789 - INFO - Deleted INI directory: ini\Batch_0010\EA_GBPUSD_M1_2001\ini
2025-04-25 12:55:03,804 - INFO - Deleted INI directory: ini\Batch_0011\EA_10Pips\ini
2025-04-25 12:55:03,820 - INFO - Deleted INI directory: ini\Batch_0011\EA_10Pips_EURUSD\ini
2025-04-25 12:55:03,836 - INFO - Deleted INI directory: ini\Batch_0011\EA_1H_EUR_USD\ini
2025-04-25 12:55:03,851 - INFO - Deleted INI directory: ini\Batch_0011\EA_21Hour\ini
2025-04-25 12:55:03,866 - INFO - Deleted INI directory: ini\Batch_0011\EA_2HR_HL\ini
2025-04-25 12:55:03,882 - INFO - Deleted INI directory: ini\Batch_0011\EA_2MA_4Level\ini
2025-04-25 12:55:03,898 - INFO - Deleted INI directory: ini\Batch_0011\EA_2MA_Bunny_Cross\ini
2025-04-25 12:55:03,914 - INFO - Deleted INI directory: ini\Batch_0011\EA_35Pip_Scalper\ini
2025-04-25 12:55:03,930 - INFO - Deleted INI directory: ini\Batch_0011\EA_3Bars_HighLow\ini
2025-04-25 12:55:03,949 - INFO - Deleted INI directory: ini\Batch_0011\EA_GBPUSD_M1_2001\ini
2025-04-25 12:55:03,966 - INFO - Deleted INI directory: ini\Batch_0012\EA_10Pips\ini
2025-04-25 12:55:03,981 - INFO - Deleted INI directory: ini\Batch_0012\EA_10Pips_EURUSD\ini
2025-04-25 12:55:04,000 - INFO - Deleted INI directory: ini\Batch_0012\EA_1H_EUR_USD\ini
2025-04-25 12:55:04,017 - INFO - Deleted INI directory: ini\Batch_0012\EA_21Hour\ini
2025-04-25 12:55:04,033 - INFO - Deleted INI directory: ini\Batch_0012\EA_2HR_HL\ini
2025-04-25 12:55:04,049 - INFO - Deleted INI directory: ini\Batch_0012\EA_2MA_4Level\ini
2025-04-25 12:55:04,065 - INFO - Deleted INI directory: ini\Batch_0012\EA_2MA_Bunny_Cross\ini
2025-04-25 12:55:04,081 - INFO - Deleted INI directory: ini\Batch_0012\EA_35Pip_Scalper\ini
2025-04-25 12:55:04,102 - INFO - Deleted INI directory: ini\Batch_0012\EA_3Bars_HighLow\ini
2025-04-25 12:55:04,118 - INFO - Deleted INI directory: ini\Batch_0012\EA_GBPUSD_M1_2001\ini
2025-04-25 12:55:04,135 - INFO - Deleted INI directory: ini\Batch_0013\EA_10Pips\ini
2025-04-25 12:55:04,152 - INFO - Deleted INI directory: ini\Batch_0013\EA_10Pips_EURUSD\ini
2025-04-25 12:55:04,169 - INFO - Deleted INI directory: ini\Batch_0013\EA_1H_EUR_USD\ini
2025-04-25 12:55:04,184 - INFO - Deleted INI directory: ini\Batch_0013\EA_21Hour\ini
2025-04-25 12:55:04,199 - INFO - Deleted INI directory: ini\Batch_0013\EA_2HR_HL\ini
2025-04-25 12:55:04,214 - INFO - Deleted INI directory: ini\Batch_0013\EA_2MA_4Level\ini
2025-04-25 12:55:04,230 - INFO - Deleted INI directory: ini\Batch_0013\EA_2MA_Bunny_Cross\ini
2025-04-25 12:55:04,245 - INFO - Deleted INI directory: ini\Batch_0013\EA_35Pip_Scalper\ini
2025-04-25 12:55:04,262 - INFO - Deleted INI directory: ini\Batch_0013\EA_3Bars_HighLow\ini
2025-04-25 12:55:04,280 - INFO - Deleted INI directory: ini\Batch_0013\EA_GBPUSD_M1_2001\ini
2025-04-25 12:55:04,295 - INFO - Deleted INI directory: ini\Batch_0014\EA_10Pips\ini
2025-04-25 12:55:04,313 - INFO - Deleted INI directory: ini\Batch_0014\EA_10Pips_EURUSD\ini
2025-04-25 12:55:04,329 - INFO - Deleted INI directory: ini\Batch_0014\EA_1H_EUR_USD\ini
2025-04-25 12:55:04,349 - INFO - Deleted INI directory: ini\Batch_0014\EA_21Hour\ini
2025-04-25 12:55:04,368 - INFO - Deleted INI directory: ini\Batch_0014\EA_2HR_HL\ini
2025-04-25 12:55:04,386 - INFO - Deleted INI directory: ini\Batch_0014\EA_2MA_4Level\ini
2025-04-25 12:55:04,404 - INFO - Deleted INI directory: ini\Batch_0014\EA_2MA_Bunny_Cross\ini
2025-04-25 12:55:04,425 - INFO - Deleted INI directory: ini\Batch_0014\EA_35Pip_Scalper\ini
2025-04-25 12:55:04,444 - INFO - Deleted INI directory: ini\Batch_0014\EA_3Bars_HighLow\ini
2025-04-25 12:55:04,463 - INFO - Deleted INI directory: ini\Batch_0014\EA_GBPUSD_M1_2001\ini
2025-04-25 12:55:04,481 - INFO - Deleted INI directory: ini\Batch_0015\EA_10Pips\ini
2025-04-25 12:55:04,500 - INFO - Deleted INI directory: ini\Batch_0015\EA_10Pips_EURUSD\ini
2025-04-25 12:55:04,516 - INFO - Deleted INI directory: ini\Batch_0015\EA_1H_EUR_USD\ini
2025-04-25 12:55:04,534 - INFO - Deleted INI directory: ini\Batch_0015\EA_21Hour\ini
2025-04-25 12:55:04,554 - INFO - Deleted INI directory: ini\Batch_0015\EA_2HR_HL\ini
2025-04-25 12:55:04,575 - INFO - Deleted INI directory: ini\Batch_0015\EA_2MA_4Level\ini
2025-04-25 12:55:04,594 - INFO - Deleted INI directory: ini\Batch_0015\EA_2MA_Bunny_Cross\ini
2025-04-25 12:55:04,614 - INFO - Deleted INI directory: ini\Batch_0015\EA_35Pip_Scalper\ini
2025-04-25 12:55:04,630 - INFO - Deleted INI directory: ini\Batch_0015\EA_3Bars_HighLow\ini
2025-04-25 12:55:04,651 - INFO - Deleted INI directory: ini\Batch_0015\EA_GBPUSD_M1_2001\ini
2025-04-25 12:55:04,671 - INFO - Deleted INI directory: ini\Batch_0016\EA_10Pips\ini
2025-04-25 12:55:04,689 - INFO - Deleted INI directory: ini\Batch_0016\EA_10Pips_EURUSD\ini
2025-04-25 12:55:04,706 - INFO - Deleted INI directory: ini\Batch_0016\EA_1H_EUR_USD\ini
2025-04-25 12:55:04,722 - INFO - Deleted INI directory: ini\Batch_0016\EA_21Hour\ini
2025-04-25 12:55:04,742 - INFO - Deleted INI directory: ini\Batch_0016\EA_2HR_HL\ini
2025-04-25 12:55:04,760 - INFO - Deleted INI directory: ini\Batch_0016\EA_2MA_4Level\ini
2025-04-25 12:55:04,779 - INFO - Deleted INI directory: ini\Batch_0016\EA_2MA_Bunny_Cross\ini
2025-04-25 12:55:04,799 - INFO - Deleted INI directory: ini\Batch_0016\EA_35Pip_Scalper\ini
2025-04-25 12:55:04,817 - INFO - Deleted INI directory: ini\Batch_0016\EA_3Bars_HighLow\ini
2025-04-25 12:55:04,838 - INFO - Deleted INI directory: ini\Batch_0016\EA_GBPUSD_M1_2001\ini
2025-04-25 12:55:04,855 - INFO - Deleted INI directory: ini\Batch_0017\EA_10Pips\ini
2025-04-25 12:55:04,874 - INFO - Deleted INI directory: ini\Batch_0017\EA_10Pips_EURUSD\ini
2025-04-25 12:55:04,890 - INFO - Deleted INI directory: ini\Batch_0017\EA_1H_EUR_USD\ini
2025-04-25 12:55:04,906 - INFO - Deleted INI directory: ini\Batch_0017\EA_21Hour\ini
2025-04-25 12:55:04,922 - INFO - Deleted INI directory: ini\Batch_0017\EA_2HR_HL\ini
2025-04-25 12:55:04,948 - INFO - Deleted INI directory: ini\Batch_0017\EA_2MA_4Level\ini
2025-04-25 12:55:04,969 - INFO - Deleted INI directory: ini\Batch_0017\EA_2MA_Bunny_Cross\ini
2025-04-25 12:55:04,988 - INFO - Deleted INI directory: ini\Batch_0017\EA_35Pip_Scalper\ini
2025-04-25 12:55:05,005 - INFO - Deleted INI directory: ini\Batch_0017\EA_3Bars_HighLow\ini
2025-04-25 12:55:05,023 - INFO - Deleted INI directory: ini\Batch_0017\EA_GBPUSD_M1_2001\ini
2025-04-25 12:55:05,040 - INFO - Deleted INI directory: ini\Batch_0018\EA_10Pips\ini
2025-04-25 12:55:05,059 - INFO - Deleted INI directory: ini\Batch_0018\EA_10Pips_EURUSD\ini
2025-04-25 12:55:05,077 - INFO - Deleted INI directory: ini\Batch_0018\EA_1H_EUR_USD\ini
2025-04-25 12:55:05,095 - INFO - Deleted INI directory: ini\Batch_0018\EA_21Hour\ini
2025-04-25 12:55:05,118 - INFO - Deleted INI directory: ini\Batch_0018\EA_2HR_HL\ini
2025-04-25 12:55:05,138 - INFO - Deleted INI directory: ini\Batch_0018\EA_2MA_4Level\ini
2025-04-25 12:55:05,155 - INFO - Deleted INI directory: ini\Batch_0018\EA_2MA_Bunny_Cross\ini
2025-04-25 12:55:05,171 - INFO - Deleted INI directory: ini\Batch_0018\EA_35Pip_Scalper\ini
2025-04-25 12:55:05,187 - INFO - Deleted INI directory: ini\Batch_0018\EA_3Bars_HighLow\ini
2025-04-25 12:55:05,203 - INFO - Deleted INI directory: ini\Batch_0018\EA_GBPUSD_M1_2001\ini
2025-04-25 12:55:05,218 - INFO - Deleted INI directory: ini\Batch_0019\EA_10Pips\ini
2025-04-25 12:55:05,234 - INFO - Deleted INI directory: ini\Batch_0019\EA_10Pips_EURUSD\ini
2025-04-25 12:55:05,249 - INFO - Deleted INI directory: ini\Batch_0019\EA_1H_EUR_USD\ini
2025-04-25 12:55:05,264 - INFO - Deleted INI directory: ini\Batch_0019\EA_21Hour\ini
2025-04-25 12:55:05,279 - INFO - Deleted INI directory: ini\Batch_0019\EA_2HR_HL\ini
2025-04-25 12:55:05,295 - INFO - Deleted INI directory: ini\Batch_0019\EA_2MA_4Level\ini
2025-04-25 12:55:05,311 - INFO - Deleted INI directory: ini\Batch_0019\EA_2MA_Bunny_Cross\ini
2025-04-25 12:55:05,326 - INFO - Deleted INI directory: ini\Batch_0019\EA_35Pip_Scalper\ini
2025-04-25 12:55:05,342 - INFO - Deleted INI directory: ini\Batch_0019\EA_3Bars_HighLow\ini
2025-04-25 12:55:05,359 - INFO - Deleted INI directory: ini\Batch_0019\EA_GBPUSD_M1_2001\ini
2025-04-25 12:55:05,374 - INFO - Deleted INI directory: ini\Batch_0020\EA_10Pips\ini
2025-04-25 12:55:05,390 - INFO - Deleted INI directory: ini\Batch_0020\EA_10Pips_EURUSD\ini
2025-04-25 12:55:05,406 - INFO - Deleted INI directory: ini\Batch_0020\EA_1H_EUR_USD\ini
2025-04-25 12:55:05,422 - INFO - Deleted INI directory: ini\Batch_0020\EA_21Hour\ini
2025-04-25 12:55:05,439 - INFO - Deleted INI directory: ini\Batch_0020\EA_2HR_HL\ini
2025-04-25 12:55:05,455 - INFO - Deleted INI directory: ini\Batch_0020\EA_2MA_4Level\ini
2025-04-25 12:55:05,471 - INFO - Deleted INI directory: ini\Batch_0020\EA_2MA_Bunny_Cross\ini
2025-04-25 12:55:05,488 - INFO - Deleted INI directory: ini\Batch_0020\EA_35Pip_Scalper\ini
2025-04-25 12:55:05,504 - INFO - Deleted INI directory: ini\Batch_0020\EA_3Bars_HighLow\ini
2025-04-25 12:55:05,527 - INFO - Deleted INI directory: ini\Batch_0020\EA_GBPUSD_M1_2001\ini
2025-04-25 12:55:05,545 - INFO - Deleted INI directory: ini\Batch_0021\EA_10Pips\ini
2025-04-25 12:55:05,561 - INFO - Deleted INI directory: ini\Batch_0021\EA_10Pips_EURUSD\ini
2025-04-25 12:55:05,577 - INFO - Deleted INI directory: ini\Batch_0021\EA_1H_EUR_USD\ini
2025-04-25 12:55:05,594 - INFO - Deleted INI directory: ini\Batch_0021\EA_21Hour\ini
2025-04-25 12:55:05,610 - INFO - Deleted INI directory: ini\Batch_0021\EA_2HR_HL\ini
2025-04-25 12:55:05,627 - INFO - Deleted INI directory: ini\Batch_0021\EA_2MA_4Level\ini
2025-04-25 12:55:05,644 - INFO - Deleted INI directory: ini\Batch_0021\EA_2MA_Bunny_Cross\ini
2025-04-25 12:55:05,663 - INFO - Deleted INI directory: ini\Batch_0021\EA_35Pip_Scalper\ini
2025-04-25 12:55:05,689 - INFO - Deleted INI directory: ini\Batch_0021\EA_3Bars_HighLow\ini
2025-04-25 12:55:05,717 - INFO - Deleted INI directory: ini\Batch_0021\EA_GBPUSD_M1_2001\ini
2025-04-25 12:55:05,741 - INFO - Deleted INI directory: ini\Batch_0022\EA_10Pips\ini
2025-04-25 12:55:05,761 - INFO - Deleted INI directory: ini\Batch_0022\EA_10Pips_EURUSD\ini
2025-04-25 12:55:05,781 - INFO - Deleted INI directory: ini\Batch_0022\EA_1H_EUR_USD\ini
2025-04-25 12:55:05,803 - INFO - Deleted INI directory: ini\Batch_0022\EA_21Hour\ini
2025-04-25 12:55:05,820 - INFO - Deleted INI directory: ini\Batch_0022\EA_2HR_HL\ini
2025-04-25 12:55:05,837 - INFO - Deleted INI directory: ini\Batch_0022\EA_2MA_4Level\ini
2025-04-25 12:55:05,857 - INFO - Deleted INI directory: ini\Batch_0022\EA_2MA_Bunny_Cross\ini
2025-04-25 12:55:05,875 - INFO - Deleted INI directory: ini\Batch_0022\EA_35Pip_Scalper\ini
2025-04-25 12:55:05,891 - INFO - Deleted INI directory: ini\Batch_0022\EA_3Bars_HighLow\ini
2025-04-25 12:55:05,909 - INFO - Deleted INI directory: ini\Batch_0022\EA_GBPUSD_M1_2001\ini
2025-04-25 12:55:05,925 - INFO - Deleted INI directory: ini\Batch_0023\EA_10Pips\ini
2025-04-25 12:55:05,941 - INFO - Deleted INI directory: ini\Batch_0023\EA_10Pips_EURUSD\ini
2025-04-25 12:55:05,957 - INFO - Deleted INI directory: ini\Batch_0023\EA_1H_EUR_USD\ini
2025-04-25 12:55:05,976 - INFO - Deleted INI directory: ini\Batch_0023\EA_21Hour\ini
2025-04-25 12:55:05,992 - INFO - Deleted INI directory: ini\Batch_0023\EA_2HR_HL\ini
2025-04-25 12:55:06,008 - INFO - Deleted INI directory: ini\Batch_0023\EA_2MA_4Level\ini
2025-04-25 12:55:06,025 - INFO - Deleted INI directory: ini\Batch_0023\EA_2MA_Bunny_Cross\ini
2025-04-25 12:55:06,041 - INFO - Deleted INI directory: ini\Batch_0023\EA_35Pip_Scalper\ini
2025-04-25 12:55:06,060 - INFO - Deleted INI directory: ini\Batch_0023\EA_3Bars_HighLow\ini
2025-04-25 12:55:06,076 - INFO - Deleted INI directory: ini\Batch_0023\EA_GBPUSD_M1_2001\ini
2025-04-25 12:55:06,091 - INFO - Deleted INI directory: ini\Batch_0024\EA_10Pips\ini
2025-04-25 12:55:06,107 - INFO - Deleted INI directory: ini\Batch_0024\EA_10Pips_EURUSD\ini
2025-04-25 12:55:06,122 - INFO - Deleted INI directory: ini\Batch_0024\EA_1H_EUR_USD\ini
2025-04-25 12:55:06,140 - INFO - Deleted INI directory: ini\Batch_0024\EA_21Hour\ini
2025-04-25 12:55:06,156 - INFO - Deleted INI directory: ini\Batch_0024\EA_2HR_HL\ini
2025-04-25 12:55:06,171 - INFO - Deleted INI directory: ini\Batch_0024\EA_2MA_4Level\ini
2025-04-25 12:55:06,188 - INFO - Deleted INI directory: ini\Batch_0024\EA_2MA_Bunny_Cross\ini
2025-04-25 12:55:06,204 - INFO - Deleted INI directory: ini\Batch_0024\EA_35Pip_Scalper\ini
2025-04-25 12:55:06,219 - INFO - Deleted INI directory: ini\Batch_0024\EA_3Bars_HighLow\ini
2025-04-25 12:55:06,237 - INFO - Deleted INI directory: ini\Batch_0024\EA_GBPUSD_M1_2001\ini
2025-04-25 12:55:06,252 - INFO - Deleted INI directory: ini\Batch_0025\EA_10Pips\ini
2025-04-25 12:55:06,268 - INFO - Deleted INI directory: ini\Batch_0025\EA_10Pips_EURUSD\ini
2025-04-25 12:55:06,284 - INFO - Deleted INI directory: ini\Batch_0025\EA_1H_EUR_USD\ini
2025-04-25 12:55:06,299 - INFO - Deleted INI directory: ini\Batch_0025\EA_21Hour\ini
2025-04-25 12:55:06,315 - INFO - Deleted INI directory: ini\Batch_0025\EA_2HR_HL\ini
2025-04-25 12:55:06,332 - INFO - Deleted INI directory: ini\Batch_0025\EA_2MA_4Level\ini
2025-04-25 12:55:06,349 - INFO - Deleted INI directory: ini\Batch_0025\EA_2MA_Bunny_Cross\ini
2025-04-25 12:55:06,364 - INFO - Deleted INI directory: ini\Batch_0025\EA_35Pip_Scalper\ini
2025-04-25 12:55:06,381 - INFO - Deleted INI directory: ini\Batch_0025\EA_3Bars_HighLow\ini
2025-04-25 12:55:06,398 - INFO - Deleted INI directory: ini\Batch_0025\EA_GBPUSD_M1_2001\ini
2025-04-25 12:55:06,417 - INFO - Deleted INI directory: ini\Batch_0026\EA_10Pips\ini
2025-04-25 12:55:06,434 - INFO - Deleted INI directory: ini\Batch_0026\EA_10Pips_EURUSD\ini
2025-04-25 12:55:06,450 - INFO - Deleted INI directory: ini\Batch_0026\EA_1H_EUR_USD\ini
2025-04-25 12:55:06,467 - INFO - Deleted INI directory: ini\Batch_0026\EA_21Hour\ini
2025-04-25 12:55:06,483 - INFO - Deleted INI directory: ini\Batch_0026\EA_2HR_HL\ini
2025-04-25 12:55:06,500 - INFO - Deleted INI directory: ini\Batch_0026\EA_2MA_4Level\ini
2025-04-25 12:55:06,519 - INFO - Deleted INI directory: ini\Batch_0026\EA_2MA_Bunny_Cross\ini
2025-04-25 12:55:06,536 - INFO - Deleted INI directory: ini\Batch_0026\EA_35Pip_Scalper\ini
2025-04-25 12:55:06,552 - INFO - Deleted INI directory: ini\Batch_0026\EA_3Bars_HighLow\ini
2025-04-25 12:55:06,571 - INFO - Deleted INI directory: ini\Batch_0026\EA_GBPUSD_M1_2001\ini
2025-04-25 12:55:06,588 - INFO - Deleted INI directory: ini\Batch_0027\EA_10Pips\ini
2025-04-25 12:55:06,605 - INFO - Deleted INI directory: ini\Batch_0027\EA_10Pips_EURUSD\ini
2025-04-25 12:55:06,621 - INFO - Deleted INI directory: ini\Batch_0027\EA_1H_EUR_USD\ini
2025-04-25 12:55:06,636 - INFO - Deleted INI directory: ini\Batch_0027\EA_21Hour\ini
2025-04-25 12:55:06,654 - INFO - Deleted INI directory: ini\Batch_0027\EA_2HR_HL\ini
2025-04-25 12:55:06,670 - INFO - Deleted INI directory: ini\Batch_0027\EA_2MA_4Level\ini
2025-04-25 12:55:06,687 - INFO - Deleted INI directory: ini\Batch_0027\EA_2MA_Bunny_Cross\ini
2025-04-25 12:55:06,702 - INFO - Deleted INI directory: ini\Batch_0027\EA_35Pip_Scalper\ini
2025-04-25 12:55:06,716 - INFO - Deleted INI directory: ini\Batch_0027\EA_3Bars_HighLow\ini
2025-04-25 12:55:06,733 - INFO - Deleted INI directory: ini\Batch_0027\EA_GBPUSD_M1_2001\ini
2025-04-25 12:55:06,750 - INFO - Deleted INI directory: ini\Batch_0028\EA_10Pips\ini
2025-04-25 12:55:06,765 - INFO - Deleted INI directory: ini\Batch_0028\EA_10Pips_EURUSD\ini
2025-04-25 12:55:06,781 - INFO - Deleted INI directory: ini\Batch_0028\EA_1H_EUR_USD\ini
2025-04-25 12:55:06,797 - INFO - Deleted INI directory: ini\Batch_0028\EA_21Hour\ini
2025-04-25 12:55:06,815 - INFO - Deleted INI directory: ini\Batch_0028\EA_2HR_HL\ini
2025-04-25 12:55:06,833 - INFO - Deleted INI directory: ini\Batch_0028\EA_2MA_4Level\ini
2025-04-25 12:55:06,851 - INFO - Deleted INI directory: ini\Batch_0028\EA_2MA_Bunny_Cross\ini
2025-04-25 12:55:06,871 - INFO - Deleted INI directory: ini\Batch_0028\EA_35Pip_Scalper\ini
2025-04-25 12:55:06,886 - INFO - Deleted INI directory: ini\Batch_0028\EA_3Bars_HighLow\ini
2025-04-25 12:55:06,903 - INFO - Deleted INI directory: ini\Batch_0028\EA_GBPUSD_M1_2001\ini
2025-04-25 12:55:06,919 - INFO - Deleted INI directory: ini\Batch_0029\EA_10Pips\ini
2025-04-25 12:55:06,938 - INFO - Deleted INI directory: ini\Batch_0029\EA_10Pips_EURUSD\ini
2025-04-25 12:55:06,954 - INFO - Deleted INI directory: ini\Batch_0029\EA_1H_EUR_USD\ini
2025-04-25 12:55:06,971 - INFO - Deleted INI directory: ini\Batch_0029\EA_21Hour\ini
2025-04-25 12:55:06,988 - INFO - Deleted INI directory: ini\Batch_0029\EA_2HR_HL\ini
2025-04-25 12:55:07,006 - INFO - Deleted INI directory: ini\Batch_0029\EA_2MA_4Level\ini
2025-04-25 12:55:07,024 - INFO - Deleted INI directory: ini\Batch_0029\EA_2MA_Bunny_Cross\ini
2025-04-25 12:55:07,041 - INFO - Deleted INI directory: ini\Batch_0029\EA_35Pip_Scalper\ini
2025-04-25 12:55:07,059 - INFO - Deleted INI directory: ini\Batch_0029\EA_3Bars_HighLow\ini
2025-04-25 12:55:07,077 - INFO - Deleted INI directory: ini\Batch_0029\EA_GBPUSD_M1_2001\ini
2025-04-25 12:55:07,094 - INFO - Deleted INI directory: ini\Batch_0030\EA_10Pips\ini
2025-04-25 12:55:07,111 - INFO - Deleted INI directory: ini\Batch_0030\EA_10Pips_EURUSD\ini
2025-04-25 12:55:07,128 - INFO - Deleted INI directory: ini\Batch_0030\EA_1H_EUR_USD\ini
2025-04-25 12:55:07,145 - INFO - Deleted INI directory: ini\Batch_0030\EA_21Hour\ini
2025-04-25 12:55:07,162 - INFO - Deleted INI directory: ini\Batch_0030\EA_2HR_HL\ini
2025-04-25 12:55:07,178 - INFO - Deleted INI directory: ini\Batch_0030\EA_2MA_4Level\ini
2025-04-25 12:55:07,197 - INFO - Deleted INI directory: ini\Batch_0030\EA_2MA_Bunny_Cross\ini
2025-04-25 12:55:07,214 - INFO - Deleted INI directory: ini\Batch_0030\EA_35Pip_Scalper\ini
2025-04-25 12:55:07,231 - INFO - Deleted INI directory: ini\Batch_0030\EA_3Bars_HighLow\ini
2025-04-25 12:55:07,248 - INFO - Deleted INI directory: ini\Batch_0030\EA_GBPUSD_M1_2001\ini
2025-04-25 12:55:07,265 - INFO - Deleted INI directory: ini\Batch_0031\EA_10Pips\ini
2025-04-25 12:55:07,282 - INFO - Deleted INI directory: ini\Batch_0031\EA_10Pips_EURUSD\ini
2025-04-25 12:55:07,302 - INFO - Deleted INI directory: ini\Batch_0031\EA_1H_EUR_USD\ini
2025-04-25 12:55:07,324 - INFO - Deleted INI directory: ini\Batch_0031\EA_21Hour\ini
2025-04-25 12:55:07,347 - INFO - Deleted INI directory: ini\Batch_0031\EA_2HR_HL\ini
2025-04-25 12:55:07,368 - INFO - Deleted INI directory: ini\Batch_0031\EA_2MA_4Level\ini
2025-04-25 12:55:07,386 - INFO - Deleted INI directory: ini\Batch_0031\EA_2MA_Bunny_Cross\ini
2025-04-25 12:55:07,404 - INFO - Deleted INI directory: ini\Batch_0031\EA_35Pip_Scalper\ini
2025-04-25 12:55:07,424 - INFO - Deleted INI directory: ini\Batch_0031\EA_3Bars_HighLow\ini
2025-04-25 12:55:07,443 - INFO - Deleted INI directory: ini\Batch_0031\EA_GBPUSD_M1_2001\ini
2025-04-25 12:55:07,465 - INFO - Deleted INI directory: ini\Batch_0032\EA_10Pips\ini
2025-04-25 12:55:07,486 - INFO - Deleted INI directory: ini\Batch_0032\EA_10Pips_EURUSD\ini
2025-04-25 12:55:07,504 - INFO - Deleted INI directory: ini\Batch_0032\EA_1H_EUR_USD\ini
2025-04-25 12:55:07,522 - INFO - Deleted INI directory: ini\Batch_0032\EA_21Hour\ini
2025-04-25 12:55:07,539 - INFO - Deleted INI directory: ini\Batch_0032\EA_2HR_HL\ini
2025-04-25 12:55:07,557 - INFO - Deleted INI directory: ini\Batch_0032\EA_2MA_4Level\ini
2025-04-25 12:55:07,578 - INFO - Deleted INI directory: ini\Batch_0032\EA_2MA_Bunny_Cross\ini
2025-04-25 12:55:07,595 - INFO - Deleted INI directory: ini\Batch_0032\EA_35Pip_Scalper\ini
2025-04-25 12:55:07,612 - INFO - Deleted INI directory: ini\Batch_0032\EA_3Bars_HighLow\ini
2025-04-25 12:55:07,631 - INFO - Deleted INI directory: ini\Batch_0032\EA_GBPUSD_M1_2001\ini
2025-04-25 12:55:07,649 - INFO - Deleted INI directory: ini\Batch_0033\EA_10Pips\ini
2025-04-25 12:55:07,668 - INFO - Deleted INI directory: ini\Batch_0033\EA_10Pips_EURUSD\ini
2025-04-25 12:55:07,686 - INFO - Deleted INI directory: ini\Batch_0033\EA_1H_EUR_USD\ini
2025-04-25 12:55:07,704 - INFO - Deleted INI directory: ini\Batch_0033\EA_21Hour\ini
2025-04-25 12:55:07,723 - INFO - Deleted INI directory: ini\Batch_0033\EA_2HR_HL\ini
2025-04-25 12:55:07,741 - INFO - Deleted INI directory: ini\Batch_0033\EA_2MA_4Level\ini
2025-04-25 12:55:07,761 - INFO - Deleted INI directory: ini\Batch_0033\EA_2MA_Bunny_Cross\ini
2025-04-25 12:55:07,780 - INFO - Deleted INI directory: ini\Batch_0033\EA_35Pip_Scalper\ini
2025-04-25 12:55:07,800 - INFO - Deleted INI directory: ini\Batch_0033\EA_3Bars_HighLow\ini
2025-04-25 12:55:07,822 - INFO - Deleted INI directory: ini\Batch_0033\EA_GBPUSD_M1_2001\ini
2025-04-25 12:55:07,841 - INFO - Deleted INI directory: ini\Batch_0034\EA_10Pips\ini
2025-04-25 12:55:07,859 - INFO - Deleted INI directory: ini\Batch_0034\EA_10Pips_EURUSD\ini
2025-04-25 12:55:07,878 - INFO - Deleted INI directory: ini\Batch_0034\EA_1H_EUR_USD\ini
2025-04-25 12:55:07,900 - INFO - Deleted INI directory: ini\Batch_0034\EA_21Hour\ini
2025-04-25 12:55:07,921 - INFO - Deleted INI directory: ini\Batch_0034\EA_2HR_HL\ini
2025-04-25 12:55:07,940 - INFO - Deleted INI directory: ini\Batch_0034\EA_2MA_4Level\ini
2025-04-25 12:55:07,961 - INFO - Deleted INI directory: ini\Batch_0034\EA_2MA_Bunny_Cross\ini
2025-04-25 12:55:07,980 - INFO - Deleted INI directory: ini\Batch_0034\EA_35Pip_Scalper\ini
2025-04-25 12:55:08,000 - INFO - Deleted INI directory: ini\Batch_0034\EA_3Bars_HighLow\ini
2025-04-25 12:55:08,021 - INFO - Deleted INI directory: ini\Batch_0034\EA_GBPUSD_M1_2001\ini
2025-04-25 12:55:08,042 - INFO - Deleted INI directory: ini\Batch_0035\EA_10Pips\ini
2025-04-25 12:55:08,064 - INFO - Deleted INI directory: ini\Batch_0035\EA_10Pips_EURUSD\ini
2025-04-25 12:55:08,085 - INFO - Deleted INI directory: ini\Batch_0035\EA_1H_EUR_USD\ini
2025-04-25 12:55:08,104 - INFO - Deleted INI directory: ini\Batch_0035\EA_21Hour\ini
2025-04-25 12:55:08,124 - INFO - Deleted INI directory: ini\Batch_0035\EA_2HR_HL\ini
2025-04-25 12:55:08,144 - INFO - Deleted INI directory: ini\Batch_0035\EA_2MA_4Level\ini
2025-04-25 12:55:08,163 - INFO - Deleted INI directory: ini\Batch_0035\EA_2MA_Bunny_Cross\ini
2025-04-25 12:55:08,180 - INFO - Deleted INI directory: ini\Batch_0035\EA_35Pip_Scalper\ini
2025-04-25 12:55:08,197 - INFO - Deleted INI directory: ini\Batch_0035\EA_3Bars_HighLow\ini
2025-04-25 12:55:08,214 - INFO - Deleted INI directory: ini\Batch_0035\EA_GBPUSD_M1_2001\ini
2025-04-25 12:55:08,236 - INFO - Deleted INI directory: ini\Batch_0036\EA_10Pips\ini
2025-04-25 12:55:08,259 - INFO - Deleted INI directory: ini\Batch_0036\EA_10Pips_EURUSD\ini
2025-04-25 12:55:08,277 - INFO - Deleted INI directory: ini\Batch_0036\EA_1H_EUR_USD\ini
2025-04-25 12:55:08,295 - INFO - Deleted INI directory: ini\Batch_0036\EA_21Hour\ini
2025-04-25 12:55:08,314 - INFO - Deleted INI directory: ini\Batch_0036\EA_2HR_HL\ini
2025-04-25 12:55:08,336 - INFO - Deleted INI directory: ini\Batch_0036\EA_2MA_4Level\ini
2025-04-25 12:55:08,358 - INFO - Deleted INI directory: ini\Batch_0036\EA_2MA_Bunny_Cross\ini
2025-04-25 12:55:08,375 - INFO - Deleted INI directory: ini\Batch_0036\EA_35Pip_Scalper\ini
2025-04-25 12:55:08,392 - INFO - Deleted INI directory: ini\Batch_0036\EA_3Bars_HighLow\ini
2025-04-25 12:55:08,411 - INFO - Deleted INI directory: ini\Batch_0036\EA_GBPUSD_M1_2001\ini
2025-04-25 12:55:08,429 - INFO - Deleted INI directory: ini\Batch_0037\EA_10Pips\ini
2025-04-25 12:55:08,446 - INFO - Deleted INI directory: ini\Batch_0037\EA_10Pips_EURUSD\ini
2025-04-25 12:55:08,462 - INFO - Deleted INI directory: ini\Batch_0037\EA_1H_EUR_USD\ini
2025-04-25 12:55:08,482 - INFO - Deleted INI directory: ini\Batch_0037\EA_21Hour\ini
2025-04-25 12:55:08,498 - INFO - Deleted INI directory: ini\Batch_0037\EA_2HR_HL\ini
2025-04-25 12:55:08,516 - INFO - Deleted INI directory: ini\Batch_0037\EA_2MA_4Level\ini
2025-04-25 12:55:08,534 - INFO - Deleted INI directory: ini\Batch_0037\EA_2MA_Bunny_Cross\ini
2025-04-25 12:55:08,550 - INFO - Deleted INI directory: ini\Batch_0037\EA_35Pip_Scalper\ini
2025-04-25 12:55:08,569 - INFO - Deleted INI directory: ini\Batch_0037\EA_3Bars_HighLow\ini
2025-04-25 12:55:08,591 - INFO - Deleted INI directory: ini\Batch_0037\EA_GBPUSD_M1_2001\ini
2025-04-25 12:55:08,612 - INFO - Deleted INI directory: ini\Batch_0038\EA_10Pips\ini
2025-04-25 12:55:08,630 - INFO - Deleted INI directory: ini\Batch_0038\EA_10Pips_EURUSD\ini
2025-04-25 12:55:08,648 - INFO - Deleted INI directory: ini\Batch_0038\EA_1H_EUR_USD\ini
2025-04-25 12:55:08,666 - INFO - Deleted INI directory: ini\Batch_0038\EA_21Hour\ini
2025-04-25 12:55:08,683 - INFO - Deleted INI directory: ini\Batch_0038\EA_2HR_HL\ini
2025-04-25 12:55:08,704 - INFO - Deleted INI directory: ini\Batch_0038\EA_2MA_4Level\ini
2025-04-25 12:55:08,721 - INFO - Deleted INI directory: ini\Batch_0038\EA_2MA_Bunny_Cross\ini
2025-04-25 12:55:08,740 - INFO - Deleted INI directory: ini\Batch_0038\EA_35Pip_Scalper\ini
2025-04-25 12:55:08,758 - INFO - Deleted INI directory: ini\Batch_0038\EA_3Bars_HighLow\ini
2025-04-25 12:55:08,776 - INFO - Deleted INI directory: ini\Batch_0038\EA_GBPUSD_M1_2001\ini
2025-04-25 12:55:08,796 - INFO - Deleted INI directory: ini\Batch_0039\EA_10Pips\ini
2025-04-25 12:55:08,816 - INFO - Deleted INI directory: ini\Batch_0039\EA_10Pips_EURUSD\ini
2025-04-25 12:55:08,834 - INFO - Deleted INI directory: ini\Batch_0039\EA_1H_EUR_USD\ini
2025-04-25 12:55:08,853 - INFO - Deleted INI directory: ini\Batch_0039\EA_21Hour\ini
2025-04-25 12:55:08,871 - INFO - Deleted INI directory: ini\Batch_0039\EA_2HR_HL\ini
2025-04-25 12:55:08,889 - INFO - Deleted INI directory: ini\Batch_0039\EA_2MA_4Level\ini
2025-04-25 12:55:08,907 - INFO - Deleted INI directory: ini\Batch_0039\EA_2MA_Bunny_Cross\ini
2025-04-25 12:55:08,926 - INFO - Deleted INI directory: ini\Batch_0039\EA_35Pip_Scalper\ini
2025-04-25 12:55:08,945 - INFO - Deleted INI directory: ini\Batch_0039\EA_3Bars_HighLow\ini
2025-04-25 12:55:08,964 - INFO - Deleted INI directory: ini\Batch_0039\EA_GBPUSD_M1_2001\ini
2025-04-25 12:55:08,981 - INFO - Deleted INI directory: ini\Batch_0040\EA_10Pips\ini
2025-04-25 12:55:08,998 - INFO - Deleted INI directory: ini\Batch_0040\EA_10Pips_EURUSD\ini
2025-04-25 12:55:09,015 - INFO - Deleted INI directory: ini\Batch_0040\EA_1H_EUR_USD\ini
2025-04-25 12:55:09,034 - INFO - Deleted INI directory: ini\Batch_0040\EA_21Hour\ini
2025-04-25 12:55:09,052 - INFO - Deleted INI directory: ini\Batch_0040\EA_2HR_HL\ini
2025-04-25 12:55:09,076 - INFO - Deleted INI directory: ini\Batch_0040\EA_2MA_4Level\ini
2025-04-25 12:55:09,094 - INFO - Deleted INI directory: ini\Batch_0040\EA_2MA_Bunny_Cross\ini
2025-04-25 12:55:09,113 - INFO - Deleted INI directory: ini\Batch_0040\EA_35Pip_Scalper\ini
2025-04-25 12:55:09,131 - INFO - Deleted INI directory: ini\Batch_0040\EA_3Bars_HighLow\ini
2025-04-25 12:55:09,148 - INFO - Deleted INI directory: ini\Batch_0040\EA_GBPUSD_M1_2001\ini
2025-04-25 12:55:09,167 - INFO - Deleted INI directory: ini\Batch_0041\EA_10Pips\ini
2025-04-25 12:55:09,183 - INFO - Deleted INI directory: ini\Batch_0041\EA_10Pips_EURUSD\ini
2025-04-25 12:55:09,199 - INFO - Deleted INI directory: ini\Batch_0041\EA_1H_EUR_USD\ini
2025-04-25 12:55:09,215 - INFO - Deleted INI directory: ini\Batch_0041\EA_21Hour\ini
2025-04-25 12:55:09,233 - INFO - Deleted INI directory: ini\Batch_0041\EA_2HR_HL\ini
2025-04-25 12:55:09,249 - INFO - Deleted INI directory: ini\Batch_0041\EA_2MA_4Level\ini
2025-04-25 12:55:09,267 - INFO - Deleted INI directory: ini\Batch_0041\EA_2MA_Bunny_Cross\ini
2025-04-25 12:55:09,284 - INFO - Deleted INI directory: ini\Batch_0041\EA_35Pip_Scalper\ini
2025-04-25 12:55:09,301 - INFO - Deleted INI directory: ini\Batch_0041\EA_3Bars_HighLow\ini
2025-04-25 12:55:09,318 - INFO - Deleted INI directory: ini\Batch_0041\EA_GBPUSD_M1_2001\ini
2025-04-25 12:55:09,335 - INFO - Deleted INI directory: ini\Batch_0042\EA_10Pips\ini
2025-04-25 12:55:09,353 - INFO - Deleted INI directory: ini\Batch_0042\EA_10Pips_EURUSD\ini
2025-04-25 12:55:09,371 - INFO - Deleted INI directory: ini\Batch_0042\EA_1H_EUR_USD\ini
2025-04-25 12:55:09,389 - INFO - Deleted INI directory: ini\Batch_0042\EA_21Hour\ini
2025-04-25 12:55:09,408 - INFO - Deleted INI directory: ini\Batch_0042\EA_2HR_HL\ini
2025-04-25 12:55:09,425 - INFO - Deleted INI directory: ini\Batch_0042\EA_2MA_4Level\ini
2025-04-25 12:55:09,444 - INFO - Deleted INI directory: ini\Batch_0042\EA_2MA_Bunny_Cross\ini
2025-04-25 12:55:09,461 - INFO - Deleted INI directory: ini\Batch_0042\EA_35Pip_Scalper\ini
2025-04-25 12:55:09,479 - INFO - Deleted INI directory: ini\Batch_0042\EA_3Bars_HighLow\ini
2025-04-25 12:55:09,496 - INFO - Deleted INI directory: ini\Batch_0042\EA_GBPUSD_M1_2001\ini
2025-04-25 12:55:09,513 - INFO - Deleted INI directory: ini\Batch_0043\EA_10Pips\ini
2025-04-25 12:55:09,531 - INFO - Deleted INI directory: ini\Batch_0043\EA_10Pips_EURUSD\ini
2025-04-25 12:55:09,550 - INFO - Deleted INI directory: ini\Batch_0043\EA_1H_EUR_USD\ini
2025-04-25 12:55:09,570 - INFO - Deleted INI directory: ini\Batch_0043\EA_21Hour\ini
2025-04-25 12:55:09,587 - INFO - Deleted INI directory: ini\Batch_0043\EA_2HR_HL\ini
2025-04-25 12:55:09,605 - INFO - Deleted INI directory: ini\Batch_0043\EA_2MA_4Level\ini
2025-04-25 12:55:09,623 - INFO - Deleted INI directory: ini\Batch_0043\EA_2MA_Bunny_Cross\ini
2025-04-25 12:55:09,639 - INFO - Deleted INI directory: ini\Batch_0043\EA_35Pip_Scalper\ini
2025-04-25 12:55:09,656 - INFO - Deleted INI directory: ini\Batch_0043\EA_3Bars_HighLow\ini
2025-04-25 12:55:09,673 - INFO - Deleted INI directory: ini\Batch_0043\EA_GBPUSD_M1_2001\ini
2025-04-25 12:55:09,690 - INFO - Deleted INI directory: ini\Batch_0044\EA_10Pips\ini
2025-04-25 12:55:09,706 - INFO - Deleted INI directory: ini\Batch_0044\EA_10Pips_EURUSD\ini
2025-04-25 12:55:09,724 - INFO - Deleted INI directory: ini\Batch_0044\EA_1H_EUR_USD\ini
2025-04-25 12:55:09,748 - INFO - Deleted INI directory: ini\Batch_0044\EA_21Hour\ini
2025-04-25 12:55:09,782 - INFO - Deleted INI directory: ini\Batch_0044\EA_2HR_HL\ini
2025-04-25 12:55:09,810 - INFO - Deleted INI directory: ini\Batch_0044\EA_2MA_4Level\ini
2025-04-25 12:55:09,833 - INFO - Deleted INI directory: ini\Batch_0044\EA_2MA_Bunny_Cross\ini
2025-04-25 12:55:09,859 - INFO - Deleted INI directory: ini\Batch_0044\EA_35Pip_Scalper\ini
2025-04-25 12:55:09,880 - INFO - Deleted INI directory: ini\Batch_0044\EA_3Bars_HighLow\ini
2025-04-25 12:55:09,902 - INFO - Deleted INI directory: ini\Batch_0044\EA_GBPUSD_M1_2001\ini
2025-04-25 12:55:09,923 - INFO - Deleted INI directory: ini\Batch_0045\EA_10Pips\ini
2025-04-25 12:55:09,944 - INFO - Deleted INI directory: ini\Batch_0045\EA_10Pips_EURUSD\ini
2025-04-25 12:55:09,965 - INFO - Deleted INI directory: ini\Batch_0045\EA_1H_EUR_USD\ini
2025-04-25 12:55:09,987 - INFO - Deleted INI directory: ini\Batch_0045\EA_21Hour\ini
2025-04-25 12:55:10,006 - INFO - Deleted INI directory: ini\Batch_0045\EA_2HR_HL\ini
2025-04-25 12:55:10,024 - INFO - Deleted INI directory: ini\Batch_0045\EA_2MA_4Level\ini
2025-04-25 12:55:10,042 - INFO - Deleted INI directory: ini\Batch_0045\EA_2MA_Bunny_Cross\ini
2025-04-25 12:55:10,060 - INFO - Deleted INI directory: ini\Batch_0045\EA_35Pip_Scalper\ini
2025-04-25 12:55:10,081 - INFO - Deleted INI directory: ini\Batch_0045\EA_3Bars_HighLow\ini
2025-04-25 12:55:10,099 - INFO - Deleted INI directory: ini\Batch_0045\EA_GBPUSD_M1_2001\ini
2025-04-25 12:55:10,118 - INFO - Deleted INI directory: ini\Batch_0046\EA_10Pips\ini
2025-04-25 12:55:10,137 - INFO - Deleted INI directory: ini\Batch_0046\EA_10Pips_EURUSD\ini
2025-04-25 12:55:10,157 - INFO - Deleted INI directory: ini\Batch_0046\EA_1H_EUR_USD\ini
2025-04-25 12:55:10,177 - INFO - Deleted INI directory: ini\Batch_0046\EA_21Hour\ini
2025-04-25 12:55:10,193 - INFO - Deleted INI directory: ini\Batch_0046\EA_2HR_HL\ini
2025-04-25 12:55:10,210 - INFO - Deleted INI directory: ini\Batch_0046\EA_2MA_4Level\ini
2025-04-25 12:55:10,226 - INFO - Deleted INI directory: ini\Batch_0046\EA_2MA_Bunny_Cross\ini
2025-04-25 12:55:10,243 - INFO - Deleted INI directory: ini\Batch_0046\EA_35Pip_Scalper\ini
2025-04-25 12:55:10,259 - INFO - Deleted INI directory: ini\Batch_0046\EA_3Bars_HighLow\ini
2025-04-25 12:55:10,277 - INFO - Deleted INI directory: ini\Batch_0046\EA_GBPUSD_M1_2001\ini
2025-04-25 12:55:10,295 - INFO - Deleted INI directory: ini\Batch_0047\EA_10Pips\ini
2025-04-25 12:55:10,311 - INFO - Deleted INI directory: ini\Batch_0047\EA_10Pips_EURUSD\ini
2025-04-25 12:55:10,329 - INFO - Deleted INI directory: ini\Batch_0047\EA_1H_EUR_USD\ini
2025-04-25 12:55:10,353 - INFO - Deleted INI directory: ini\Batch_0047\EA_21Hour\ini
2025-04-25 12:55:10,373 - INFO - Deleted INI directory: ini\Batch_0047\EA_2HR_HL\ini
2025-04-25 12:55:10,393 - INFO - Deleted INI directory: ini\Batch_0047\EA_2MA_4Level\ini
2025-04-25 12:55:10,412 - INFO - Deleted INI directory: ini\Batch_0047\EA_2MA_Bunny_Cross\ini
2025-04-25 12:55:10,431 - INFO - Deleted INI directory: ini\Batch_0047\EA_35Pip_Scalper\ini
2025-04-25 12:55:10,449 - INFO - Deleted INI directory: ini\Batch_0047\EA_3Bars_HighLow\ini
2025-04-25 12:55:10,467 - INFO - Deleted INI directory: ini\Batch_0047\EA_GBPUSD_M1_2001\ini
2025-04-25 12:55:10,485 - INFO - Deleted INI directory: ini\Batch_0048\EA_10Pips\ini
2025-04-25 12:55:10,502 - INFO - Deleted INI directory: ini\Batch_0048\EA_10Pips_EURUSD\ini
2025-04-25 12:55:10,521 - INFO - Deleted INI directory: ini\Batch_0048\EA_1H_EUR_USD\ini
2025-04-25 12:55:10,542 - INFO - Deleted INI directory: ini\Batch_0048\EA_21Hour\ini
2025-04-25 12:55:10,563 - INFO - Deleted INI directory: ini\Batch_0048\EA_2HR_HL\ini
2025-04-25 12:55:10,582 - INFO - Deleted INI directory: ini\Batch_0048\EA_2MA_4Level\ini
2025-04-25 12:55:10,600 - INFO - Deleted INI directory: ini\Batch_0048\EA_2MA_Bunny_Cross\ini
2025-04-25 12:55:10,620 - INFO - Deleted INI directory: ini\Batch_0048\EA_35Pip_Scalper\ini
2025-04-25 12:55:10,637 - INFO - Deleted INI directory: ini\Batch_0048\EA_3Bars_HighLow\ini
2025-04-25 12:55:10,657 - INFO - Deleted INI directory: ini\Batch_0048\EA_GBPUSD_M1_2001\ini
2025-04-25 12:55:10,676 - INFO - Deleted INI directory: ini\Batch_0049\EA_10Pips\ini
2025-04-25 12:55:10,695 - INFO - Deleted INI directory: ini\Batch_0049\EA_10Pips_EURUSD\ini
2025-04-25 12:55:10,722 - INFO - Deleted INI directory: ini\Batch_0049\EA_1H_EUR_USD\ini
2025-04-25 12:55:10,740 - INFO - Deleted INI directory: ini\Batch_0049\EA_21Hour\ini
2025-04-25 12:55:10,760 - INFO - Deleted INI directory: ini\Batch_0049\EA_2HR_HL\ini
2025-04-25 12:55:10,777 - INFO - Deleted INI directory: ini\Batch_0049\EA_2MA_4Level\ini
2025-04-25 12:55:10,799 - INFO - Deleted INI directory: ini\Batch_0049\EA_2MA_Bunny_Cross\ini
2025-04-25 12:55:10,818 - INFO - Deleted INI directory: ini\Batch_0049\EA_35Pip_Scalper\ini
2025-04-25 12:55:10,835 - INFO - Deleted INI directory: ini\Batch_0049\EA_3Bars_HighLow\ini
2025-04-25 12:55:10,853 - INFO - Deleted INI directory: ini\Batch_0049\EA_GBPUSD_M1_2001\ini
2025-04-25 12:55:10,870 - INFO - Deleted INI directory: ini\Batch_0050\EA_10Pips\ini
2025-04-25 12:55:10,886 - INFO - Deleted INI directory: ini\Batch_0050\EA_10Pips_EURUSD\ini
2025-04-25 12:55:10,902 - INFO - Deleted INI directory: ini\Batch_0050\EA_1H_EUR_USD\ini
2025-04-25 12:55:10,917 - INFO - Deleted INI directory: ini\Batch_0050\EA_21Hour\ini
2025-04-25 12:55:10,933 - INFO - Deleted INI directory: ini\Batch_0050\EA_2HR_HL\ini
2025-04-25 12:55:10,951 - INFO - Deleted INI directory: ini\Batch_0050\EA_2MA_4Level\ini
2025-04-25 12:55:10,969 - INFO - Deleted INI directory: ini\Batch_0050\EA_2MA_Bunny_Cross\ini
2025-04-25 12:55:10,985 - INFO - Deleted INI directory: ini\Batch_0050\EA_35Pip_Scalper\ini
2025-04-25 12:55:11,002 - INFO - Deleted INI directory: ini\Batch_0050\EA_3Bars_HighLow\ini
2025-04-25 12:55:11,019 - INFO - Deleted INI directory: ini\Batch_0050\EA_GBPUSD_M1_2001\ini
2025-04-25 12:55:11,037 - INFO - Deleted INI directory: ini\Batch_0051\EA_10Pips\ini
2025-04-25 12:55:11,054 - INFO - Deleted INI directory: ini\Batch_0051\EA_10Pips_EURUSD\ini
2025-04-25 12:55:11,071 - INFO - Deleted INI directory: ini\Batch_0051\EA_1H_EUR_USD\ini
2025-04-25 12:55:11,087 - INFO - Deleted INI directory: ini\Batch_0051\EA_21Hour\ini
2025-04-25 12:55:11,105 - INFO - Deleted INI directory: ini\Batch_0051\EA_2HR_HL\ini
2025-04-25 12:55:11,122 - INFO - Deleted INI directory: ini\Batch_0051\EA_2MA_4Level\ini
2025-04-25 12:55:11,140 - INFO - Deleted INI directory: ini\Batch_0051\EA_2MA_Bunny_Cross\ini
2025-04-25 12:55:11,158 - INFO - Deleted INI directory: ini\Batch_0051\EA_35Pip_Scalper\ini
2025-04-25 12:55:11,176 - INFO - Deleted INI directory: ini\Batch_0051\EA_3Bars_HighLow\ini
2025-04-25 12:55:11,197 - INFO - Deleted INI directory: ini\Batch_0051\EA_GBPUSD_M1_2001\ini
2025-04-25 12:55:11,214 - INFO - Deleted INI directory: ini\Batch_0052\EA_10Pips\ini
2025-04-25 12:55:11,231 - INFO - Deleted INI directory: ini\Batch_0052\EA_10Pips_EURUSD\ini
2025-04-25 12:55:11,250 - INFO - Deleted INI directory: ini\Batch_0052\EA_1H_EUR_USD\ini
2025-04-25 12:55:11,268 - INFO - Deleted INI directory: ini\Batch_0052\EA_21Hour\ini
2025-04-25 12:55:11,287 - INFO - Deleted INI directory: ini\Batch_0052\EA_2HR_HL\ini
2025-04-25 12:55:11,304 - INFO - Deleted INI directory: ini\Batch_0052\EA_2MA_4Level\ini
2025-04-25 12:55:11,322 - INFO - Deleted INI directory: ini\Batch_0052\EA_2MA_Bunny_Cross\ini
2025-04-25 12:55:11,339 - INFO - Deleted INI directory: ini\Batch_0052\EA_35Pip_Scalper\ini
2025-04-25 12:55:11,359 - INFO - Deleted INI directory: ini\Batch_0052\EA_3Bars_HighLow\ini
2025-04-25 12:55:11,379 - INFO - Deleted INI directory: ini\Batch_0052\EA_GBPUSD_M1_2001\ini
2025-04-25 12:55:11,397 - INFO - Deleted INI directory: ini\Batch_0053\EA_10Pips\ini
2025-04-25 12:55:11,414 - INFO - Deleted INI directory: ini\Batch_0053\EA_10Pips_EURUSD\ini
2025-04-25 12:55:11,431 - INFO - Deleted INI directory: ini\Batch_0053\EA_1H_EUR_USD\ini
2025-04-25 12:55:11,446 - INFO - Deleted INI directory: ini\Batch_0053\EA_21Hour\ini
2025-04-25 12:55:11,464 - INFO - Deleted INI directory: ini\Batch_0053\EA_2HR_HL\ini
2025-04-25 12:55:11,484 - INFO - Deleted INI directory: ini\Batch_0053\EA_2MA_4Level\ini
2025-04-25 12:55:11,503 - INFO - Deleted INI directory: ini\Batch_0053\EA_2MA_Bunny_Cross\ini
2025-04-25 12:55:11,522 - INFO - Deleted INI directory: ini\Batch_0053\EA_35Pip_Scalper\ini
2025-04-25 12:55:11,541 - INFO - Deleted INI directory: ini\Batch_0053\EA_3Bars_HighLow\ini
2025-04-25 12:55:11,562 - INFO - Deleted INI directory: ini\Batch_0053\EA_GBPUSD_M1_2001\ini
2025-04-25 12:55:11,583 - INFO - Deleted INI directory: ini\Batch_0054\EA_10Pips\ini
2025-04-25 12:55:11,603 - INFO - Deleted INI directory: ini\Batch_0054\EA_10Pips_EURUSD\ini
2025-04-25 12:55:11,621 - INFO - Deleted INI directory: ini\Batch_0054\EA_1H_EUR_USD\ini
2025-04-25 12:55:11,638 - INFO - Deleted INI directory: ini\Batch_0054\EA_21Hour\ini
2025-04-25 12:55:11,655 - INFO - Deleted INI directory: ini\Batch_0054\EA_2HR_HL\ini
2025-04-25 12:55:11,673 - INFO - Deleted INI directory: ini\Batch_0054\EA_2MA_4Level\ini
2025-04-25 12:55:11,692 - INFO - Deleted INI directory: ini\Batch_0054\EA_2MA_Bunny_Cross\ini
2025-04-25 12:55:11,712 - INFO - Deleted INI directory: ini\Batch_0054\EA_35Pip_Scalper\ini
2025-04-25 12:55:11,731 - INFO - Deleted INI directory: ini\Batch_0054\EA_3Bars_HighLow\ini
2025-04-25 12:55:11,753 - INFO - Deleted INI directory: ini\Batch_0054\EA_GBPUSD_M1_2001\ini
2025-04-25 12:55:11,773 - INFO - Deleted INI directory: ini\Batch_0055\EA_10Pips\ini
2025-04-25 12:55:11,792 - INFO - Deleted INI directory: ini\Batch_0055\EA_10Pips_EURUSD\ini
2025-04-25 12:55:11,810 - INFO - Deleted INI directory: ini\Batch_0055\EA_1H_EUR_USD\ini
2025-04-25 12:55:11,831 - INFO - Deleted INI directory: ini\Batch_0055\EA_21Hour\ini
2025-04-25 12:55:11,849 - INFO - Deleted INI directory: ini\Batch_0055\EA_2HR_HL\ini
2025-04-25 12:55:11,867 - INFO - Deleted INI directory: ini\Batch_0055\EA_2MA_4Level\ini
2025-04-25 12:55:11,886 - INFO - Deleted INI directory: ini\Batch_0055\EA_2MA_Bunny_Cross\ini
2025-04-25 12:55:11,904 - INFO - Deleted INI directory: ini\Batch_0055\EA_35Pip_Scalper\ini
2025-04-25 12:55:11,930 - INFO - Deleted INI directory: ini\Batch_0055\EA_3Bars_HighLow\ini
2025-04-25 12:55:11,951 - INFO - Deleted INI directory: ini\Batch_0055\EA_GBPUSD_M1_2001\ini
2025-04-25 12:55:11,968 - INFO - Deleted INI directory: ini\Batch_0056\EA_10Pips\ini
2025-04-25 12:55:11,986 - INFO - Deleted INI directory: ini\Batch_0056\EA_10Pips_EURUSD\ini
2025-04-25 12:55:12,004 - INFO - Deleted INI directory: ini\Batch_0056\EA_1H_EUR_USD\ini
2025-04-25 12:55:12,023 - INFO - Deleted INI directory: ini\Batch_0056\EA_21Hour\ini
2025-04-25 12:55:12,046 - INFO - Deleted INI directory: ini\Batch_0056\EA_2HR_HL\ini
2025-04-25 12:55:12,071 - INFO - Deleted INI directory: ini\Batch_0056\EA_2MA_4Level\ini
2025-04-25 12:55:12,098 - INFO - Deleted INI directory: ini\Batch_0056\EA_2MA_Bunny_Cross\ini
2025-04-25 12:55:12,118 - INFO - Deleted INI directory: ini\Batch_0056\EA_35Pip_Scalper\ini
2025-04-25 12:55:12,140 - INFO - Deleted INI directory: ini\Batch_0056\EA_3Bars_HighLow\ini
2025-04-25 12:55:12,165 - INFO - Deleted INI directory: ini\Batch_0056\EA_GBPUSD_M1_2001\ini
2025-04-25 12:55:12,189 - INFO - Deleted INI directory: ini\Batch_0057\EA_10Pips\ini
2025-04-25 12:55:12,213 - INFO - Deleted INI directory: ini\Batch_0057\EA_10Pips_EURUSD\ini
2025-04-25 12:55:12,236 - INFO - Deleted INI directory: ini\Batch_0057\EA_1H_EUR_USD\ini
2025-04-25 12:55:12,260 - INFO - Deleted INI directory: ini\Batch_0057\EA_21Hour\ini
2025-04-25 12:55:12,285 - INFO - Deleted INI directory: ini\Batch_0057\EA_2HR_HL\ini
2025-04-25 12:55:12,308 - INFO - Deleted INI directory: ini\Batch_0057\EA_2MA_4Level\ini
2025-04-25 12:55:12,334 - INFO - Deleted INI directory: ini\Batch_0057\EA_2MA_Bunny_Cross\ini
2025-04-25 12:55:12,354 - INFO - Deleted INI directory: ini\Batch_0057\EA_35Pip_Scalper\ini
2025-04-25 12:55:12,377 - INFO - Deleted INI directory: ini\Batch_0057\EA_3Bars_HighLow\ini
2025-04-25 12:55:12,404 - INFO - Deleted INI directory: ini\Batch_0057\EA_GBPUSD_M1_2001\ini
2025-04-25 12:55:12,426 - INFO - Deleted INI directory: ini\Batch_0058\EA_10Pips\ini
2025-04-25 12:55:12,446 - INFO - Deleted INI directory: ini\Batch_0058\EA_10Pips_EURUSD\ini
2025-04-25 12:55:12,466 - INFO - Deleted INI directory: ini\Batch_0058\EA_1H_EUR_USD\ini
2025-04-25 12:55:12,487 - INFO - Deleted INI directory: ini\Batch_0058\EA_21Hour\ini
2025-04-25 12:55:12,512 - INFO - Deleted INI directory: ini\Batch_0058\EA_2HR_HL\ini
2025-04-25 12:55:12,530 - INFO - Deleted INI directory: ini\Batch_0058\EA_2MA_4Level\ini
2025-04-25 12:55:12,552 - INFO - Deleted INI directory: ini\Batch_0058\EA_2MA_Bunny_Cross\ini
2025-04-25 12:55:12,577 - INFO - Deleted INI directory: ini\Batch_0058\EA_35Pip_Scalper\ini
2025-04-25 12:55:12,600 - INFO - Deleted INI directory: ini\Batch_0058\EA_3Bars_HighLow\ini
2025-04-25 12:55:12,623 - INFO - Deleted INI directory: ini\Batch_0058\EA_GBPUSD_M1_2001\ini
2025-04-25 12:55:12,644 - INFO - Deleted INI directory: ini\Batch_0059\EA_10Pips\ini
2025-04-25 12:55:12,665 - INFO - Deleted INI directory: ini\Batch_0059\EA_10Pips_EURUSD\ini
2025-04-25 12:55:12,685 - INFO - Deleted INI directory: ini\Batch_0059\EA_1H_EUR_USD\ini
2025-04-25 12:55:12,707 - INFO - Deleted INI directory: ini\Batch_0059\EA_21Hour\ini
2025-04-25 12:55:12,726 - INFO - Deleted INI directory: ini\Batch_0059\EA_2HR_HL\ini
2025-04-25 12:55:12,750 - INFO - Deleted INI directory: ini\Batch_0059\EA_2MA_4Level\ini
2025-04-25 12:55:12,792 - INFO - Deleted INI directory: ini\Batch_0059\EA_2MA_Bunny_Cross\ini
2025-04-25 12:55:12,826 - INFO - Deleted INI directory: ini\Batch_0059\EA_35Pip_Scalper\ini
2025-04-25 12:55:12,854 - INFO - Deleted INI directory: ini\Batch_0059\EA_3Bars_HighLow\ini
2025-04-25 12:55:12,886 - INFO - Deleted INI directory: ini\Batch_0059\EA_GBPUSD_M1_2001\ini
2025-04-25 12:55:12,909 - INFO - Deleted INI directory: ini\Batch_0060\EA_10Pips\ini
2025-04-25 12:55:12,930 - INFO - Deleted INI directory: ini\Batch_0060\EA_10Pips_EURUSD\ini
2025-04-25 12:55:12,953 - INFO - Deleted INI directory: ini\Batch_0060\EA_1H_EUR_USD\ini
2025-04-25 12:55:12,972 - INFO - Deleted INI directory: ini\Batch_0060\EA_21Hour\ini
2025-04-25 12:55:12,992 - INFO - Deleted INI directory: ini\Batch_0060\EA_2HR_HL\ini
2025-04-25 12:55:13,016 - INFO - Deleted INI directory: ini\Batch_0060\EA_2MA_4Level\ini
2025-04-25 12:55:13,037 - INFO - Deleted INI directory: ini\Batch_0060\EA_2MA_Bunny_Cross\ini
2025-04-25 12:55:13,059 - INFO - Deleted INI directory: ini\Batch_0060\EA_35Pip_Scalper\ini
2025-04-25 12:55:13,084 - INFO - Deleted INI directory: ini\Batch_0060\EA_3Bars_HighLow\ini
2025-04-25 12:55:13,107 - INFO - Deleted INI directory: ini\Batch_0060\EA_GBPUSD_M1_2001\ini
2025-04-25 12:55:13,108 - INFO - Successfully deleted 600 INI directories
