2025-04-25 13:22:46,965 - INFO - Created 600 EA directories
2025-04-25 13:22:47,242 - INFO - Created 258 INI files for EA 10-pips (expected: 258)
2025-04-25 13:22:47,417 - INFO - Created 258 INI files for EA 10-pips-EURUSD (expected: 258)
2025-04-25 13:22:47,631 - INFO - Created 258 INI files for EA 1H-EUR-USD (expected: 258)
2025-04-25 13:22:47,857 - INFO - Created 258 INI files for EA 20011201-GBPUSD-M1 (expected: 258)
2025-04-25 13:22:48,046 - INFO - Created 258 INI files for EA 21hour (expected: 258)
2025-04-25 13:22:48,203 - INFO - Created 258 INI files for EA 2HR-HL (expected: 258)
2025-04-25 13:22:48,367 - INFO - Created 258 INI files for EA 2MA-4Level (expected: 258)
2025-04-25 13:22:48,538 - INFO - Created 258 INI files for EA 2MA-Bunny-Cross (expected: 258)
2025-04-25 13:22:48,707 - INFO - Created 258 INI files for EA 3-bars-high-low-indicator (expected: 258)
2025-04-25 13:22:48,963 - INFO - Created 258 INI files for EA 35-Pip-Scalper (expected: 258)
2025-04-25 13:22:49,141 - INFO - Created 258 INI files for EA 3BarsHighLowEA (expected: 258)
2025-04-25 13:22:49,295 - INFO - Created 258 INI files for EA 3sma (expected: 258)
2025-04-25 13:22:49,485 - INFO - Created 258 INI files for EA 3sma_ (expected: 258)
2025-04-25 13:22:49,657 - INFO - Created 258 INI files for EA 500 (expected: 258)
2025-04-25 13:22:49,830 - INFO - Created 258 INI files for EA 55-MA (expected: 258)
2025-04-25 13:22:49,992 - INFO - Created 258 INI files for EA A (expected: 258)
2025-04-25 13:22:50,138 - INFO - Created 258 INI files for EA Above-Below-MA (expected: 258)
2025-04-25 13:22:50,276 - INFO - Created 258 INI files for EA Absorption (expected: 258)
2025-04-25 13:22:50,449 - INFO - Created 258 INI files for EA AC-ACADEMY-US30 (expected: 258)
2025-04-25 13:22:50,629 - INFO - Created 258 INI files for EA Accumulator (expected: 258)
2025-04-25 13:22:50,782 - INFO - Created 258 INI files for EA temp_3sma-1 (expected: 258)
2025-04-25 13:22:50,923 - INFO - Created 258 INI files for EA temp_temp-3sma-1 (expected: 258)
2025-04-25 13:22:51,069 - INFO - Created 258 INI files for EA temp_temp-temp-3sma-1 (expected: 258)
2025-04-25 13:22:51,215 - INFO - Created 258 INI files for EA ADX-MA (expected: 258)
2025-04-25 13:22:51,350 - INFO - Created 258 INI files for EA ADX-MACD-Deev (expected: 258)
2025-04-25 13:22:51,489 - INFO - Created 258 INI files for EA ADX-System (expected: 258)
2025-04-25 13:22:51,641 - INFO - Created 258 INI files for EA AI-GOLD (expected: 258)
2025-04-25 13:22:51,784 - INFO - Created 258 INI files for EA AI-Trader (expected: 258)
2025-04-25 13:22:51,917 - INFO - Created 258 INI files for EA AI-TUNE (expected: 258)
2025-04-25 13:22:52,079 - INFO - Created 258 INI files for EA AI-Tune-EAMT5-YoforexPremium (expected: 258)
2025-04-25 13:22:52,221 - INFO - Created 258 INI files for EA AI-TUNE-FIXED-YFP (expected: 258)
2025-04-25 13:22:52,365 - INFO - Created 258 INI files for EA AIS1 (expected: 258)
2025-04-25 13:22:52,504 - INFO - Created 258 INI files for EA AK-47-Scalper-EA-MT5 (expected: 258)
2025-04-25 13:22:52,685 - INFO - Created 258 INI files for EA temp-AI-Tune-EA-YoforexPremium (expected: 258)
2025-04-25 13:22:52,837 - INFO - Created 258 INI files for EA temp-AK-47-Scalper-EA (expected: 258)
2025-04-25 13:22:52,990 - INFO - Created 258 INI files for EA temp_AI-Tune-EA-YoforexPremium (expected: 258)
2025-04-25 13:22:53,135 - INFO - Created 258 INI files for EA temp_AK-47-Scalper-EA (expected: 258)
2025-04-25 13:22:53,282 - INFO - Created 258 INI files for EA AK-47-Scalper-EA-yoforexPremium-MT5 (expected: 258)
2025-04-25 13:22:53,476 - INFO - Created 258 INI files for EA AK-47-Scalper-EAMT4-with-sourcecode-YoforexPremium-MT5 (expected: 258)
2025-04-25 13:22:53,627 - INFO - Created 258 INI files for EA ALCHEMIST-YoforexPremium (expected: 258)
2025-04-25 13:22:53,812 - INFO - Created 258 INI files for EA Alexav-D1-Profit-GBPUSD (expected: 258)
2025-04-25 13:22:53,991 - INFO - Created 258 INI files for EA All-Average-Ea (expected: 258)
2025-04-25 13:22:54,166 - INFO - Created 258 INI files for EA Alligator (expected: 258)
2025-04-25 13:22:54,312 - INFO - Created 258 INI files for EA Alligator-Simple (expected: 258)
2025-04-25 13:22:54,467 - INFO - Created 258 INI files for EA Alpha-Zero-AI-RobotMT5-YoForexPremium (expected: 258)
2025-04-25 13:22:54,625 - INFO - Created 258 INI files for EA Altarius-RSI-Stohastic (expected: 258)
2025-04-25 13:22:54,778 - INFO - Created 258 INI files for EA AMA-Trader (expected: 258)
2025-04-25 13:22:54,928 - INFO - Created 258 INI files for EA temp-AK-47-Scalper-EA-with-sourcecode-YoforexPremium (expected: 258)
2025-04-25 13:22:55,074 - INFO - Created 258 INI files for EA temp-AK-47-Scalper-EA-yoforexPremium (expected: 258)
2025-04-25 13:22:55,227 - INFO - Created 258 INI files for EA temp-Alpha-Zero-AI-Robot-YoForexPremium (expected: 258)
2025-04-25 13:22:55,391 - INFO - Created 258 INI files for EA temp_AK-47-Scalper-EA-with-sourcecode-YoforexPremium (expected: 258)
2025-04-25 13:22:55,541 - INFO - Created 258 INI files for EA temp_AK-47-Scalper-EA-yoforexPremium (expected: 258)
2025-04-25 13:22:55,691 - INFO - Created 258 INI files for EA temp_Alpha-Zero-AI-Robot-YoForexPremium (expected: 258)
2025-04-25 13:22:55,830 - INFO - Created 258 INI files for EA AMA-Trader-2 (expected: 258)
2025-04-25 13:22:55,971 - INFO - Created 258 INI files for EA AO-Lightning (expected: 258)
2025-04-25 13:22:56,121 - INFO - Created 258 INI files for EA AOCCI (expected: 258)
2025-04-25 13:22:56,269 - INFO - Created 258 INI files for EA Arbitrage (expected: 258)
2025-04-25 13:22:56,419 - INFO - Created 258 INI files for EA ArbSint (expected: 258)
2025-04-25 13:22:56,565 - INFO - Created 258 INI files for EA Area-MACD (expected: 258)
2025-04-25 13:22:56,715 - INFO - Created 258 INI files for EA Artificial-Intelligence (expected: 258)
2025-04-25 13:22:56,859 - INFO - Created 258 INI files for EA At-random (expected: 258)
2025-04-25 13:22:57,004 - INFO - Created 258 INI files for EA At-random-Full (expected: 258)
2025-04-25 13:22:57,150 - INFO - Created 258 INI files for EA ATR-SCLAPER (expected: 258)
2025-04-25 13:22:57,310 - INFO - Created 258 INI files for EA ATR-SCLAPER-EA-MT5-YoforexPremium (expected: 258)
2025-04-25 13:22:57,461 - INFO - Created 258 INI files for EA Auto-ADX (expected: 258)
2025-04-25 13:22:57,637 - INFO - Created 258 INI files for EA Auto-Pivot-Plotter-28Mid-Levels-29-41 (expected: 258)
2025-04-25 13:22:57,773 - INFO - Created 258 INI files for EA AutoLock-EA (expected: 258)
2025-04-25 13:22:57,926 - INFO - Created 258 INI files for EA Autotrader-Momentum (expected: 258)
2025-04-25 13:22:58,069 - INFO - Created 258 INI files for EA Avalanche-AV (expected: 258)
2025-04-25 13:22:58,209 - INFO - Created 258 INI files for EA Backbone (expected: 258)
2025-04-25 13:22:58,369 - INFO - Created 258 INI files for EA backtrader-master (expected: 258)
2025-04-25 13:22:58,511 - INFO - Created 258 INI files for EA BADX (expected: 258)
2025-04-25 13:22:58,647 - INFO - Created 258 INI files for EA Bago-EA (expected: 258)
2025-04-25 13:22:58,794 - INFO - Created 258 INI files for EA temp-ATR-SCLAPER-EA-YoforexPremium (expected: 258)
2025-04-25 13:22:58,961 - INFO - Created 258 INI files for EA temp_ATR-SCLAPER-EA-YoforexPremium (expected: 258)
2025-04-25 13:22:59,140 - INFO - Created 258 INI files for EA BalancedScalper-20EA (expected: 258)
2025-04-25 13:22:59,289 - INFO - Created 258 INI files for EA Bands-2 (expected: 258)
2025-04-25 13:22:59,427 - INFO - Created 258 INI files for EA BARS-Alligator (expected: 258)
2025-04-25 13:22:59,570 - INFO - Created 258 INI files for EA Basic-CCI-RSI (expected: 258)
2025-04-25 13:22:59,714 - INFO - Created 258 INI files for EA Basic-Martingale-EA-3 (expected: 258)
2025-04-25 13:22:59,870 - INFO - Created 258 INI files for EA bb-automated (expected: 258)
2025-04-25 13:23:00,017 - INFO - Created 258 INI files for EA BB-stops-MT5 (expected: 258)
2025-04-25 13:23:00,157 - INFO - Created 258 INI files for EA BBPercentile (expected: 258)
2025-04-25 13:23:00,327 - INFO - Created 258 INI files for EA BBPercentile-EA (expected: 258)
2025-04-25 13:23:00,468 - INFO - Created 258 INI files for EA BDCrossOver-20EA (expected: 258)
2025-04-25 13:23:00,606 - INFO - Created 258 INI files for EA temp-BB-stops (expected: 258)
2025-04-25 13:23:00,750 - INFO - Created 258 INI files for EA temp_BB-stops (expected: 258)
2025-04-25 13:23:00,887 - INFO - Created 258 INI files for EA BEAR-row-full-EA (expected: 258)
2025-04-25 13:23:01,026 - INFO - Created 258 INI files for EA BIG-DOG (expected: 258)
2025-04-25 13:23:01,171 - INFO - Created 258 INI files for EA BIG-RECOVERY-EA-MT5-YoForexPremium (expected: 258)
2025-04-25 13:23:01,312 - INFO - Created 258 INI files for EA Bill-Williams (expected: 258)
2025-04-25 13:23:01,459 - INFO - Created 258 INI files for EA bollinger (expected: 258)
2025-04-25 13:23:01,680 - INFO - Created 258 INI files for EA Bollinger-Band-Two-MA-and-Zig-Zag (expected: 258)
2025-04-25 13:23:01,855 - INFO - Created 258 INI files for EA Bollinger-Bands-N-positions (expected: 258)
2025-04-25 13:23:01,991 - INFO - Created 258 INI files for EA Bollinger-Bands-RSI (expected: 258)
2025-04-25 13:23:02,138 - INFO - Created 258 INI files for EA BORN4PIPS-EA-1-YoForexPremium (expected: 258)
2025-04-25 13:23:02,284 - INFO - Created 258 INI files for EA BORN4PIPS-EA-MT5-YoForexPremium (expected: 258)
2025-04-25 13:23:02,435 - INFO - Created 258 INI files for EA temp-BIG-RECOVERY-EA-YoForexPremium (expected: 258)
2025-04-25 13:23:02,582 - INFO - Created 258 INI files for EA temp-BORN4PIPS-EA-YoForexPremium (expected: 258)
2025-04-25 13:23:02,723 - INFO - Created 258 INI files for EA temp_BIG-RECOVERY-EA-YoForexPremium (expected: 258)
2025-04-25 13:23:02,879 - INFO - Created 258 INI files for EA temp_BORN4PIPS-EA-YoForexPremium (expected: 258)
2025-04-25 13:23:03,039 - INFO - Created 258 INI files for EA Brakeout-Trader (expected: 258)
2025-04-25 13:23:03,175 - INFO - Created 258 INI files for EA Brandy (expected: 258)
2025-04-25 13:23:03,328 - INFO - Created 258 INI files for EA Brazilian-EA-MT5-YoforexPremium (expected: 258)
2025-04-25 13:23:03,462 - INFO - Created 258 INI files for EA Breadandbutter2 (expected: 258)
2025-04-25 13:23:03,601 - INFO - Created 258 INI files for EA breakdown (expected: 258)
2025-04-25 13:23:03,752 - INFO - Created 258 INI files for EA Breakdown-catcher (expected: 258)
2025-04-25 13:23:03,915 - INFO - Created 258 INI files for EA Breakout-Str (expected: 258)
2025-04-25 13:23:04,077 - INFO - Created 258 INI files for EA Bronze-Warrioir (expected: 258)
2025-04-25 13:23:04,240 - INFO - Created 258 INI files for EA Bruno (expected: 258)
2025-04-25 13:23:04,437 - INFO - Created 258 INI files for EA BSS-1-0 (expected: 258)
2025-04-25 13:23:04,667 - INFO - Created 258 INI files for EA temp-Brazilian-EA-YoforexPremium (expected: 258)
2025-04-25 13:23:04,897 - INFO - Created 258 INI files for EA temp_Brazilian-EA-YoforexPremium (expected: 258)
2025-04-25 13:23:05,058 - INFO - Created 258 INI files for EA BTA-Optimal-Trade-Zone-EA-v.1.0-MT5-YoForexPremium (expected: 258)
2025-04-25 13:23:05,229 - INFO - Created 258 INI files for EA BTA-Sniper-Entry-v.1.0-EA-MT5-YoForexPremium (expected: 258)
2025-04-25 13:23:05,395 - INFO - Created 258 INI files for EA BULL-row-full-EA (expected: 258)
2025-04-25 13:23:05,553 - INFO - Created 258 INI files for EA Bullish-and-Bearish-Engulfing (expected: 258)
2025-04-25 13:23:05,731 - INFO - Created 258 INI files for EA Burg-Extrapolator (expected: 258)
2025-04-25 13:23:05,900 - INFO - Created 258 INI files for EA BykovTrend-EA (expected: 258)
2025-04-25 13:23:06,057 - INFO - Created 258 INI files for EA BykovTrend_EA_v3 (expected: 258)
2025-04-25 13:23:06,233 - INFO - Created 258 INI files for EA Calculate-lotsize-and-Trailling-stop (expected: 258)
2025-04-25 13:23:06,393 - INFO - Created 258 INI files for EA Candle (expected: 258)
2025-04-25 13:23:06,569 - INFO - Created 258 INI files for EA candlepatternsexample (expected: 258)
2025-04-25 13:23:06,749 - INFO - Created 258 INI files for EA temp-BTA-Optimal-Trade-Zone-EA-v.1.0-YoForexPremium (expected: 258)
2025-04-25 13:23:06,916 - INFO - Created 258 INI files for EA temp-BTA-Sniper-Entry-v.1.0-EA-YoForexPremium (expected: 258)
2025-04-25 13:23:07,110 - INFO - Created 258 INI files for EA temp-BykovTrend-EA-v3 (expected: 258)
2025-04-25 13:23:07,270 - INFO - Created 258 INI files for EA temp_BTA-Optimal-Trade-Zone-EA-v.1.0-YoForexPremium (expected: 258)
2025-04-25 13:23:07,443 - INFO - Created 258 INI files for EA temp_BTA-Sniper-Entry-v.1.0-EA-YoForexPremium (expected: 258)
2025-04-25 13:23:07,595 - INFO - Created 258 INI files for EA temp_BykovTrend-EA-v3 (expected: 258)
2025-04-25 13:23:07,737 - INFO - Created 258 INI files for EA Carbophos (expected: 258)
2025-04-25 13:23:07,880 - INFO - Created 258 INI files for EA CashMachine-5min (expected: 258)
2025-04-25 13:23:08,029 - INFO - Created 258 INI files for EA CCI-MACD-Scalper (expected: 258)
2025-04-25 13:23:08,159 - INFO - Created 258 INI files for EA Cidomo (expected: 258)
2025-04-25 13:23:08,297 - INFO - Created 258 INI files for EA CloseAgent (expected: 258)
2025-04-25 13:23:08,448 - INFO - Created 258 INI files for EA CloseProfit (expected: 258)
2025-04-25 13:23:08,591 - INFO - Created 258 INI files for EA CLOUD (expected: 258)
2025-04-25 13:23:08,733 - INFO - Created 258 INI files for EA cloud's-trade-2 (expected: 258)
2025-04-25 13:23:08,877 - INFO - Created 258 INI files for EA Constituents-EA (expected: 258)
2025-04-25 13:23:09,016 - INFO - Created 258 INI files for EA Contrarian-trade-MA (expected: 258)
2025-04-25 13:23:09,163 - INFO - Created 258 INI files for EA Crossing-Moving-Average (expected: 258)
2025-04-25 13:23:09,301 - INFO - Created 258 INI files for EA CrossMA (expected: 258)
2025-04-25 13:23:09,474 - INFO - Created 258 INI files for EA Currencyprofits-01.1 (expected: 258)
2025-04-25 13:23:09,663 - INFO - Created 258 INI files for EA Daily-20reversal-20-20EA (expected: 258)
2025-04-25 13:23:09,844 - INFO - Created 258 INI files for EA Daily-BreakPoint (expected: 258)
2025-04-25 13:23:10,006 - INFO - Created 258 INI files for EA Daily-Candle-ScalperEA-MT5-YoForexPremium (expected: 258)
2025-04-25 13:23:10,154 - INFO - Created 258 INI files for EA Daily-Candle-ScalperEA-MT5-YoForexPremium-1 (expected: 258)
2025-04-25 13:23:10,295 - INFO - Created 258 INI files for EA Daily-Open-EA (expected: 258)
2025-04-25 13:23:10,443 - INFO - Created 258 INI files for EA Daily-range (expected: 258)
2025-04-25 13:23:10,585 - INFO - Created 258 INI files for EA Dark-Mimas-MT5 (expected: 258)
2025-04-25 13:23:10,733 - INFO - Created 258 INI files for EA temp-Daily-Candle-ScalperEA-YoForexPremium (expected: 258)
2025-04-25 13:23:10,883 - INFO - Created 258 INI files for EA temp-Daily-Candle-ScalperEA-YoForexPremium-1 (expected: 258)
2025-04-25 13:23:11,028 - INFO - Created 258 INI files for EA temp-Dark-Mimas (expected: 258)
2025-04-25 13:23:11,202 - INFO - Created 258 INI files for EA temp_Daily-Candle-ScalperEA-YoForexPremium (expected: 258)
2025-04-25 13:23:11,352 - INFO - Created 258 INI files for EA temp_Daily-Candle-ScalperEA-YoForexPremium-1 (expected: 258)
2025-04-25 13:23:11,498 - INFO - Created 258 INI files for EA temp_Dark-Mimas (expected: 258)
2025-04-25 13:23:11,647 - INFO - Created 258 INI files for EA Day-Trading-PAMXA (expected: 258)
2025-04-25 13:23:11,787 - INFO - Created 258 INI files for EA Daydream (expected: 258)
2025-04-25 13:23:11,926 - INFO - Created 258 INI files for EA DayTrading (expected: 258)
2025-04-25 13:23:12,072 - INFO - Created 258 INI files for EA Dealers-Trade-v-7.74-MACD (expected: 258)
2025-04-25 13:23:12,218 - INFO - Created 258 INI files for EA Deep-Drawdown-MA (expected: 258)
2025-04-25 13:23:12,377 - INFO - Created 258 INI files for EA DeMarker-gaining-position-volume (expected: 258)
2025-04-25 13:23:12,550 - INFO - Created 258 INI files for EA DeMarker-gaining-position-volume-2 (expected: 258)
2025-04-25 13:23:12,692 - INFO - Created 258 INI files for EA DeMarker-Pending (expected: 258)
2025-04-25 13:23:12,835 - INFO - Created 258 INI files for EA DeMarker-Pending-2 (expected: 258)
2025-04-25 13:23:12,980 - INFO - Created 258 INI files for EA DeMarker-Pending-2-5 (expected: 258)
2025-04-25 13:23:13,122 - INFO - Created 258 INI files for EA Dematus (expected: 258)
2025-04-25 13:23:13,272 - INFO - Created 258 INI files for EA Divergence-20for-20many-20indicator (expected: 258)
2025-04-25 13:23:13,420 - INFO - Created 258 INI files for EA Divergence-EA (expected: 258)
2025-04-25 13:23:13,682 - INFO - Created 258 INI files for EA Divergence-EA-BB (expected: 258)
2025-04-25 13:23:13,829 - INFO - Created 258 INI files for EA Divergence-EA-pip-sl-tp (expected: 258)
2025-04-25 13:23:13,995 - INFO - Created 258 INI files for EA Doji-Arrows (expected: 258)
2025-04-25 13:23:14,167 - INFO - Created 258 INI files for EA DojiTrader (expected: 258)
2025-04-25 13:23:14,344 - INFO - Created 258 INI files for EA Donchian-Chanel-EA (expected: 258)
2025-04-25 13:23:14,497 - INFO - Created 258 INI files for EA DoubleHullMA (expected: 258)
2025-04-25 13:23:14,641 - INFO - Created 258 INI files for EA DoubleHullMA-EA (expected: 258)
2025-04-25 13:23:14,788 - INFO - Created 258 INI files for EA DoubleMA-Crossover-EA (expected: 258)
2025-04-25 13:23:14,935 - INFO - Created 258 INI files for EA Doubler (expected: 258)
2025-04-25 13:23:15,082 - INFO - Created 258 INI files for EA Driver-EA-MT5 (expected: 258)
2025-04-25 13:23:15,237 - INFO - Created 258 INI files for EA dummy (expected: 258)
2025-04-25 13:23:15,386 - INFO - Created 258 INI files for EA Dynamic-averaging (expected: 258)
2025-04-25 13:23:15,549 - INFO - Created 258 INI files for EA E-Friday (expected: 258)
2025-04-25 13:23:15,690 - INFO - Created 258 INI files for EA E-Skoch-Open (expected: 258)
2025-04-25 13:23:15,836 - INFO - Created 258 INI files for EA e-Skoch-pending-orders (expected: 258)
2025-04-25 13:23:15,984 - INFO - Created 258 INI files for EA e-Smart-Trailing (expected: 258)
2025-04-25 13:23:16,129 - INFO - Created 258 INI files for EA e-TurboFx (expected: 258)
2025-04-25 13:23:16,272 - INFO - Created 258 INI files for EA temp-Driver-EA (expected: 258)
2025-04-25 13:23:16,423 - INFO - Created 258 INI files for EA temp_Driver-EA (expected: 258)
2025-04-25 13:23:16,570 - INFO - Created 258 INI files for EA EA-Close (expected: 258)
2025-04-25 13:23:16,793 - INFO - Created 258 INI files for EA EA-Gold-Stuff-MT5-YoForexPremium (expected: 258)
2025-04-25 13:23:16,953 - INFO - Created 258 INI files for EA EA-MA-Stoch-RSI (expected: 258)
2025-04-25 13:23:17,108 - INFO - Created 258 INI files for EA EA-Moving-Average (expected: 258)
2025-04-25 13:23:17,263 - INFO - Created 258 INI files for EA Elevator-Robot-PMT5-YoForexPremium (expected: 258)
2025-04-25 13:23:17,410 - INFO - Created 258 INI files for EA Elite-eFibo-Trader (expected: 258)
2025-04-25 13:23:17,577 - INFO - Created 258 INI files for EA EMA (expected: 258)
2025-04-25 13:23:17,747 - INFO - Created 258 INI files for EA EMA-6.12 (expected: 258)
2025-04-25 13:23:17,899 - INFO - Created 258 INI files for EA EMA-CROSS (expected: 258)
2025-04-25 13:23:18,054 - INFO - Created 258 INI files for EA EMA-LWMA-RSI (expected: 258)
2025-04-25 13:23:18,208 - INFO - Created 258 INI files for EA temp-EA-Gold-Stuff-YoForexPremium (expected: 258)
2025-04-25 13:23:18,362 - INFO - Created 258 INI files for EA temp-Elevator-Robot-P-YoForexPremium (expected: 258)
2025-04-25 13:23:18,563 - INFO - Created 258 INI files for EA temp_EA-Gold-Stuff-YoForexPremium (expected: 258)
2025-04-25 13:23:18,730 - INFO - Created 258 INI files for EA temp_Elevator-Robot-P-YoForexPremium (expected: 258)
2025-04-25 13:23:18,887 - INFO - Created 258 INI files for EA EMA-RSI-EA (expected: 258)
2025-04-25 13:23:19,033 - INFO - Created 258 INI files for EA EMA-WMA (expected: 258)
2025-04-25 13:23:19,213 - INFO - Created 258 INI files for EA EMA_WMA v2 (expected: 258)
2025-04-25 13:23:19,373 - INFO - Created 258 INI files for EA Eugene (expected: 258)
2025-04-25 13:23:19,530 - INFO - Created 258 INI files for EA eur-usd-m5 (expected: 258)
2025-04-25 13:23:19,687 - INFO - Created 258 INI files for EA Euronis-Scalper-EA-MT5-With-DLL-YoForexPremium (expected: 258)
2025-04-25 13:23:19,838 - INFO - Created 258 INI files for EA EURUSD-breakout (expected: 258)
2025-04-25 13:23:19,979 - INFO - Created 258 INI files for EA EURUSDH1 (expected: 258)
2025-04-25 13:23:20,134 - INFO - Created 258 INI files for EA Executer-AC (expected: 258)
2025-04-25 13:23:20,288 - INFO - Created 258 INI files for EA Executor-AO (expected: 258)
2025-04-25 13:23:20,439 - INFO - Created 258 INI files for EA temp-EMA-WMA-v2 (expected: 258)
2025-04-25 13:23:20,587 - INFO - Created 258 INI files for EA temp-Euronis-Scalper-EA-With-DLL-YoForexPremium (expected: 258)
2025-04-25 13:23:20,758 - INFO - Created 258 INI files for EA temp_EMA-WMA-v2 (expected: 258)
2025-04-25 13:23:20,908 - INFO - Created 258 INI files for EA temp_Euronis-Scalper-EA-With-DLL-YoForexPremium (expected: 258)
2025-04-25 13:23:21,069 - INFO - Created 258 INI files for EA e-Breakeven (expected: 258)
2025-04-25 13:23:21,226 - INFO - Created 258 INI files for EA Executor-Candles (expected: 258)
2025-04-25 13:23:21,399 - INFO - Created 258 INI files for EA exp-Amstell (expected: 258)
2025-04-25 13:23:21,603 - INFO - Created 258 INI files for EA Expert-NEWS (expected: 258)
2025-04-25 13:23:21,770 - INFO - Created 258 INI files for EA Expert-RSI-Stochastic-MA (expected: 258)
2025-04-25 13:23:21,915 - INFO - Created 258 INI files for EA ExtremePrice-EA (expected: 258)
2025-04-25 13:23:22,100 - INFO - Created 258 INI files for EA Fi-Trading-Robot-1.0 (expected: 258)
2025-04-25 13:23:22,270 - INFO - Created 258 INI files for EA Fi-Trading-Robot-YoForexPremium (expected: 258)
2025-04-25 13:23:22,426 - INFO - Created 258 INI files for EA FI-TRADING-ROBOTMT5-yoforexprenium (expected: 258)
2025-04-25 13:23:22,598 - INFO - Created 258 INI files for EA FiboRetracement-20EA (expected: 258)
2025-04-25 13:23:22,759 - INFO - Created 258 INI files for EA temp-FI-TRADING-ROBOT-yoforexprenium (expected: 258)
2025-04-25 13:23:22,918 - INFO - Created 258 INI files for EA temp_FI-TRADING-ROBOT-yoforexprenium (expected: 258)
2025-04-25 13:23:23,076 - INFO - Created 258 INI files for EA Firebird (expected: 258)
2025-04-25 13:23:23,227 - INFO - Created 258 INI files for EA Firestorm-EA (expected: 258)
2025-04-25 13:23:23,411 - INFO - Created 258 INI files for EA Firestorm-indicator (expected: 258)
2025-04-25 13:23:23,559 - INFO - Created 258 INI files for EA Fluctuate (expected: 258)
2025-04-25 13:23:23,717 - INFO - Created 258 INI files for EA Forex-Fraus-M1 (expected: 258)
2025-04-25 13:23:23,889 - INFO - Created 258 INI files for EA Forex-Profit (expected: 258)
2025-04-25 13:23:24,060 - INFO - Created 258 INI files for EA Fractals-minimum-distance (expected: 258)
2025-04-25 13:23:24,217 - INFO - Created 258 INI files for EA Fraktrak-xonax (expected: 258)
2025-04-25 13:23:24,381 - INFO - Created 258 INI files for EA Frank-Ud (expected: 258)
2025-04-25 13:23:24,560 - INFO - Created 258 INI files for EA fratal-mt5-EA (expected: 258)
2025-04-25 13:23:24,726 - INFO - Created 258 INI files for EA temp-fratal-EA (expected: 258)
2025-04-25 13:23:24,935 - INFO - Created 258 INI files for EA temp_fratal-EA (expected: 258)
2025-04-25 13:23:25,155 - INFO - Created 258 INI files for EA FT-CCI (expected: 258)
2025-04-25 13:23:25,344 - INFO - Created 258 INI files for EA FT-Sniper-GOLD-MT5-4 (expected: 258)
2025-04-25 13:23:25,511 - INFO - Created 258 INI files for EA Fuzzy-logic (expected: 258)
2025-04-25 13:23:25,702 - INFO - Created 258 INI files for EA GalacticExplosion (expected: 258)
2025-04-25 13:23:25,921 - INFO - Created 258 INI files for EA Galaxy-5-1.0-MT5 (expected: 258)
2025-04-25 13:23:26,091 - INFO - Created 258 INI files for EA Gandalf-PRO (expected: 258)
2025-04-25 13:23:26,277 - INFO - Created 258 INI files for EA Gap-DM (expected: 258)
2025-04-25 13:23:26,434 - INFO - Created 258 INI files for EA GAP-EA (expected: 258)
2025-04-25 13:23:26,609 - INFO - Created 258 INI files for EA Gaps (expected: 258)
2025-04-25 13:23:26,754 - INFO - Created 258 INI files for EA GBP9AM (expected: 258)
2025-04-25 13:23:26,903 - INFO - Created 258 INI files for EA temp-FT-Sniper-GOLD-4 (expected: 258)
2025-04-25 13:23:27,077 - INFO - Created 258 INI files for EA temp-Galaxy-5-1.0 (expected: 258)
2025-04-25 13:23:27,242 - INFO - Created 258 INI files for EA temp_FT-Sniper-GOLD-4 (expected: 258)
2025-04-25 13:23:27,408 - INFO - Created 258 INI files for EA temp_Galaxy-5-1.0 (expected: 258)
2025-04-25 13:23:27,581 - INFO - Created 258 INI files for EA GbpChf (expected: 258)
2025-04-25 13:23:27,729 - INFO - Created 258 INI files for EA GO (expected: 258)
2025-04-25 13:23:27,932 - INFO - Created 258 INI files for EA Godzillar-EABanker-MT5-FX-XRACKED (expected: 258)
2025-04-25 13:23:28,100 - INFO - Created 258 INI files for EA Gold-Dust (expected: 258)
2025-04-25 13:23:28,271 - INFO - Created 258 INI files for EA GoldHero-FX-Cracked (expected: 258)
2025-04-25 13:23:28,431 - INFO - Created 258 INI files for EA GreenTrade (expected: 258)
2025-04-25 13:23:28,609 - INFO - Created 258 INI files for EA Grid (expected: 258)
2025-04-25 13:23:28,880 - INFO - Created 258 INI files for EA Grid-Martingale (expected: 258)
2025-04-25 13:23:29,144 - INFO - Created 258 INI files for EA GridEA (expected: 258)
2025-04-25 13:23:29,319 - INFO - Created 258 INI files for EA HarVesteR (expected: 258)
2025-04-25 13:23:29,499 - INFO - Created 258 INI files for EA temp-Godzillar-EABanker-FX-XRACKED (expected: 258)
2025-04-25 13:23:29,672 - INFO - Created 258 INI files for EA temp_Godzillar-EABanker-FX-XRACKED (expected: 258)
2025-04-25 13:23:29,825 - INFO - Created 258 INI files for EA HedgeEA (expected: 258)
2025-04-25 13:23:30,003 - INFO - Created 258 INI files for EA hedger (expected: 258)
2025-04-25 13:23:30,216 - INFO - Created 258 INI files for EA Hedging-EA (expected: 258)
2025-04-25 13:23:30,473 - INFO - Created 258 INI files for EA heiken-ashi-engulf-ea-buy-mt5 (expected: 258)
2025-04-25 13:23:30,645 - INFO - Created 258 INI files for EA heiken-ashi-engulf-sell-ea-mt5 (expected: 258)
2025-04-25 13:23:30,807 - INFO - Created 258 INI files for EA heiken-ashi-smoothed (expected: 258)
2025-04-25 13:23:30,970 - INFO - Created 258 INI files for EA Heiken-Ashi-Smoothed-EA (expected: 258)
2025-04-25 13:23:31,159 - INFO - Created 258 INI files for EA heiken-ashi-smoothedLine (expected: 258)
2025-04-25 13:23:31,321 - INFO - Created 258 INI files for EA HeikenAshi-Lines (expected: 258)
2025-04-25 13:23:31,474 - INFO - Created 258 INI files for EA HeikenAshi-Lines-EA (expected: 258)
2025-04-25 13:23:31,658 - INFO - Created 258 INI files for EA temp-heiken-ashi-engulf-ea-buy (expected: 258)
2025-04-25 13:23:31,815 - INFO - Created 258 INI files for EA temp-heiken-ashi-engulf-sell-ea (expected: 258)
2025-04-25 13:23:31,974 - INFO - Created 258 INI files for EA temp_heiken-ashi-engulf-ea-buy (expected: 258)
2025-04-25 13:23:32,128 - INFO - Created 258 INI files for EA temp_heiken-ashi-engulf-sell-ea (expected: 258)
2025-04-25 13:23:32,297 - INFO - Created 258 INI files for EA Heiken-Ashi-Smoothed-EA-with-MA (expected: 258)
2025-04-25 13:23:32,491 - INFO - Created 258 INI files for EA Heinken-Ashi-Color-Candles (expected: 258)
2025-04-25 13:23:32,666 - INFO - Created 258 INI files for EA HelloSmart (expected: 258)
2025-04-25 13:23:32,812 - INFO - Created 258 INI files for EA High-Low-EA (expected: 258)
2025-04-25 13:23:32,971 - INFO - Created 258 INI files for EA High-Low-Indicator (expected: 258)
2025-04-25 13:23:33,119 - INFO - Created 258 INI files for EA Hoop-master-2 (expected: 258)
2025-04-25 13:23:33,272 - INFO - Created 258 INI files for EA i-impulsesystem (expected: 258)
2025-04-25 13:23:33,424 - INFO - Created 258 INI files for EA iCCI-iMA (expected: 258)
2025-04-25 13:23:33,570 - INFO - Created 258 INI files for EA ichimok2005 (expected: 258)
2025-04-25 13:23:33,726 - INFO - Created 258 INI files for EA Ichimoku (expected: 258)
2025-04-25 13:23:33,888 - INFO - Created 258 INI files for EA ICH-With-Alert-Derekers (expected: 258)
2025-04-25 13:23:34,044 - INFO - Created 258 INI files for EA ICH-With-Alert-Derekers-EA (expected: 258)
2025-04-25 13:23:34,210 - INFO - Created 258 INI files for EA Ichimoku-20Kijun-20Alert (expected: 258)
2025-04-25 13:23:34,382 - INFO - Created 258 INI files for EA Ichimoku-20Tenkan-20Alert (expected: 258)
2025-04-25 13:23:34,533 - INFO - Created 258 INI files for EA Ichimoku-Dashboard-MT5 (expected: 258)
2025-04-25 13:23:34,695 - INFO - Created 258 INI files for EA Ichimoku-Scanner (expected: 258)
2025-04-25 13:23:34,844 - INFO - Created 258 INI files for EA Ichimoku-Scanner-MT5 (expected: 258)
2025-04-25 13:23:34,997 - INFO - Created 258 INI files for EA Ichimoku-Signals-and-Alert (expected: 258)
2025-04-25 13:23:35,149 - INFO - Created 258 INI files for EA IchimokuMTF-EA (expected: 258)
2025-04-25 13:23:35,295 - INFO - Created 258 INI files for EA Ilan-iMA (expected: 258)
2025-04-25 13:23:35,490 - INFO - Created 258 INI files for EA temp-Ichimoku-Dashboard (expected: 258)
2025-04-25 13:23:35,679 - INFO - Created 258 INI files for EA temp-Ichimoku-Scanner-1 (expected: 258)
2025-04-25 13:23:35,826 - INFO - Created 258 INI files for EA temp_Ichimoku-Dashboard (expected: 258)
2025-04-25 13:23:35,976 - INFO - Created 258 INI files for EA temp_Ichimoku-Scanner-1 (expected: 258)
2025-04-25 13:23:36,195 - INFO - Created 258 INI files for EA Ilan1.4 (expected: 258)
2025-04-25 13:23:36,430 - INFO - Created 258 INI files for EA iMA-iStdDev (expected: 258)
2025-04-25 13:23:36,796 - INFO - Created 258 INI files for EA Indices-Tester (expected: 258)
2025-04-25 13:23:36,959 - INFO - Created 258 INI files for EA Inka-20Edho-20EA (expected: 258)
2025-04-25 13:23:37,136 - INFO - Created 258 INI files for EA Intersection-2-iMA (expected: 258)
2025-04-25 13:23:37,292 - INFO - Created 258 INI files for EA IStochastic-Trading (expected: 258)
2025-04-25 13:23:37,441 - INFO - Created 258 INI files for EA Ivan (expected: 258)
2025-04-25 13:23:37,600 - INFO - Created 258 INI files for EA iVIDyA-Simple (expected: 258)
2025-04-25 13:23:37,761 - INFO - Created 258 INI files for EA Jackpot-Strategy-EA (expected: 258)
2025-04-25 13:23:37,927 - INFO - Created 258 INI files for EA JackPot-Strategy-Elite (expected: 258)
2025-04-25 13:23:38,081 - INFO - Created 258 INI files for EA JK-BullP-AutoTrader (expected: 258)
2025-04-25 13:23:38,244 - INFO - Created 258 INI files for EA JS-Chaos (expected: 258)
2025-04-25 13:23:38,452 - INFO - Created 258 INI files for EA JS-MA-Day (expected: 258)
2025-04-25 13:23:38,641 - INFO - Created 258 INI files for EA JS-MA-SAR-Trades (expected: 258)
2025-04-25 13:23:38,848 - INFO - Created 258 INI files for EA JS-MA-SAR-Trades-EA-MT5-YoforexPremium (expected: 258)
2025-04-25 13:23:39,033 - INFO - Created 258 INI files for EA JS-MA-SAR-Trades-Yoforexpremium (expected: 258)
2025-04-25 13:23:39,187 - INFO - Created 258 INI files for EA Juggernaut (expected: 258)
2025-04-25 13:23:39,350 - INFO - Created 258 INI files for EA KA-Gold-Bot (expected: 258)
2025-04-25 13:23:39,531 - INFO - Created 258 INI files for EA KueFx-20Arrows (expected: 258)
2025-04-25 13:23:39,784 - INFO - Created 258 INI files for EA KueFx-20Baseline (expected: 258)
2025-04-25 13:23:40,024 - INFO - Created 258 INI files for EA temp-JS-MA-SAR-Trades-EA-YoforexPremium (expected: 258)
2025-04-25 13:23:40,301 - INFO - Created 258 INI files for EA temp_JS-MA-SAR-Trades-EA-YoforexPremium (expected: 258)
2025-04-25 13:23:40,482 - INFO - Created 258 INI files for EA KueFx-Arrows (expected: 258)
2025-04-25 13:23:40,646 - INFO - Created 258 INI files for EA KueFx-Arrows-20EA (expected: 258)
2025-04-25 13:23:40,799 - INFO - Created 258 INI files for EA KueFx-Arrows-EA (expected: 258)
2025-04-25 13:23:40,960 - INFO - Created 258 INI files for EA KueFx-Baseline (expected: 258)
2025-04-25 13:23:41,124 - INFO - Created 258 INI files for EA KueFx-Baseline-EA (expected: 258)
2025-04-25 13:23:41,283 - INFO - Created 258 INI files for EA KueFx-Clean-2025-EA (expected: 258)
2025-04-25 13:23:41,440 - INFO - Created 258 INI files for EA KueFxTrend-20EA (expected: 258)
2025-04-25 13:23:41,611 - INFO - Created 258 INI files for EA KueFxTrend-EA (expected: 258)
2025-04-25 13:23:41,766 - INFO - Created 258 INI files for EA KueFx_Arrows_EA_v1.10 (expected: 258)
2025-04-25 13:23:41,920 - INFO - Created 258 INI files for EA KueFx_Baseline_EA_v1.10 (expected: 258)
2025-04-25 13:23:42,158 - INFO - Created 258 INI files for EA temp-KueFx-Arrows-EA-v1.10 (expected: 258)
2025-04-25 13:23:42,359 - INFO - Created 258 INI files for EA temp-KueFx-Baseline-EA-v1.10 (expected: 258)
2025-04-25 13:23:42,540 - INFO - Created 258 INI files for EA temp_KueFx-Arrows-EA-v1.10 (expected: 258)
2025-04-25 13:23:42,712 - INFO - Created 258 INI files for EA temp_KueFx-Baseline-EA-v1.10 (expected: 258)
2025-04-25 13:23:42,863 - INFO - Created 258 INI files for EA Kue-Electric-EA (expected: 258)
2025-04-25 13:23:43,017 - INFO - Created 258 INI files for EA KueFx-Extreme-EA (expected: 258)
2025-04-25 13:23:43,209 - INFO - Created 258 INI files for EA KueFx-Harare-EA (expected: 258)
2025-04-25 13:23:43,436 - INFO - Created 258 INI files for EA KueFX-Money-Management (expected: 258)
2025-04-25 13:23:43,598 - INFO - Created 258 INI files for EA KueFx-Motor (expected: 258)
2025-04-25 13:23:43,764 - INFO - Created 258 INI files for EA KueFx-Motor-EA (expected: 258)
2025-04-25 13:23:43,972 - INFO - Created 258 INI files for EA KueFx-Trend (expected: 258)
2025-04-25 13:23:44,138 - INFO - Created 258 INI files for EA LarryConnersRSI2 (expected: 258)
2025-04-25 13:23:44,314 - INFO - Created 258 INI files for EA Last-ZZ50 (expected: 258)
2025-04-25 13:23:44,502 - INFO - Created 258 INI files for EA Lavika100 (expected: 258)
2025-04-25 13:23:44,715 - INFO - Created 258 INI files for EA LazyBot-MT5 (expected: 258)
2025-04-25 13:23:44,875 - INFO - Created 258 INI files for EA LBS (expected: 258)
2025-04-25 13:23:45,039 - INFO - Created 258 INI files for EA Lego-EA (expected: 258)
2025-04-25 13:23:45,299 - INFO - Created 258 INI files for EA Lesson-3-Price-Action (expected: 258)
2025-04-25 13:23:45,513 - INFO - Created 258 INI files for EA Lesson-4-Price-Action-MA-Filter (expected: 258)
2025-04-25 13:23:45,711 - INFO - Created 258 INI files for EA Lesson-6-Trailling-ATR (expected: 258)
2025-04-25 13:23:45,946 - INFO - Created 258 INI files for EA Lesson-7-Price-action-Ket-hop-Volume-VSA (expected: 258)
2025-04-25 13:23:46,145 - INFO - Created 258 INI files for EA Little-EA (expected: 258)
2025-04-25 13:23:46,366 - INFO - Created 258 INI files for EA Lock (expected: 258)
2025-04-25 13:23:46,539 - INFO - Created 258 INI files for EA Locker (expected: 258)
2025-04-25 13:23:46,771 - INFO - Created 258 INI files for EA temp-LazyBot (expected: 258)
2025-04-25 13:23:46,952 - INFO - Created 258 INI files for EA temp_LazyBot (expected: 258)
2025-04-25 13:23:47,181 - INFO - Created 258 INI files for EA Lucky (expected: 258)
2025-04-25 13:23:47,336 - INFO - Created 258 INI files for EA M.A-break-mt5-buy (expected: 258)
2025-04-25 13:23:47,485 - INFO - Created 258 INI files for EA M.A-break-mt5-sell (expected: 258)
2025-04-25 13:23:47,640 - INFO - Created 258 INI files for EA MA MACD Position averaging v2 (expected: 258)
2025-04-25 13:23:47,800 - INFO - Created 258 INI files for EA MA-20Alert (expected: 258)
2025-04-25 13:23:47,981 - INFO - Created 258 INI files for EA MA-20AO-20Arrow (expected: 258)
2025-04-25 13:23:48,148 - INFO - Created 258 INI files for EA MA-Cross (expected: 258)
2025-04-25 13:23:48,315 - INFO - Created 258 INI files for EA MA-Envelopes (expected: 258)
2025-04-25 13:23:48,500 - INFO - Created 258 INI files for EA MA-MACD-Position-averaging (expected: 258)
2025-04-25 13:23:48,656 - INFO - Created 258 INI files for EA MA-Trend (expected: 258)
2025-04-25 13:23:48,803 - INFO - Created 258 INI files for EA temp-M.A-break-buy (expected: 258)
2025-04-25 13:23:48,950 - INFO - Created 258 INI files for EA temp-M.A-break-sell (expected: 258)
2025-04-25 13:23:49,108 - INFO - Created 258 INI files for EA temp-MA-MACD-Position-averaging-v2 (expected: 258)
2025-04-25 13:23:49,265 - INFO - Created 258 INI files for EA temp_M.A-break-buy (expected: 258)
2025-04-25 13:23:49,433 - INFO - Created 258 INI files for EA temp_M.A-break-sell (expected: 258)
2025-04-25 13:23:49,591 - INFO - Created 258 INI files for EA temp_MA-MACD-Position-averaging-v2 (expected: 258)
2025-04-25 13:23:49,738 - INFO - Created 258 INI files for EA MA2CCI (expected: 258)
2025-04-25 13:23:49,888 - INFO - Created 258 INI files for EA MACD (expected: 258)
2025-04-25 13:23:50,036 - INFO - Created 258 INI files for EA MACD-and-SAR (expected: 258)
2025-04-25 13:23:50,185 - INFO - Created 258 INI files for EA MACD-Cleaner (expected: 258)
2025-04-25 13:23:50,339 - INFO - Created 258 INI files for EA Macd-diver-and-rsi-mt5 (expected: 258)
2025-04-25 13:23:50,499 - INFO - Created 258 INI files for EA MACD-No-Sample (expected: 258)
2025-04-25 13:23:50,683 - INFO - Created 258 INI files for EA MACD-signal (expected: 258)
2025-04-25 13:23:50,853 - INFO - Created 258 INI files for EA MACD-Stochastic (expected: 258)
2025-04-25 13:23:51,038 - INFO - Created 258 INI files for EA MACD-Stochastic-2 (expected: 258)
2025-04-25 13:23:51,187 - INFO - Created 258 INI files for EA MACD-wonder (expected: 258)
2025-04-25 13:23:51,345 - INFO - Created 258 INI files for EA temp-Macd-diver-and-rsi (expected: 258)
2025-04-25 13:23:51,493 - INFO - Created 258 INI files for EA temp_Macd-diver-and-rsi (expected: 258)
2025-04-25 13:23:51,642 - INFO - Created 258 INI files for EA MACD-EA-H4 (expected: 258)
2025-04-25 13:23:51,798 - INFO - Created 258 INI files for EA MACD-wonder-YoforexPremium (expected: 258)
2025-04-25 13:23:51,945 - INFO - Created 258 INI files for EA MACDCCI (expected: 258)
2025-04-25 13:23:52,126 - INFO - Created 258 INI files for EA MacdPatternTraderAll (expected: 258)
2025-04-25 13:23:52,369 - INFO - Created 258 INI files for EA MacdPatternTraderAll0.01 (expected: 258)
2025-04-25 13:23:52,546 - INFO - Created 258 INI files for EA MagneticBrake (expected: 258)
2025-04-25 13:23:52,721 - INFO - Created 258 INI files for EA MagneticStopExpert (expected: 258)
2025-04-25 13:23:52,867 - INFO - Created 258 INI files for EA MAGrid (expected: 258)
2025-04-25 13:23:53,014 - INFO - Created 258 INI files for EA MAMACD (expected: 258)
2025-04-25 13:23:53,167 - INFO - Created 258 INI files for EA Mariner-MT5 (expected: 258)
2025-04-25 13:23:53,317 - INFO - Created 258 INI files for EA temp-Mariner (expected: 258)
2025-04-25 13:23:53,545 - INFO - Created 258 INI files for EA temp_Mariner (expected: 258)
2025-04-25 13:23:53,692 - INFO - Created 258 INI files for EA MA-AO-EA (expected: 258)
2025-04-25 13:23:53,847 - INFO - Created 258 INI files for EA Market-Capture (expected: 258)
2025-04-25 13:23:53,995 - INFO - Created 258 INI files for EA Martin (expected: 258)
2025-04-25 13:23:54,146 - INFO - Created 258 INI files for EA Martin-1 (expected: 258)
2025-04-25 13:23:54,293 - INFO - Created 258 INI files for EA Martin-for-small-deposits (expected: 258)
2025-04-25 13:23:54,448 - INFO - Created 258 INI files for EA MartingailExpert (expected: 258)
2025-04-25 13:23:54,595 - INFO - Created 258 INI files for EA MartinGaleBreakout (expected: 258)
2025-04-25 13:23:54,741 - INFO - Created 258 INI files for EA Marubozu (expected: 258)
2025-04-25 13:23:54,903 - INFO - Created 258 INI files for EA Marubozu-EA (expected: 258)
2025-04-25 13:23:55,057 - INFO - Created 258 INI files for EA Marubozu_EA_v1.10 (expected: 258)
2025-04-25 13:23:55,205 - INFO - Created 258 INI files for EA temp-Marubozu-EA-v1.10 (expected: 258)
2025-04-25 13:23:55,387 - INFO - Created 258 INI files for EA temp_Marubozu-EA-v1.10 (expected: 258)
2025-04-25 13:23:55,626 - INFO - Created 258 INI files for EA ma-channels (expected: 258)
2025-04-25 13:23:55,795 - INFO - Created 258 INI files for EA Ma-Crosses-MT5 (expected: 258)
2025-04-25 13:23:55,983 - INFO - Created 258 INI files for EA MA-Crossover-mt5-20EA (expected: 258)
2025-04-25 13:23:56,151 - INFO - Created 258 INI files for EA MelBar-EuSwiss-1.85 (expected: 258)
2025-04-25 13:23:56,301 - INFO - Created 258 INI files for EA MelBarTTake325-T-5.5Y-NZD-USD.ex5 (expected: 258)
2025-04-25 13:23:56,466 - INFO - Created 258 INI files for EA MelBarTTake325-T-5.5Y-NZD-USD.mq5 (expected: 258)
2025-04-25 13:23:56,665 - INFO - Created 258 INI files for EA MelBar™Take325-™-5.5Y-NZD-USD (expected: 258)
2025-04-25 13:23:56,837 - INFO - Created 258 INI files for EA Minning-GoldMT5-Yoforexpremium (expected: 258)
2025-04-25 13:23:57,013 - INFO - Created 258 INI files for EA Mobo-Bands (expected: 258)
2025-04-25 13:23:57,175 - INFO - Created 258 INI files for EA Mobo-Bands-EA (expected: 258)
2025-04-25 13:23:57,325 - INFO - Created 258 INI files for EA temp-Ma-Crosses (expected: 258)
2025-04-25 13:23:57,516 - INFO - Created 258 INI files for EA temp-MA-Crossover-20EA (expected: 258)
2025-04-25 13:23:57,715 - INFO - Created 258 INI files for EA temp-Minning-Gold-Yoforexpremium (expected: 258)
2025-04-25 13:23:57,910 - INFO - Created 258 INI files for EA temp_Ma-Crosses (expected: 258)
2025-04-25 13:23:58,133 - INFO - Created 258 INI files for EA temp_MA-Crossover-20EA (expected: 258)
2025-04-25 13:23:58,324 - INFO - Created 258 INI files for EA temp_Minning-Gold-Yoforexpremium (expected: 258)
2025-04-25 13:23:58,556 - INFO - Created 258 INI files for EA Modified-Moving-Averages (expected: 258)
2025-04-25 13:23:58,733 - INFO - Created 258 INI files for EA Momentum-M15 (expected: 258)
2025-04-25 13:23:58,895 - INFO - Created 258 INI files for EA Momo-trades (expected: 258)
2025-04-25 13:23:59,050 - INFO - Created 258 INI files for EA Money-Fixed-Margin (expected: 258)
2025-04-25 13:23:59,206 - INFO - Created 258 INI files for EA Money-Fixed-Risk (expected: 258)
2025-04-25 13:23:59,351 - INFO - Created 258 INI files for EA MoneyRain (expected: 258)
2025-04-25 13:23:59,507 - INFO - Created 258 INI files for EA Morning-evening-star-EA (expected: 258)
2025-04-25 13:23:59,658 - INFO - Created 258 INI files for EA MostasHaR15-Pivot (expected: 258)
2025-04-25 13:23:59,812 - INFO - Created 258 INI files for EA Moving-Average-Trade-System (expected: 258)
2025-04-25 13:23:59,956 - INFO - Created 258 INI files for EA Moving-Averages (expected: 258)
2025-04-25 13:24:00,126 - INFO - Created 258 INI files for EA Moving-20average-20and-20ichimoku-20EA (expected: 258)
2025-04-25 13:24:00,354 - INFO - Created 258 INI files for EA MovingAverage (expected: 258)
2025-04-25 13:24:00,503 - INFO - Created 258 INI files for EA MovingAverageMartinGale (expected: 258)
2025-04-25 13:24:00,687 - INFO - Created 258 INI files for EA MQL5-Wizard-MA-RSI (expected: 258)
2025-04-25 13:24:00,867 - INFO - Created 258 INI files for EA MQL5-Wizard-MACD-Parabolic-SAR (expected: 258)
2025-04-25 13:24:01,100 - INFO - Created 258 INI files for EA MT45 (expected: 258)
2025-04-25 13:24:01,310 - INFO - Created 258 INI files for EA MT5-CoupleHedgeEA (expected: 258)
2025-04-25 13:24:01,483 - INFO - Created 258 INI files for EA MT5-RingSystemEA (expected: 258)
2025-04-25 13:24:01,719 - INFO - Created 258 INI files for EA Mt5-williams-directional-index-EA (expected: 258)
2025-04-25 13:24:01,917 - INFO - Created 258 INI files for EA MTC-Сombo (expected: 258)
2025-04-25 13:24:02,056 - INFO - Created 258 INI files for EA temp-5 (expected: 258)
2025-04-25 13:24:02,216 - INFO - Created 258 INI files for EA temp-CoupleHedgeEA (expected: 258)
2025-04-25 13:24:02,361 - INFO - Created 258 INI files for EA temp-RingSystemEA (expected: 258)
2025-04-25 13:24:02,516 - INFO - Created 258 INI files for EA temp-williams-directional-index-EA (expected: 258)
2025-04-25 13:24:02,662 - INFO - Created 258 INI files for EA temp_-CoupleHedgeEA (expected: 258)
2025-04-25 13:24:02,812 - INFO - Created 258 INI files for EA temp_-RingSystemEA (expected: 258)
2025-04-25 13:24:03,054 - INFO - Created 258 INI files for EA temp_-williams-directional-index-EA (expected: 258)
2025-04-25 13:24:03,239 - INFO - Created 258 INI files for EA temp_5 (expected: 258)
2025-04-25 13:24:03,420 - INFO - Created 258 INI files for EA Multi-Stochastic (expected: 258)
2025-04-25 13:24:03,579 - INFO - Created 258 INI files for EA Multi-Trader-BC-Robot (expected: 258)
2025-04-25 13:24:03,768 - INFO - Created 258 INI files for EA MultiMartin (expected: 258)
2025-04-25 13:24:03,982 - INFO - Created 258 INI files for EA MySystem (expected: 258)
2025-04-25 13:24:04,157 - INFO - Created 258 INI files for EA N Candles v2 (expected: 258)
2025-04-25 13:24:04,329 - INFO - Created 258 INI files for EA N Candles v3 (expected: 258)
2025-04-25 13:24:04,487 - INFO - Created 258 INI files for EA N Candles v4 (expected: 258)
2025-04-25 13:24:04,660 - INFO - Created 258 INI files for EA N Candles v5 (expected: 258)
2025-04-25 13:24:04,819 - INFO - Created 258 INI files for EA N-Candles (expected: 258)
2025-04-25 13:24:04,978 - INFO - Created 258 INI files for EA N-_Candles_v7 (expected: 258)
2025-04-25 13:24:05,159 - INFO - Created 258 INI files for EA temp-N-Candles-v2 (expected: 258)
2025-04-25 13:24:05,330 - INFO - Created 258 INI files for EA temp-N-Candles-v3 (expected: 258)
2025-04-25 13:24:05,497 - INFO - Created 258 INI files for EA temp-N-Candles-v4 (expected: 258)
2025-04-25 13:24:05,719 - INFO - Created 258 INI files for EA temp-N-Candles-v5 (expected: 258)
2025-04-25 13:24:05,896 - INFO - Created 258 INI files for EA temp-N-Candles-v7 (expected: 258)
2025-04-25 13:24:06,152 - INFO - Created 258 INI files for EA temp_N-Candles-v2 (expected: 258)
2025-04-25 13:24:06,410 - INFO - Created 258 INI files for EA temp_N-Candles-v3 (expected: 258)
2025-04-25 13:24:06,615 - INFO - Created 258 INI files for EA temp_N-Candles-v4 (expected: 258)
2025-04-25 13:24:06,797 - INFO - Created 258 INI files for EA temp_N-Candles-v5 (expected: 258)
2025-04-25 13:24:06,983 - INFO - Created 258 INI files for EA temp_N-Candles-v7 (expected: 258)
2025-04-25 13:24:07,168 - INFO - Created 258 INI files for EA Nevalyashka (expected: 258)
2025-04-25 13:24:07,349 - INFO - Created 258 INI files for EA Nevalyashka-BreakdownLevel (expected: 258)
2025-04-25 13:24:07,508 - INFO - Created 258 INI files for EA Nevalyashka3-1 (expected: 258)
2025-04-25 13:24:07,660 - INFO - Created 258 INI files for EA New-Martin (expected: 258)
2025-04-25 13:24:07,815 - INFO - Created 258 INI files for EA New-Random (expected: 258)
2025-04-25 13:24:07,959 - INFO - Created 258 INI files for EA Nextbar (expected: 258)
2025-04-25 13:24:08,153 - INFO - Created 258 INI files for EA Night-Flat-Trade (expected: 258)
2025-04-25 13:24:08,323 - INFO - Created 258 INI files for EA NightScalper (expected: 258)
2025-04-25 13:24:08,487 - INFO - Created 258 INI files for EA NRTR-Revers (expected: 258)
2025-04-25 13:24:08,648 - INFO - Created 258 INI files for EA NSK-SWING-EA-MT5-Yoforexpremium (expected: 258)
2025-04-25 13:24:08,804 - INFO - Created 258 INI files for EA temp-NSK-SWING-EA-Yoforexpremium (expected: 258)
2025-04-25 13:24:08,969 - INFO - Created 258 INI files for EA temp_NSK-SWING-EA-Yoforexpremium (expected: 258)
2025-04-25 13:24:09,132 - INFO - Created 258 INI files for EA NSK-SWING-EA-Yoforexpremium (expected: 258)
2025-04-25 13:24:09,288 - INFO - Created 258 INI files for EA NUp1Down (expected: 258)
2025-04-25 13:24:09,462 - INFO - Created 258 INI files for EA Open-Candle-EA (expected: 258)
2025-04-25 13:24:09,626 - INFO - Created 258 INI files for EA Open-Close (expected: 258)
2025-04-25 13:24:09,800 - INFO - Created 258 INI files for EA Opening-and-ilosing-on-time (expected: 258)
2025-04-25 13:24:10,020 - INFO - Created 258 INI files for EA Opening-and-Сlosing-on-time (expected: 258)
2025-04-25 13:24:10,183 - INFO - Created 258 INI files for EA OpenPendingorderAfterPositionGetStopLoss (expected: 258)
2025-04-25 13:24:10,339 - INFO - Created 258 INI files for EA OpenTicks (expected: 258)
2025-04-25 13:24:10,557 - INFO - Created 258 INI files for EA optimization-result (expected: 258)
2025-04-25 13:24:10,751 - INFO - Created 258 INI files for EA ORB-EA-BOX (expected: 258)
2025-04-25 13:24:10,920 - INFO - Created 258 INI files for EA OsMaSter (expected: 258)
2025-04-25 13:24:11,106 - INFO - Created 258 INI files for EA OTT-20AND-20PRICE-20CROSS-20EA (expected: 258)
2025-04-25 13:24:11,300 - INFO - Created 258 INI files for EA OverHedge (expected: 258)
2025-04-25 13:24:11,460 - INFO - Created 258 INI files for EA OzFx (expected: 258)
2025-04-25 13:24:11,628 - INFO - Created 258 INI files for EA Par-20sar-20mt5-201 (expected: 258)
2025-04-25 13:24:11,783 - INFO - Created 258 INI files for EA Parabolic-SAR (expected: 258)
2025-04-25 13:24:11,932 - INFO - Created 258 INI files for EA PARSI-EA (expected: 258)
2025-04-25 13:24:12,092 - INFO - Created 258 INI files for EA Peceptron-Mult (expected: 258)
2025-04-25 13:24:12,242 - INFO - Created 258 INI files for EA Pending-orders-by-time (expected: 258)
2025-04-25 13:24:12,402 - INFO - Created 258 INI files for EA Pending-orders-by-time-2 (expected: 258)
2025-04-25 13:24:12,605 - INFO - Created 258 INI files for EA temp-Par-20sar-20-201 (expected: 258)
2025-04-25 13:24:12,783 - INFO - Created 258 INI files for EA temp_Par-20sar-20-201 (expected: 258)
2025-04-25 13:24:12,927 - INFO - Created 258 INI files for EA Pendulum (expected: 258)
2025-04-25 13:24:13,078 - INFO - Created 258 INI files for EA Pinball-machine (expected: 258)
2025-04-25 13:24:13,237 - INFO - Created 258 INI files for EA Pinbar-Magic-EA (expected: 258)
2025-04-25 13:24:13,394 - INFO - Created 258 INI files for EA PinBar-Magic-Indicator (expected: 258)
2025-04-25 13:24:13,543 - INFO - Created 258 INI files for EA Pipsover (expected: 258)
2025-04-25 13:24:13,692 - INFO - Created 258 INI files for EA Plan-X (expected: 258)
2025-04-25 13:24:13,863 - INFO - Created 258 INI files for EA Plateau (expected: 258)
2025-04-25 13:24:14,014 - INFO - Created 258 INI files for EA Poker-SHOW (expected: 258)
2025-04-25 13:24:14,178 - INFO - Created 258 INI files for EA POVERTY-KILLER-GHOSTMT5-YoForexPremium (expected: 258)
2025-04-25 13:24:14,332 - INFO - Created 258 INI files for EA POW-BANKER-EA-MT5-4170-with-SetFiles-YoForexPremium (expected: 258)
2025-04-25 13:24:14,487 - INFO - Created 258 INI files for EA temp-POVERTY-KILLER-GHOST-YoForexPremium (expected: 258)
2025-04-25 13:24:14,665 - INFO - Created 258 INI files for EA temp-POW-BANKER-EA-4170-with-SetFiles-YoForexPremium (expected: 258)
2025-04-25 13:24:14,862 - INFO - Created 258 INI files for EA temp_POVERTY-KILLER-GHOST-YoForexPremium (expected: 258)
2025-04-25 13:24:15,022 - INFO - Created 258 INI files for EA temp_POW-BANKER-EA-4170-with-SetFiles-YoForexPremium (expected: 258)
2025-04-25 13:24:15,173 - INFO - Created 258 INI files for EA Precipice (expected: 258)
2025-04-25 13:24:15,350 - INFO - Created 258 INI files for EA Precipice-MartIn (expected: 258)
2025-04-25 13:24:15,513 - INFO - Created 258 INI files for EA PrizmaL-Pro-EAMT5-YoforexPremium (expected: 258)
2025-04-25 13:24:15,661 - INFO - Created 258 INI files for EA Probe (expected: 258)
2025-04-25 13:24:15,812 - INFO - Created 258 INI files for EA Proffessor (expected: 258)
2025-04-25 13:24:15,958 - INFO - Created 258 INI files for EA PropFirmHelper (expected: 258)
2025-04-25 13:24:16,106 - INFO - Created 258 INI files for EA PROphet (expected: 258)
2025-04-25 13:24:16,269 - INFO - Created 258 INI files for EA Puria-method (expected: 258)
2025-04-25 13:24:16,415 - INFO - Created 258 INI files for EA Rabbit3 (expected: 258)
2025-04-25 13:24:16,577 - INFO - Created 258 INI files for EA Range-Breakout (expected: 258)
2025-04-25 13:24:16,775 - INFO - Created 258 INI files for EA temp-PrizmaL-Pro-EA-YoforexPremium (expected: 258)
2025-04-25 13:24:16,960 - INFO - Created 258 INI files for EA temp_PrizmaL-Pro-EA-YoforexPremium (expected: 258)
2025-04-25 13:24:17,123 - INFO - Created 258 INI files for EA Rapid-Doji-EA (expected: 258)
2025-04-25 13:24:17,281 - INFO - Created 258 INI files for EA Raymond-Cloudy-Day-for-EA (expected: 258)
2025-04-25 13:24:17,438 - INFO - Created 258 INI files for EA RedDragon-v.1.03 (expected: 258)
2025-04-25 13:24:17,600 - INFO - Created 258 INI files for EA Reflex (expected: 258)
2025-04-25 13:24:17,776 - INFO - Created 258 INI files for EA Reflex-EA (expected: 258)
2025-04-25 13:24:17,996 - INFO - Created 258 INI files for EA REFLEX-INDICATOR (expected: 258)
2025-04-25 13:24:18,173 - INFO - Created 258 INI files for EA Reversing-Martingale (expected: 258)
2025-04-25 13:24:18,325 - INFO - Created 258 INI files for EA RideAlligator (expected: 258)
2025-04-25 13:24:18,484 - INFO - Created 258 INI files for EA RNN (expected: 258)
2025-04-25 13:24:18,650 - INFO - Created 258 INI files for EA RobotPowerM5-meta4 (expected: 258)
2025-04-25 13:24:18,803 - INFO - Created 258 INI files for EA Robot-MACD (expected: 258)
2025-04-25 13:24:18,975 - INFO - Created 258 INI files for EA Rollback-system (expected: 258)
2025-04-25 13:24:19,163 - INFO - Created 258 INI files for EA RSI EA v2 (expected: 258)
2025-04-25 13:24:19,358 - INFO - Created 258 INI files for EA RSI-and-Bollinger-Bands (expected: 258)
2025-04-25 13:24:19,506 - INFO - Created 258 INI files for EA RSI-Arrow (expected: 258)
2025-04-25 13:24:19,663 - INFO - Created 258 INI files for EA RSI-Bollinger-Bands-EA (expected: 258)
2025-04-25 13:24:19,813 - INFO - Created 258 INI files for EA RSI-EA (expected: 258)
2025-04-25 13:24:19,973 - INFO - Created 258 INI files for EA RSI-Eraser (expected: 258)
2025-04-25 13:24:20,138 - INFO - Created 258 INI files for EA RSI-Levels (expected: 258)
2025-04-25 13:24:20,306 - INFO - Created 258 INI files for EA RSI-trader (expected: 258)
2025-04-25 13:24:20,460 - INFO - Created 258 INI files for EA temp-RSI-EA-v2 (expected: 258)
2025-04-25 13:24:20,609 - INFO - Created 258 INI files for EA temp_RSI-EA-v2 (expected: 258)
2025-04-25 13:24:20,797 - INFO - Created 258 INI files for EA RSI-Arrow-EA (expected: 258)
2025-04-25 13:24:20,952 - INFO - Created 258 INI files for EA RSI-Expert (expected: 258)
2025-04-25 13:24:21,147 - INFO - Created 258 INI files for EA RSI-Trend (expected: 258)
2025-04-25 13:24:21,322 - INFO - Created 258 INI files for EA RSI-Trend-EA (expected: 258)
2025-04-25 13:24:21,572 - INFO - Created 258 INI files for EA RSI-with-channels (expected: 258)
2025-04-25 13:24:21,736 - INFO - Created 258 INI files for EA RSI-with-channels-EA (expected: 258)
2025-04-25 13:24:21,897 - INFO - Created 258 INI files for EA RSI_Expert_v2.0 (expected: 258)
2025-04-25 13:24:22,070 - INFO - Created 258 INI files for EA Russian20-hp1 (expected: 258)
2025-04-25 13:24:22,218 - INFO - Created 258 INI files for EA SampleCheckPendingOrder (expected: 258)
2025-04-25 13:24:22,371 - INFO - Created 258 INI files for EA SampleTrailingstop-MT5 (expected: 258)
2025-04-25 13:24:22,554 - INFO - Created 258 INI files for EA temp-RSI-Expert-v2.0 (expected: 258)
2025-04-25 13:24:22,712 - INFO - Created 258 INI files for EA temp-SampleTrailingstop (expected: 258)
2025-04-25 13:24:22,894 - INFO - Created 258 INI files for EA temp_RSI-Expert-v2.0 (expected: 258)
2025-04-25 13:24:23,086 - INFO - Created 258 INI files for EA temp_SampleTrailingstop (expected: 258)
2025-04-25 13:24:23,276 - INFO - Created 258 INI files for EA SAR-trading (expected: 258)
2025-04-25 13:24:23,504 - INFO - Created 258 INI files for EA Secwenta (expected: 258)
2025-04-25 13:24:23,669 - INFO - Created 258 INI files for EA Sell-Stop (expected: 258)
2025-04-25 13:24:23,841 - INFO - Created 258 INI files for EA Sensitive (expected: 258)
2025-04-25 13:24:24,015 - INFO - Created 258 INI files for EA Separate-trade (expected: 258)
2025-04-25 13:24:24,176 - INFO - Created 258 INI files for EA SilverTrend (expected: 258)
2025-04-25 13:24:24,343 - INFO - Created 258 INI files for EA Simple-20Price-20Alert-20-20EA (expected: 258)
2025-04-25 13:24:24,506 - INFO - Created 258 INI files for EA Simple-20Volume-20EA (expected: 258)
2025-04-25 13:24:24,712 - INFO - Created 258 INI files for EA Simple-EA-MA-plus-MACD (expected: 258)
2025-04-25 13:24:24,916 - INFO - Created 258 INI files for EA Simple-FX (expected: 258)
2025-04-25 13:24:25,102 - INFO - Created 258 INI files for EA Simple-MACD (expected: 258)
2025-04-25 13:24:25,349 - INFO - Created 258 INI files for EA Simple-Volume-EA (expected: 258)
2025-04-25 13:24:25,563 - INFO - Created 258 INI files for EA SimplePivot (expected: 258)
2025-04-25 13:24:25,756 - INFO - Created 258 INI files for EA Simplest-Hedging-EA-ever (expected: 258)
2025-04-25 13:24:25,936 - INFO - Created 258 INI files for EA SimpleTrade (expected: 258)
2025-04-25 13:24:26,166 - INFO - Created 258 INI files for EA Six-Soldiers (expected: 258)
2025-04-25 13:24:26,357 - INFO - Created 258 INI files for EA Six-Soldiers-EA (expected: 258)
2025-04-25 13:24:26,530 - INFO - Created 258 INI files for EA Six-Soldiers-EA-Grid (expected: 258)
2025-04-25 13:24:26,749 - INFO - Created 258 INI files for EA Small-Inside-Bar-Strategy (expected: 258)
2025-04-25 13:24:26,929 - INFO - Created 258 INI files for EA Smart-Machine-20EA (expected: 258)
2025-04-25 13:24:27,150 - INFO - Created 258 INI files for EA Smoothing-Average (expected: 258)
2025-04-25 13:24:27,300 - INFO - Created 258 INI files for EA sound (expected: 258)
2025-04-25 13:24:27,480 - INFO - Created 258 INI files for EA Sound-Fx (expected: 258)
2025-04-25 13:24:27,678 - INFO - Created 258 INI files for EA Spasm (expected: 258)
2025-04-25 13:24:27,827 - INFO - Created 258 INI files for EA Sprd-mt5-20EA (expected: 258)
2025-04-25 13:24:27,988 - INFO - Created 258 INI files for EA SPYDER-EA-V-6.1-MT5-YoforexPremium (expected: 258)
2025-04-25 13:24:28,141 - INFO - Created 258 INI files for EA ssb5-123 (expected: 258)
2025-04-25 13:24:28,298 - INFO - Created 258 INI files for EA Stargogs-Ghost-Spike-Robot-EAMT5-YoForexPremium (expected: 258)
2025-04-25 13:24:28,462 - INFO - Created 258 INI files for EA Stargogs-Pay-EA-MT5-YoforexPremium (expected: 258)
2025-04-25 13:24:28,609 - INFO - Created 258 INI files for EA Starter (expected: 258)
2025-04-25 13:24:28,757 - INFO - Created 258 INI files for EA temp-Sprd-20EA (expected: 258)
2025-04-25 13:24:28,929 - INFO - Created 258 INI files for EA temp-SPYDER-EA-V-6.1-YoforexPremium (expected: 258)
2025-04-25 13:24:29,092 - INFO - Created 258 INI files for EA temp-Stargogs-Ghost-Spike-Robot-EA-YoForexPremium (expected: 258)
2025-04-25 13:24:29,252 - INFO - Created 258 INI files for EA temp-Stargogs-Pay-EA-YoforexPremium (expected: 258)
2025-04-25 13:24:29,434 - INFO - Created 258 INI files for EA temp_Sprd-20EA (expected: 258)
2025-04-25 13:24:29,634 - INFO - Created 258 INI files for EA temp_SPYDER-EA-V-6.1-YoforexPremium (expected: 258)
2025-04-25 13:24:29,821 - INFO - Created 258 INI files for EA temp_Stargogs-Ghost-Spike-Robot-EA-YoForexPremium (expected: 258)
2025-04-25 13:24:29,995 - INFO - Created 258 INI files for EA temp_Stargogs-Pay-EA-YoforexPremium (expected: 258)
2025-04-25 13:24:30,272 - INFO - Created 258 INI files for EA Steve-Cartwright-Trader-Camel-CCI-MACD (expected: 258)
2025-04-25 13:24:30,440 - INFO - Created 258 INI files for EA Stoch (expected: 258)
2025-04-25 13:24:30,590 - INFO - Created 258 INI files for EA Stoch-EA-1192 (expected: 258)
2025-04-25 13:24:30,743 - INFO - Created 258 INI files for EA Stochastic-20Alert (expected: 258)
2025-04-25 13:24:30,902 - INFO - Created 258 INI files for EA Stochastic-K-Divergence.lua (expected: 258)
2025-04-25 13:24:31,056 - INFO - Created 258 INI files for EA stochastic-three-periods (expected: 258)
2025-04-25 13:24:31,250 - INFO - Created 258 INI files for EA stochasticdiffsign (expected: 258)
2025-04-25 13:24:31,479 - INFO - Created 258 INI files for EA StochasticDiffSign-EA (expected: 258)
2025-04-25 13:24:31,681 - INFO - Created 258 INI files for EA StochMA (expected: 258)
2025-04-25 13:24:31,832 - INFO - Created 258 INI files for EA StochMA-EA (expected: 258)
2025-04-25 13:24:31,988 - INFO - Created 258 INI files for EA Stop-Loss-Take-Profit (expected: 258)
2025-04-25 13:24:32,143 - INFO - Created 258 INI files for EA StraddleqTrail (expected: 258)
2025-04-25 13:24:32,313 - INFO - Created 258 INI files for EA Strategie-Boom-Crash-System-MT5-YoForexPremium (expected: 258)
2025-04-25 13:24:32,466 - INFO - Created 258 INI files for EA SUPER-TURBO-EAMT5-YoForexPremium (expected: 258)
2025-04-25 13:24:32,615 - INFO - Created 258 INI files for EA Surefirething (expected: 258)
2025-04-25 13:24:32,765 - INFO - Created 258 INI files for EA TAILOR-EA-MT5-YoForexPremium (expected: 258)
2025-04-25 13:24:32,938 - INFO - Created 258 INI files for EA TAKASHI-SNIPEREA-MT5-yYoForexPremium (expected: 258)
2025-04-25 13:24:33,105 - INFO - Created 258 INI files for EA TDSGlobal (expected: 258)
2025-04-25 13:24:33,292 - INFO - Created 258 INI files for EA temp-Strategie-Boom-Crash-System-YoForexPremium (expected: 258)
2025-04-25 13:24:33,452 - INFO - Created 258 INI files for EA temp-SUPER-TURBO-EA-YoForexPremium (expected: 258)
2025-04-25 13:24:33,622 - INFO - Created 258 INI files for EA temp-TAILOR-EA-YoForexPremium (expected: 258)
2025-04-25 13:24:33,810 - INFO - Created 258 INI files for EA temp-TAKASHI-SNIPEREA-yYoForexPremium (expected: 258)
2025-04-25 13:24:34,017 - INFO - Created 258 INI files for EA temp_Strategie-Boom-Crash-System-YoForexPremium (expected: 258)
2025-04-25 13:24:34,204 - INFO - Created 258 INI files for EA temp_SUPER-TURBO-EA-YoForexPremium (expected: 258)
2025-04-25 13:24:34,388 - INFO - Created 258 INI files for EA temp_TAILOR-EA-YoForexPremium (expected: 258)
2025-04-25 13:24:34,555 - INFO - Created 258 INI files for EA temp_TAKASHI-SNIPEREA-yYoForexPremium (expected: 258)
2025-04-25 13:24:34,734 - INFO - Created 258 INI files for EA The-MasterMind (expected: 258)
2025-04-25 13:24:34,895 - INFO - Created 258 INI files for EA The-MasterMind-2 (expected: 258)
2025-04-25 13:24:35,073 - INFO - Created 258 INI files for EA temp-Thomas-EA-YoForexPremium (expected: 258)
2025-04-25 13:24:35,284 - INFO - Created 258 INI files for EA temp-Thomas-EA-YoForexPremium-1 (expected: 258)
2025-04-25 13:24:35,447 - INFO - Created 258 INI files for EA temp-Time-bomb-1 (expected: 258)
2025-04-25 13:24:35,605 - INFO - Created 258 INI files for EA temp-Time-bomb-1-1 (expected: 258)
2025-04-25 13:24:35,807 - INFO - Created 258 INI files for EA temp_Thomas-EA-YoForexPremium (expected: 258)
2025-04-25 13:24:35,965 - INFO - Created 258 INI files for EA temp_Time-bomb-1 (expected: 258)
2025-04-25 13:24:36,120 - INFO - Created 258 INI files for EA The-MasterMind-3 (expected: 258)
2025-04-25 13:24:36,277 - INFO - Created 258 INI files for EA The-Puncher (expected: 258)
2025-04-25 13:24:36,465 - INFO - Created 258 INI files for EA TheClassicTurtleTrader-no-dots (expected: 258)
2025-04-25 13:24:36,648 - INFO - Created 258 INI files for EA TheClassicTurtleTrader-no-dots-EA (expected: 258)
2025-04-25 13:24:36,825 - INFO - Created 258 INI files for EA Thomas-EA-MT5-YoForexPremium (expected: 258)
2025-04-25 13:24:37,071 - INFO - Created 258 INI files for EA Three-indicators (expected: 258)
2025-04-25 13:24:37,288 - INFO - Created 258 INI files for EA Three-neural-networks (expected: 258)
2025-04-25 13:24:37,442 - INFO - Created 258 INI files for EA Three-timeframes (expected: 258)
2025-04-25 13:24:37,620 - INFO - Created 258 INI files for EA Three-Typical-Candles (expected: 258)
2025-04-25 13:24:37,799 - INFO - Created 258 INI files for EA Time-bomb-mt5-1 (expected: 258)
2025-04-25 13:24:37,951 - INFO - Created 258 INI files for EA temp-Titan-X-21.18-EA (expected: 258)
2025-04-25 13:24:38,111 - INFO - Created 258 INI files for EA temp-Titan-X-21.18-EA-1 (expected: 258)
2025-04-25 13:24:38,282 - INFO - Created 258 INI files for EA temp_Titan-X-21.18-EA (expected: 258)
2025-04-25 13:24:38,462 - INFO - Created 258 INI files for EA Time-sync-forts (expected: 258)
2025-04-25 13:24:38,616 - INFO - Created 258 INI files for EA timer-trade (expected: 258)
2025-04-25 13:24:38,775 - INFO - Created 258 INI files for EA Titan-X-21.18-EA-MT5 (expected: 258)
2025-04-25 13:24:38,930 - INFO - Created 258 INI files for EA TMA-ATR-Channel (expected: 258)
2025-04-25 13:24:39,136 - INFO - Created 258 INI files for EA TMA-ATR-EA (expected: 258)
2025-04-25 13:24:39,287 - INFO - Created 258 INI files for EA TMA-CG-EA (expected: 258)
2025-04-25 13:24:39,444 - INFO - Created 258 INI files for EA TMA-CG-Martingale-20EA (expected: 258)
2025-04-25 13:24:39,596 - INFO - Created 258 INI files for EA TMA-CG-mladen (expected: 258)
2025-04-25 13:24:39,779 - INFO - Created 258 INI files for EA TmaTrue-2.0-with-Distances-6xx (expected: 258)
2025-04-25 13:24:39,945 - INFO - Created 258 INI files for EA TmaTrue-3.0-with-Distances-6xx (expected: 258)
2025-04-25 13:24:40,108 - INFO - Created 258 INI files for EA temp-Trade-Republic-1.75 (expected: 258)
2025-04-25 13:24:40,269 - INFO - Created 258 INI files for EA temp-Trade-Republic-1.75-1 (expected: 258)
2025-04-25 13:24:40,417 - INFO - Created 258 INI files for EA temp_Trade-Republic-1.75 (expected: 258)
2025-04-25 13:24:40,578 - INFO - Created 258 INI files for EA TMA-CG-special (expected: 258)
2025-04-25 13:24:40,756 - INFO - Created 258 INI files for EA TMA-slope-bands (expected: 258)
2025-04-25 13:24:40,972 - INFO - Created 258 INI files for EA TP-with-money (expected: 258)
2025-04-25 13:24:41,157 - INFO - Created 258 INI files for EA Trade-in-Channel (expected: 258)
2025-04-25 13:24:41,340 - INFO - Created 258 INI files for EA Trade-on-qualified-RSI (expected: 258)
2025-04-25 13:24:41,517 - INFO - Created 258 INI files for EA Trade-Republic-1.75-MT5 (expected: 258)
2025-04-25 13:24:41,706 - INFO - Created 258 INI files for EA Trading-Breakout-MrThanhTan (expected: 258)
2025-04-25 13:24:41,862 - INFO - Created 258 INI files for EA Trend-Trader-Strategy (expected: 258)
2025-04-25 13:24:42,030 - INFO - Created 258 INI files for EA Trend-Trader-Strategy-EA (expected: 258)
2025-04-25 13:24:42,185 - INFO - Created 258 INI files for EA True-Scalper-Profit-Lock (expected: 258)
2025-04-25 13:24:42,345 - INFO - Created 258 INI files for EA temp-Tunnel-Vision-2024-EA-YoForexPremium (expected: 258)
2025-04-25 13:24:42,545 - INFO - Created 258 INI files for EA temp-Tunnel-Vision-2024-EA-YoForexPremium-1 (expected: 258)
2025-04-25 13:24:42,732 - INFO - Created 258 INI files for EA temp_Tunnel-Vision-2024-EA-YoForexPremium (expected: 258)
2025-04-25 13:24:42,893 - INFO - Created 258 INI files for EA Tru-EA (expected: 258)
2025-04-25 13:24:43,087 - INFO - Created 258 INI files for EA TrueSort-1100 (expected: 258)
2025-04-25 13:24:43,374 - INFO - Created 258 INI files for EA Tunnel-gen4 (expected: 258)
2025-04-25 13:24:43,566 - INFO - Created 258 INI files for EA Tunnel-Method (expected: 258)
2025-04-25 13:24:43,750 - INFO - Created 258 INI files for EA Tunnel-Vision-2024-EA-MT5-YoForexPremium (expected: 258)
2025-04-25 13:24:43,942 - INFO - Created 258 INI files for EA TurnGrid (expected: 258)
2025-04-25 13:24:44,123 - INFO - Created 258 INI files for EA Two-20MA-20RSI-20ADX-20EA (expected: 258)
2025-04-25 13:24:44,292 - INFO - Created 258 INI files for EA Two-20Orders-20Panel (expected: 258)
2025-04-25 13:24:44,467 - INFO - Created 258 INI files for EA Two-pending-orders-2 (expected: 258)
2025-04-25 13:24:44,743 - INFO - Created 258 INI files for EA Two-PerBar (expected: 258)
2025-04-25 13:24:44,934 - INFO - Created 258 INI files for EA temp-Upgraded-EA-CRASH-1000-YoforexPremium (expected: 258)
2025-04-25 13:24:45,118 - INFO - Created 258 INI files for EA temp-Upgraded-EA-CRASH-1000-YoforexPremium-1 (expected: 258)
2025-04-25 13:24:45,330 - INFO - Created 258 INI files for EA temp_Upgraded-EA-CRASH-1000-YoforexPremium (expected: 258)
2025-04-25 13:24:45,514 - INFO - Created 258 INI files for EA UnityPro (expected: 258)
2025-04-25 13:24:45,693 - INFO - Created 258 INI files for EA UniversalMACrossEA (expected: 258)
2025-04-25 13:24:45,881 - INFO - Created 258 INI files for EA UniversalSignalDemo (expected: 258)
2025-04-25 13:24:46,091 - INFO - Created 258 INI files for EA Universum-3.0 (expected: 258)
2025-04-25 13:24:46,308 - INFO - Created 258 INI files for EA UnNomGuai-20EA (expected: 258)
2025-04-25 13:24:46,525 - INFO - Created 258 INI files for EA up3x1 (expected: 258)
2025-04-25 13:24:46,780 - INFO - Created 258 INI files for EA up3x1-Investor (expected: 258)
2025-04-25 13:24:46,979 - INFO - Created 258 INI files for EA up3x1-premium-M (expected: 258)
2025-04-25 13:24:47,154 - INFO - Created 258 INI files for EA Upgraded-EA-CRASH-1000MT5-YoforexPremium (expected: 258)
2025-04-25 13:24:47,316 - INFO - Created 258 INI files for EA Urdala-Trol (expected: 258)
2025-04-25 13:24:47,520 - INFO - Created 258 INI files for EA Very-Blonde-System (expected: 258)
2025-04-25 13:24:47,690 - INFO - Created 258 INI files for EA Virtual-Trailing-Stop (expected: 258)
2025-04-25 13:24:47,843 - INFO - Created 258 INI files for EA VLT-TRADER (expected: 258)
2025-04-25 13:24:48,060 - INFO - Created 258 INI files for EA Volume-trader (expected: 258)
2025-04-25 13:24:48,238 - INFO - Created 258 INI files for EA Vortex-Indicator-System (expected: 258)
2025-04-25 13:24:48,441 - INFO - Created 258 INI files for EA VR-Overturn (expected: 258)
2025-04-25 13:24:48,670 - INFO - Created 258 INI files for EA VR-ZVER (expected: 258)
2025-04-25 13:24:48,832 - INFO - Created 258 INI files for EA VR-ZVER-v.2 (expected: 258)
2025-04-25 13:24:49,011 - INFO - Created 258 INI files for EA VZO (expected: 258)
2025-04-25 13:24:49,177 - INFO - Created 258 INI files for EA Waddah-Attar-Win (expected: 258)
2025-04-25 13:24:49,357 - INFO - Created 258 INI files for EA NSK-Swing (expected: 258)
2025-04-25 13:24:49,512 - INFO - Created 258 INI files for EA Simple-Trade (expected: 258)
2025-04-25 13:24:49,671 - INFO - Created 258 INI files for EA temp-XKPRMST-EA-YoForexPremium (expected: 258)
2025-04-25 13:24:49,827 - INFO - Created 258 INI files for EA temp-XKPRMST-EA-YoForexPremium-1 (expected: 258)
2025-04-25 13:24:49,986 - INFO - Created 258 INI files for EA temp-XT-EURUSD-EA-YoForexPremium (expected: 258)
2025-04-25 13:24:50,159 - INFO - Created 258 INI files for EA temp-XT-EURUSD-EA-YoForexPremium-1 (expected: 258)
2025-04-25 13:24:50,311 - INFO - Created 258 INI files for EA temp-Yumnaa-Classic-EA-Setfiles-YoForexPremium (expected: 258)
2025-04-25 13:24:50,549 - INFO - Created 258 INI files for EA temp-Yumnaa-Classic-EA-Setfiles-YoForexPremium-1 (expected: 258)
2025-04-25 13:24:50,761 - INFO - Created 258 INI files for EA temp_XKPRMST-EA-YoForexPremium (expected: 258)
2025-04-25 13:24:50,928 - INFO - Created 258 INI files for EA temp_XT-EURUSD-EA-YoForexPremium (expected: 258)
2025-04-25 13:24:51,080 - INFO - Created 258 INI files for EA temp_Yumnaa-Classic-EA-Setfiles-YoForexPremium (expected: 258)
2025-04-25 13:24:51,232 - INFO - Created 258 INI files for EA Two-Perbar (expected: 258)
2025-04-25 13:24:51,379 - INFO - Created 258 INI files for EA wagonKing1-EA (expected: 258)
2025-04-25 13:24:51,527 - INFO - Created 258 INI files for EA WE-TRUST (expected: 258)
2025-04-25 13:24:51,720 - INFO - Created 258 INI files for EA X-RSIOMA (expected: 258)
2025-04-25 13:24:51,913 - INFO - Created 258 INI files for EA XKPRMST-EA-MT5-YoForexPremium (expected: 258)
2025-04-25 13:24:52,124 - INFO - Created 258 INI files for EA XT-EURUSD-EA-MT5-YoForexPremium (expected: 258)
2025-04-25 13:24:52,273 - INFO - Created 258 INI files for EA Yesterday-Today (expected: 258)
2025-04-25 13:24:52,437 - INFO - Created 258 INI files for EA Yumnaa-Classic-EA-MT5-Setfiles-YoForexPremium (expected: 258)
2025-04-25 13:24:52,439 - INFO - Total EAs processed: 736
2025-04-25 13:24:52,439 - INFO - Total INI files created: 189888
2025-04-25 13:24:52,439 - INFO - Expected INIs per EA: 258
