2025-04-25 13:10:37,973 - INFO - Deleted INI directory: ini\Batch_0001\EA_10Pips\ini
2025-04-25 13:10:37,974 - INFO - Deleted INI directory: ini\Batch_0001\EA_10Pips_EURUSD\ini
2025-04-25 13:10:37,975 - INFO - Deleted INI directory: ini\Batch_0001\EA_1H_EUR_USD\ini
2025-04-25 13:10:37,976 - INFO - Deleted INI directory: ini\Batch_0001\EA_21Hour\ini
2025-04-25 13:10:37,976 - INFO - Deleted INI directory: ini\Batch_0001\EA_2HR_HL\ini
2025-04-25 13:10:37,977 - INFO - Deleted INI directory: ini\Batch_0001\EA_2MA_4Level\ini
2025-04-25 13:10:37,978 - INFO - Deleted INI directory: ini\Batch_0001\EA_2MA_Bunny_Cross\ini
2025-04-25 13:10:37,989 - INFO - Deleted INI directory: ini\Batch_0001\EA_35Pip_Scalper\ini
2025-04-25 13:10:37,990 - INFO - Deleted INI directory: ini\Batch_0001\EA_3Bars_HighLow\ini
2025-04-25 13:10:37,991 - INFO - Deleted INI directory: ini\Batch_0001\EA_GBPUSD_M1_2001\ini
2025-04-25 13:10:37,991 - INFO - Deleted INI directory: ini\Batch_0002\EA_10Pips\ini
2025-04-25 13:10:37,992 - INFO - Deleted INI directory: ini\Batch_0002\EA_10Pips_EURUSD\ini
2025-04-25 13:10:37,993 - INFO - Deleted INI directory: ini\Batch_0002\EA_1H_EUR_USD\ini
2025-04-25 13:10:37,993 - INFO - Deleted INI directory: ini\Batch_0002\EA_21Hour\ini
2025-04-25 13:10:37,994 - INFO - Deleted INI directory: ini\Batch_0002\EA_2HR_HL\ini
2025-04-25 13:10:37,994 - INFO - Deleted INI directory: ini\Batch_0002\EA_2MA_4Level\ini
2025-04-25 13:10:37,995 - INFO - Deleted INI directory: ini\Batch_0002\EA_2MA_Bunny_Cross\ini
2025-04-25 13:10:37,996 - INFO - Deleted INI directory: ini\Batch_0002\EA_35Pip_Scalper\ini
2025-04-25 13:10:37,996 - INFO - Deleted INI directory: ini\Batch_0002\EA_3Bars_HighLow\ini
2025-04-25 13:10:37,997 - INFO - Deleted INI directory: ini\Batch_0002\EA_GBPUSD_M1_2001\ini
2025-04-25 13:10:37,997 - INFO - Deleted INI directory: ini\Batch_0003\EA_10Pips\ini
2025-04-25 13:10:37,998 - INFO - Deleted INI directory: ini\Batch_0003\EA_10Pips_EURUSD\ini
2025-04-25 13:10:37,999 - INFO - Deleted INI directory: ini\Batch_0003\EA_1H_EUR_USD\ini
2025-04-25 13:10:37,999 - INFO - Deleted INI directory: ini\Batch_0003\EA_21Hour\ini
2025-04-25 13:10:38,000 - INFO - Deleted INI directory: ini\Batch_0003\EA_2HR_HL\ini
2025-04-25 13:10:38,000 - INFO - Deleted INI directory: ini\Batch_0003\EA_2MA_4Level\ini
2025-04-25 13:10:38,001 - INFO - Deleted INI directory: ini\Batch_0003\EA_2MA_Bunny_Cross\ini
2025-04-25 13:10:38,002 - INFO - Deleted INI directory: ini\Batch_0003\EA_35Pip_Scalper\ini
2025-04-25 13:10:38,002 - INFO - Deleted INI directory: ini\Batch_0003\EA_3Bars_HighLow\ini
2025-04-25 13:10:38,003 - INFO - Deleted INI directory: ini\Batch_0003\EA_GBPUSD_M1_2001\ini
2025-04-25 13:10:38,003 - INFO - Deleted INI directory: ini\Batch_0004\EA_10Pips\ini
2025-04-25 13:10:38,004 - INFO - Deleted INI directory: ini\Batch_0004\EA_10Pips_EURUSD\ini
2025-04-25 13:10:38,004 - INFO - Deleted INI directory: ini\Batch_0004\EA_1H_EUR_USD\ini
2025-04-25 13:10:38,005 - INFO - Deleted INI directory: ini\Batch_0004\EA_21Hour\ini
2025-04-25 13:10:38,006 - INFO - Deleted INI directory: ini\Batch_0004\EA_2HR_HL\ini
2025-04-25 13:10:38,006 - INFO - Deleted INI directory: ini\Batch_0004\EA_2MA_4Level\ini
2025-04-25 13:10:38,007 - INFO - Deleted INI directory: ini\Batch_0004\EA_2MA_Bunny_Cross\ini
2025-04-25 13:10:38,008 - INFO - Deleted INI directory: ini\Batch_0004\EA_35Pip_Scalper\ini
2025-04-25 13:10:38,008 - INFO - Deleted INI directory: ini\Batch_0004\EA_3Bars_HighLow\ini
2025-04-25 13:10:38,009 - INFO - Deleted INI directory: ini\Batch_0004\EA_GBPUSD_M1_2001\ini
2025-04-25 13:10:38,009 - INFO - Deleted INI directory: ini\Batch_0005\EA_10Pips\ini
2025-04-25 13:10:38,010 - INFO - Deleted INI directory: ini\Batch_0005\EA_10Pips_EURUSD\ini
2025-04-25 13:10:38,011 - INFO - Deleted INI directory: ini\Batch_0005\EA_1H_EUR_USD\ini
2025-04-25 13:10:38,011 - INFO - Deleted INI directory: ini\Batch_0005\EA_21Hour\ini
2025-04-25 13:10:38,012 - INFO - Deleted INI directory: ini\Batch_0005\EA_2HR_HL\ini
2025-04-25 13:10:38,012 - INFO - Deleted INI directory: ini\Batch_0005\EA_2MA_4Level\ini
2025-04-25 13:10:38,013 - INFO - Deleted INI directory: ini\Batch_0005\EA_2MA_Bunny_Cross\ini
2025-04-25 13:10:38,014 - INFO - Deleted INI directory: ini\Batch_0005\EA_35Pip_Scalper\ini
2025-04-25 13:10:38,014 - INFO - Deleted INI directory: ini\Batch_0005\EA_3Bars_HighLow\ini
2025-04-25 13:10:38,015 - INFO - Deleted INI directory: ini\Batch_0005\EA_GBPUSD_M1_2001\ini
2025-04-25 13:10:38,016 - INFO - Deleted INI directory: ini\Batch_0006\EA_10Pips\ini
2025-04-25 13:10:38,016 - INFO - Deleted INI directory: ini\Batch_0006\EA_10Pips_EURUSD\ini
2025-04-25 13:10:38,017 - INFO - Deleted INI directory: ini\Batch_0006\EA_1H_EUR_USD\ini
2025-04-25 13:10:38,017 - INFO - Deleted INI directory: ini\Batch_0006\EA_21Hour\ini
2025-04-25 13:10:38,018 - INFO - Deleted INI directory: ini\Batch_0006\EA_2HR_HL\ini
2025-04-25 13:10:38,019 - INFO - Deleted INI directory: ini\Batch_0006\EA_2MA_4Level\ini
2025-04-25 13:10:38,019 - INFO - Deleted INI directory: ini\Batch_0006\EA_2MA_Bunny_Cross\ini
2025-04-25 13:10:38,020 - INFO - Deleted INI directory: ini\Batch_0006\EA_35Pip_Scalper\ini
2025-04-25 13:10:38,020 - INFO - Deleted INI directory: ini\Batch_0006\EA_3Bars_HighLow\ini
2025-04-25 13:10:38,021 - INFO - Deleted INI directory: ini\Batch_0006\EA_GBPUSD_M1_2001\ini
2025-04-25 13:10:38,022 - INFO - Deleted INI directory: ini\Batch_0007\EA_10Pips\ini
2025-04-25 13:10:38,022 - INFO - Deleted INI directory: ini\Batch_0007\EA_10Pips_EURUSD\ini
2025-04-25 13:10:38,023 - INFO - Deleted INI directory: ini\Batch_0007\EA_1H_EUR_USD\ini
2025-04-25 13:10:38,023 - INFO - Deleted INI directory: ini\Batch_0007\EA_21Hour\ini
2025-04-25 13:10:38,024 - INFO - Deleted INI directory: ini\Batch_0007\EA_2HR_HL\ini
2025-04-25 13:10:38,025 - INFO - Deleted INI directory: ini\Batch_0007\EA_2MA_4Level\ini
2025-04-25 13:10:38,026 - INFO - Deleted INI directory: ini\Batch_0007\EA_2MA_Bunny_Cross\ini
2025-04-25 13:10:38,026 - INFO - Deleted INI directory: ini\Batch_0007\EA_35Pip_Scalper\ini
2025-04-25 13:10:38,027 - INFO - Deleted INI directory: ini\Batch_0007\EA_3Bars_HighLow\ini
2025-04-25 13:10:38,028 - INFO - Deleted INI directory: ini\Batch_0007\EA_GBPUSD_M1_2001\ini
2025-04-25 13:10:38,028 - INFO - Deleted INI directory: ini\Batch_0008\EA_10Pips\ini
2025-04-25 13:10:38,029 - INFO - Deleted INI directory: ini\Batch_0008\EA_10Pips_EURUSD\ini
2025-04-25 13:10:38,030 - INFO - Deleted INI directory: ini\Batch_0008\EA_1H_EUR_USD\ini
2025-04-25 13:10:38,030 - INFO - Deleted INI directory: ini\Batch_0008\EA_21Hour\ini
2025-04-25 13:10:38,031 - INFO - Deleted INI directory: ini\Batch_0008\EA_2HR_HL\ini
2025-04-25 13:10:38,032 - INFO - Deleted INI directory: ini\Batch_0008\EA_2MA_4Level\ini
2025-04-25 13:10:38,032 - INFO - Deleted INI directory: ini\Batch_0008\EA_2MA_Bunny_Cross\ini
2025-04-25 13:10:38,033 - INFO - Deleted INI directory: ini\Batch_0008\EA_35Pip_Scalper\ini
2025-04-25 13:10:38,033 - INFO - Deleted INI directory: ini\Batch_0008\EA_3Bars_HighLow\ini
2025-04-25 13:10:38,034 - INFO - Deleted INI directory: ini\Batch_0008\EA_GBPUSD_M1_2001\ini
2025-04-25 13:10:38,035 - INFO - Deleted INI directory: ini\Batch_0009\EA_10Pips\ini
2025-04-25 13:10:38,035 - INFO - Deleted INI directory: ini\Batch_0009\EA_10Pips_EURUSD\ini
2025-04-25 13:10:38,036 - INFO - Deleted INI directory: ini\Batch_0009\EA_1H_EUR_USD\ini
2025-04-25 13:10:38,036 - INFO - Deleted INI directory: ini\Batch_0009\EA_21Hour\ini
2025-04-25 13:10:38,037 - INFO - Deleted INI directory: ini\Batch_0009\EA_2HR_HL\ini
2025-04-25 13:10:38,037 - INFO - Deleted INI directory: ini\Batch_0009\EA_2MA_4Level\ini
2025-04-25 13:10:38,038 - INFO - Deleted INI directory: ini\Batch_0009\EA_2MA_Bunny_Cross\ini
2025-04-25 13:10:38,039 - INFO - Deleted INI directory: ini\Batch_0009\EA_35Pip_Scalper\ini
2025-04-25 13:10:38,039 - INFO - Deleted INI directory: ini\Batch_0009\EA_3Bars_HighLow\ini
2025-04-25 13:10:38,040 - INFO - Deleted INI directory: ini\Batch_0009\EA_GBPUSD_M1_2001\ini
2025-04-25 13:10:38,040 - INFO - Deleted INI directory: ini\Batch_0010\EA_10Pips\ini
2025-04-25 13:10:38,041 - INFO - Deleted INI directory: ini\Batch_0010\EA_10Pips_EURUSD\ini
2025-04-25 13:10:38,042 - INFO - Deleted INI directory: ini\Batch_0010\EA_1H_EUR_USD\ini
2025-04-25 13:10:38,042 - INFO - Deleted INI directory: ini\Batch_0010\EA_21Hour\ini
2025-04-25 13:10:38,043 - INFO - Deleted INI directory: ini\Batch_0010\EA_2HR_HL\ini
2025-04-25 13:10:38,044 - INFO - Deleted INI directory: ini\Batch_0010\EA_2MA_4Level\ini
2025-04-25 13:10:38,045 - INFO - Deleted INI directory: ini\Batch_0010\EA_2MA_Bunny_Cross\ini
2025-04-25 13:10:38,046 - INFO - Deleted INI directory: ini\Batch_0010\EA_35Pip_Scalper\ini
2025-04-25 13:10:38,046 - INFO - Deleted INI directory: ini\Batch_0010\EA_3Bars_HighLow\ini
2025-04-25 13:10:38,047 - INFO - Deleted INI directory: ini\Batch_0010\EA_GBPUSD_M1_2001\ini
2025-04-25 13:10:38,048 - INFO - Deleted INI directory: ini\Batch_0011\EA_10Pips\ini
2025-04-25 13:10:38,048 - INFO - Deleted INI directory: ini\Batch_0011\EA_10Pips_EURUSD\ini
2025-04-25 13:10:38,049 - INFO - Deleted INI directory: ini\Batch_0011\EA_1H_EUR_USD\ini
2025-04-25 13:10:38,049 - INFO - Deleted INI directory: ini\Batch_0011\EA_21Hour\ini
2025-04-25 13:10:38,050 - INFO - Deleted INI directory: ini\Batch_0011\EA_2HR_HL\ini
2025-04-25 13:10:38,051 - INFO - Deleted INI directory: ini\Batch_0011\EA_2MA_4Level\ini
2025-04-25 13:10:38,051 - INFO - Deleted INI directory: ini\Batch_0011\EA_2MA_Bunny_Cross\ini
2025-04-25 13:10:38,052 - INFO - Deleted INI directory: ini\Batch_0011\EA_35Pip_Scalper\ini
2025-04-25 13:10:38,053 - INFO - Deleted INI directory: ini\Batch_0011\EA_3Bars_HighLow\ini
2025-04-25 13:10:38,054 - INFO - Deleted INI directory: ini\Batch_0011\EA_GBPUSD_M1_2001\ini
2025-04-25 13:10:38,054 - INFO - Deleted INI directory: ini\Batch_0012\EA_10Pips\ini
2025-04-25 13:10:38,055 - INFO - Deleted INI directory: ini\Batch_0012\EA_10Pips_EURUSD\ini
2025-04-25 13:10:38,056 - INFO - Deleted INI directory: ini\Batch_0012\EA_1H_EUR_USD\ini
2025-04-25 13:10:38,057 - INFO - Deleted INI directory: ini\Batch_0012\EA_21Hour\ini
2025-04-25 13:10:38,057 - INFO - Deleted INI directory: ini\Batch_0012\EA_2HR_HL\ini
2025-04-25 13:10:38,058 - INFO - Deleted INI directory: ini\Batch_0012\EA_2MA_4Level\ini
2025-04-25 13:10:38,059 - INFO - Deleted INI directory: ini\Batch_0012\EA_2MA_Bunny_Cross\ini
2025-04-25 13:10:38,059 - INFO - Deleted INI directory: ini\Batch_0012\EA_35Pip_Scalper\ini
2025-04-25 13:10:38,060 - INFO - Deleted INI directory: ini\Batch_0012\EA_3Bars_HighLow\ini
2025-04-25 13:10:38,060 - INFO - Deleted INI directory: ini\Batch_0012\EA_GBPUSD_M1_2001\ini
2025-04-25 13:10:38,061 - INFO - Deleted INI directory: ini\Batch_0013\EA_10Pips\ini
2025-04-25 13:10:38,062 - INFO - Deleted INI directory: ini\Batch_0013\EA_10Pips_EURUSD\ini
2025-04-25 13:10:38,062 - INFO - Deleted INI directory: ini\Batch_0013\EA_1H_EUR_USD\ini
2025-04-25 13:10:38,063 - INFO - Deleted INI directory: ini\Batch_0013\EA_21Hour\ini
2025-04-25 13:10:38,063 - INFO - Deleted INI directory: ini\Batch_0013\EA_2HR_HL\ini
2025-04-25 13:10:38,064 - INFO - Deleted INI directory: ini\Batch_0013\EA_2MA_4Level\ini
2025-04-25 13:10:38,065 - INFO - Deleted INI directory: ini\Batch_0013\EA_2MA_Bunny_Cross\ini
2025-04-25 13:10:38,065 - INFO - Deleted INI directory: ini\Batch_0013\EA_35Pip_Scalper\ini
2025-04-25 13:10:38,066 - INFO - Deleted INI directory: ini\Batch_0013\EA_3Bars_HighLow\ini
2025-04-25 13:10:38,066 - INFO - Deleted INI directory: ini\Batch_0013\EA_GBPUSD_M1_2001\ini
2025-04-25 13:10:38,067 - INFO - Deleted INI directory: ini\Batch_0014\EA_10Pips\ini
2025-04-25 13:10:38,068 - INFO - Deleted INI directory: ini\Batch_0014\EA_10Pips_EURUSD\ini
2025-04-25 13:10:38,068 - INFO - Deleted INI directory: ini\Batch_0014\EA_1H_EUR_USD\ini
2025-04-25 13:10:38,069 - INFO - Deleted INI directory: ini\Batch_0014\EA_21Hour\ini
2025-04-25 13:10:38,069 - INFO - Deleted INI directory: ini\Batch_0014\EA_2HR_HL\ini
2025-04-25 13:10:38,070 - INFO - Deleted INI directory: ini\Batch_0014\EA_2MA_4Level\ini
2025-04-25 13:10:38,071 - INFO - Deleted INI directory: ini\Batch_0014\EA_2MA_Bunny_Cross\ini
2025-04-25 13:10:38,071 - INFO - Deleted INI directory: ini\Batch_0014\EA_35Pip_Scalper\ini
2025-04-25 13:10:38,072 - INFO - Deleted INI directory: ini\Batch_0014\EA_3Bars_HighLow\ini
2025-04-25 13:10:38,072 - INFO - Deleted INI directory: ini\Batch_0014\EA_GBPUSD_M1_2001\ini
2025-04-25 13:10:38,073 - INFO - Deleted INI directory: ini\Batch_0015\EA_10Pips\ini
2025-04-25 13:10:38,074 - INFO - Deleted INI directory: ini\Batch_0015\EA_10Pips_EURUSD\ini
2025-04-25 13:10:38,074 - INFO - Deleted INI directory: ini\Batch_0015\EA_1H_EUR_USD\ini
2025-04-25 13:10:38,075 - INFO - Deleted INI directory: ini\Batch_0015\EA_21Hour\ini
2025-04-25 13:10:38,076 - INFO - Deleted INI directory: ini\Batch_0015\EA_2HR_HL\ini
2025-04-25 13:10:38,076 - INFO - Deleted INI directory: ini\Batch_0015\EA_2MA_4Level\ini
2025-04-25 13:10:38,077 - INFO - Deleted INI directory: ini\Batch_0015\EA_2MA_Bunny_Cross\ini
2025-04-25 13:10:38,077 - INFO - Deleted INI directory: ini\Batch_0015\EA_35Pip_Scalper\ini
2025-04-25 13:10:38,078 - INFO - Deleted INI directory: ini\Batch_0015\EA_3Bars_HighLow\ini
2025-04-25 13:10:38,079 - INFO - Deleted INI directory: ini\Batch_0015\EA_GBPUSD_M1_2001\ini
2025-04-25 13:10:38,079 - INFO - Deleted INI directory: ini\Batch_0016\EA_10Pips\ini
2025-04-25 13:10:38,080 - INFO - Deleted INI directory: ini\Batch_0016\EA_10Pips_EURUSD\ini
2025-04-25 13:10:38,080 - INFO - Deleted INI directory: ini\Batch_0016\EA_1H_EUR_USD\ini
2025-04-25 13:10:38,081 - INFO - Deleted INI directory: ini\Batch_0016\EA_21Hour\ini
2025-04-25 13:10:38,082 - INFO - Deleted INI directory: ini\Batch_0016\EA_2HR_HL\ini
2025-04-25 13:10:38,082 - INFO - Deleted INI directory: ini\Batch_0016\EA_2MA_4Level\ini
2025-04-25 13:10:38,083 - INFO - Deleted INI directory: ini\Batch_0016\EA_2MA_Bunny_Cross\ini
2025-04-25 13:10:38,083 - INFO - Deleted INI directory: ini\Batch_0016\EA_35Pip_Scalper\ini
2025-04-25 13:10:38,084 - INFO - Deleted INI directory: ini\Batch_0016\EA_3Bars_HighLow\ini
2025-04-25 13:10:38,084 - INFO - Deleted INI directory: ini\Batch_0016\EA_GBPUSD_M1_2001\ini
2025-04-25 13:10:38,085 - INFO - Deleted INI directory: ini\Batch_0017\EA_10Pips\ini
2025-04-25 13:10:38,086 - INFO - Deleted INI directory: ini\Batch_0017\EA_10Pips_EURUSD\ini
2025-04-25 13:10:38,086 - INFO - Deleted INI directory: ini\Batch_0017\EA_1H_EUR_USD\ini
2025-04-25 13:10:38,087 - INFO - Deleted INI directory: ini\Batch_0017\EA_21Hour\ini
2025-04-25 13:10:38,088 - INFO - Deleted INI directory: ini\Batch_0017\EA_2HR_HL\ini
2025-04-25 13:10:38,089 - INFO - Deleted INI directory: ini\Batch_0017\EA_2MA_4Level\ini
2025-04-25 13:10:38,089 - INFO - Deleted INI directory: ini\Batch_0017\EA_2MA_Bunny_Cross\ini
2025-04-25 13:10:38,090 - INFO - Deleted INI directory: ini\Batch_0017\EA_35Pip_Scalper\ini
2025-04-25 13:10:38,091 - INFO - Deleted INI directory: ini\Batch_0017\EA_3Bars_HighLow\ini
2025-04-25 13:10:38,091 - INFO - Deleted INI directory: ini\Batch_0017\EA_GBPUSD_M1_2001\ini
2025-04-25 13:10:38,092 - INFO - Deleted INI directory: ini\Batch_0018\EA_10Pips\ini
2025-04-25 13:10:38,093 - INFO - Deleted INI directory: ini\Batch_0018\EA_10Pips_EURUSD\ini
2025-04-25 13:10:38,094 - INFO - Deleted INI directory: ini\Batch_0018\EA_1H_EUR_USD\ini
2025-04-25 13:10:38,094 - INFO - Deleted INI directory: ini\Batch_0018\EA_21Hour\ini
2025-04-25 13:10:38,095 - INFO - Deleted INI directory: ini\Batch_0018\EA_2HR_HL\ini
2025-04-25 13:10:38,096 - INFO - Deleted INI directory: ini\Batch_0018\EA_2MA_4Level\ini
2025-04-25 13:10:38,096 - INFO - Deleted INI directory: ini\Batch_0018\EA_2MA_Bunny_Cross\ini
2025-04-25 13:10:38,097 - INFO - Deleted INI directory: ini\Batch_0018\EA_35Pip_Scalper\ini
2025-04-25 13:10:38,097 - INFO - Deleted INI directory: ini\Batch_0018\EA_3Bars_HighLow\ini
2025-04-25 13:10:38,098 - INFO - Deleted INI directory: ini\Batch_0018\EA_GBPUSD_M1_2001\ini
2025-04-25 13:10:38,098 - INFO - Deleted INI directory: ini\Batch_0019\EA_10Pips\ini
2025-04-25 13:10:38,099 - INFO - Deleted INI directory: ini\Batch_0019\EA_10Pips_EURUSD\ini
2025-04-25 13:10:38,099 - INFO - Deleted INI directory: ini\Batch_0019\EA_1H_EUR_USD\ini
2025-04-25 13:10:38,100 - INFO - Deleted INI directory: ini\Batch_0019\EA_21Hour\ini
2025-04-25 13:10:38,101 - INFO - Deleted INI directory: ini\Batch_0019\EA_2HR_HL\ini
2025-04-25 13:10:38,101 - INFO - Deleted INI directory: ini\Batch_0019\EA_2MA_4Level\ini
2025-04-25 13:10:38,102 - INFO - Deleted INI directory: ini\Batch_0019\EA_2MA_Bunny_Cross\ini
2025-04-25 13:10:38,102 - INFO - Deleted INI directory: ini\Batch_0019\EA_35Pip_Scalper\ini
2025-04-25 13:10:38,103 - INFO - Deleted INI directory: ini\Batch_0019\EA_3Bars_HighLow\ini
2025-04-25 13:10:38,104 - INFO - Deleted INI directory: ini\Batch_0019\EA_GBPUSD_M1_2001\ini
2025-04-25 13:10:38,104 - INFO - Deleted INI directory: ini\Batch_0020\EA_10Pips\ini
2025-04-25 13:10:38,105 - INFO - Deleted INI directory: ini\Batch_0020\EA_10Pips_EURUSD\ini
2025-04-25 13:10:38,106 - INFO - Deleted INI directory: ini\Batch_0020\EA_1H_EUR_USD\ini
2025-04-25 13:10:38,106 - INFO - Deleted INI directory: ini\Batch_0020\EA_21Hour\ini
2025-04-25 13:10:38,107 - INFO - Deleted INI directory: ini\Batch_0020\EA_2HR_HL\ini
2025-04-25 13:10:38,108 - INFO - Deleted INI directory: ini\Batch_0020\EA_2MA_4Level\ini
2025-04-25 13:10:38,108 - INFO - Deleted INI directory: ini\Batch_0020\EA_2MA_Bunny_Cross\ini
2025-04-25 13:10:38,109 - INFO - Deleted INI directory: ini\Batch_0020\EA_35Pip_Scalper\ini
2025-04-25 13:10:38,110 - INFO - Deleted INI directory: ini\Batch_0020\EA_3Bars_HighLow\ini
2025-04-25 13:10:38,110 - INFO - Deleted INI directory: ini\Batch_0020\EA_GBPUSD_M1_2001\ini
2025-04-25 13:10:38,111 - INFO - Deleted INI directory: ini\Batch_0021\EA_10Pips\ini
2025-04-25 13:10:38,112 - INFO - Deleted INI directory: ini\Batch_0021\EA_10Pips_EURUSD\ini
2025-04-25 13:10:38,112 - INFO - Deleted INI directory: ini\Batch_0021\EA_1H_EUR_USD\ini
2025-04-25 13:10:38,113 - INFO - Deleted INI directory: ini\Batch_0021\EA_21Hour\ini
2025-04-25 13:10:38,114 - INFO - Deleted INI directory: ini\Batch_0021\EA_2HR_HL\ini
2025-04-25 13:10:38,114 - INFO - Deleted INI directory: ini\Batch_0021\EA_2MA_4Level\ini
2025-04-25 13:10:38,115 - INFO - Deleted INI directory: ini\Batch_0021\EA_2MA_Bunny_Cross\ini
2025-04-25 13:10:38,116 - INFO - Deleted INI directory: ini\Batch_0021\EA_35Pip_Scalper\ini
2025-04-25 13:10:38,116 - INFO - Deleted INI directory: ini\Batch_0021\EA_3Bars_HighLow\ini
2025-04-25 13:10:38,117 - INFO - Deleted INI directory: ini\Batch_0021\EA_GBPUSD_M1_2001\ini
2025-04-25 13:10:38,117 - INFO - Deleted INI directory: ini\Batch_0022\EA_10Pips\ini
2025-04-25 13:10:38,118 - INFO - Deleted INI directory: ini\Batch_0022\EA_10Pips_EURUSD\ini
2025-04-25 13:10:38,119 - INFO - Deleted INI directory: ini\Batch_0022\EA_1H_EUR_USD\ini
2025-04-25 13:10:38,119 - INFO - Deleted INI directory: ini\Batch_0022\EA_21Hour\ini
2025-04-25 13:10:38,120 - INFO - Deleted INI directory: ini\Batch_0022\EA_2HR_HL\ini
2025-04-25 13:10:38,121 - INFO - Deleted INI directory: ini\Batch_0022\EA_2MA_4Level\ini
2025-04-25 13:10:38,121 - INFO - Deleted INI directory: ini\Batch_0022\EA_2MA_Bunny_Cross\ini
2025-04-25 13:10:38,122 - INFO - Deleted INI directory: ini\Batch_0022\EA_35Pip_Scalper\ini
2025-04-25 13:10:38,122 - INFO - Deleted INI directory: ini\Batch_0022\EA_3Bars_HighLow\ini
2025-04-25 13:10:38,123 - INFO - Deleted INI directory: ini\Batch_0022\EA_GBPUSD_M1_2001\ini
2025-04-25 13:10:38,124 - INFO - Deleted INI directory: ini\Batch_0023\EA_10Pips\ini
2025-04-25 13:10:38,124 - INFO - Deleted INI directory: ini\Batch_0023\EA_10Pips_EURUSD\ini
2025-04-25 13:10:38,125 - INFO - Deleted INI directory: ini\Batch_0023\EA_1H_EUR_USD\ini
2025-04-25 13:10:38,125 - INFO - Deleted INI directory: ini\Batch_0023\EA_21Hour\ini
2025-04-25 13:10:38,126 - INFO - Deleted INI directory: ini\Batch_0023\EA_2HR_HL\ini
2025-04-25 13:10:38,126 - INFO - Deleted INI directory: ini\Batch_0023\EA_2MA_4Level\ini
2025-04-25 13:10:38,127 - INFO - Deleted INI directory: ini\Batch_0023\EA_2MA_Bunny_Cross\ini
2025-04-25 13:10:38,128 - INFO - Deleted INI directory: ini\Batch_0023\EA_35Pip_Scalper\ini
2025-04-25 13:10:38,128 - INFO - Deleted INI directory: ini\Batch_0023\EA_3Bars_HighLow\ini
2025-04-25 13:10:38,129 - INFO - Deleted INI directory: ini\Batch_0023\EA_GBPUSD_M1_2001\ini
2025-04-25 13:10:38,130 - INFO - Deleted INI directory: ini\Batch_0024\EA_10Pips\ini
2025-04-25 13:10:38,130 - INFO - Deleted INI directory: ini\Batch_0024\EA_10Pips_EURUSD\ini
2025-04-25 13:10:38,131 - INFO - Deleted INI directory: ini\Batch_0024\EA_1H_EUR_USD\ini
2025-04-25 13:10:38,132 - INFO - Deleted INI directory: ini\Batch_0024\EA_21Hour\ini
2025-04-25 13:10:38,132 - INFO - Deleted INI directory: ini\Batch_0024\EA_2HR_HL\ini
2025-04-25 13:10:38,133 - INFO - Deleted INI directory: ini\Batch_0024\EA_2MA_4Level\ini
2025-04-25 13:10:38,133 - INFO - Deleted INI directory: ini\Batch_0024\EA_2MA_Bunny_Cross\ini
2025-04-25 13:10:38,134 - INFO - Deleted INI directory: ini\Batch_0024\EA_35Pip_Scalper\ini
2025-04-25 13:10:38,134 - INFO - Deleted INI directory: ini\Batch_0024\EA_3Bars_HighLow\ini
2025-04-25 13:10:38,135 - INFO - Deleted INI directory: ini\Batch_0024\EA_GBPUSD_M1_2001\ini
2025-04-25 13:10:38,136 - INFO - Deleted INI directory: ini\Batch_0025\EA_10Pips\ini
2025-04-25 13:10:38,136 - INFO - Deleted INI directory: ini\Batch_0025\EA_10Pips_EURUSD\ini
2025-04-25 13:10:38,137 - INFO - Deleted INI directory: ini\Batch_0025\EA_1H_EUR_USD\ini
2025-04-25 13:10:38,137 - INFO - Deleted INI directory: ini\Batch_0025\EA_21Hour\ini
2025-04-25 13:10:38,138 - INFO - Deleted INI directory: ini\Batch_0025\EA_2HR_HL\ini
2025-04-25 13:10:38,138 - INFO - Deleted INI directory: ini\Batch_0025\EA_2MA_4Level\ini
2025-04-25 13:10:38,139 - INFO - Deleted INI directory: ini\Batch_0025\EA_2MA_Bunny_Cross\ini
2025-04-25 13:10:38,139 - INFO - Deleted INI directory: ini\Batch_0025\EA_35Pip_Scalper\ini
2025-04-25 13:10:38,140 - INFO - Deleted INI directory: ini\Batch_0025\EA_3Bars_HighLow\ini
2025-04-25 13:10:38,141 - INFO - Deleted INI directory: ini\Batch_0025\EA_GBPUSD_M1_2001\ini
2025-04-25 13:10:38,141 - INFO - Deleted INI directory: ini\Batch_0026\EA_10Pips\ini
2025-04-25 13:10:38,142 - INFO - Deleted INI directory: ini\Batch_0026\EA_10Pips_EURUSD\ini
2025-04-25 13:10:38,142 - INFO - Deleted INI directory: ini\Batch_0026\EA_1H_EUR_USD\ini
2025-04-25 13:10:38,143 - INFO - Deleted INI directory: ini\Batch_0026\EA_21Hour\ini
2025-04-25 13:10:38,143 - INFO - Deleted INI directory: ini\Batch_0026\EA_2HR_HL\ini
2025-04-25 13:10:38,144 - INFO - Deleted INI directory: ini\Batch_0026\EA_2MA_4Level\ini
2025-04-25 13:10:38,145 - INFO - Deleted INI directory: ini\Batch_0026\EA_2MA_Bunny_Cross\ini
2025-04-25 13:10:38,145 - INFO - Deleted INI directory: ini\Batch_0026\EA_35Pip_Scalper\ini
2025-04-25 13:10:38,146 - INFO - Deleted INI directory: ini\Batch_0026\EA_3Bars_HighLow\ini
2025-04-25 13:10:38,146 - INFO - Deleted INI directory: ini\Batch_0026\EA_GBPUSD_M1_2001\ini
2025-04-25 13:10:38,147 - INFO - Deleted INI directory: ini\Batch_0027\EA_10Pips\ini
2025-04-25 13:10:38,147 - INFO - Deleted INI directory: ini\Batch_0027\EA_10Pips_EURUSD\ini
2025-04-25 13:10:38,148 - INFO - Deleted INI directory: ini\Batch_0027\EA_1H_EUR_USD\ini
2025-04-25 13:10:38,148 - INFO - Deleted INI directory: ini\Batch_0027\EA_21Hour\ini
2025-04-25 13:10:38,149 - INFO - Deleted INI directory: ini\Batch_0027\EA_2HR_HL\ini
2025-04-25 13:10:38,149 - INFO - Deleted INI directory: ini\Batch_0027\EA_2MA_4Level\ini
2025-04-25 13:10:38,150 - INFO - Deleted INI directory: ini\Batch_0027\EA_2MA_Bunny_Cross\ini
2025-04-25 13:10:38,151 - INFO - Deleted INI directory: ini\Batch_0027\EA_35Pip_Scalper\ini
2025-04-25 13:10:38,151 - INFO - Deleted INI directory: ini\Batch_0027\EA_3Bars_HighLow\ini
2025-04-25 13:10:38,152 - INFO - Deleted INI directory: ini\Batch_0027\EA_GBPUSD_M1_2001\ini
2025-04-25 13:10:38,152 - INFO - Deleted INI directory: ini\Batch_0028\EA_10Pips\ini
2025-04-25 13:10:38,153 - INFO - Deleted INI directory: ini\Batch_0028\EA_10Pips_EURUSD\ini
2025-04-25 13:10:38,153 - INFO - Deleted INI directory: ini\Batch_0028\EA_1H_EUR_USD\ini
2025-04-25 13:10:38,154 - INFO - Deleted INI directory: ini\Batch_0028\EA_21Hour\ini
2025-04-25 13:10:38,155 - INFO - Deleted INI directory: ini\Batch_0028\EA_2HR_HL\ini
2025-04-25 13:10:38,155 - INFO - Deleted INI directory: ini\Batch_0028\EA_2MA_4Level\ini
2025-04-25 13:10:38,156 - INFO - Deleted INI directory: ini\Batch_0028\EA_2MA_Bunny_Cross\ini
2025-04-25 13:10:38,156 - INFO - Deleted INI directory: ini\Batch_0028\EA_35Pip_Scalper\ini
2025-04-25 13:10:38,157 - INFO - Deleted INI directory: ini\Batch_0028\EA_3Bars_HighLow\ini
2025-04-25 13:10:38,157 - INFO - Deleted INI directory: ini\Batch_0028\EA_GBPUSD_M1_2001\ini
2025-04-25 13:10:38,158 - INFO - Deleted INI directory: ini\Batch_0029\EA_10Pips\ini
2025-04-25 13:10:38,159 - INFO - Deleted INI directory: ini\Batch_0029\EA_10Pips_EURUSD\ini
2025-04-25 13:10:38,159 - INFO - Deleted INI directory: ini\Batch_0029\EA_1H_EUR_USD\ini
2025-04-25 13:10:38,160 - INFO - Deleted INI directory: ini\Batch_0029\EA_21Hour\ini
2025-04-25 13:10:38,160 - INFO - Deleted INI directory: ini\Batch_0029\EA_2HR_HL\ini
2025-04-25 13:10:38,161 - INFO - Deleted INI directory: ini\Batch_0029\EA_2MA_4Level\ini
2025-04-25 13:10:38,161 - INFO - Deleted INI directory: ini\Batch_0029\EA_2MA_Bunny_Cross\ini
2025-04-25 13:10:38,162 - INFO - Deleted INI directory: ini\Batch_0029\EA_35Pip_Scalper\ini
2025-04-25 13:10:38,163 - INFO - Deleted INI directory: ini\Batch_0029\EA_3Bars_HighLow\ini
2025-04-25 13:10:38,163 - INFO - Deleted INI directory: ini\Batch_0029\EA_GBPUSD_M1_2001\ini
2025-04-25 13:10:38,164 - INFO - Deleted INI directory: ini\Batch_0030\EA_10Pips\ini
2025-04-25 13:10:38,164 - INFO - Deleted INI directory: ini\Batch_0030\EA_10Pips_EURUSD\ini
2025-04-25 13:10:38,165 - INFO - Deleted INI directory: ini\Batch_0030\EA_1H_EUR_USD\ini
2025-04-25 13:10:38,165 - INFO - Deleted INI directory: ini\Batch_0030\EA_21Hour\ini
2025-04-25 13:10:38,166 - INFO - Deleted INI directory: ini\Batch_0030\EA_2HR_HL\ini
2025-04-25 13:10:38,167 - INFO - Deleted INI directory: ini\Batch_0030\EA_2MA_4Level\ini
2025-04-25 13:10:38,168 - INFO - Deleted INI directory: ini\Batch_0030\EA_2MA_Bunny_Cross\ini
2025-04-25 13:10:38,168 - INFO - Deleted INI directory: ini\Batch_0030\EA_35Pip_Scalper\ini
2025-04-25 13:10:38,169 - INFO - Deleted INI directory: ini\Batch_0030\EA_3Bars_HighLow\ini
2025-04-25 13:10:38,169 - INFO - Deleted INI directory: ini\Batch_0030\EA_GBPUSD_M1_2001\ini
2025-04-25 13:10:38,170 - INFO - Deleted INI directory: ini\Batch_0031\EA_10Pips\ini
2025-04-25 13:10:38,171 - INFO - Deleted INI directory: ini\Batch_0031\EA_10Pips_EURUSD\ini
2025-04-25 13:10:38,171 - INFO - Deleted INI directory: ini\Batch_0031\EA_1H_EUR_USD\ini
2025-04-25 13:10:38,172 - INFO - Deleted INI directory: ini\Batch_0031\EA_21Hour\ini
2025-04-25 13:10:38,173 - INFO - Deleted INI directory: ini\Batch_0031\EA_2HR_HL\ini
2025-04-25 13:10:38,173 - INFO - Deleted INI directory: ini\Batch_0031\EA_2MA_4Level\ini
2025-04-25 13:10:38,174 - INFO - Deleted INI directory: ini\Batch_0031\EA_2MA_Bunny_Cross\ini
2025-04-25 13:10:38,174 - INFO - Deleted INI directory: ini\Batch_0031\EA_35Pip_Scalper\ini
2025-04-25 13:10:38,175 - INFO - Deleted INI directory: ini\Batch_0031\EA_3Bars_HighLow\ini
2025-04-25 13:10:38,175 - INFO - Deleted INI directory: ini\Batch_0031\EA_GBPUSD_M1_2001\ini
2025-04-25 13:10:38,176 - INFO - Deleted INI directory: ini\Batch_0032\EA_10Pips\ini
2025-04-25 13:10:38,177 - INFO - Deleted INI directory: ini\Batch_0032\EA_10Pips_EURUSD\ini
2025-04-25 13:10:38,177 - INFO - Deleted INI directory: ini\Batch_0032\EA_1H_EUR_USD\ini
2025-04-25 13:10:38,178 - INFO - Deleted INI directory: ini\Batch_0032\EA_21Hour\ini
2025-04-25 13:10:38,179 - INFO - Deleted INI directory: ini\Batch_0032\EA_2HR_HL\ini
2025-04-25 13:10:38,179 - INFO - Deleted INI directory: ini\Batch_0032\EA_2MA_4Level\ini
2025-04-25 13:10:38,180 - INFO - Deleted INI directory: ini\Batch_0032\EA_2MA_Bunny_Cross\ini
2025-04-25 13:10:38,180 - INFO - Deleted INI directory: ini\Batch_0032\EA_35Pip_Scalper\ini
2025-04-25 13:10:38,181 - INFO - Deleted INI directory: ini\Batch_0032\EA_3Bars_HighLow\ini
2025-04-25 13:10:38,182 - INFO - Deleted INI directory: ini\Batch_0032\EA_GBPUSD_M1_2001\ini
2025-04-25 13:10:38,182 - INFO - Deleted INI directory: ini\Batch_0033\EA_10Pips\ini
2025-04-25 13:10:38,183 - INFO - Deleted INI directory: ini\Batch_0033\EA_10Pips_EURUSD\ini
2025-04-25 13:10:38,184 - INFO - Deleted INI directory: ini\Batch_0033\EA_1H_EUR_USD\ini
2025-04-25 13:10:38,184 - INFO - Deleted INI directory: ini\Batch_0033\EA_21Hour\ini
2025-04-25 13:10:38,185 - INFO - Deleted INI directory: ini\Batch_0033\EA_2HR_HL\ini
2025-04-25 13:10:38,185 - INFO - Deleted INI directory: ini\Batch_0033\EA_2MA_4Level\ini
2025-04-25 13:10:38,186 - INFO - Deleted INI directory: ini\Batch_0033\EA_2MA_Bunny_Cross\ini
2025-04-25 13:10:38,186 - INFO - Deleted INI directory: ini\Batch_0033\EA_35Pip_Scalper\ini
2025-04-25 13:10:38,187 - INFO - Deleted INI directory: ini\Batch_0033\EA_3Bars_HighLow\ini
2025-04-25 13:10:38,188 - INFO - Deleted INI directory: ini\Batch_0033\EA_GBPUSD_M1_2001\ini
2025-04-25 13:10:38,188 - INFO - Deleted INI directory: ini\Batch_0034\EA_10Pips\ini
2025-04-25 13:10:38,189 - INFO - Deleted INI directory: ini\Batch_0034\EA_10Pips_EURUSD\ini
2025-04-25 13:10:38,189 - INFO - Deleted INI directory: ini\Batch_0034\EA_1H_EUR_USD\ini
2025-04-25 13:10:38,190 - INFO - Deleted INI directory: ini\Batch_0034\EA_21Hour\ini
2025-04-25 13:10:38,190 - INFO - Deleted INI directory: ini\Batch_0034\EA_2HR_HL\ini
2025-04-25 13:10:38,191 - INFO - Deleted INI directory: ini\Batch_0034\EA_2MA_4Level\ini
2025-04-25 13:10:38,192 - INFO - Deleted INI directory: ini\Batch_0034\EA_2MA_Bunny_Cross\ini
2025-04-25 13:10:38,192 - INFO - Deleted INI directory: ini\Batch_0034\EA_35Pip_Scalper\ini
2025-04-25 13:10:38,193 - INFO - Deleted INI directory: ini\Batch_0034\EA_3Bars_HighLow\ini
2025-04-25 13:10:38,193 - INFO - Deleted INI directory: ini\Batch_0034\EA_GBPUSD_M1_2001\ini
2025-04-25 13:10:38,194 - INFO - Deleted INI directory: ini\Batch_0035\EA_10Pips\ini
2025-04-25 13:10:38,194 - INFO - Deleted INI directory: ini\Batch_0035\EA_10Pips_EURUSD\ini
2025-04-25 13:10:38,195 - INFO - Deleted INI directory: ini\Batch_0035\EA_1H_EUR_USD\ini
2025-04-25 13:10:38,195 - INFO - Deleted INI directory: ini\Batch_0035\EA_21Hour\ini
2025-04-25 13:10:38,196 - INFO - Deleted INI directory: ini\Batch_0035\EA_2HR_HL\ini
2025-04-25 13:10:38,197 - INFO - Deleted INI directory: ini\Batch_0035\EA_2MA_4Level\ini
2025-04-25 13:10:38,197 - INFO - Deleted INI directory: ini\Batch_0035\EA_2MA_Bunny_Cross\ini
2025-04-25 13:10:38,198 - INFO - Deleted INI directory: ini\Batch_0035\EA_35Pip_Scalper\ini
2025-04-25 13:10:38,198 - INFO - Deleted INI directory: ini\Batch_0035\EA_3Bars_HighLow\ini
2025-04-25 13:10:38,199 - INFO - Deleted INI directory: ini\Batch_0035\EA_GBPUSD_M1_2001\ini
2025-04-25 13:10:38,200 - INFO - Deleted INI directory: ini\Batch_0036\EA_10Pips\ini
2025-04-25 13:10:38,200 - INFO - Deleted INI directory: ini\Batch_0036\EA_10Pips_EURUSD\ini
2025-04-25 13:10:38,201 - INFO - Deleted INI directory: ini\Batch_0036\EA_1H_EUR_USD\ini
2025-04-25 13:10:38,201 - INFO - Deleted INI directory: ini\Batch_0036\EA_21Hour\ini
2025-04-25 13:10:38,202 - INFO - Deleted INI directory: ini\Batch_0036\EA_2HR_HL\ini
2025-04-25 13:10:38,202 - INFO - Deleted INI directory: ini\Batch_0036\EA_2MA_4Level\ini
2025-04-25 13:10:38,203 - INFO - Deleted INI directory: ini\Batch_0036\EA_2MA_Bunny_Cross\ini
2025-04-25 13:10:38,203 - INFO - Deleted INI directory: ini\Batch_0036\EA_35Pip_Scalper\ini
2025-04-25 13:10:38,204 - INFO - Deleted INI directory: ini\Batch_0036\EA_3Bars_HighLow\ini
2025-04-25 13:10:38,205 - INFO - Deleted INI directory: ini\Batch_0036\EA_GBPUSD_M1_2001\ini
2025-04-25 13:10:38,205 - INFO - Deleted INI directory: ini\Batch_0037\EA_10Pips\ini
2025-04-25 13:10:38,206 - INFO - Deleted INI directory: ini\Batch_0037\EA_10Pips_EURUSD\ini
2025-04-25 13:10:38,206 - INFO - Deleted INI directory: ini\Batch_0037\EA_1H_EUR_USD\ini
2025-04-25 13:10:38,207 - INFO - Deleted INI directory: ini\Batch_0037\EA_21Hour\ini
2025-04-25 13:10:38,207 - INFO - Deleted INI directory: ini\Batch_0037\EA_2HR_HL\ini
2025-04-25 13:10:38,208 - INFO - Deleted INI directory: ini\Batch_0037\EA_2MA_4Level\ini
2025-04-25 13:10:38,208 - INFO - Deleted INI directory: ini\Batch_0037\EA_2MA_Bunny_Cross\ini
2025-04-25 13:10:38,209 - INFO - Deleted INI directory: ini\Batch_0037\EA_35Pip_Scalper\ini
2025-04-25 13:10:38,209 - INFO - Deleted INI directory: ini\Batch_0037\EA_3Bars_HighLow\ini
2025-04-25 13:10:38,210 - INFO - Deleted INI directory: ini\Batch_0037\EA_GBPUSD_M1_2001\ini
2025-04-25 13:10:38,210 - INFO - Deleted INI directory: ini\Batch_0038\EA_10Pips\ini
2025-04-25 13:10:38,211 - INFO - Deleted INI directory: ini\Batch_0038\EA_10Pips_EURUSD\ini
2025-04-25 13:10:38,212 - INFO - Deleted INI directory: ini\Batch_0038\EA_1H_EUR_USD\ini
2025-04-25 13:10:38,212 - INFO - Deleted INI directory: ini\Batch_0038\EA_21Hour\ini
2025-04-25 13:10:38,213 - INFO - Deleted INI directory: ini\Batch_0038\EA_2HR_HL\ini
2025-04-25 13:10:38,213 - INFO - Deleted INI directory: ini\Batch_0038\EA_2MA_4Level\ini
2025-04-25 13:10:38,214 - INFO - Deleted INI directory: ini\Batch_0038\EA_2MA_Bunny_Cross\ini
2025-04-25 13:10:38,214 - INFO - Deleted INI directory: ini\Batch_0038\EA_35Pip_Scalper\ini
2025-04-25 13:10:38,215 - INFO - Deleted INI directory: ini\Batch_0038\EA_3Bars_HighLow\ini
2025-04-25 13:10:38,215 - INFO - Deleted INI directory: ini\Batch_0038\EA_GBPUSD_M1_2001\ini
2025-04-25 13:10:38,216 - INFO - Deleted INI directory: ini\Batch_0039\EA_10Pips\ini
2025-04-25 13:10:38,217 - INFO - Deleted INI directory: ini\Batch_0039\EA_10Pips_EURUSD\ini
2025-04-25 13:10:38,217 - INFO - Deleted INI directory: ini\Batch_0039\EA_1H_EUR_USD\ini
2025-04-25 13:10:38,218 - INFO - Deleted INI directory: ini\Batch_0039\EA_21Hour\ini
2025-04-25 13:10:38,218 - INFO - Deleted INI directory: ini\Batch_0039\EA_2HR_HL\ini
2025-04-25 13:10:38,219 - INFO - Deleted INI directory: ini\Batch_0039\EA_2MA_4Level\ini
2025-04-25 13:10:38,219 - INFO - Deleted INI directory: ini\Batch_0039\EA_2MA_Bunny_Cross\ini
2025-04-25 13:10:38,220 - INFO - Deleted INI directory: ini\Batch_0039\EA_35Pip_Scalper\ini
2025-04-25 13:10:38,221 - INFO - Deleted INI directory: ini\Batch_0039\EA_3Bars_HighLow\ini
2025-04-25 13:10:38,221 - INFO - Deleted INI directory: ini\Batch_0039\EA_GBPUSD_M1_2001\ini
2025-04-25 13:10:38,222 - INFO - Deleted INI directory: ini\Batch_0040\EA_10Pips\ini
2025-04-25 13:10:38,222 - INFO - Deleted INI directory: ini\Batch_0040\EA_10Pips_EURUSD\ini
2025-04-25 13:10:38,223 - INFO - Deleted INI directory: ini\Batch_0040\EA_1H_EUR_USD\ini
2025-04-25 13:10:38,223 - INFO - Deleted INI directory: ini\Batch_0040\EA_21Hour\ini
2025-04-25 13:10:38,224 - INFO - Deleted INI directory: ini\Batch_0040\EA_2HR_HL\ini
2025-04-25 13:10:38,225 - INFO - Deleted INI directory: ini\Batch_0040\EA_2MA_4Level\ini
2025-04-25 13:10:38,225 - INFO - Deleted INI directory: ini\Batch_0040\EA_2MA_Bunny_Cross\ini
2025-04-25 13:10:38,226 - INFO - Deleted INI directory: ini\Batch_0040\EA_35Pip_Scalper\ini
2025-04-25 13:10:38,227 - INFO - Deleted INI directory: ini\Batch_0040\EA_3Bars_HighLow\ini
2025-04-25 13:10:38,227 - INFO - Deleted INI directory: ini\Batch_0040\EA_GBPUSD_M1_2001\ini
2025-04-25 13:10:38,228 - INFO - Deleted INI directory: ini\Batch_0041\EA_10Pips\ini
2025-04-25 13:10:38,228 - INFO - Deleted INI directory: ini\Batch_0041\EA_10Pips_EURUSD\ini
2025-04-25 13:10:38,229 - INFO - Deleted INI directory: ini\Batch_0041\EA_1H_EUR_USD\ini
2025-04-25 13:10:38,229 - INFO - Deleted INI directory: ini\Batch_0041\EA_21Hour\ini
2025-04-25 13:10:38,230 - INFO - Deleted INI directory: ini\Batch_0041\EA_2HR_HL\ini
2025-04-25 13:10:38,230 - INFO - Deleted INI directory: ini\Batch_0041\EA_2MA_4Level\ini
2025-04-25 13:10:38,231 - INFO - Deleted INI directory: ini\Batch_0041\EA_2MA_Bunny_Cross\ini
2025-04-25 13:10:38,232 - INFO - Deleted INI directory: ini\Batch_0041\EA_35Pip_Scalper\ini
2025-04-25 13:10:38,232 - INFO - Deleted INI directory: ini\Batch_0041\EA_3Bars_HighLow\ini
2025-04-25 13:10:38,233 - INFO - Deleted INI directory: ini\Batch_0041\EA_GBPUSD_M1_2001\ini
2025-04-25 13:10:38,233 - INFO - Deleted INI directory: ini\Batch_0042\EA_10Pips\ini
2025-04-25 13:10:38,234 - INFO - Deleted INI directory: ini\Batch_0042\EA_10Pips_EURUSD\ini
2025-04-25 13:10:38,235 - INFO - Deleted INI directory: ini\Batch_0042\EA_1H_EUR_USD\ini
2025-04-25 13:10:38,235 - INFO - Deleted INI directory: ini\Batch_0042\EA_21Hour\ini
2025-04-25 13:10:38,236 - INFO - Deleted INI directory: ini\Batch_0042\EA_2HR_HL\ini
2025-04-25 13:10:38,236 - INFO - Deleted INI directory: ini\Batch_0042\EA_2MA_4Level\ini
2025-04-25 13:10:38,237 - INFO - Deleted INI directory: ini\Batch_0042\EA_2MA_Bunny_Cross\ini
2025-04-25 13:10:38,238 - INFO - Deleted INI directory: ini\Batch_0042\EA_35Pip_Scalper\ini
2025-04-25 13:10:38,238 - INFO - Deleted INI directory: ini\Batch_0042\EA_3Bars_HighLow\ini
2025-04-25 13:10:38,239 - INFO - Deleted INI directory: ini\Batch_0042\EA_GBPUSD_M1_2001\ini
2025-04-25 13:10:38,239 - INFO - Deleted INI directory: ini\Batch_0043\EA_10Pips\ini
2025-04-25 13:10:38,240 - INFO - Deleted INI directory: ini\Batch_0043\EA_10Pips_EURUSD\ini
2025-04-25 13:10:38,241 - INFO - Deleted INI directory: ini\Batch_0043\EA_1H_EUR_USD\ini
2025-04-25 13:10:38,241 - INFO - Deleted INI directory: ini\Batch_0043\EA_21Hour\ini
2025-04-25 13:10:38,242 - INFO - Deleted INI directory: ini\Batch_0043\EA_2HR_HL\ini
2025-04-25 13:10:38,242 - INFO - Deleted INI directory: ini\Batch_0043\EA_2MA_4Level\ini
2025-04-25 13:10:38,243 - INFO - Deleted INI directory: ini\Batch_0043\EA_2MA_Bunny_Cross\ini
2025-04-25 13:10:38,244 - INFO - Deleted INI directory: ini\Batch_0043\EA_35Pip_Scalper\ini
2025-04-25 13:10:38,244 - INFO - Deleted INI directory: ini\Batch_0043\EA_3Bars_HighLow\ini
2025-04-25 13:10:38,245 - INFO - Deleted INI directory: ini\Batch_0043\EA_GBPUSD_M1_2001\ini
2025-04-25 13:10:38,245 - INFO - Deleted INI directory: ini\Batch_0044\EA_10Pips\ini
2025-04-25 13:10:38,246 - INFO - Deleted INI directory: ini\Batch_0044\EA_10Pips_EURUSD\ini
2025-04-25 13:10:38,247 - INFO - Deleted INI directory: ini\Batch_0044\EA_1H_EUR_USD\ini
2025-04-25 13:10:38,247 - INFO - Deleted INI directory: ini\Batch_0044\EA_21Hour\ini
2025-04-25 13:10:38,248 - INFO - Deleted INI directory: ini\Batch_0044\EA_2HR_HL\ini
2025-04-25 13:10:38,248 - INFO - Deleted INI directory: ini\Batch_0044\EA_2MA_4Level\ini
2025-04-25 13:10:38,249 - INFO - Deleted INI directory: ini\Batch_0044\EA_2MA_Bunny_Cross\ini
2025-04-25 13:10:38,249 - INFO - Deleted INI directory: ini\Batch_0044\EA_35Pip_Scalper\ini
2025-04-25 13:10:38,250 - INFO - Deleted INI directory: ini\Batch_0044\EA_3Bars_HighLow\ini
2025-04-25 13:10:38,251 - INFO - Deleted INI directory: ini\Batch_0044\EA_GBPUSD_M1_2001\ini
2025-04-25 13:10:38,251 - INFO - Deleted INI directory: ini\Batch_0045\EA_10Pips\ini
2025-04-25 13:10:38,252 - INFO - Deleted INI directory: ini\Batch_0045\EA_10Pips_EURUSD\ini
2025-04-25 13:10:38,252 - INFO - Deleted INI directory: ini\Batch_0045\EA_1H_EUR_USD\ini
2025-04-25 13:10:38,253 - INFO - Deleted INI directory: ini\Batch_0045\EA_21Hour\ini
2025-04-25 13:10:38,254 - INFO - Deleted INI directory: ini\Batch_0045\EA_2HR_HL\ini
2025-04-25 13:10:38,254 - INFO - Deleted INI directory: ini\Batch_0045\EA_2MA_4Level\ini
2025-04-25 13:10:38,255 - INFO - Deleted INI directory: ini\Batch_0045\EA_2MA_Bunny_Cross\ini
2025-04-25 13:10:38,255 - INFO - Deleted INI directory: ini\Batch_0045\EA_35Pip_Scalper\ini
2025-04-25 13:10:38,256 - INFO - Deleted INI directory: ini\Batch_0045\EA_3Bars_HighLow\ini
2025-04-25 13:10:38,256 - INFO - Deleted INI directory: ini\Batch_0045\EA_GBPUSD_M1_2001\ini
2025-04-25 13:10:38,257 - INFO - Deleted INI directory: ini\Batch_0046\EA_10Pips\ini
2025-04-25 13:10:38,258 - INFO - Deleted INI directory: ini\Batch_0046\EA_10Pips_EURUSD\ini
2025-04-25 13:10:38,258 - INFO - Deleted INI directory: ini\Batch_0046\EA_1H_EUR_USD\ini
2025-04-25 13:10:38,259 - INFO - Deleted INI directory: ini\Batch_0046\EA_21Hour\ini
2025-04-25 13:10:38,259 - INFO - Deleted INI directory: ini\Batch_0046\EA_2HR_HL\ini
2025-04-25 13:10:38,260 - INFO - Deleted INI directory: ini\Batch_0046\EA_2MA_4Level\ini
2025-04-25 13:10:38,261 - INFO - Deleted INI directory: ini\Batch_0046\EA_2MA_Bunny_Cross\ini
2025-04-25 13:10:38,261 - INFO - Deleted INI directory: ini\Batch_0046\EA_35Pip_Scalper\ini
2025-04-25 13:10:38,262 - INFO - Deleted INI directory: ini\Batch_0046\EA_3Bars_HighLow\ini
2025-04-25 13:10:38,263 - INFO - Deleted INI directory: ini\Batch_0046\EA_GBPUSD_M1_2001\ini
2025-04-25 13:10:38,263 - INFO - Deleted INI directory: ini\Batch_0047\EA_10Pips\ini
2025-04-25 13:10:38,264 - INFO - Deleted INI directory: ini\Batch_0047\EA_10Pips_EURUSD\ini
2025-04-25 13:10:38,265 - INFO - Deleted INI directory: ini\Batch_0047\EA_1H_EUR_USD\ini
2025-04-25 13:10:38,266 - INFO - Deleted INI directory: ini\Batch_0047\EA_21Hour\ini
2025-04-25 13:10:38,266 - INFO - Deleted INI directory: ini\Batch_0047\EA_2HR_HL\ini
2025-04-25 13:10:38,267 - INFO - Deleted INI directory: ini\Batch_0047\EA_2MA_4Level\ini
2025-04-25 13:10:38,268 - INFO - Deleted INI directory: ini\Batch_0047\EA_2MA_Bunny_Cross\ini
2025-04-25 13:10:38,268 - INFO - Deleted INI directory: ini\Batch_0047\EA_35Pip_Scalper\ini
2025-04-25 13:10:38,269 - INFO - Deleted INI directory: ini\Batch_0047\EA_3Bars_HighLow\ini
2025-04-25 13:10:38,270 - INFO - Deleted INI directory: ini\Batch_0047\EA_GBPUSD_M1_2001\ini
2025-04-25 13:10:38,271 - INFO - Deleted INI directory: ini\Batch_0048\EA_10Pips\ini
2025-04-25 13:10:38,271 - INFO - Deleted INI directory: ini\Batch_0048\EA_10Pips_EURUSD\ini
2025-04-25 13:10:38,272 - INFO - Deleted INI directory: ini\Batch_0048\EA_1H_EUR_USD\ini
2025-04-25 13:10:38,272 - INFO - Deleted INI directory: ini\Batch_0048\EA_21Hour\ini
2025-04-25 13:10:38,273 - INFO - Deleted INI directory: ini\Batch_0048\EA_2HR_HL\ini
2025-04-25 13:10:38,274 - INFO - Deleted INI directory: ini\Batch_0048\EA_2MA_4Level\ini
2025-04-25 13:10:38,274 - INFO - Deleted INI directory: ini\Batch_0048\EA_2MA_Bunny_Cross\ini
2025-04-25 13:10:38,275 - INFO - Deleted INI directory: ini\Batch_0048\EA_35Pip_Scalper\ini
2025-04-25 13:10:38,276 - INFO - Deleted INI directory: ini\Batch_0048\EA_3Bars_HighLow\ini
2025-04-25 13:10:38,277 - INFO - Deleted INI directory: ini\Batch_0048\EA_GBPUSD_M1_2001\ini
2025-04-25 13:10:38,277 - INFO - Deleted INI directory: ini\Batch_0049\EA_10Pips\ini
2025-04-25 13:10:38,278 - INFO - Deleted INI directory: ini\Batch_0049\EA_10Pips_EURUSD\ini
2025-04-25 13:10:38,279 - INFO - Deleted INI directory: ini\Batch_0049\EA_1H_EUR_USD\ini
2025-04-25 13:10:38,279 - INFO - Deleted INI directory: ini\Batch_0049\EA_21Hour\ini
2025-04-25 13:10:38,280 - INFO - Deleted INI directory: ini\Batch_0049\EA_2HR_HL\ini
2025-04-25 13:10:38,280 - INFO - Deleted INI directory: ini\Batch_0049\EA_2MA_4Level\ini
2025-04-25 13:10:38,281 - INFO - Deleted INI directory: ini\Batch_0049\EA_2MA_Bunny_Cross\ini
2025-04-25 13:10:38,281 - INFO - Deleted INI directory: ini\Batch_0049\EA_35Pip_Scalper\ini
2025-04-25 13:10:38,282 - INFO - Deleted INI directory: ini\Batch_0049\EA_3Bars_HighLow\ini
2025-04-25 13:10:38,282 - INFO - Deleted INI directory: ini\Batch_0049\EA_GBPUSD_M1_2001\ini
2025-04-25 13:10:38,283 - INFO - Deleted INI directory: ini\Batch_0050\EA_10Pips\ini
2025-04-25 13:10:38,283 - INFO - Deleted INI directory: ini\Batch_0050\EA_10Pips_EURUSD\ini
2025-04-25 13:10:38,284 - INFO - Deleted INI directory: ini\Batch_0050\EA_1H_EUR_USD\ini
2025-04-25 13:10:38,285 - INFO - Deleted INI directory: ini\Batch_0050\EA_21Hour\ini
2025-04-25 13:10:38,285 - INFO - Deleted INI directory: ini\Batch_0050\EA_2HR_HL\ini
2025-04-25 13:10:38,286 - INFO - Deleted INI directory: ini\Batch_0050\EA_2MA_4Level\ini
2025-04-25 13:10:38,286 - INFO - Deleted INI directory: ini\Batch_0050\EA_2MA_Bunny_Cross\ini
2025-04-25 13:10:38,287 - INFO - Deleted INI directory: ini\Batch_0050\EA_35Pip_Scalper\ini
2025-04-25 13:10:38,287 - INFO - Deleted INI directory: ini\Batch_0050\EA_3Bars_HighLow\ini
2025-04-25 13:10:38,288 - INFO - Deleted INI directory: ini\Batch_0050\EA_GBPUSD_M1_2001\ini
2025-04-25 13:10:38,289 - INFO - Deleted INI directory: ini\Batch_0051\EA_10Pips\ini
2025-04-25 13:10:38,289 - INFO - Deleted INI directory: ini\Batch_0051\EA_10Pips_EURUSD\ini
2025-04-25 13:10:38,290 - INFO - Deleted INI directory: ini\Batch_0051\EA_1H_EUR_USD\ini
2025-04-25 13:10:38,290 - INFO - Deleted INI directory: ini\Batch_0051\EA_21Hour\ini
2025-04-25 13:10:38,291 - INFO - Deleted INI directory: ini\Batch_0051\EA_2HR_HL\ini
2025-04-25 13:10:38,291 - INFO - Deleted INI directory: ini\Batch_0051\EA_2MA_4Level\ini
2025-04-25 13:10:38,292 - INFO - Deleted INI directory: ini\Batch_0051\EA_2MA_Bunny_Cross\ini
2025-04-25 13:10:38,292 - INFO - Deleted INI directory: ini\Batch_0051\EA_35Pip_Scalper\ini
2025-04-25 13:10:38,293 - INFO - Deleted INI directory: ini\Batch_0051\EA_3Bars_HighLow\ini
2025-04-25 13:10:38,294 - INFO - Deleted INI directory: ini\Batch_0051\EA_GBPUSD_M1_2001\ini
2025-04-25 13:10:38,294 - INFO - Deleted INI directory: ini\Batch_0052\EA_10Pips\ini
2025-04-25 13:10:38,295 - INFO - Deleted INI directory: ini\Batch_0052\EA_10Pips_EURUSD\ini
2025-04-25 13:10:38,295 - INFO - Deleted INI directory: ini\Batch_0052\EA_1H_EUR_USD\ini
2025-04-25 13:10:38,296 - INFO - Deleted INI directory: ini\Batch_0052\EA_21Hour\ini
2025-04-25 13:10:38,296 - INFO - Deleted INI directory: ini\Batch_0052\EA_2HR_HL\ini
2025-04-25 13:10:38,297 - INFO - Deleted INI directory: ini\Batch_0052\EA_2MA_4Level\ini
2025-04-25 13:10:38,298 - INFO - Deleted INI directory: ini\Batch_0052\EA_2MA_Bunny_Cross\ini
2025-04-25 13:10:38,298 - INFO - Deleted INI directory: ini\Batch_0052\EA_35Pip_Scalper\ini
2025-04-25 13:10:38,299 - INFO - Deleted INI directory: ini\Batch_0052\EA_3Bars_HighLow\ini
2025-04-25 13:10:38,299 - INFO - Deleted INI directory: ini\Batch_0052\EA_GBPUSD_M1_2001\ini
2025-04-25 13:10:38,300 - INFO - Deleted INI directory: ini\Batch_0053\EA_10Pips\ini
2025-04-25 13:10:38,300 - INFO - Deleted INI directory: ini\Batch_0053\EA_10Pips_EURUSD\ini
2025-04-25 13:10:38,301 - INFO - Deleted INI directory: ini\Batch_0053\EA_1H_EUR_USD\ini
2025-04-25 13:10:38,301 - INFO - Deleted INI directory: ini\Batch_0053\EA_21Hour\ini
2025-04-25 13:10:38,302 - INFO - Deleted INI directory: ini\Batch_0053\EA_2HR_HL\ini
2025-04-25 13:10:38,303 - INFO - Deleted INI directory: ini\Batch_0053\EA_2MA_4Level\ini
2025-04-25 13:10:38,303 - INFO - Deleted INI directory: ini\Batch_0053\EA_2MA_Bunny_Cross\ini
2025-04-25 13:10:38,304 - INFO - Deleted INI directory: ini\Batch_0053\EA_35Pip_Scalper\ini
2025-04-25 13:10:38,304 - INFO - Deleted INI directory: ini\Batch_0053\EA_3Bars_HighLow\ini
2025-04-25 13:10:38,305 - INFO - Deleted INI directory: ini\Batch_0053\EA_GBPUSD_M1_2001\ini
2025-04-25 13:10:38,306 - INFO - Deleted INI directory: ini\Batch_0054\EA_GBPUSD_M1_2001\ini
2025-04-25 13:10:38,333 - INFO - Deleted INI directory: ini\Batch_0055\EA_10Pips\ini
2025-04-25 13:10:38,385 - INFO - Deleted INI directory: ini\Batch_0055\EA_10Pips_EURUSD\ini
2025-04-25 13:10:38,405 - INFO - Deleted INI directory: ini\Batch_0055\EA_1H_EUR_USD\ini
2025-04-25 13:10:38,423 - INFO - Deleted INI directory: ini\Batch_0055\EA_21Hour\ini
2025-04-25 13:10:38,439 - INFO - Deleted INI directory: ini\Batch_0055\EA_2HR_HL\ini
2025-04-25 13:10:38,455 - INFO - Deleted INI directory: ini\Batch_0055\EA_2MA_4Level\ini
2025-04-25 13:10:38,472 - INFO - Deleted INI directory: ini\Batch_0055\EA_2MA_Bunny_Cross\ini
2025-04-25 13:10:38,488 - INFO - Deleted INI directory: ini\Batch_0055\EA_35Pip_Scalper\ini
2025-04-25 13:10:38,505 - INFO - Deleted INI directory: ini\Batch_0055\EA_3Bars_HighLow\ini
2025-04-25 13:10:38,524 - INFO - Deleted INI directory: ini\Batch_0055\EA_GBPUSD_M1_2001\ini
2025-04-25 13:10:38,542 - INFO - Deleted INI directory: ini\Batch_0056\EA_10Pips\ini
2025-04-25 13:10:38,560 - INFO - Deleted INI directory: ini\Batch_0056\EA_10Pips_EURUSD\ini
2025-04-25 13:10:38,578 - INFO - Deleted INI directory: ini\Batch_0056\EA_1H_EUR_USD\ini
2025-04-25 13:10:38,599 - INFO - Deleted INI directory: ini\Batch_0056\EA_21Hour\ini
2025-04-25 13:10:38,617 - INFO - Deleted INI directory: ini\Batch_0056\EA_2HR_HL\ini
2025-04-25 13:10:38,638 - INFO - Deleted INI directory: ini\Batch_0056\EA_2MA_4Level\ini
2025-04-25 13:10:38,658 - INFO - Deleted INI directory: ini\Batch_0056\EA_2MA_Bunny_Cross\ini
2025-04-25 13:10:38,677 - INFO - Deleted INI directory: ini\Batch_0056\EA_35Pip_Scalper\ini
2025-04-25 13:10:38,697 - INFO - Deleted INI directory: ini\Batch_0056\EA_3Bars_HighLow\ini
2025-04-25 13:10:38,721 - INFO - Deleted INI directory: ini\Batch_0056\EA_GBPUSD_M1_2001\ini
2025-04-25 13:10:38,743 - INFO - Deleted INI directory: ini\Batch_0057\EA_10Pips\ini
2025-04-25 13:10:38,765 - INFO - Deleted INI directory: ini\Batch_0057\EA_10Pips_EURUSD\ini
2025-04-25 13:10:38,788 - INFO - Deleted INI directory: ini\Batch_0057\EA_1H_EUR_USD\ini
2025-04-25 13:10:38,809 - INFO - Deleted INI directory: ini\Batch_0057\EA_21Hour\ini
2025-04-25 13:10:38,830 - INFO - Deleted INI directory: ini\Batch_0057\EA_2HR_HL\ini
2025-04-25 13:10:38,849 - INFO - Deleted INI directory: ini\Batch_0057\EA_2MA_4Level\ini
2025-04-25 13:10:38,868 - INFO - Deleted INI directory: ini\Batch_0057\EA_2MA_Bunny_Cross\ini
2025-04-25 13:10:38,888 - INFO - Deleted INI directory: ini\Batch_0057\EA_35Pip_Scalper\ini
2025-04-25 13:10:38,905 - INFO - Deleted INI directory: ini\Batch_0057\EA_3Bars_HighLow\ini
2025-04-25 13:10:38,923 - INFO - Deleted INI directory: ini\Batch_0057\EA_GBPUSD_M1_2001\ini
2025-04-25 13:10:38,941 - INFO - Deleted INI directory: ini\Batch_0058\EA_10Pips\ini
2025-04-25 13:10:38,959 - INFO - Deleted INI directory: ini\Batch_0058\EA_10Pips_EURUSD\ini
2025-04-25 13:10:38,975 - INFO - Deleted INI directory: ini\Batch_0058\EA_1H_EUR_USD\ini
2025-04-25 13:10:38,992 - INFO - Deleted INI directory: ini\Batch_0058\EA_21Hour\ini
2025-04-25 13:10:39,009 - INFO - Deleted INI directory: ini\Batch_0058\EA_2HR_HL\ini
2025-04-25 13:10:39,026 - INFO - Deleted INI directory: ini\Batch_0058\EA_2MA_4Level\ini
2025-04-25 13:10:39,044 - INFO - Deleted INI directory: ini\Batch_0058\EA_2MA_Bunny_Cross\ini
2025-04-25 13:10:39,067 - INFO - Deleted INI directory: ini\Batch_0058\EA_35Pip_Scalper\ini
2025-04-25 13:10:39,085 - INFO - Deleted INI directory: ini\Batch_0058\EA_3Bars_HighLow\ini
2025-04-25 13:10:39,103 - INFO - Deleted INI directory: ini\Batch_0058\EA_GBPUSD_M1_2001\ini
2025-04-25 13:10:39,121 - INFO - Deleted INI directory: ini\Batch_0059\EA_10Pips\ini
2025-04-25 13:10:39,139 - INFO - Deleted INI directory: ini\Batch_0059\EA_10Pips_EURUSD\ini
2025-04-25 13:10:39,156 - INFO - Deleted INI directory: ini\Batch_0059\EA_1H_EUR_USD\ini
2025-04-25 13:10:39,173 - INFO - Deleted INI directory: ini\Batch_0059\EA_21Hour\ini
2025-04-25 13:10:39,193 - INFO - Deleted INI directory: ini\Batch_0059\EA_2HR_HL\ini
2025-04-25 13:10:39,211 - INFO - Deleted INI directory: ini\Batch_0059\EA_2MA_4Level\ini
2025-04-25 13:10:39,229 - INFO - Deleted INI directory: ini\Batch_0059\EA_2MA_Bunny_Cross\ini
2025-04-25 13:10:39,247 - INFO - Deleted INI directory: ini\Batch_0059\EA_35Pip_Scalper\ini
2025-04-25 13:10:39,265 - INFO - Deleted INI directory: ini\Batch_0059\EA_3Bars_HighLow\ini
2025-04-25 13:10:39,284 - INFO - Deleted INI directory: ini\Batch_0059\EA_GBPUSD_M1_2001\ini
2025-04-25 13:10:39,302 - INFO - Deleted INI directory: ini\Batch_0060\EA_10Pips\ini
2025-04-25 13:10:39,320 - INFO - Deleted INI directory: ini\Batch_0060\EA_10Pips_EURUSD\ini
2025-04-25 13:10:39,340 - INFO - Deleted INI directory: ini\Batch_0060\EA_1H_EUR_USD\ini
2025-04-25 13:10:39,358 - INFO - Deleted INI directory: ini\Batch_0060\EA_21Hour\ini
2025-04-25 13:10:39,377 - INFO - Deleted INI directory: ini\Batch_0060\EA_2HR_HL\ini
2025-04-25 13:10:39,395 - INFO - Deleted INI directory: ini\Batch_0060\EA_2MA_4Level\ini
2025-04-25 13:10:39,412 - INFO - Deleted INI directory: ini\Batch_0060\EA_2MA_Bunny_Cross\ini
2025-04-25 13:10:39,430 - INFO - Deleted INI directory: ini\Batch_0060\EA_35Pip_Scalper\ini
2025-04-25 13:10:39,447 - INFO - Deleted INI directory: ini\Batch_0060\EA_3Bars_HighLow\ini
2025-04-25 13:10:39,464 - INFO - Deleted INI directory: ini\Batch_0060\EA_GBPUSD_M1_2001\ini
2025-04-25 13:10:39,465 - INFO - Successfully deleted 591 INI directories
