2025-04-27 11:28:57,776 - INFO - Created 252 INI files for EA 10-pips (expected: 252)
2025-04-27 11:28:57,947 - INFO - Created 252 INI files for EA 10-pips-EURUSD (expected: 252)
2025-04-27 11:28:58,099 - INFO - Created 252 INI files for EA 1H-EUR-USD (expected: 252)
2025-04-27 11:28:58,250 - INFO - Created 252 INI files for EA 20011201-GBPUSD-M1 (expected: 252)
2025-04-27 11:28:58,395 - INFO - Created 252 INI files for EA 21hour (expected: 252)
2025-04-27 11:28:58,538 - INFO - Created 252 INI files for EA 2HR-HL (expected: 252)
2025-04-27 11:28:58,681 - INFO - Created 252 INI files for EA 2MA-4Level (expected: 252)
2025-04-27 11:28:58,818 - INFO - Created 252 INI files for EA 2MA-Bunny-Cross (expected: 252)
2025-04-27 11:28:58,959 - INFO - Created 252 INI files for EA 3-bars-high-low-indicator (expected: 252)
2025-04-27 11:28:59,104 - INFO - Created 252 INI files for EA 35-Pip-Scalper (expected: 252)
2025-04-27 11:28:59,240 - INFO - Created 252 INI files for EA 3BarsHighLowEA (expected: 252)
2025-04-27 11:28:59,392 - INFO - Created 252 INI files for EA 3sma (expected: 252)
2025-04-27 11:28:59,518 - INFO - Created 252 INI files for EA 3sma_ (expected: 252)
2025-04-27 11:28:59,651 - INFO - Created 252 INI files for EA 500 (expected: 252)
2025-04-27 11:28:59,803 - INFO - Created 252 INI files for EA 55-MA (expected: 252)
2025-04-27 11:28:59,955 - INFO - Created 252 INI files for EA A (expected: 252)
2025-04-27 11:29:00,097 - INFO - Created 252 INI files for EA Above-Below-MA (expected: 252)
2025-04-27 11:29:00,242 - INFO - Created 252 INI files for EA Absorption (expected: 252)
2025-04-27 11:29:00,387 - INFO - Created 252 INI files for EA AC-ACADEMY-US30 (expected: 252)
2025-04-27 11:29:00,533 - INFO - Created 252 INI files for EA Accumulator (expected: 252)
2025-04-27 11:29:00,685 - INFO - Created 252 INI files for EA ADX-MA (expected: 252)
2025-04-27 11:29:00,839 - INFO - Created 252 INI files for EA ADX-MACD-Deev (expected: 252)
2025-04-27 11:29:00,976 - INFO - Created 252 INI files for EA ADX-System (expected: 252)
2025-04-27 11:29:01,110 - INFO - Created 252 INI files for EA AI-GOLD (expected: 252)
2025-04-27 11:29:01,245 - INFO - Created 252 INI files for EA AI-Trader (expected: 252)
2025-04-27 11:29:01,382 - INFO - Created 252 INI files for EA AI-TUNE (expected: 252)
2025-04-27 11:29:01,527 - INFO - Created 252 INI files for EA AI-Tune-EAMT5-YoforexPremium (expected: 252)
2025-04-27 11:29:01,656 - INFO - Created 252 INI files for EA AI-TUNE-FIXED-YFP (expected: 252)
2025-04-27 11:29:01,782 - INFO - Created 252 INI files for EA AIS1 (expected: 252)
2025-04-27 11:29:01,924 - INFO - Created 252 INI files for EA AK-47-Scalper-EA-MT5 (expected: 252)
2025-04-27 11:29:02,076 - INFO - Created 252 INI files for EA AK-47-Scalper-EA-yoforexPremium-MT5 (expected: 252)
2025-04-27 11:29:02,229 - INFO - Created 252 INI files for EA AK-47-Scalper-EAMT4-with-sourcecode-YoforexPremium-MT5 (expected: 252)
2025-04-27 11:29:02,377 - INFO - Created 252 INI files for EA ALCHEMIST-YoforexPremium (expected: 252)
2025-04-27 11:29:02,525 - INFO - Created 252 INI files for EA Alexav-D1-Profit-GBPUSD (expected: 252)
2025-04-27 11:29:02,667 - INFO - Created 252 INI files for EA All-Average-Ea (expected: 252)
2025-04-27 11:29:02,798 - INFO - Created 252 INI files for EA Alligator (expected: 252)
2025-04-27 11:29:02,936 - INFO - Created 252 INI files for EA Alligator-Simple (expected: 252)
2025-04-27 11:29:03,094 - INFO - Created 252 INI files for EA Alpha-Zero-AI-RobotMT5-YoForexPremium (expected: 252)
2025-04-27 11:29:03,248 - INFO - Created 252 INI files for EA Altarius-RSI-Stohastic (expected: 252)
2025-04-27 11:29:03,394 - INFO - Created 252 INI files for EA AMA-Trader (expected: 252)
2025-04-27 11:29:03,612 - INFO - Created 252 INI files for EA AMA-Trader-2 (expected: 252)
2025-04-27 11:29:03,767 - INFO - Created 252 INI files for EA AO-Lightning (expected: 252)
2025-04-27 11:29:03,899 - INFO - Created 252 INI files for EA AOCCI (expected: 252)
2025-04-27 11:29:04,033 - INFO - Created 252 INI files for EA Arbitrage (expected: 252)
2025-04-27 11:29:04,195 - INFO - Created 252 INI files for EA ArbSint (expected: 252)
2025-04-27 11:29:04,344 - INFO - Created 252 INI files for EA Area-MACD (expected: 252)
2025-04-27 11:29:04,489 - INFO - Created 252 INI files for EA Artificial-Intelligence (expected: 252)
2025-04-27 11:29:04,658 - INFO - Created 252 INI files for EA At-random (expected: 252)
2025-04-27 11:29:04,804 - INFO - Created 252 INI files for EA At-random-Full (expected: 252)
2025-04-27 11:29:04,948 - INFO - Created 252 INI files for EA ATR-SCLAPER (expected: 252)
2025-04-27 11:29:05,087 - INFO - Created 252 INI files for EA ATR-SCLAPER-EA-MT5-YoforexPremium (expected: 252)
2025-04-27 11:29:05,212 - INFO - Created 252 INI files for EA Auto-ADX (expected: 252)
2025-04-27 11:29:05,359 - INFO - Created 252 INI files for EA Auto-Pivot-Plotter-28Mid-Levels-29-41 (expected: 252)
2025-04-27 11:29:05,503 - INFO - Created 252 INI files for EA AutoLock-EA (expected: 252)
2025-04-27 11:29:05,640 - INFO - Created 252 INI files for EA Autotrader-Momentum (expected: 252)
2025-04-27 11:29:05,784 - INFO - Created 252 INI files for EA Avalanche-AV (expected: 252)
2025-04-27 11:29:05,941 - INFO - Created 252 INI files for EA Backbone (expected: 252)
2025-04-27 11:29:06,095 - INFO - Created 252 INI files for EA backtrader-master (expected: 252)
2025-04-27 11:29:06,313 - INFO - Created 252 INI files for EA BADX (expected: 252)
2025-04-27 11:29:06,464 - INFO - Created 252 INI files for EA Bago-EA (expected: 252)
2025-04-27 11:29:06,609 - INFO - Created 252 INI files for EA BalancedScalper-20EA (expected: 252)
2025-04-27 11:29:06,758 - INFO - Created 252 INI files for EA Bands-2 (expected: 252)
2025-04-27 11:29:06,903 - INFO - Created 252 INI files for EA BARS-Alligator (expected: 252)
2025-04-27 11:29:07,087 - INFO - Created 252 INI files for EA Basic-CCI-RSI (expected: 252)
2025-04-27 11:29:07,239 - INFO - Created 252 INI files for EA Basic-Martingale-EA-3 (expected: 252)
2025-04-27 11:29:07,385 - INFO - Created 252 INI files for EA bb-automated (expected: 252)
2025-04-27 11:29:07,541 - INFO - Created 252 INI files for EA BB-stops-MT5 (expected: 252)
2025-04-27 11:29:07,696 - INFO - Created 252 INI files for EA BBPercentile (expected: 252)
2025-04-27 11:29:07,866 - INFO - Created 252 INI files for EA BBPercentile-EA (expected: 252)
2025-04-27 11:29:08,022 - INFO - Created 252 INI files for EA BDCrossOver-20EA (expected: 252)
2025-04-27 11:29:08,173 - INFO - Created 252 INI files for EA BEAR-row-full-EA (expected: 252)
2025-04-27 11:29:08,318 - INFO - Created 252 INI files for EA BIG-DOG (expected: 252)
2025-04-27 11:29:08,466 - INFO - Created 252 INI files for EA BIG-RECOVERY-EA-MT5-YoForexPremium (expected: 252)
2025-04-27 11:29:08,623 - INFO - Created 252 INI files for EA Bill-Williams (expected: 252)
2025-04-27 11:29:08,774 - INFO - Created 252 INI files for EA bollinger (expected: 252)
2025-04-27 11:29:08,949 - INFO - Created 252 INI files for EA Bollinger-Band-Two-MA-and-Zig-Zag (expected: 252)
2025-04-27 11:29:09,089 - INFO - Created 252 INI files for EA Bollinger-Bands-N-positions (expected: 252)
2025-04-27 11:29:09,229 - INFO - Created 252 INI files for EA Bollinger-Bands-RSI (expected: 252)
2025-04-27 11:29:09,380 - INFO - Created 252 INI files for EA BORN4PIPS-EA-1-YoForexPremium (expected: 252)
2025-04-27 11:29:09,542 - INFO - Created 252 INI files for EA BORN4PIPS-EA-MT5-YoForexPremium (expected: 252)
2025-04-27 11:29:09,703 - INFO - Created 252 INI files for EA Brakeout-Trader (expected: 252)
2025-04-27 11:29:09,852 - INFO - Created 252 INI files for EA Brandy (expected: 252)
2025-04-27 11:29:10,013 - INFO - Created 252 INI files for EA Brazilian-EA-MT5-YoforexPremium (expected: 252)
2025-04-27 11:29:10,166 - INFO - Created 252 INI files for EA Breadandbutter2 (expected: 252)
2025-04-27 11:29:10,333 - INFO - Created 252 INI files for EA breakdown (expected: 252)
2025-04-27 11:29:10,493 - INFO - Created 252 INI files for EA Breakdown-catcher (expected: 252)
2025-04-27 11:29:10,659 - INFO - Created 252 INI files for EA Breakout-Str (expected: 252)
2025-04-27 11:29:10,824 - INFO - Created 252 INI files for EA Bronze-Warrioir (expected: 252)
2025-04-27 11:29:10,957 - INFO - Created 252 INI files for EA Bruno (expected: 252)
2025-04-27 11:29:11,084 - INFO - Created 252 INI files for EA BSS-1-0 (expected: 252)
2025-04-27 11:29:11,253 - INFO - Created 252 INI files for EA BTA-Optimal-Trade-Zone-EA-v.1.0-MT5-YoForexPremium (expected: 252)
2025-04-27 11:29:11,415 - INFO - Created 252 INI files for EA BTA-Sniper-Entry-v.1.0-EA-MT5-YoForexPremium (expected: 252)
2025-04-27 11:29:11,585 - INFO - Created 252 INI files for EA BULL-row-full-EA (expected: 252)
2025-04-27 11:29:11,762 - INFO - Created 252 INI files for EA Bullish-and-Bearish-Engulfing (expected: 252)
2025-04-27 11:29:11,913 - INFO - Created 252 INI files for EA Burg-Extrapolator (expected: 252)
2025-04-27 11:29:12,072 - INFO - Created 252 INI files for EA BykovTrend-EA (expected: 252)
2025-04-27 11:29:12,227 - INFO - Created 252 INI files for EA BykovTrend_EA_v3 (expected: 252)
2025-04-27 11:29:12,387 - INFO - Created 252 INI files for EA Calculate-lotsize-and-Trailling-stop (expected: 252)
2025-04-27 11:29:12,519 - INFO - Created 252 INI files for EA Candle (expected: 252)
2025-04-27 11:29:12,665 - INFO - Created 252 INI files for EA candlepatternsexample (expected: 252)
2025-04-27 11:29:12,811 - INFO - Created 252 INI files for EA Carbophos (expected: 252)
2025-04-27 11:29:12,956 - INFO - Created 252 INI files for EA CashMachine-5min (expected: 252)
2025-04-27 11:29:13,120 - INFO - Created 252 INI files for EA CCI-MACD-Scalper (expected: 252)
2025-04-27 11:29:13,270 - INFO - Created 252 INI files for EA Cidomo (expected: 252)
2025-04-27 11:29:13,422 - INFO - Created 252 INI files for EA CloseAgent (expected: 252)
2025-04-27 11:29:13,588 - INFO - Created 252 INI files for EA CloseProfit (expected: 252)
2025-04-27 11:29:13,775 - INFO - Created 252 INI files for EA CLOUD (expected: 252)
2025-04-27 11:29:13,947 - INFO - Created 252 INI files for EA cloud's-trade-2 (expected: 252)
2025-04-27 11:29:14,120 - INFO - Created 252 INI files for EA Constituents-EA (expected: 252)
2025-04-27 11:29:14,318 - INFO - Created 252 INI files for EA Contrarian-trade-MA (expected: 252)
2025-04-27 11:29:14,613 - INFO - Created 252 INI files for EA Crossing-Moving-Average (expected: 252)
2025-04-27 11:29:14,770 - INFO - Created 252 INI files for EA CrossMA (expected: 252)
2025-04-27 11:29:14,919 - INFO - Created 252 INI files for EA Currencyprofits-01.1 (expected: 252)
2025-04-27 11:29:15,092 - INFO - Created 252 INI files for EA Daily-20reversal-20-20EA (expected: 252)
2025-04-27 11:29:15,221 - INFO - Created 252 INI files for EA Daily-BreakPoint (expected: 252)
2025-04-27 11:29:15,378 - INFO - Created 252 INI files for EA Daily-Candle-ScalperEA-MT5-YoForexPremium (expected: 252)
2025-04-27 11:29:15,547 - INFO - Created 252 INI files for EA Daily-Candle-ScalperEA-MT5-YoForexPremium-1 (expected: 252)
2025-04-27 11:29:15,776 - INFO - Created 252 INI files for EA Daily-Open-EA (expected: 252)
2025-04-27 11:29:16,079 - INFO - Created 252 INI files for EA Daily-range (expected: 252)
2025-04-27 11:29:16,244 - INFO - Created 252 INI files for EA Dark-Mimas-MT5 (expected: 252)
2025-04-27 11:29:16,402 - INFO - Created 252 INI files for EA Day-Trading-PAMXA (expected: 252)
2025-04-27 11:29:16,576 - INFO - Created 252 INI files for EA Daydream (expected: 252)
2025-04-27 11:29:16,722 - INFO - Created 252 INI files for EA DayTrading (expected: 252)
2025-04-27 11:29:16,866 - INFO - Created 252 INI files for EA Dealers-Trade-v-7.74-MACD (expected: 252)
2025-04-27 11:29:17,021 - INFO - Created 252 INI files for EA Deep-Drawdown-MA (expected: 252)
2025-04-27 11:29:17,176 - INFO - Created 252 INI files for EA DeMarker-gaining-position-volume (expected: 252)
2025-04-27 11:29:17,321 - INFO - Created 252 INI files for EA DeMarker-gaining-position-volume-2 (expected: 252)
2025-04-27 11:29:17,464 - INFO - Created 252 INI files for EA DeMarker-Pending (expected: 252)
2025-04-27 11:29:17,623 - INFO - Created 252 INI files for EA DeMarker-Pending-2 (expected: 252)
2025-04-27 11:29:17,789 - INFO - Created 252 INI files for EA DeMarker-Pending-2-5 (expected: 252)
2025-04-27 11:29:17,947 - INFO - Created 252 INI files for EA Dematus (expected: 252)
2025-04-27 11:29:18,112 - INFO - Created 252 INI files for EA Divergence-20for-20many-20indicator (expected: 252)
2025-04-27 11:29:18,268 - INFO - Created 252 INI files for EA Divergence-EA (expected: 252)
2025-04-27 11:29:18,411 - INFO - Created 252 INI files for EA Divergence-EA-BB (expected: 252)
2025-04-27 11:29:18,556 - INFO - Created 252 INI files for EA Divergence-EA-pip-sl-tp (expected: 252)
2025-04-27 11:29:18,705 - INFO - Created 252 INI files for EA Doji-Arrows (expected: 252)
2025-04-27 11:29:18,858 - INFO - Created 252 INI files for EA DojiTrader (expected: 252)
2025-04-27 11:29:19,010 - INFO - Created 252 INI files for EA Donchian-Chanel-EA (expected: 252)
2025-04-27 11:29:19,157 - INFO - Created 252 INI files for EA DoubleHullMA (expected: 252)
2025-04-27 11:29:19,305 - INFO - Created 252 INI files for EA DoubleHullMA-EA (expected: 252)
2025-04-27 11:29:19,473 - INFO - Created 252 INI files for EA DoubleMA-Crossover-EA (expected: 252)
2025-04-27 11:29:19,634 - INFO - Created 252 INI files for EA Doubler (expected: 252)
2025-04-27 11:29:19,794 - INFO - Created 252 INI files for EA Driver-EA-MT5 (expected: 252)
2025-04-27 11:29:19,933 - INFO - Created 252 INI files for EA dummy (expected: 252)
2025-04-27 11:29:20,075 - INFO - Created 252 INI files for EA Dynamic-averaging (expected: 252)
2025-04-27 11:29:20,223 - INFO - Created 252 INI files for EA E-Friday (expected: 252)
2025-04-27 11:29:20,382 - INFO - Created 252 INI files for EA E-Skoch-Open (expected: 252)
2025-04-27 11:29:20,538 - INFO - Created 252 INI files for EA e-Skoch-pending-orders (expected: 252)
2025-04-27 11:29:20,676 - INFO - Created 252 INI files for EA e-Smart-Trailing (expected: 252)
2025-04-27 11:29:20,815 - INFO - Created 252 INI files for EA e-TurboFx (expected: 252)
2025-04-27 11:29:20,987 - INFO - Created 252 INI files for EA EA-Close (expected: 252)
2025-04-27 11:29:21,120 - INFO - Created 252 INI files for EA EA-Gold-Stuff-MT5-YoForexPremium (expected: 252)
2025-04-27 11:29:21,275 - INFO - Created 252 INI files for EA EA-MA-Stoch-RSI (expected: 252)
2025-04-27 11:29:21,424 - INFO - Created 252 INI files for EA EA-Moving-Average (expected: 252)
2025-04-27 11:29:21,592 - INFO - Created 252 INI files for EA Elevator-Robot-PMT5-YoForexPremium (expected: 252)
2025-04-27 11:29:21,743 - INFO - Created 252 INI files for EA Elite-eFibo-Trader (expected: 252)
2025-04-27 11:29:21,887 - INFO - Created 252 INI files for EA EMA (expected: 252)
2025-04-27 11:29:22,032 - INFO - Created 252 INI files for EA EMA-6.12 (expected: 252)
2025-04-27 11:29:22,186 - INFO - Created 252 INI files for EA EMA-CROSS (expected: 252)
2025-04-27 11:29:22,359 - INFO - Created 252 INI files for EA EMA-LWMA-RSI (expected: 252)
2025-04-27 11:29:22,551 - INFO - Created 252 INI files for EA EMA-RSI-EA (expected: 252)
2025-04-27 11:29:22,706 - INFO - Created 252 INI files for EA EMA-WMA (expected: 252)
2025-04-27 11:29:22,883 - INFO - Created 252 INI files for EA EMA_WMA v2 (expected: 252)
2025-04-27 11:29:23,069 - INFO - Created 252 INI files for EA Eugene (expected: 252)
2025-04-27 11:29:23,229 - INFO - Created 252 INI files for EA eur-usd-m5 (expected: 252)
2025-04-27 11:29:23,386 - INFO - Created 252 INI files for EA Euronis-Scalper-EA-MT5-With-DLL-YoForexPremium (expected: 252)
2025-04-27 11:29:23,551 - INFO - Created 252 INI files for EA EURUSD-breakout (expected: 252)
2025-04-27 11:29:23,701 - INFO - Created 252 INI files for EA EURUSDH1 (expected: 252)
2025-04-27 11:29:23,849 - INFO - Created 252 INI files for EA Executer-AC (expected: 252)
2025-04-27 11:29:24,047 - INFO - Created 252 INI files for EA Executor-AO (expected: 252)
2025-04-27 11:29:24,233 - INFO - Created 252 INI files for EA e-Breakeven (expected: 252)
2025-04-27 11:29:24,424 - INFO - Created 252 INI files for EA Executor-Candles (expected: 252)
2025-04-27 11:29:24,586 - INFO - Created 252 INI files for EA exp-Amstell (expected: 252)
2025-04-27 11:29:24,755 - INFO - Created 252 INI files for EA Expert-NEWS (expected: 252)
2025-04-27 11:29:24,944 - INFO - Created 252 INI files for EA Expert-RSI-Stochastic-MA (expected: 252)
2025-04-27 11:29:25,105 - INFO - Created 252 INI files for EA ExtremePrice-EA (expected: 252)
2025-04-27 11:29:25,279 - INFO - Created 252 INI files for EA Fi-Trading-Robot-1.0 (expected: 252)
2025-04-27 11:29:25,436 - INFO - Created 252 INI files for EA Fi-Trading-Robot-YoForexPremium (expected: 252)
2025-04-27 11:29:25,613 - INFO - Created 252 INI files for EA FI-TRADING-ROBOTMT5-yoforexprenium (expected: 252)
2025-04-27 11:29:25,777 - INFO - Created 252 INI files for EA FiboRetracement-20EA (expected: 252)
2025-04-27 11:29:25,945 - INFO - Created 252 INI files for EA Firebird (expected: 252)
2025-04-27 11:29:26,111 - INFO - Created 252 INI files for EA Firestorm-EA (expected: 252)
2025-04-27 11:29:26,258 - INFO - Created 252 INI files for EA Firestorm-indicator (expected: 252)
2025-04-27 11:29:26,408 - INFO - Created 252 INI files for EA Fluctuate (expected: 252)
2025-04-27 11:29:26,553 - INFO - Created 252 INI files for EA Forex-Fraus-M1 (expected: 252)
2025-04-27 11:29:26,717 - INFO - Created 252 INI files for EA Forex-Profit (expected: 252)
2025-04-27 11:29:26,872 - INFO - Created 252 INI files for EA Fractals-minimum-distance (expected: 252)
2025-04-27 11:29:27,026 - INFO - Created 252 INI files for EA Fraktrak-xonax (expected: 252)
2025-04-27 11:29:27,170 - INFO - Created 252 INI files for EA Frank-Ud (expected: 252)
2025-04-27 11:29:27,313 - INFO - Created 252 INI files for EA fratal-mt5-EA (expected: 252)
2025-04-27 11:29:27,464 - INFO - Created 252 INI files for EA FT-CCI (expected: 252)
2025-04-27 11:29:27,629 - INFO - Created 252 INI files for EA FT-Sniper-GOLD-MT5-4 (expected: 252)
2025-04-27 11:29:27,800 - INFO - Created 252 INI files for EA Fuzzy-logic (expected: 252)
2025-04-27 11:29:27,950 - INFO - Created 252 INI files for EA GalacticExplosion (expected: 252)
2025-04-27 11:29:28,135 - INFO - Created 252 INI files for EA Galaxy-5-1.0-MT5 (expected: 252)
2025-04-27 11:29:28,314 - INFO - Created 252 INI files for EA Gandalf-PRO (expected: 252)
2025-04-27 11:29:28,457 - INFO - Created 252 INI files for EA Gap-DM (expected: 252)
2025-04-27 11:29:28,592 - INFO - Created 252 INI files for EA GAP-EA (expected: 252)
2025-04-27 11:29:28,723 - INFO - Created 252 INI files for EA Gaps (expected: 252)
2025-04-27 11:29:28,861 - INFO - Created 252 INI files for EA GBP9AM (expected: 252)
2025-04-27 11:29:29,015 - INFO - Created 252 INI files for EA GbpChf (expected: 252)
2025-04-27 11:29:29,222 - INFO - Created 252 INI files for EA GO (expected: 252)
2025-04-27 11:29:29,401 - INFO - Created 252 INI files for EA Godzillar-EABanker-MT5-FX-XRACKED (expected: 252)
2025-04-27 11:29:29,550 - INFO - Created 252 INI files for EA Gold-Dust (expected: 252)
2025-04-27 11:29:29,689 - INFO - Created 252 INI files for EA GoldHero-FX-Cracked (expected: 252)
2025-04-27 11:29:29,834 - INFO - Created 252 INI files for EA GreenTrade (expected: 252)
2025-04-27 11:29:29,981 - INFO - Created 252 INI files for EA Grid (expected: 252)
2025-04-27 11:29:30,135 - INFO - Created 252 INI files for EA Grid-Martingale (expected: 252)
2025-04-27 11:29:30,278 - INFO - Created 252 INI files for EA GridEA (expected: 252)
2025-04-27 11:29:30,409 - INFO - Created 252 INI files for EA HarVesteR (expected: 252)
2025-04-27 11:29:30,574 - INFO - Created 252 INI files for EA HedgeEA (expected: 252)
2025-04-27 11:29:30,723 - INFO - Created 252 INI files for EA hedger (expected: 252)
2025-04-27 11:29:30,886 - INFO - Created 252 INI files for EA Hedging-EA (expected: 252)
2025-04-27 11:29:31,088 - INFO - Created 252 INI files for EA heiken-ashi-engulf-ea-buy-mt5 (expected: 252)
2025-04-27 11:29:31,267 - INFO - Created 252 INI files for EA heiken-ashi-engulf-sell-ea-mt5 (expected: 252)
2025-04-27 11:29:31,432 - INFO - Created 252 INI files for EA heiken-ashi-smoothed (expected: 252)
2025-04-27 11:29:31,592 - INFO - Created 252 INI files for EA Heiken-Ashi-Smoothed-EA (expected: 252)
2025-04-27 11:29:31,770 - INFO - Created 252 INI files for EA heiken-ashi-smoothedLine (expected: 252)
2025-04-27 11:29:31,931 - INFO - Created 252 INI files for EA HeikenAshi-Lines (expected: 252)
2025-04-27 11:29:32,098 - INFO - Created 252 INI files for EA HeikenAshi-Lines-EA (expected: 252)
2025-04-27 11:29:32,287 - INFO - Created 252 INI files for EA Heiken-Ashi-Smoothed-EA-with-MA (expected: 252)
2025-04-27 11:29:32,455 - INFO - Created 252 INI files for EA Heinken-Ashi-Color-Candles (expected: 252)
2025-04-27 11:29:32,612 - INFO - Created 252 INI files for EA HelloSmart (expected: 252)
2025-04-27 11:29:32,779 - INFO - Created 252 INI files for EA High-Low-EA (expected: 252)
2025-04-27 11:29:32,964 - INFO - Created 252 INI files for EA High-Low-Indicator (expected: 252)
2025-04-27 11:29:33,183 - INFO - Created 252 INI files for EA Hoop-master-2 (expected: 252)
2025-04-27 11:29:33,347 - INFO - Created 252 INI files for EA i-impulsesystem (expected: 252)
2025-04-27 11:29:33,513 - INFO - Created 252 INI files for EA iCCI-iMA (expected: 252)
2025-04-27 11:29:33,679 - INFO - Created 252 INI files for EA ichimok2005 (expected: 252)
2025-04-27 11:29:33,867 - INFO - Created 252 INI files for EA Ichimoku (expected: 252)
2025-04-27 11:29:34,135 - INFO - Created 252 INI files for EA ICH-With-Alert-Derekers (expected: 252)
2025-04-27 11:29:34,308 - INFO - Created 252 INI files for EA ICH-With-Alert-Derekers-EA (expected: 252)
2025-04-27 11:29:34,480 - INFO - Created 252 INI files for EA Ichimoku-20Kijun-20Alert (expected: 252)
2025-04-27 11:29:34,659 - INFO - Created 252 INI files for EA Ichimoku-20Tenkan-20Alert (expected: 252)
2025-04-27 11:29:34,852 - INFO - Created 252 INI files for EA Ichimoku-Dashboard-MT5 (expected: 252)
2025-04-27 11:29:35,016 - INFO - Created 252 INI files for EA Ichimoku-Scanner (expected: 252)
2025-04-27 11:29:35,211 - INFO - Created 252 INI files for EA Ichimoku-Scanner-MT5 (expected: 252)
2025-04-27 11:29:35,435 - INFO - Created 252 INI files for EA Ichimoku-Signals-and-Alert (expected: 252)
2025-04-27 11:29:35,626 - INFO - Created 252 INI files for EA IchimokuMTF-EA (expected: 252)
2025-04-27 11:29:35,791 - INFO - Created 252 INI files for EA Ilan-iMA (expected: 252)
2025-04-27 11:29:36,109 - INFO - Created 252 INI files for EA Ilan1.4 (expected: 252)
2025-04-27 11:29:36,292 - INFO - Created 252 INI files for EA iMA-iStdDev (expected: 252)
2025-04-27 11:29:36,442 - INFO - Created 252 INI files for EA Indices-Tester (expected: 252)
2025-04-27 11:29:36,592 - INFO - Created 252 INI files for EA Inka-20Edho-20EA (expected: 252)
2025-04-27 11:29:36,750 - INFO - Created 252 INI files for EA Intersection-2-iMA (expected: 252)
2025-04-27 11:29:36,904 - INFO - Created 252 INI files for EA IStochastic-Trading (expected: 252)
2025-04-27 11:29:37,067 - INFO - Created 252 INI files for EA Ivan (expected: 252)
2025-04-27 11:29:37,232 - INFO - Created 252 INI files for EA iVIDyA-Simple (expected: 252)
2025-04-27 11:29:37,377 - INFO - Created 252 INI files for EA Jackpot-Strategy-EA (expected: 252)
2025-04-27 11:29:37,542 - INFO - Created 252 INI files for EA JackPot-Strategy-Elite (expected: 252)
2025-04-27 11:29:37,702 - INFO - Created 252 INI files for EA JK-BullP-AutoTrader (expected: 252)
2025-04-27 11:29:37,863 - INFO - Created 252 INI files for EA JS-Chaos (expected: 252)
2025-04-27 11:29:38,029 - INFO - Created 252 INI files for EA JS-MA-Day (expected: 252)
2025-04-27 11:29:38,179 - INFO - Created 252 INI files for EA JS-MA-SAR-Trades (expected: 252)
2025-04-27 11:29:38,328 - INFO - Created 252 INI files for EA JS-MA-SAR-Trades-EA-MT5-YoforexPremium (expected: 252)
2025-04-27 11:29:38,505 - INFO - Created 252 INI files for EA JS-MA-SAR-Trades-Yoforexpremium (expected: 252)
2025-04-27 11:29:38,687 - INFO - Created 252 INI files for EA Juggernaut (expected: 252)
2025-04-27 11:29:39,000 - INFO - Created 252 INI files for EA KA-Gold-Bot (expected: 252)
2025-04-27 11:29:39,201 - INFO - Created 252 INI files for EA KueFx-20Arrows (expected: 252)
2025-04-27 11:29:39,370 - INFO - Created 252 INI files for EA KueFx-20Baseline (expected: 252)
2025-04-27 11:29:39,524 - INFO - Created 252 INI files for EA KueFx-Arrows (expected: 252)
2025-04-27 11:29:39,662 - INFO - Created 252 INI files for EA KueFx-Arrows-20EA (expected: 252)
2025-04-27 11:29:39,797 - INFO - Created 252 INI files for EA KueFx-Arrows-EA (expected: 252)
2025-04-27 11:29:39,945 - INFO - Created 252 INI files for EA KueFx-Baseline (expected: 252)
2025-04-27 11:29:40,097 - INFO - Created 252 INI files for EA KueFx-Baseline-EA (expected: 252)
2025-04-27 11:29:40,245 - INFO - Created 252 INI files for EA KueFx-Clean-2025-EA (expected: 252)
2025-04-27 11:29:40,389 - INFO - Created 252 INI files for EA KueFxTrend-20EA (expected: 252)
2025-04-27 11:29:40,520 - INFO - Created 252 INI files for EA KueFxTrend-EA (expected: 252)
2025-04-27 11:29:40,654 - INFO - Created 252 INI files for EA KueFx_Arrows_EA_v1.10 (expected: 252)
2025-04-27 11:29:40,816 - INFO - Created 252 INI files for EA KueFx_Baseline_EA_v1.10 (expected: 252)
2025-04-27 11:29:40,974 - INFO - Created 252 INI files for EA Kue-Electric-EA (expected: 252)
2025-04-27 11:29:41,120 - INFO - Created 252 INI files for EA KueFx-Extreme-EA (expected: 252)
2025-04-27 11:29:41,277 - INFO - Created 252 INI files for EA KueFx-Harare-EA (expected: 252)
2025-04-27 11:29:41,447 - INFO - Created 252 INI files for EA KueFX-Money-Management (expected: 252)
2025-04-27 11:29:41,630 - INFO - Created 252 INI files for EA KueFx-Motor (expected: 252)
2025-04-27 11:29:41,823 - INFO - Created 252 INI files for EA KueFx-Motor-EA (expected: 252)
2025-04-27 11:29:41,971 - INFO - Created 252 INI files for EA KueFx-Trend (expected: 252)
2025-04-27 11:29:42,177 - INFO - Created 252 INI files for EA LarryConnersRSI2 (expected: 252)
2025-04-27 11:29:42,380 - INFO - Created 252 INI files for EA Last-ZZ50 (expected: 252)
2025-04-27 11:29:42,537 - INFO - Created 252 INI files for EA Lavika100 (expected: 252)
2025-04-27 11:29:42,693 - INFO - Created 252 INI files for EA LazyBot-MT5 (expected: 252)
2025-04-27 11:29:42,851 - INFO - Created 252 INI files for EA LBS (expected: 252)
2025-04-27 11:29:43,031 - INFO - Created 252 INI files for EA Lego-EA (expected: 252)
2025-04-27 11:29:43,168 - INFO - Created 252 INI files for EA Lesson-3-Price-Action (expected: 252)
2025-04-27 11:29:43,318 - INFO - Created 252 INI files for EA Lesson-4-Price-Action-MA-Filter (expected: 252)
2025-04-27 11:29:43,469 - INFO - Created 252 INI files for EA Lesson-6-Trailling-ATR (expected: 252)
2025-04-27 11:29:43,631 - INFO - Created 252 INI files for EA Lesson-7-Price-action-Ket-hop-Volume-VSA (expected: 252)
2025-04-27 11:29:43,801 - INFO - Created 252 INI files for EA Little-EA (expected: 252)
2025-04-27 11:29:43,988 - INFO - Created 252 INI files for EA Lock (expected: 252)
2025-04-27 11:29:44,144 - INFO - Created 252 INI files for EA Locker (expected: 252)
2025-04-27 11:29:44,306 - INFO - Created 252 INI files for EA Lucky (expected: 252)
2025-04-27 11:29:44,492 - INFO - Created 252 INI files for EA M.A-break-mt5-buy (expected: 252)
2025-04-27 11:29:44,652 - INFO - Created 252 INI files for EA M.A-break-mt5-sell (expected: 252)
2025-04-27 11:29:44,814 - INFO - Created 252 INI files for EA MA MACD Position averaging v2 (expected: 252)
2025-04-27 11:29:44,981 - INFO - Created 252 INI files for EA MA-20Alert (expected: 252)
2025-04-27 11:29:45,129 - INFO - Created 252 INI files for EA MA-20AO-20Arrow (expected: 252)
2025-04-27 11:29:45,276 - INFO - Created 252 INI files for EA MA-Cross (expected: 252)
2025-04-27 11:29:45,426 - INFO - Created 252 INI files for EA MA-Envelopes (expected: 252)
2025-04-27 11:29:45,585 - INFO - Created 252 INI files for EA MA-MACD-Position-averaging (expected: 252)
2025-04-27 11:29:45,752 - INFO - Created 252 INI files for EA MA-Trend (expected: 252)
2025-04-27 11:29:45,887 - INFO - Created 252 INI files for EA MA2CCI (expected: 252)
2025-04-27 11:29:46,054 - INFO - Created 252 INI files for EA MACD (expected: 252)
2025-04-27 11:29:46,206 - INFO - Created 252 INI files for EA MACD-and-SAR (expected: 252)
2025-04-27 11:29:46,363 - INFO - Created 252 INI files for EA MACD-Cleaner (expected: 252)
2025-04-27 11:29:46,545 - INFO - Created 252 INI files for EA Macd-diver-and-rsi-mt5 (expected: 252)
2025-04-27 11:29:46,721 - INFO - Created 252 INI files for EA MACD-No-Sample (expected: 252)
2025-04-27 11:29:46,872 - INFO - Created 252 INI files for EA MACD-signal (expected: 252)
2025-04-27 11:29:47,053 - INFO - Created 252 INI files for EA MACD-Stochastic (expected: 252)
2025-04-27 11:29:47,243 - INFO - Created 252 INI files for EA MACD-Stochastic-2 (expected: 252)
2025-04-27 11:29:47,415 - INFO - Created 252 INI files for EA MACD-wonder (expected: 252)
2025-04-27 11:29:47,566 - INFO - Created 252 INI files for EA MACD-EA-H4 (expected: 252)
2025-04-27 11:29:47,771 - INFO - Created 252 INI files for EA MACD-wonder-YoforexPremium (expected: 252)
2025-04-27 11:29:48,003 - INFO - Created 252 INI files for EA MACDCCI (expected: 252)
2025-04-27 11:29:48,196 - INFO - Created 252 INI files for EA MacdPatternTraderAll (expected: 252)
2025-04-27 11:29:48,366 - INFO - Created 252 INI files for EA MacdPatternTraderAll0.01 (expected: 252)
2025-04-27 11:29:48,557 - INFO - Created 252 INI files for EA MagneticBrake (expected: 252)
2025-04-27 11:29:48,716 - INFO - Created 252 INI files for EA MagneticStopExpert (expected: 252)
2025-04-27 11:29:48,857 - INFO - Created 252 INI files for EA MAGrid (expected: 252)
2025-04-27 11:29:49,010 - INFO - Created 252 INI files for EA MAMACD (expected: 252)
2025-04-27 11:29:49,159 - INFO - Created 252 INI files for EA Mariner-MT5 (expected: 252)
2025-04-27 11:29:49,323 - INFO - Created 252 INI files for EA MA-AO-EA (expected: 252)
2025-04-27 11:29:49,496 - INFO - Created 252 INI files for EA Market-Capture (expected: 252)
2025-04-27 11:29:49,650 - INFO - Created 252 INI files for EA Martin (expected: 252)
2025-04-27 11:29:49,801 - INFO - Created 252 INI files for EA Martin-1 (expected: 252)
2025-04-27 11:29:49,931 - INFO - Created 252 INI files for EA Martin-for-small-deposits (expected: 252)
2025-04-27 11:29:50,088 - INFO - Created 252 INI files for EA MartingailExpert (expected: 252)
2025-04-27 11:29:50,230 - INFO - Created 252 INI files for EA MartinGaleBreakout (expected: 252)
2025-04-27 11:29:50,375 - INFO - Created 252 INI files for EA Marubozu (expected: 252)
2025-04-27 11:29:50,522 - INFO - Created 252 INI files for EA Marubozu-EA (expected: 252)
2025-04-27 11:29:50,663 - INFO - Created 252 INI files for EA Marubozu_EA_v1.10 (expected: 252)
2025-04-27 11:29:50,819 - INFO - Created 252 INI files for EA ma-channels (expected: 252)
2025-04-27 11:29:50,958 - INFO - Created 252 INI files for EA Ma-Crosses-MT5 (expected: 252)
2025-04-27 11:29:51,101 - INFO - Created 252 INI files for EA MA-Crossover-mt5-20EA (expected: 252)
2025-04-27 11:29:51,274 - INFO - Created 252 INI files for EA MelBar-EuSwiss-1.85 (expected: 252)
2025-04-27 11:29:51,440 - INFO - Created 252 INI files for EA MelBarTTake325-T-5.5Y-NZD-USD.ex5 (expected: 252)
2025-04-27 11:29:51,606 - INFO - Created 252 INI files for EA MelBarTTake325-T-5.5Y-NZD-USD.mq5 (expected: 252)
2025-04-27 11:29:51,781 - INFO - Created 252 INI files for EA MelBar™Take325-™-5.5Y-NZD-USD (expected: 252)
2025-04-27 11:29:51,951 - INFO - Created 252 INI files for EA Minning-GoldMT5-Yoforexpremium (expected: 252)
2025-04-27 11:29:52,095 - INFO - Created 252 INI files for EA Mobo-Bands (expected: 252)
2025-04-27 11:29:52,235 - INFO - Created 252 INI files for EA Mobo-Bands-EA (expected: 252)
2025-04-27 11:29:52,388 - INFO - Created 252 INI files for EA Modified-Moving-Averages (expected: 252)
2025-04-27 11:29:52,548 - INFO - Created 252 INI files for EA Momentum-M15 (expected: 252)
2025-04-27 11:29:52,676 - INFO - Created 252 INI files for EA Momo-trades (expected: 252)
2025-04-27 11:29:52,818 - INFO - Created 252 INI files for EA Money-Fixed-Margin (expected: 252)
2025-04-27 11:29:52,973 - INFO - Created 252 INI files for EA Money-Fixed-Risk (expected: 252)
2025-04-27 11:29:53,139 - INFO - Created 252 INI files for EA MoneyRain (expected: 252)
2025-04-27 11:29:53,300 - INFO - Created 252 INI files for EA Morning-evening-star-EA (expected: 252)
2025-04-27 11:29:53,463 - INFO - Created 252 INI files for EA MostasHaR15-Pivot (expected: 252)
2025-04-27 11:29:53,643 - INFO - Created 252 INI files for EA Moving-Average-Trade-System (expected: 252)
2025-04-27 11:29:53,807 - INFO - Created 252 INI files for EA Moving-Averages (expected: 252)
2025-04-27 11:29:53,980 - INFO - Created 252 INI files for EA Moving-20average-20and-20ichimoku-20EA (expected: 252)
2025-04-27 11:29:54,130 - INFO - Created 252 INI files for EA MovingAverage (expected: 252)
2025-04-27 11:29:54,287 - INFO - Created 252 INI files for EA MovingAverageMartinGale (expected: 252)
2025-04-27 11:29:54,425 - INFO - Created 252 INI files for EA MQL5-Wizard-MA-RSI (expected: 252)
2025-04-27 11:29:54,572 - INFO - Created 252 INI files for EA MQL5-Wizard-MACD-Parabolic-SAR (expected: 252)
2025-04-27 11:29:54,725 - INFO - Created 252 INI files for EA MT45 (expected: 252)
2025-04-27 11:29:54,879 - INFO - Created 252 INI files for EA MT5-CoupleHedgeEA (expected: 252)
2025-04-27 11:29:55,104 - INFO - Created 252 INI files for EA MT5-RingSystemEA (expected: 252)
2025-04-27 11:29:55,286 - INFO - Created 252 INI files for EA Mt5-williams-directional-index-EA (expected: 252)
2025-04-27 11:29:55,433 - INFO - Created 252 INI files for EA MTC-Сombo (expected: 252)
2025-04-27 11:29:55,590 - INFO - Created 252 INI files for EA Multi-Stochastic (expected: 252)
2025-04-27 11:29:55,751 - INFO - Created 252 INI files for EA Multi-Trader-BC-Robot (expected: 252)
2025-04-27 11:29:55,905 - INFO - Created 252 INI files for EA MultiMartin (expected: 252)
2025-04-27 11:29:56,059 - INFO - Created 252 INI files for EA MySystem (expected: 252)
2025-04-27 11:29:56,203 - INFO - Created 252 INI files for EA N Candles v2 (expected: 252)
2025-04-27 11:29:56,358 - INFO - Created 252 INI files for EA N Candles v3 (expected: 252)
2025-04-27 11:29:56,497 - INFO - Created 252 INI files for EA N Candles v4 (expected: 252)
2025-04-27 11:29:56,654 - INFO - Created 252 INI files for EA N Candles v5 (expected: 252)
2025-04-27 11:29:56,812 - INFO - Created 252 INI files for EA N-Candles (expected: 252)
2025-04-27 11:29:56,971 - INFO - Created 252 INI files for EA N-_Candles_v7 (expected: 252)
2025-04-27 11:29:57,120 - INFO - Created 252 INI files for EA Nevalyashka (expected: 252)
2025-04-27 11:29:57,274 - INFO - Created 252 INI files for EA Nevalyashka-BreakdownLevel (expected: 252)
2025-04-27 11:29:57,424 - INFO - Created 252 INI files for EA Nevalyashka3-1 (expected: 252)
2025-04-27 11:29:57,569 - INFO - Created 252 INI files for EA New-Martin (expected: 252)
2025-04-27 11:29:57,709 - INFO - Created 252 INI files for EA New-Random (expected: 252)
2025-04-27 11:29:57,847 - INFO - Created 252 INI files for EA Nextbar (expected: 252)
2025-04-27 11:29:58,068 - INFO - Created 252 INI files for EA Night-Flat-Trade (expected: 252)
2025-04-27 11:29:58,287 - INFO - Created 252 INI files for EA NightScalper (expected: 252)
2025-04-27 11:29:58,453 - INFO - Created 252 INI files for EA NRTR-Revers (expected: 252)
2025-04-27 11:29:58,627 - INFO - Created 252 INI files for EA NSK-SWING-EA-MT5-Yoforexpremium (expected: 252)
2025-04-27 11:29:58,788 - INFO - Created 252 INI files for EA NSK-SWING-EA-Yoforexpremium (expected: 252)
2025-04-27 11:29:58,940 - INFO - Created 252 INI files for EA NUp1Down (expected: 252)
2025-04-27 11:29:59,111 - INFO - Created 252 INI files for EA Open-Candle-EA (expected: 252)
2025-04-27 11:29:59,264 - INFO - Created 252 INI files for EA Open-Close (expected: 252)
2025-04-27 11:29:59,523 - INFO - Created 252 INI files for EA Opening-and-ilosing-on-time (expected: 252)
2025-04-27 11:29:59,735 - INFO - Created 252 INI files for EA Opening-and-Сlosing-on-time (expected: 252)
2025-04-27 11:29:59,911 - INFO - Created 252 INI files for EA OpenPendingorderAfterPositionGetStopLoss (expected: 252)
2025-04-27 11:30:00,073 - INFO - Created 252 INI files for EA OpenTicks (expected: 252)
2025-04-27 11:30:00,268 - INFO - Created 252 INI files for EA optimization-result (expected: 252)
2025-04-27 11:30:00,435 - INFO - Created 252 INI files for EA ORB-EA-BOX (expected: 252)
2025-04-27 11:30:00,610 - INFO - Created 252 INI files for EA OsMaSter (expected: 252)
2025-04-27 11:30:00,788 - INFO - Created 252 INI files for EA OTT-20AND-20PRICE-20CROSS-20EA (expected: 252)
2025-04-27 11:30:00,939 - INFO - Created 252 INI files for EA OverHedge (expected: 252)
2025-04-27 11:30:01,105 - INFO - Created 252 INI files for EA OzFx (expected: 252)
2025-04-27 11:30:01,289 - INFO - Created 252 INI files for EA Par-20sar-20mt5-201 (expected: 252)
2025-04-27 11:30:01,457 - INFO - Created 252 INI files for EA Parabolic-SAR (expected: 252)
2025-04-27 11:30:01,617 - INFO - Created 252 INI files for EA PARSI-EA (expected: 252)
2025-04-27 11:30:01,795 - INFO - Created 252 INI files for EA Peceptron-Mult (expected: 252)
2025-04-27 11:30:01,967 - INFO - Created 252 INI files for EA Pending-orders-by-time (expected: 252)
2025-04-27 11:30:02,138 - INFO - Created 252 INI files for EA Pending-orders-by-time-2 (expected: 252)
2025-04-27 11:30:02,284 - INFO - Created 252 INI files for EA Pendulum (expected: 252)
2025-04-27 11:30:02,442 - INFO - Created 252 INI files for EA Pinball-machine (expected: 252)
2025-04-27 11:30:02,606 - INFO - Created 252 INI files for EA Pinbar-Magic-EA (expected: 252)
2025-04-27 11:30:02,769 - INFO - Created 252 INI files for EA PinBar-Magic-Indicator (expected: 252)
2025-04-27 11:30:02,936 - INFO - Created 252 INI files for EA Pipsover (expected: 252)
2025-04-27 11:30:03,092 - INFO - Created 252 INI files for EA Plan-X (expected: 252)
2025-04-27 11:30:03,251 - INFO - Created 252 INI files for EA Plateau (expected: 252)
2025-04-27 11:30:03,421 - INFO - Created 252 INI files for EA Poker-SHOW (expected: 252)
2025-04-27 11:30:03,585 - INFO - Created 252 INI files for EA POVERTY-KILLER-GHOSTMT5-YoForexPremium (expected: 252)
2025-04-27 11:30:03,761 - INFO - Created 252 INI files for EA POW-BANKER-EA-MT5-4170-with-SetFiles-YoForexPremium (expected: 252)
2025-04-27 11:30:03,925 - INFO - Created 252 INI files for EA Precipice (expected: 252)
2025-04-27 11:30:04,121 - INFO - Created 252 INI files for EA Precipice-MartIn (expected: 252)
2025-04-27 11:30:04,301 - INFO - Created 252 INI files for EA PrizmaL-Pro-EAMT5-YoforexPremium (expected: 252)
2025-04-27 11:30:04,468 - INFO - Created 252 INI files for EA Probe (expected: 252)
2025-04-27 11:30:04,610 - INFO - Created 252 INI files for EA Proffessor (expected: 252)
2025-04-27 11:30:04,751 - INFO - Created 252 INI files for EA PropFirmHelper (expected: 252)
2025-04-27 11:30:04,920 - INFO - Created 252 INI files for EA PROphet (expected: 252)
2025-04-27 11:30:05,088 - INFO - Created 252 INI files for EA Puria-method (expected: 252)
2025-04-27 11:30:05,244 - INFO - Created 252 INI files for EA Rabbit3 (expected: 252)
2025-04-27 11:30:05,406 - INFO - Created 252 INI files for EA Range-Breakout (expected: 252)
2025-04-27 11:30:05,551 - INFO - Created 252 INI files for EA Rapid-Doji-EA (expected: 252)
2025-04-27 11:30:05,697 - INFO - Created 252 INI files for EA Raymond-Cloudy-Day-for-EA (expected: 252)
2025-04-27 11:30:05,888 - INFO - Created 252 INI files for EA RedDragon-v.1.03 (expected: 252)
2025-04-27 11:30:06,069 - INFO - Created 252 INI files for EA Reflex (expected: 252)
2025-04-27 11:30:06,243 - INFO - Created 252 INI files for EA Reflex-EA (expected: 252)
2025-04-27 11:30:06,393 - INFO - Created 252 INI files for EA REFLEX-INDICATOR (expected: 252)
2025-04-27 11:30:06,536 - INFO - Created 252 INI files for EA Reversing-Martingale (expected: 252)
2025-04-27 11:30:06,685 - INFO - Created 252 INI files for EA RideAlligator (expected: 252)
2025-04-27 11:30:06,833 - INFO - Created 252 INI files for EA RNN (expected: 252)
2025-04-27 11:30:06,993 - INFO - Created 252 INI files for EA RobotPowerM5-meta4 (expected: 252)
2025-04-27 11:30:07,134 - INFO - Created 252 INI files for EA Robot-MACD (expected: 252)
2025-04-27 11:30:07,275 - INFO - Created 252 INI files for EA Rollback-system (expected: 252)
2025-04-27 11:30:07,414 - INFO - Created 252 INI files for EA RSI EA v2 (expected: 252)
2025-04-27 11:30:07,586 - INFO - Created 252 INI files for EA RSI-and-Bollinger-Bands (expected: 252)
2025-04-27 11:30:07,750 - INFO - Created 252 INI files for EA RSI-Arrow (expected: 252)
2025-04-27 11:30:07,910 - INFO - Created 252 INI files for EA RSI-Bollinger-Bands-EA (expected: 252)
2025-04-27 11:30:08,056 - INFO - Created 252 INI files for EA RSI-EA (expected: 252)
2025-04-27 11:30:08,196 - INFO - Created 252 INI files for EA RSI-Eraser (expected: 252)
2025-04-27 11:30:08,335 - INFO - Created 252 INI files for EA RSI-Levels (expected: 252)
2025-04-27 11:30:08,483 - INFO - Created 252 INI files for EA RSI-trader (expected: 252)
2025-04-27 11:30:08,629 - INFO - Created 252 INI files for EA RSI-Arrow-EA (expected: 252)
2025-04-27 11:30:08,784 - INFO - Created 252 INI files for EA RSI-Expert (expected: 252)
2025-04-27 11:30:08,959 - INFO - Created 252 INI files for EA RSI-Trend (expected: 252)
2025-04-27 11:30:09,117 - INFO - Created 252 INI files for EA RSI-Trend-EA (expected: 252)
2025-04-27 11:30:09,278 - INFO - Created 252 INI files for EA RSI-with-channels (expected: 252)
2025-04-27 11:30:09,444 - INFO - Created 252 INI files for EA RSI-with-channels-EA (expected: 252)
2025-04-27 11:30:09,605 - INFO - Created 252 INI files for EA RSI_Expert_v2.0 (expected: 252)
2025-04-27 11:30:09,770 - INFO - Created 252 INI files for EA Russian20-hp1 (expected: 252)
2025-04-27 11:30:09,931 - INFO - Created 252 INI files for EA SampleCheckPendingOrder (expected: 252)
2025-04-27 11:30:10,097 - INFO - Created 252 INI files for EA SampleTrailingstop-MT5 (expected: 252)
2025-04-27 11:30:10,261 - INFO - Created 252 INI files for EA SAR-trading (expected: 252)
2025-04-27 11:30:10,413 - INFO - Created 252 INI files for EA Secwenta (expected: 252)
2025-04-27 11:30:10,584 - INFO - Created 252 INI files for EA Sell-Stop (expected: 252)
2025-04-27 11:30:10,989 - INFO - Created 252 INI files for EA Sensitive (expected: 252)
2025-04-27 11:30:11,161 - INFO - Created 252 INI files for EA Separate-trade (expected: 252)
2025-04-27 11:30:11,303 - INFO - Created 252 INI files for EA SilverTrend (expected: 252)
2025-04-27 11:30:11,459 - INFO - Created 252 INI files for EA Simple-20Price-20Alert-20-20EA (expected: 252)
2025-04-27 11:30:11,674 - INFO - Created 252 INI files for EA Simple-20Volume-20EA (expected: 252)
2025-04-27 11:30:11,842 - INFO - Created 252 INI files for EA Simple-EA-MA-plus-MACD (expected: 252)
2025-04-27 11:30:12,022 - INFO - Created 252 INI files for EA Simple-FX (expected: 252)
2025-04-27 11:30:12,217 - INFO - Created 252 INI files for EA Simple-MACD (expected: 252)
2025-04-27 11:30:12,400 - INFO - Created 252 INI files for EA Simple-Volume-EA (expected: 252)
2025-04-27 11:30:12,563 - INFO - Created 252 INI files for EA SimplePivot (expected: 252)
2025-04-27 11:30:12,757 - INFO - Created 252 INI files for EA Simplest-Hedging-EA-ever (expected: 252)
2025-04-27 11:30:12,994 - INFO - Created 252 INI files for EA SimpleTrade (expected: 252)
2025-04-27 11:30:13,159 - INFO - Created 252 INI files for EA Six-Soldiers (expected: 252)
2025-04-27 11:30:13,314 - INFO - Created 252 INI files for EA Six-Soldiers-EA (expected: 252)
2025-04-27 11:30:13,465 - INFO - Created 252 INI files for EA Six-Soldiers-EA-Grid (expected: 252)
2025-04-27 11:30:13,622 - INFO - Created 252 INI files for EA Small-Inside-Bar-Strategy (expected: 252)
2025-04-27 11:30:13,768 - INFO - Created 252 INI files for EA Smart-Machine-20EA (expected: 252)
2025-04-27 11:30:13,926 - INFO - Created 252 INI files for EA Smoothing-Average (expected: 252)
2025-04-27 11:30:14,090 - INFO - Created 252 INI files for EA sound (expected: 252)
2025-04-27 11:30:14,248 - INFO - Created 252 INI files for EA Sound-Fx (expected: 252)
2025-04-27 11:30:14,431 - INFO - Created 252 INI files for EA Spasm (expected: 252)
2025-04-27 11:30:14,588 - INFO - Created 252 INI files for EA Sprd-mt5-20EA (expected: 252)
2025-04-27 11:30:14,741 - INFO - Created 252 INI files for EA SPYDER-EA-V-6.1-MT5-YoforexPremium (expected: 252)
2025-04-27 11:30:14,913 - INFO - Created 252 INI files for EA ssb5-123 (expected: 252)
2025-04-27 11:30:15,093 - INFO - Created 252 INI files for EA Stargogs-Ghost-Spike-Robot-EAMT5-YoForexPremium (expected: 252)
2025-04-27 11:30:15,278 - INFO - Created 252 INI files for EA Stargogs-Pay-EA-MT5-YoforexPremium (expected: 252)
2025-04-27 11:30:15,444 - INFO - Created 252 INI files for EA Starter (expected: 252)
2025-04-27 11:30:15,618 - INFO - Created 252 INI files for EA Steve-Cartwright-Trader-Camel-CCI-MACD (expected: 252)
2025-04-27 11:30:15,800 - INFO - Created 252 INI files for EA Stoch (expected: 252)
2025-04-27 11:30:15,968 - INFO - Created 252 INI files for EA Stoch-EA-1192 (expected: 252)
2025-04-27 11:30:16,124 - INFO - Created 252 INI files for EA Stochastic-20Alert (expected: 252)
2025-04-27 11:30:16,294 - INFO - Created 252 INI files for EA Stochastic-K-Divergence.lua (expected: 252)
2025-04-27 11:30:16,460 - INFO - Created 252 INI files for EA stochastic-three-periods (expected: 252)
2025-04-27 11:30:16,628 - INFO - Created 252 INI files for EA stochasticdiffsign (expected: 252)
2025-04-27 11:30:16,794 - INFO - Created 252 INI files for EA StochasticDiffSign-EA (expected: 252)
2025-04-27 11:30:16,943 - INFO - Created 252 INI files for EA StochMA (expected: 252)
2025-04-27 11:30:17,104 - INFO - Created 252 INI files for EA StochMA-EA (expected: 252)
2025-04-27 11:30:17,250 - INFO - Created 252 INI files for EA Stop-Loss-Take-Profit (expected: 252)
2025-04-27 11:30:17,416 - INFO - Created 252 INI files for EA StraddleqTrail (expected: 252)
2025-04-27 11:30:17,634 - INFO - Created 252 INI files for EA Strategie-Boom-Crash-System-MT5-YoForexPremium (expected: 252)
2025-04-27 11:30:17,931 - INFO - Created 252 INI files for EA SUPER-TURBO-EAMT5-YoForexPremium (expected: 252)
2025-04-27 11:30:18,140 - INFO - Created 252 INI files for EA Surefirething (expected: 252)
2025-04-27 11:30:18,310 - INFO - Created 252 INI files for EA TAILOR-EA-MT5-YoForexPremium (expected: 252)
2025-04-27 11:30:18,501 - INFO - Created 252 INI files for EA TAKASHI-SNIPEREA-MT5-yYoForexPremium (expected: 252)
2025-04-27 11:30:18,672 - INFO - Created 252 INI files for EA TDSGlobal (expected: 252)
2025-04-27 11:30:18,847 - INFO - Created 252 INI files for EA The-MasterMind (expected: 252)
2025-04-27 11:30:19,019 - INFO - Created 252 INI files for EA The-MasterMind-2 (expected: 252)
2025-04-27 11:30:19,198 - INFO - Created 252 INI files for EA The-MasterMind-3 (expected: 252)
2025-04-27 11:30:19,361 - INFO - Created 252 INI files for EA The-Puncher (expected: 252)
2025-04-27 11:30:19,526 - INFO - Created 252 INI files for EA TheClassicTurtleTrader-no-dots (expected: 252)
2025-04-27 11:30:19,692 - INFO - Created 252 INI files for EA TheClassicTurtleTrader-no-dots-EA (expected: 252)
2025-04-27 11:30:19,854 - INFO - Created 252 INI files for EA Thomas-EA-MT5-YoForexPremium (expected: 252)
2025-04-27 11:30:20,010 - INFO - Created 252 INI files for EA Three-indicators (expected: 252)
2025-04-27 11:30:20,165 - INFO - Created 252 INI files for EA Three-neural-networks (expected: 252)
2025-04-27 11:30:20,319 - INFO - Created 252 INI files for EA Three-timeframes (expected: 252)
2025-04-27 11:30:20,469 - INFO - Created 252 INI files for EA Three-Typical-Candles (expected: 252)
2025-04-27 11:30:20,619 - INFO - Created 252 INI files for EA Time-bomb-mt5-1 (expected: 252)
2025-04-27 11:30:20,773 - INFO - Created 252 INI files for EA Time-sync-forts (expected: 252)
2025-04-27 11:30:20,963 - INFO - Created 252 INI files for EA timer-trade (expected: 252)
2025-04-27 11:30:21,125 - INFO - Created 252 INI files for EA Titan-X-21.18-EA-MT5 (expected: 252)
2025-04-27 11:30:21,298 - INFO - Created 252 INI files for EA TMA-ATR-Channel (expected: 252)
2025-04-27 11:30:21,446 - INFO - Created 252 INI files for EA TMA-ATR-EA (expected: 252)
2025-04-27 11:30:21,607 - INFO - Created 252 INI files for EA TMA-CG-EA (expected: 252)
2025-04-27 11:30:21,755 - INFO - Created 252 INI files for EA TMA-CG-Martingale-20EA (expected: 252)
2025-04-27 11:30:21,913 - INFO - Created 252 INI files for EA TMA-CG-mladen (expected: 252)
2025-04-27 11:30:22,064 - INFO - Created 252 INI files for EA TmaTrue-2.0-with-Distances-6xx (expected: 252)
2025-04-27 11:30:22,224 - INFO - Created 252 INI files for EA TmaTrue-3.0-with-Distances-6xx (expected: 252)
2025-04-27 11:30:22,363 - INFO - Created 252 INI files for EA TMA-CG-special (expected: 252)
2025-04-27 11:30:22,527 - INFO - Created 252 INI files for EA TMA-slope-bands (expected: 252)
2025-04-27 11:30:22,685 - INFO - Created 252 INI files for EA TP-with-money (expected: 252)
2025-04-27 11:30:22,842 - INFO - Created 252 INI files for EA Trade-in-Channel (expected: 252)
2025-04-27 11:30:22,996 - INFO - Created 252 INI files for EA Trade-on-qualified-RSI (expected: 252)
2025-04-27 11:30:23,140 - INFO - Created 252 INI files for EA Trade-Republic-1.75-MT5 (expected: 252)
2025-04-27 11:30:23,281 - INFO - Created 252 INI files for EA Trading-Breakout-MrThanhTan (expected: 252)
2025-04-27 11:30:23,422 - INFO - Created 252 INI files for EA Trend-Trader-Strategy (expected: 252)
2025-04-27 11:30:23,569 - INFO - Created 252 INI files for EA Trend-Trader-Strategy-EA (expected: 252)
2025-04-27 11:30:23,725 - INFO - Created 252 INI files for EA True-Scalper-Profit-Lock (expected: 252)
2025-04-27 11:30:23,899 - INFO - Created 252 INI files for EA Tru-EA (expected: 252)
2025-04-27 11:30:24,068 - INFO - Created 252 INI files for EA TrueSort-1100 (expected: 252)
2025-04-27 11:30:24,220 - INFO - Created 252 INI files for EA Tunnel-gen4 (expected: 252)
2025-04-27 11:30:24,374 - INFO - Created 252 INI files for EA Tunnel-Method (expected: 252)
2025-04-27 11:30:24,527 - INFO - Created 252 INI files for EA Tunnel-Vision-2024-EA-MT5-YoForexPremium (expected: 252)
2025-04-27 11:30:24,669 - INFO - Created 252 INI files for EA TurnGrid (expected: 252)
2025-04-27 11:30:24,839 - INFO - Created 252 INI files for EA Two-20MA-20RSI-20ADX-20EA (expected: 252)
2025-04-27 11:30:25,004 - INFO - Created 252 INI files for EA Two-20Orders-20Panel (expected: 252)
2025-04-27 11:30:25,211 - INFO - Created 252 INI files for EA Two-pending-orders-2 (expected: 252)
2025-04-27 11:30:25,479 - INFO - Created 252 INI files for EA Two-PerBar (expected: 252)
2025-04-27 11:30:25,653 - INFO - Created 252 INI files for EA UnityPro (expected: 252)
2025-04-27 11:30:25,819 - INFO - Created 252 INI files for EA UniversalMACrossEA (expected: 252)
2025-04-27 11:30:26,010 - INFO - Created 252 INI files for EA UniversalSignalDemo (expected: 252)
2025-04-27 11:30:26,174 - INFO - Created 252 INI files for EA Universum-3.0 (expected: 252)
2025-04-27 11:30:26,334 - INFO - Created 252 INI files for EA UnNomGuai-20EA (expected: 252)
2025-04-27 11:30:26,501 - INFO - Created 252 INI files for EA up3x1 (expected: 252)
2025-04-27 11:30:26,653 - INFO - Created 252 INI files for EA up3x1-Investor (expected: 252)
2025-04-27 11:30:26,800 - INFO - Created 252 INI files for EA up3x1-premium-M (expected: 252)
2025-04-27 11:30:26,960 - INFO - Created 252 INI files for EA Upgraded-EA-CRASH-1000MT5-YoforexPremium (expected: 252)
2025-04-27 11:30:27,114 - INFO - Created 252 INI files for EA Urdala-Trol (expected: 252)
2025-04-27 11:30:27,266 - INFO - Created 252 INI files for EA Very-Blonde-System (expected: 252)
2025-04-27 11:30:27,423 - INFO - Created 252 INI files for EA Virtual-Trailing-Stop (expected: 252)
2025-04-27 11:30:27,581 - INFO - Created 252 INI files for EA VLT-TRADER (expected: 252)
2025-04-27 11:30:27,728 - INFO - Created 252 INI files for EA Volume-trader (expected: 252)
2025-04-27 11:30:27,885 - INFO - Created 252 INI files for EA Vortex-Indicator-System (expected: 252)
2025-04-27 11:30:28,059 - INFO - Created 252 INI files for EA VR-Overturn (expected: 252)
2025-04-27 11:30:28,230 - INFO - Created 252 INI files for EA VR-ZVER (expected: 252)
2025-04-27 11:30:28,398 - INFO - Created 252 INI files for EA VR-ZVER-v.2 (expected: 252)
2025-04-27 11:30:28,547 - INFO - Created 252 INI files for EA VZO (expected: 252)
2025-04-27 11:30:28,701 - INFO - Created 252 INI files for EA Waddah-Attar-Win (expected: 252)
2025-04-27 11:30:28,853 - INFO - Created 252 INI files for EA NSK-Swing (expected: 252)
2025-04-27 11:30:29,003 - INFO - Created 252 INI files for EA Simple-Trade (expected: 252)
2025-04-27 11:30:29,151 - INFO - Created 252 INI files for EA Two-Perbar (expected: 252)
2025-04-27 11:30:29,294 - INFO - Created 252 INI files for EA wagonKing1-EA (expected: 252)
2025-04-27 11:30:29,451 - INFO - Created 252 INI files for EA WE-TRUST (expected: 252)
2025-04-27 11:30:29,602 - INFO - Created 252 INI files for EA X-RSIOMA (expected: 252)
2025-04-27 11:30:29,763 - INFO - Created 252 INI files for EA XKPRMST-EA-MT5-YoForexPremium (expected: 252)
2025-04-27 11:30:29,929 - INFO - Created 252 INI files for EA XT-EURUSD-EA-MT5-YoForexPremium (expected: 252)
2025-04-27 11:30:30,080 - INFO - Created 252 INI files for EA Yesterday-Today (expected: 252)
2025-04-27 11:30:30,251 - INFO - Created 252 INI files for EA Yumnaa-Classic-EA-MT5-Setfiles-YoForexPremium (expected: 252)
2025-04-27 11:30:30,253 - INFO - Total EAs processed: 570
2025-04-27 11:30:30,253 - INFO - Total INI files created: 143640
2025-04-27 11:30:30,253 - INFO - Expected INIs per EA: 252
