2025-04-25 13:16:20,207 - INFO - Deleted INI directory: ini\Batch_0001\ea_10pips\ini
2025-04-25 13:16:20,208 - INFO - Deleted INI directory: ini\Batch_0001\ea_10pips_eur_usd\ini
2025-04-25 13:16:20,209 - INFO - Deleted INI directory: ini\Batch_0001\ea_1h_eur_usd\ini
2025-04-25 13:16:20,210 - INFO - Deleted INI directory: ini\Batch_0001\ea_21hour\ini
2025-04-25 13:16:20,211 - INFO - Deleted INI directory: ini\Batch_0001\ea_2hr_hl\ini
2025-04-25 13:16:20,211 - INFO - Deleted INI directory: ini\Batch_0001\ea_2ma_4level\ini
2025-04-25 13:16:20,212 - INFO - Deleted INI directory: ini\Batch_0001\ea_2ma_bunny_cross\ini
2025-04-25 13:16:20,224 - INFO - Deleted INI directory: ini\Batch_0001\ea_35pip_scalper\ini
2025-04-25 13:16:20,224 - INFO - Deleted INI directory: ini\Batch_0001\ea_3bars_highlow\ini
2025-04-25 13:16:20,225 - INFO - Deleted INI directory: ini\Batch_0001\ea_gbp_usd_m1_2001\ini
2025-04-25 13:16:20,226 - INFO - Deleted INI directory: ini\Batch_0002\ea_10pips\ini
2025-04-25 13:16:20,226 - INFO - Deleted INI directory: ini\Batch_0002\ea_10pips_eur_usd\ini
2025-04-25 13:16:20,227 - INFO - Deleted INI directory: ini\Batch_0002\ea_1h_eur_usd\ini
2025-04-25 13:16:20,228 - INFO - Deleted INI directory: ini\Batch_0002\ea_21hour\ini
2025-04-25 13:16:20,228 - INFO - Deleted INI directory: ini\Batch_0002\ea_2hr_hl\ini
2025-04-25 13:16:20,229 - INFO - Deleted INI directory: ini\Batch_0002\ea_2ma_4level\ini
2025-04-25 13:16:20,230 - INFO - Deleted INI directory: ini\Batch_0002\ea_2ma_bunny_cross\ini
2025-04-25 13:16:20,230 - INFO - Deleted INI directory: ini\Batch_0002\ea_35pip_scalper\ini
2025-04-25 13:16:20,231 - INFO - Deleted INI directory: ini\Batch_0002\ea_3bars_highlow\ini
2025-04-25 13:16:20,231 - INFO - Deleted INI directory: ini\Batch_0002\ea_gbp_usd_m1_2001\ini
2025-04-25 13:16:20,232 - INFO - Deleted INI directory: ini\Batch_0003\ea_10pips\ini
2025-04-25 13:16:20,232 - INFO - Deleted INI directory: ini\Batch_0003\ea_10pips_eur_usd\ini
2025-04-25 13:16:20,233 - INFO - Deleted INI directory: ini\Batch_0003\ea_1h_eur_usd\ini
2025-04-25 13:16:20,233 - INFO - Deleted INI directory: ini\Batch_0003\ea_21hour\ini
2025-04-25 13:16:20,234 - INFO - Deleted INI directory: ini\Batch_0003\ea_2hr_hl\ini
2025-04-25 13:16:20,234 - INFO - Deleted INI directory: ini\Batch_0003\ea_2ma_4level\ini
2025-04-25 13:16:20,235 - INFO - Deleted INI directory: ini\Batch_0003\ea_2ma_bunny_cross\ini
2025-04-25 13:16:20,236 - INFO - Deleted INI directory: ini\Batch_0003\ea_35pip_scalper\ini
2025-04-25 13:16:20,236 - INFO - Deleted INI directory: ini\Batch_0003\ea_3bars_highlow\ini
2025-04-25 13:16:20,237 - INFO - Deleted INI directory: ini\Batch_0003\ea_gbp_usd_m1_2001\ini
2025-04-25 13:16:20,237 - INFO - Deleted INI directory: ini\Batch_0004\ea_10pips\ini
2025-04-25 13:16:20,238 - INFO - Deleted INI directory: ini\Batch_0004\ea_10pips_eur_usd\ini
2025-04-25 13:16:20,238 - INFO - Deleted INI directory: ini\Batch_0004\ea_1h_eur_usd\ini
2025-04-25 13:16:20,239 - INFO - Deleted INI directory: ini\Batch_0004\ea_21hour\ini
2025-04-25 13:16:20,239 - INFO - Deleted INI directory: ini\Batch_0004\ea_2hr_hl\ini
2025-04-25 13:16:20,240 - INFO - Deleted INI directory: ini\Batch_0004\ea_2ma_4level\ini
2025-04-25 13:16:20,240 - INFO - Deleted INI directory: ini\Batch_0004\ea_2ma_bunny_cross\ini
2025-04-25 13:16:20,241 - INFO - Deleted INI directory: ini\Batch_0004\ea_35pip_scalper\ini
2025-04-25 13:16:20,242 - INFO - Deleted INI directory: ini\Batch_0004\ea_3bars_highlow\ini
2025-04-25 13:16:20,242 - INFO - Deleted INI directory: ini\Batch_0004\ea_gbp_usd_m1_2001\ini
2025-04-25 13:16:20,243 - INFO - Deleted INI directory: ini\Batch_0005\ea_10pips\ini
2025-04-25 13:16:20,243 - INFO - Deleted INI directory: ini\Batch_0005\ea_10pips_eur_usd\ini
2025-04-25 13:16:20,244 - INFO - Deleted INI directory: ini\Batch_0005\ea_1h_eur_usd\ini
2025-04-25 13:16:20,244 - INFO - Deleted INI directory: ini\Batch_0005\ea_21hour\ini
2025-04-25 13:16:20,245 - INFO - Deleted INI directory: ini\Batch_0005\ea_2hr_hl\ini
2025-04-25 13:16:20,246 - INFO - Deleted INI directory: ini\Batch_0005\ea_2ma_4level\ini
2025-04-25 13:16:20,246 - INFO - Deleted INI directory: ini\Batch_0005\ea_2ma_bunny_cross\ini
2025-04-25 13:16:20,247 - INFO - Deleted INI directory: ini\Batch_0005\ea_35pip_scalper\ini
2025-04-25 13:16:20,247 - INFO - Deleted INI directory: ini\Batch_0005\ea_3bars_highlow\ini
2025-04-25 13:16:20,248 - INFO - Deleted INI directory: ini\Batch_0005\ea_gbp_usd_m1_2001\ini
2025-04-25 13:16:20,249 - INFO - Deleted INI directory: ini\Batch_0006\ea_10pips\ini
2025-04-25 13:16:20,249 - INFO - Deleted INI directory: ini\Batch_0006\ea_10pips_eur_usd\ini
2025-04-25 13:16:20,250 - INFO - Deleted INI directory: ini\Batch_0006\ea_1h_eur_usd\ini
2025-04-25 13:16:20,250 - INFO - Deleted INI directory: ini\Batch_0006\ea_21hour\ini
2025-04-25 13:16:20,251 - INFO - Deleted INI directory: ini\Batch_0006\ea_2hr_hl\ini
2025-04-25 13:16:20,252 - INFO - Deleted INI directory: ini\Batch_0006\ea_2ma_4level\ini
2025-04-25 13:16:20,252 - INFO - Deleted INI directory: ini\Batch_0006\ea_2ma_bunny_cross\ini
2025-04-25 13:16:20,253 - INFO - Deleted INI directory: ini\Batch_0006\ea_35pip_scalper\ini
2025-04-25 13:16:20,253 - INFO - Deleted INI directory: ini\Batch_0006\ea_3bars_highlow\ini
2025-04-25 13:16:20,254 - INFO - Deleted INI directory: ini\Batch_0006\ea_gbp_usd_m1_2001\ini
2025-04-25 13:16:20,254 - INFO - Deleted INI directory: ini\Batch_0007\ea_10pips\ini
2025-04-25 13:16:20,255 - INFO - Deleted INI directory: ini\Batch_0007\ea_10pips_eur_usd\ini
2025-04-25 13:16:20,255 - INFO - Deleted INI directory: ini\Batch_0007\ea_1h_eur_usd\ini
2025-04-25 13:16:20,256 - INFO - Deleted INI directory: ini\Batch_0007\ea_21hour\ini
2025-04-25 13:16:20,256 - INFO - Deleted INI directory: ini\Batch_0007\ea_2hr_hl\ini
2025-04-25 13:16:20,257 - INFO - Deleted INI directory: ini\Batch_0007\ea_2ma_4level\ini
2025-04-25 13:16:20,257 - INFO - Deleted INI directory: ini\Batch_0007\ea_2ma_bunny_cross\ini
2025-04-25 13:16:20,258 - INFO - Deleted INI directory: ini\Batch_0007\ea_35pip_scalper\ini
2025-04-25 13:16:20,258 - INFO - Deleted INI directory: ini\Batch_0007\ea_3bars_highlow\ini
2025-04-25 13:16:20,259 - INFO - Deleted INI directory: ini\Batch_0007\ea_gbp_usd_m1_2001\ini
2025-04-25 13:16:20,260 - INFO - Deleted INI directory: ini\Batch_0008\ea_10pips\ini
2025-04-25 13:16:20,260 - INFO - Deleted INI directory: ini\Batch_0008\ea_10pips_eur_usd\ini
2025-04-25 13:16:20,261 - INFO - Deleted INI directory: ini\Batch_0008\ea_1h_eur_usd\ini
2025-04-25 13:16:20,261 - INFO - Deleted INI directory: ini\Batch_0008\ea_21hour\ini
2025-04-25 13:16:20,262 - INFO - Deleted INI directory: ini\Batch_0008\ea_2hr_hl\ini
2025-04-25 13:16:20,263 - INFO - Deleted INI directory: ini\Batch_0008\ea_2ma_4level\ini
2025-04-25 13:16:20,263 - INFO - Deleted INI directory: ini\Batch_0008\ea_2ma_bunny_cross\ini
2025-04-25 13:16:20,264 - INFO - Deleted INI directory: ini\Batch_0008\ea_35pip_scalper\ini
2025-04-25 13:16:20,264 - INFO - Deleted INI directory: ini\Batch_0008\ea_3bars_highlow\ini
2025-04-25 13:16:20,265 - INFO - Deleted INI directory: ini\Batch_0008\ea_gbp_usd_m1_2001\ini
2025-04-25 13:16:20,266 - INFO - Deleted INI directory: ini\Batch_0009\ea_10pips\ini
2025-04-25 13:16:20,266 - INFO - Deleted INI directory: ini\Batch_0009\ea_10pips_eur_usd\ini
2025-04-25 13:16:20,267 - INFO - Deleted INI directory: ini\Batch_0009\ea_1h_eur_usd\ini
2025-04-25 13:16:20,267 - INFO - Deleted INI directory: ini\Batch_0009\ea_21hour\ini
2025-04-25 13:16:20,268 - INFO - Deleted INI directory: ini\Batch_0009\ea_2hr_hl\ini
2025-04-25 13:16:20,268 - INFO - Deleted INI directory: ini\Batch_0009\ea_2ma_4level\ini
2025-04-25 13:16:20,269 - INFO - Deleted INI directory: ini\Batch_0009\ea_2ma_bunny_cross\ini
2025-04-25 13:16:20,269 - INFO - Deleted INI directory: ini\Batch_0009\ea_35pip_scalper\ini
2025-04-25 13:16:20,270 - INFO - Deleted INI directory: ini\Batch_0009\ea_3bars_highlow\ini
2025-04-25 13:16:20,271 - INFO - Deleted INI directory: ini\Batch_0009\ea_gbp_usd_m1_2001\ini
2025-04-25 13:16:20,271 - INFO - Deleted INI directory: ini\Batch_0010\ea_10pips\ini
2025-04-25 13:16:20,272 - INFO - Deleted INI directory: ini\Batch_0010\ea_10pips_eur_usd\ini
2025-04-25 13:16:20,272 - INFO - Deleted INI directory: ini\Batch_0010\ea_1h_eur_usd\ini
2025-04-25 13:16:20,273 - INFO - Deleted INI directory: ini\Batch_0010\ea_21hour\ini
2025-04-25 13:16:20,273 - INFO - Deleted INI directory: ini\Batch_0010\ea_2hr_hl\ini
2025-04-25 13:16:20,274 - INFO - Deleted INI directory: ini\Batch_0010\ea_2ma_4level\ini
2025-04-25 13:16:20,275 - INFO - Deleted INI directory: ini\Batch_0010\ea_2ma_bunny_cross\ini
2025-04-25 13:16:20,275 - INFO - Deleted INI directory: ini\Batch_0010\ea_35pip_scalper\ini
2025-04-25 13:16:20,276 - INFO - Deleted INI directory: ini\Batch_0010\ea_3bars_highlow\ini
2025-04-25 13:16:20,276 - INFO - Deleted INI directory: ini\Batch_0010\ea_gbp_usd_m1_2001\ini
2025-04-25 13:16:20,277 - INFO - Deleted INI directory: ini\Batch_0011\ea_10pips\ini
2025-04-25 13:16:20,278 - INFO - Deleted INI directory: ini\Batch_0011\ea_10pips_eur_usd\ini
2025-04-25 13:16:20,278 - INFO - Deleted INI directory: ini\Batch_0011\ea_1h_eur_usd\ini
2025-04-25 13:16:20,279 - INFO - Deleted INI directory: ini\Batch_0011\ea_21hour\ini
2025-04-25 13:16:20,279 - INFO - Deleted INI directory: ini\Batch_0011\ea_2hr_hl\ini
2025-04-25 13:16:20,280 - INFO - Deleted INI directory: ini\Batch_0011\ea_2ma_4level\ini
2025-04-25 13:16:20,280 - INFO - Deleted INI directory: ini\Batch_0011\ea_2ma_bunny_cross\ini
2025-04-25 13:16:20,281 - INFO - Deleted INI directory: ini\Batch_0011\ea_35pip_scalper\ini
2025-04-25 13:16:20,281 - INFO - Deleted INI directory: ini\Batch_0011\ea_3bars_highlow\ini
2025-04-25 13:16:20,282 - INFO - Deleted INI directory: ini\Batch_0011\ea_gbp_usd_m1_2001\ini
2025-04-25 13:16:20,283 - INFO - Deleted INI directory: ini\Batch_0012\ea_10pips\ini
2025-04-25 13:16:20,283 - INFO - Deleted INI directory: ini\Batch_0012\ea_10pips_eur_usd\ini
2025-04-25 13:16:20,284 - INFO - Deleted INI directory: ini\Batch_0012\ea_1h_eur_usd\ini
2025-04-25 13:16:20,284 - INFO - Deleted INI directory: ini\Batch_0012\ea_21hour\ini
2025-04-25 13:16:20,285 - INFO - Deleted INI directory: ini\Batch_0012\ea_2hr_hl\ini
2025-04-25 13:16:20,285 - INFO - Deleted INI directory: ini\Batch_0012\ea_2ma_4level\ini
2025-04-25 13:16:20,286 - INFO - Deleted INI directory: ini\Batch_0012\ea_2ma_bunny_cross\ini
2025-04-25 13:16:20,286 - INFO - Deleted INI directory: ini\Batch_0012\ea_35pip_scalper\ini
2025-04-25 13:16:20,287 - INFO - Deleted INI directory: ini\Batch_0012\ea_3bars_highlow\ini
2025-04-25 13:16:20,287 - INFO - Deleted INI directory: ini\Batch_0012\ea_gbp_usd_m1_2001\ini
2025-04-25 13:16:20,288 - INFO - Deleted INI directory: ini\Batch_0013\ea_10pips\ini
2025-04-25 13:16:20,288 - INFO - Deleted INI directory: ini\Batch_0013\ea_10pips_eur_usd\ini
2025-04-25 13:16:20,289 - INFO - Deleted INI directory: ini\Batch_0013\ea_1h_eur_usd\ini
2025-04-25 13:16:20,290 - INFO - Deleted INI directory: ini\Batch_0013\ea_21hour\ini
2025-04-25 13:16:20,290 - INFO - Deleted INI directory: ini\Batch_0013\ea_2hr_hl\ini
2025-04-25 13:16:20,291 - INFO - Deleted INI directory: ini\Batch_0013\ea_2ma_4level\ini
2025-04-25 13:16:20,292 - INFO - Deleted INI directory: ini\Batch_0013\ea_2ma_bunny_cross\ini
2025-04-25 13:16:20,292 - INFO - Deleted INI directory: ini\Batch_0013\ea_35pip_scalper\ini
2025-04-25 13:16:20,293 - INFO - Deleted INI directory: ini\Batch_0013\ea_3bars_highlow\ini
2025-04-25 13:16:20,293 - INFO - Deleted INI directory: ini\Batch_0013\ea_gbp_usd_m1_2001\ini
2025-04-25 13:16:20,294 - INFO - Deleted INI directory: ini\Batch_0014\ea_10pips\ini
2025-04-25 13:16:20,294 - INFO - Deleted INI directory: ini\Batch_0014\ea_10pips_eur_usd\ini
2025-04-25 13:16:20,295 - INFO - Deleted INI directory: ini\Batch_0014\ea_1h_eur_usd\ini
2025-04-25 13:16:20,295 - INFO - Deleted INI directory: ini\Batch_0014\ea_21hour\ini
2025-04-25 13:16:20,296 - INFO - Deleted INI directory: ini\Batch_0014\ea_2hr_hl\ini
2025-04-25 13:16:20,297 - INFO - Deleted INI directory: ini\Batch_0014\ea_2ma_4level\ini
2025-04-25 13:16:20,297 - INFO - Deleted INI directory: ini\Batch_0014\ea_2ma_bunny_cross\ini
2025-04-25 13:16:20,298 - INFO - Deleted INI directory: ini\Batch_0014\ea_35pip_scalper\ini
2025-04-25 13:16:20,298 - INFO - Deleted INI directory: ini\Batch_0014\ea_3bars_highlow\ini
2025-04-25 13:16:20,299 - INFO - Deleted INI directory: ini\Batch_0014\ea_gbp_usd_m1_2001\ini
2025-04-25 13:16:20,300 - INFO - Deleted INI directory: ini\Batch_0015\ea_10pips\ini
2025-04-25 13:16:20,300 - INFO - Deleted INI directory: ini\Batch_0015\ea_10pips_eur_usd\ini
2025-04-25 13:16:20,301 - INFO - Deleted INI directory: ini\Batch_0015\ea_1h_eur_usd\ini
2025-04-25 13:16:20,301 - INFO - Deleted INI directory: ini\Batch_0015\ea_21hour\ini
2025-04-25 13:16:20,302 - INFO - Deleted INI directory: ini\Batch_0015\ea_2hr_hl\ini
2025-04-25 13:16:20,302 - INFO - Deleted INI directory: ini\Batch_0015\ea_2ma_4level\ini
2025-04-25 13:16:20,303 - INFO - Deleted INI directory: ini\Batch_0015\ea_2ma_bunny_cross\ini
2025-04-25 13:16:20,304 - INFO - Deleted INI directory: ini\Batch_0015\ea_35pip_scalper\ini
2025-04-25 13:16:20,304 - INFO - Deleted INI directory: ini\Batch_0015\ea_3bars_highlow\ini
2025-04-25 13:16:20,305 - INFO - Deleted INI directory: ini\Batch_0015\ea_gbp_usd_m1_2001\ini
2025-04-25 13:16:20,306 - INFO - Deleted INI directory: ini\Batch_0016\ea_10pips\ini
2025-04-25 13:16:20,306 - INFO - Deleted INI directory: ini\Batch_0016\ea_10pips_eur_usd\ini
2025-04-25 13:16:20,307 - INFO - Deleted INI directory: ini\Batch_0016\ea_1h_eur_usd\ini
2025-04-25 13:16:20,308 - INFO - Deleted INI directory: ini\Batch_0016\ea_21hour\ini
2025-04-25 13:16:20,308 - INFO - Deleted INI directory: ini\Batch_0016\ea_2hr_hl\ini
2025-04-25 13:16:20,309 - INFO - Deleted INI directory: ini\Batch_0016\ea_2ma_4level\ini
2025-04-25 13:16:20,309 - INFO - Deleted INI directory: ini\Batch_0016\ea_2ma_bunny_cross\ini
2025-04-25 13:16:20,310 - INFO - Deleted INI directory: ini\Batch_0016\ea_35pip_scalper\ini
2025-04-25 13:16:20,311 - INFO - Deleted INI directory: ini\Batch_0016\ea_3bars_highlow\ini
2025-04-25 13:16:20,311 - INFO - Deleted INI directory: ini\Batch_0016\ea_gbp_usd_m1_2001\ini
2025-04-25 13:16:20,312 - INFO - Deleted INI directory: ini\Batch_0017\ea_10pips\ini
2025-04-25 13:16:20,313 - INFO - Deleted INI directory: ini\Batch_0017\ea_10pips_eur_usd\ini
2025-04-25 13:16:20,313 - INFO - Deleted INI directory: ini\Batch_0017\ea_1h_eur_usd\ini
2025-04-25 13:16:20,314 - INFO - Deleted INI directory: ini\Batch_0017\ea_21hour\ini
2025-04-25 13:16:20,314 - INFO - Deleted INI directory: ini\Batch_0017\ea_2hr_hl\ini
2025-04-25 13:16:20,315 - INFO - Deleted INI directory: ini\Batch_0017\ea_2ma_4level\ini
2025-04-25 13:16:20,315 - INFO - Deleted INI directory: ini\Batch_0017\ea_2ma_bunny_cross\ini
2025-04-25 13:16:20,316 - INFO - Deleted INI directory: ini\Batch_0017\ea_35pip_scalper\ini
2025-04-25 13:16:20,316 - INFO - Deleted INI directory: ini\Batch_0017\ea_3bars_highlow\ini
2025-04-25 13:16:20,317 - INFO - Deleted INI directory: ini\Batch_0017\ea_gbp_usd_m1_2001\ini
2025-04-25 13:16:20,317 - INFO - Deleted INI directory: ini\Batch_0018\ea_10pips\ini
2025-04-25 13:16:20,318 - INFO - Deleted INI directory: ini\Batch_0018\ea_10pips_eur_usd\ini
2025-04-25 13:16:20,319 - INFO - Deleted INI directory: ini\Batch_0018\ea_1h_eur_usd\ini
2025-04-25 13:16:20,319 - INFO - Deleted INI directory: ini\Batch_0018\ea_21hour\ini
2025-04-25 13:16:20,320 - INFO - Deleted INI directory: ini\Batch_0018\ea_2hr_hl\ini
2025-04-25 13:16:20,321 - INFO - Deleted INI directory: ini\Batch_0018\ea_2ma_4level\ini
2025-04-25 13:16:20,321 - INFO - Deleted INI directory: ini\Batch_0018\ea_2ma_bunny_cross\ini
2025-04-25 13:16:20,322 - INFO - Deleted INI directory: ini\Batch_0018\ea_35pip_scalper\ini
2025-04-25 13:16:20,322 - INFO - Deleted INI directory: ini\Batch_0018\ea_3bars_highlow\ini
2025-04-25 13:16:20,323 - INFO - Deleted INI directory: ini\Batch_0018\ea_gbp_usd_m1_2001\ini
2025-04-25 13:16:20,323 - INFO - Deleted INI directory: ini\Batch_0019\ea_10pips\ini
2025-04-25 13:16:20,324 - INFO - Deleted INI directory: ini\Batch_0019\ea_10pips_eur_usd\ini
2025-04-25 13:16:20,324 - INFO - Deleted INI directory: ini\Batch_0019\ea_1h_eur_usd\ini
2025-04-25 13:16:20,325 - INFO - Deleted INI directory: ini\Batch_0019\ea_21hour\ini
2025-04-25 13:16:20,326 - INFO - Deleted INI directory: ini\Batch_0019\ea_2hr_hl\ini
2025-04-25 13:16:20,326 - INFO - Deleted INI directory: ini\Batch_0019\ea_2ma_4level\ini
2025-04-25 13:16:20,327 - INFO - Deleted INI directory: ini\Batch_0019\ea_2ma_bunny_cross\ini
2025-04-25 13:16:20,327 - INFO - Deleted INI directory: ini\Batch_0019\ea_35pip_scalper\ini
2025-04-25 13:16:20,328 - INFO - Deleted INI directory: ini\Batch_0019\ea_3bars_highlow\ini
2025-04-25 13:16:20,328 - INFO - Deleted INI directory: ini\Batch_0019\ea_gbp_usd_m1_2001\ini
2025-04-25 13:16:20,329 - INFO - Deleted INI directory: ini\Batch_0020\ea_10pips\ini
2025-04-25 13:16:20,330 - INFO - Deleted INI directory: ini\Batch_0020\ea_10pips_eur_usd\ini
2025-04-25 13:16:20,330 - INFO - Deleted INI directory: ini\Batch_0020\ea_1h_eur_usd\ini
2025-04-25 13:16:20,331 - INFO - Deleted INI directory: ini\Batch_0020\ea_21hour\ini
2025-04-25 13:16:20,331 - INFO - Deleted INI directory: ini\Batch_0020\ea_2hr_hl\ini
2025-04-25 13:16:20,332 - INFO - Deleted INI directory: ini\Batch_0020\ea_2ma_4level\ini
2025-04-25 13:16:20,333 - INFO - Deleted INI directory: ini\Batch_0020\ea_2ma_bunny_cross\ini
2025-04-25 13:16:20,333 - INFO - Deleted INI directory: ini\Batch_0020\ea_35pip_scalper\ini
2025-04-25 13:16:20,334 - INFO - Deleted INI directory: ini\Batch_0020\ea_3bars_highlow\ini
2025-04-25 13:16:20,334 - INFO - Deleted INI directory: ini\Batch_0020\ea_gbp_usd_m1_2001\ini
2025-04-25 13:16:20,335 - INFO - Deleted INI directory: ini\Batch_0021\ea_10pips\ini
2025-04-25 13:16:20,336 - INFO - Deleted INI directory: ini\Batch_0021\ea_10pips_eur_usd\ini
2025-04-25 13:16:20,336 - INFO - Deleted INI directory: ini\Batch_0021\ea_1h_eur_usd\ini
2025-04-25 13:16:20,337 - INFO - Deleted INI directory: ini\Batch_0021\ea_21hour\ini
2025-04-25 13:16:20,337 - INFO - Deleted INI directory: ini\Batch_0021\ea_2hr_hl\ini
2025-04-25 13:16:20,338 - INFO - Deleted INI directory: ini\Batch_0021\ea_2ma_4level\ini
2025-04-25 13:16:20,338 - INFO - Deleted INI directory: ini\Batch_0021\ea_2ma_bunny_cross\ini
2025-04-25 13:16:20,339 - INFO - Deleted INI directory: ini\Batch_0021\ea_35pip_scalper\ini
2025-04-25 13:16:20,339 - INFO - Deleted INI directory: ini\Batch_0021\ea_3bars_highlow\ini
2025-04-25 13:16:20,340 - INFO - Deleted INI directory: ini\Batch_0021\ea_gbp_usd_m1_2001\ini
2025-04-25 13:16:20,340 - INFO - Deleted INI directory: ini\Batch_0022\ea_10pips\ini
2025-04-25 13:16:20,341 - INFO - Deleted INI directory: ini\Batch_0022\ea_10pips_eur_usd\ini
2025-04-25 13:16:20,341 - INFO - Deleted INI directory: ini\Batch_0022\ea_1h_eur_usd\ini
2025-04-25 13:16:20,342 - INFO - Deleted INI directory: ini\Batch_0022\ea_21hour\ini
2025-04-25 13:16:20,343 - INFO - Deleted INI directory: ini\Batch_0022\ea_2hr_hl\ini
2025-04-25 13:16:20,343 - INFO - Deleted INI directory: ini\Batch_0022\ea_2ma_4level\ini
2025-04-25 13:16:20,344 - INFO - Deleted INI directory: ini\Batch_0022\ea_2ma_bunny_cross\ini
2025-04-25 13:16:20,344 - INFO - Deleted INI directory: ini\Batch_0022\ea_35pip_scalper\ini
2025-04-25 13:16:20,345 - INFO - Deleted INI directory: ini\Batch_0022\ea_3bars_highlow\ini
2025-04-25 13:16:20,345 - INFO - Deleted INI directory: ini\Batch_0022\ea_gbp_usd_m1_2001\ini
2025-04-25 13:16:20,346 - INFO - Deleted INI directory: ini\Batch_0023\ea_10pips\ini
2025-04-25 13:16:20,346 - INFO - Deleted INI directory: ini\Batch_0023\ea_10pips_eur_usd\ini
2025-04-25 13:16:20,347 - INFO - Deleted INI directory: ini\Batch_0023\ea_1h_eur_usd\ini
2025-04-25 13:16:20,347 - INFO - Deleted INI directory: ini\Batch_0023\ea_21hour\ini
2025-04-25 13:16:20,348 - INFO - Deleted INI directory: ini\Batch_0023\ea_2hr_hl\ini
2025-04-25 13:16:20,348 - INFO - Deleted INI directory: ini\Batch_0023\ea_2ma_4level\ini
2025-04-25 13:16:20,349 - INFO - Deleted INI directory: ini\Batch_0023\ea_2ma_bunny_cross\ini
2025-04-25 13:16:20,349 - INFO - Deleted INI directory: ini\Batch_0023\ea_35pip_scalper\ini
2025-04-25 13:16:20,350 - INFO - Deleted INI directory: ini\Batch_0023\ea_3bars_highlow\ini
2025-04-25 13:16:20,351 - INFO - Deleted INI directory: ini\Batch_0023\ea_gbp_usd_m1_2001\ini
2025-04-25 13:16:20,351 - INFO - Deleted INI directory: ini\Batch_0024\ea_10pips\ini
2025-04-25 13:16:20,352 - INFO - Deleted INI directory: ini\Batch_0024\ea_10pips_eur_usd\ini
2025-04-25 13:16:20,353 - INFO - Deleted INI directory: ini\Batch_0024\ea_1h_eur_usd\ini
2025-04-25 13:16:20,353 - INFO - Deleted INI directory: ini\Batch_0024\ea_21hour\ini
2025-04-25 13:16:20,354 - INFO - Deleted INI directory: ini\Batch_0024\ea_2hr_hl\ini
2025-04-25 13:16:20,354 - INFO - Deleted INI directory: ini\Batch_0024\ea_2ma_4level\ini
2025-04-25 13:16:20,355 - INFO - Deleted INI directory: ini\Batch_0024\ea_2ma_bunny_cross\ini
2025-04-25 13:16:20,356 - INFO - Deleted INI directory: ini\Batch_0024\ea_35pip_scalper\ini
2025-04-25 13:16:20,356 - INFO - Deleted INI directory: ini\Batch_0024\ea_3bars_highlow\ini
2025-04-25 13:16:20,357 - INFO - Deleted INI directory: ini\Batch_0024\ea_gbp_usd_m1_2001\ini
2025-04-25 13:16:20,357 - INFO - Deleted INI directory: ini\Batch_0025\ea_10pips\ini
2025-04-25 13:16:20,358 - INFO - Deleted INI directory: ini\Batch_0025\ea_10pips_eur_usd\ini
2025-04-25 13:16:20,359 - INFO - Deleted INI directory: ini\Batch_0025\ea_1h_eur_usd\ini
2025-04-25 13:16:20,359 - INFO - Deleted INI directory: ini\Batch_0025\ea_21hour\ini
2025-04-25 13:16:20,360 - INFO - Deleted INI directory: ini\Batch_0025\ea_2hr_hl\ini
2025-04-25 13:16:20,361 - INFO - Deleted INI directory: ini\Batch_0025\ea_2ma_4level\ini
2025-04-25 13:16:20,361 - INFO - Deleted INI directory: ini\Batch_0025\ea_2ma_bunny_cross\ini
2025-04-25 13:16:20,362 - INFO - Deleted INI directory: ini\Batch_0025\ea_35pip_scalper\ini
2025-04-25 13:16:20,363 - INFO - Deleted INI directory: ini\Batch_0025\ea_3bars_highlow\ini
2025-04-25 13:16:20,363 - INFO - Deleted INI directory: ini\Batch_0025\ea_gbp_usd_m1_2001\ini
2025-04-25 13:16:20,364 - INFO - Deleted INI directory: ini\Batch_0026\ea_10pips\ini
2025-04-25 13:16:20,365 - INFO - Deleted INI directory: ini\Batch_0026\ea_10pips_eur_usd\ini
2025-04-25 13:16:20,365 - INFO - Deleted INI directory: ini\Batch_0026\ea_1h_eur_usd\ini
2025-04-25 13:16:20,366 - INFO - Deleted INI directory: ini\Batch_0026\ea_21hour\ini
2025-04-25 13:16:20,366 - INFO - Deleted INI directory: ini\Batch_0026\ea_2hr_hl\ini
2025-04-25 13:16:20,367 - INFO - Deleted INI directory: ini\Batch_0026\ea_2ma_4level\ini
2025-04-25 13:16:20,367 - INFO - Deleted INI directory: ini\Batch_0026\ea_2ma_bunny_cross\ini
2025-04-25 13:16:20,368 - INFO - Deleted INI directory: ini\Batch_0026\ea_35pip_scalper\ini
2025-04-25 13:16:20,369 - INFO - Deleted INI directory: ini\Batch_0026\ea_3bars_highlow\ini
2025-04-25 13:16:20,369 - INFO - Deleted INI directory: ini\Batch_0026\ea_gbp_usd_m1_2001\ini
2025-04-25 13:16:20,370 - INFO - Deleted INI directory: ini\Batch_0027\ea_10pips\ini
2025-04-25 13:16:20,370 - INFO - Deleted INI directory: ini\Batch_0027\ea_10pips_eur_usd\ini
2025-04-25 13:16:20,371 - INFO - Deleted INI directory: ini\Batch_0027\ea_1h_eur_usd\ini
2025-04-25 13:16:20,371 - INFO - Deleted INI directory: ini\Batch_0027\ea_21hour\ini
2025-04-25 13:16:20,372 - INFO - Deleted INI directory: ini\Batch_0027\ea_2hr_hl\ini
2025-04-25 13:16:20,373 - INFO - Deleted INI directory: ini\Batch_0027\ea_2ma_4level\ini
2025-04-25 13:16:20,373 - INFO - Deleted INI directory: ini\Batch_0027\ea_2ma_bunny_cross\ini
2025-04-25 13:16:20,374 - INFO - Deleted INI directory: ini\Batch_0027\ea_35pip_scalper\ini
2025-04-25 13:16:20,375 - INFO - Deleted INI directory: ini\Batch_0027\ea_3bars_highlow\ini
2025-04-25 13:16:20,375 - INFO - Deleted INI directory: ini\Batch_0027\ea_gbp_usd_m1_2001\ini
2025-04-25 13:16:20,376 - INFO - Deleted INI directory: ini\Batch_0028\ea_10pips\ini
2025-04-25 13:16:20,376 - INFO - Deleted INI directory: ini\Batch_0028\ea_10pips_eur_usd\ini
2025-04-25 13:16:20,377 - INFO - Deleted INI directory: ini\Batch_0028\ea_1h_eur_usd\ini
2025-04-25 13:16:20,377 - INFO - Deleted INI directory: ini\Batch_0028\ea_21hour\ini
2025-04-25 13:16:20,378 - INFO - Deleted INI directory: ini\Batch_0028\ea_2hr_hl\ini
2025-04-25 13:16:20,378 - INFO - Deleted INI directory: ini\Batch_0028\ea_2ma_4level\ini
2025-04-25 13:16:20,379 - INFO - Deleted INI directory: ini\Batch_0028\ea_2ma_bunny_cross\ini
2025-04-25 13:16:20,380 - INFO - Deleted INI directory: ini\Batch_0028\ea_35pip_scalper\ini
2025-04-25 13:16:20,381 - INFO - Deleted INI directory: ini\Batch_0028\ea_3bars_highlow\ini
2025-04-25 13:16:20,381 - INFO - Deleted INI directory: ini\Batch_0028\ea_gbp_usd_m1_2001\ini
2025-04-25 13:16:20,382 - INFO - Deleted INI directory: ini\Batch_0029\ea_10pips\ini
2025-04-25 13:16:20,383 - INFO - Deleted INI directory: ini\Batch_0029\ea_10pips_eur_usd\ini
2025-04-25 13:16:20,383 - INFO - Deleted INI directory: ini\Batch_0029\ea_1h_eur_usd\ini
2025-04-25 13:16:20,384 - INFO - Deleted INI directory: ini\Batch_0029\ea_21hour\ini
2025-04-25 13:16:20,384 - INFO - Deleted INI directory: ini\Batch_0029\ea_2hr_hl\ini
2025-04-25 13:16:20,385 - INFO - Deleted INI directory: ini\Batch_0029\ea_2ma_4level\ini
2025-04-25 13:16:20,385 - INFO - Deleted INI directory: ini\Batch_0029\ea_2ma_bunny_cross\ini
2025-04-25 13:16:20,386 - INFO - Deleted INI directory: ini\Batch_0029\ea_35pip_scalper\ini
2025-04-25 13:16:20,387 - INFO - Deleted INI directory: ini\Batch_0029\ea_3bars_highlow\ini
2025-04-25 13:16:20,387 - INFO - Deleted INI directory: ini\Batch_0029\ea_gbp_usd_m1_2001\ini
2025-04-25 13:16:20,388 - INFO - Deleted INI directory: ini\Batch_0030\ea_10pips\ini
2025-04-25 13:16:20,388 - INFO - Deleted INI directory: ini\Batch_0030\ea_10pips_eur_usd\ini
2025-04-25 13:16:20,389 - INFO - Deleted INI directory: ini\Batch_0030\ea_1h_eur_usd\ini
2025-04-25 13:16:20,389 - INFO - Deleted INI directory: ini\Batch_0030\ea_21hour\ini
2025-04-25 13:16:20,390 - INFO - Deleted INI directory: ini\Batch_0030\ea_2hr_hl\ini
2025-04-25 13:16:20,390 - INFO - Deleted INI directory: ini\Batch_0030\ea_2ma_4level\ini
2025-04-25 13:16:20,391 - INFO - Deleted INI directory: ini\Batch_0030\ea_2ma_bunny_cross\ini
2025-04-25 13:16:20,392 - INFO - Deleted INI directory: ini\Batch_0030\ea_35pip_scalper\ini
2025-04-25 13:16:20,392 - INFO - Deleted INI directory: ini\Batch_0030\ea_3bars_highlow\ini
2025-04-25 13:16:20,393 - INFO - Deleted INI directory: ini\Batch_0030\ea_gbp_usd_m1_2001\ini
2025-04-25 13:16:20,393 - INFO - Deleted INI directory: ini\Batch_0031\ea_10pips\ini
2025-04-25 13:16:20,394 - INFO - Deleted INI directory: ini\Batch_0031\ea_10pips_eur_usd\ini
2025-04-25 13:16:20,395 - INFO - Deleted INI directory: ini\Batch_0031\ea_1h_eur_usd\ini
2025-04-25 13:16:20,395 - INFO - Deleted INI directory: ini\Batch_0031\ea_21hour\ini
2025-04-25 13:16:20,396 - INFO - Deleted INI directory: ini\Batch_0031\ea_2hr_hl\ini
2025-04-25 13:16:20,396 - INFO - Deleted INI directory: ini\Batch_0031\ea_2ma_4level\ini
2025-04-25 13:16:20,397 - INFO - Deleted INI directory: ini\Batch_0031\ea_2ma_bunny_cross\ini
2025-04-25 13:16:20,397 - INFO - Deleted INI directory: ini\Batch_0031\ea_35pip_scalper\ini
2025-04-25 13:16:20,398 - INFO - Deleted INI directory: ini\Batch_0031\ea_3bars_highlow\ini
2025-04-25 13:16:20,398 - INFO - Deleted INI directory: ini\Batch_0031\ea_gbp_usd_m1_2001\ini
2025-04-25 13:16:20,399 - INFO - Deleted INI directory: ini\Batch_0032\ea_10pips\ini
2025-04-25 13:16:20,399 - INFO - Deleted INI directory: ini\Batch_0032\ea_10pips_eur_usd\ini
2025-04-25 13:16:20,400 - INFO - Deleted INI directory: ini\Batch_0032\ea_1h_eur_usd\ini
2025-04-25 13:16:20,401 - INFO - Deleted INI directory: ini\Batch_0032\ea_21hour\ini
2025-04-25 13:16:20,401 - INFO - Deleted INI directory: ini\Batch_0032\ea_2hr_hl\ini
2025-04-25 13:16:20,402 - INFO - Deleted INI directory: ini\Batch_0032\ea_2ma_4level\ini
2025-04-25 13:16:20,403 - INFO - Deleted INI directory: ini\Batch_0032\ea_2ma_bunny_cross\ini
2025-04-25 13:16:20,403 - INFO - Deleted INI directory: ini\Batch_0032\ea_35pip_scalper\ini
2025-04-25 13:16:20,404 - INFO - Deleted INI directory: ini\Batch_0032\ea_3bars_highlow\ini
2025-04-25 13:16:20,404 - INFO - Deleted INI directory: ini\Batch_0032\ea_gbp_usd_m1_2001\ini
2025-04-25 13:16:20,405 - INFO - Deleted INI directory: ini\Batch_0033\ea_10pips\ini
2025-04-25 13:16:20,405 - INFO - Deleted INI directory: ini\Batch_0033\ea_10pips_eur_usd\ini
2025-04-25 13:16:20,406 - INFO - Deleted INI directory: ini\Batch_0033\ea_1h_eur_usd\ini
2025-04-25 13:16:20,406 - INFO - Deleted INI directory: ini\Batch_0033\ea_21hour\ini
2025-04-25 13:16:20,407 - INFO - Deleted INI directory: ini\Batch_0033\ea_2hr_hl\ini
2025-04-25 13:16:20,408 - INFO - Deleted INI directory: ini\Batch_0033\ea_2ma_4level\ini
2025-04-25 13:16:20,408 - INFO - Deleted INI directory: ini\Batch_0033\ea_2ma_bunny_cross\ini
2025-04-25 13:16:20,409 - INFO - Deleted INI directory: ini\Batch_0033\ea_35pip_scalper\ini
2025-04-25 13:16:20,409 - INFO - Deleted INI directory: ini\Batch_0033\ea_3bars_highlow\ini
2025-04-25 13:16:20,410 - INFO - Deleted INI directory: ini\Batch_0033\ea_gbp_usd_m1_2001\ini
2025-04-25 13:16:20,411 - INFO - Deleted INI directory: ini\Batch_0034\ea_10pips\ini
2025-04-25 13:16:20,411 - INFO - Deleted INI directory: ini\Batch_0034\ea_10pips_eur_usd\ini
2025-04-25 13:16:20,412 - INFO - Deleted INI directory: ini\Batch_0034\ea_1h_eur_usd\ini
2025-04-25 13:16:20,412 - INFO - Deleted INI directory: ini\Batch_0034\ea_21hour\ini
2025-04-25 13:16:20,413 - INFO - Deleted INI directory: ini\Batch_0034\ea_2hr_hl\ini
2025-04-25 13:16:20,414 - INFO - Deleted INI directory: ini\Batch_0034\ea_2ma_4level\ini
2025-04-25 13:16:20,414 - INFO - Deleted INI directory: ini\Batch_0034\ea_2ma_bunny_cross\ini
2025-04-25 13:16:20,415 - INFO - Deleted INI directory: ini\Batch_0034\ea_35pip_scalper\ini
2025-04-25 13:16:20,415 - INFO - Deleted INI directory: ini\Batch_0034\ea_3bars_highlow\ini
2025-04-25 13:16:20,416 - INFO - Deleted INI directory: ini\Batch_0034\ea_gbp_usd_m1_2001\ini
2025-04-25 13:16:20,416 - INFO - Deleted INI directory: ini\Batch_0035\ea_10pips\ini
2025-04-25 13:16:20,417 - INFO - Deleted INI directory: ini\Batch_0035\ea_10pips_eur_usd\ini
2025-04-25 13:16:20,418 - INFO - Deleted INI directory: ini\Batch_0035\ea_1h_eur_usd\ini
2025-04-25 13:16:20,418 - INFO - Deleted INI directory: ini\Batch_0035\ea_21hour\ini
2025-04-25 13:16:20,419 - INFO - Deleted INI directory: ini\Batch_0035\ea_2hr_hl\ini
2025-04-25 13:16:20,419 - INFO - Deleted INI directory: ini\Batch_0035\ea_2ma_4level\ini
2025-04-25 13:16:20,420 - INFO - Deleted INI directory: ini\Batch_0035\ea_2ma_bunny_cross\ini
2025-04-25 13:16:20,421 - INFO - Deleted INI directory: ini\Batch_0035\ea_35pip_scalper\ini
2025-04-25 13:16:20,421 - INFO - Deleted INI directory: ini\Batch_0035\ea_3bars_highlow\ini
2025-04-25 13:16:20,422 - INFO - Deleted INI directory: ini\Batch_0035\ea_gbp_usd_m1_2001\ini
2025-04-25 13:16:20,422 - INFO - Deleted INI directory: ini\Batch_0036\ea_10pips\ini
2025-04-25 13:16:20,423 - INFO - Deleted INI directory: ini\Batch_0036\ea_10pips_eur_usd\ini
2025-04-25 13:16:20,424 - INFO - Deleted INI directory: ini\Batch_0036\ea_1h_eur_usd\ini
2025-04-25 13:16:20,425 - INFO - Deleted INI directory: ini\Batch_0036\ea_21hour\ini
2025-04-25 13:16:20,425 - INFO - Deleted INI directory: ini\Batch_0036\ea_2hr_hl\ini
2025-04-25 13:16:20,426 - INFO - Deleted INI directory: ini\Batch_0036\ea_2ma_4level\ini
2025-04-25 13:16:20,426 - INFO - Deleted INI directory: ini\Batch_0036\ea_2ma_bunny_cross\ini
2025-04-25 13:16:20,427 - INFO - Deleted INI directory: ini\Batch_0036\ea_35pip_scalper\ini
2025-04-25 13:16:20,428 - INFO - Deleted INI directory: ini\Batch_0036\ea_3bars_highlow\ini
2025-04-25 13:16:20,428 - INFO - Deleted INI directory: ini\Batch_0036\ea_gbp_usd_m1_2001\ini
2025-04-25 13:16:20,429 - INFO - Deleted INI directory: ini\Batch_0037\ea_10pips\ini
2025-04-25 13:16:20,429 - INFO - Deleted INI directory: ini\Batch_0037\ea_10pips_eur_usd\ini
2025-04-25 13:16:20,430 - INFO - Deleted INI directory: ini\Batch_0037\ea_1h_eur_usd\ini
2025-04-25 13:16:20,430 - INFO - Deleted INI directory: ini\Batch_0037\ea_21hour\ini
2025-04-25 13:16:20,431 - INFO - Deleted INI directory: ini\Batch_0037\ea_2hr_hl\ini
2025-04-25 13:16:20,432 - INFO - Deleted INI directory: ini\Batch_0037\ea_2ma_4level\ini
2025-04-25 13:16:20,432 - INFO - Deleted INI directory: ini\Batch_0037\ea_2ma_bunny_cross\ini
2025-04-25 13:16:20,433 - INFO - Deleted INI directory: ini\Batch_0037\ea_35pip_scalper\ini
2025-04-25 13:16:20,433 - INFO - Deleted INI directory: ini\Batch_0037\ea_3bars_highlow\ini
2025-04-25 13:16:20,434 - INFO - Deleted INI directory: ini\Batch_0037\ea_gbp_usd_m1_2001\ini
2025-04-25 13:16:20,435 - INFO - Deleted INI directory: ini\Batch_0038\ea_10pips\ini
2025-04-25 13:16:20,435 - INFO - Deleted INI directory: ini\Batch_0038\ea_10pips_eur_usd\ini
2025-04-25 13:16:20,436 - INFO - Deleted INI directory: ini\Batch_0038\ea_1h_eur_usd\ini
2025-04-25 13:16:20,437 - INFO - Deleted INI directory: ini\Batch_0038\ea_21hour\ini
2025-04-25 13:16:20,437 - INFO - Deleted INI directory: ini\Batch_0038\ea_2hr_hl\ini
2025-04-25 13:16:20,438 - INFO - Deleted INI directory: ini\Batch_0038\ea_2ma_4level\ini
2025-04-25 13:16:20,439 - INFO - Deleted INI directory: ini\Batch_0038\ea_2ma_bunny_cross\ini
2025-04-25 13:16:20,439 - INFO - Deleted INI directory: ini\Batch_0038\ea_35pip_scalper\ini
2025-04-25 13:16:20,440 - INFO - Deleted INI directory: ini\Batch_0038\ea_3bars_highlow\ini
2025-04-25 13:16:20,440 - INFO - Deleted INI directory: ini\Batch_0038\ea_gbp_usd_m1_2001\ini
2025-04-25 13:16:20,441 - INFO - Deleted INI directory: ini\Batch_0039\ea_10pips\ini
2025-04-25 13:16:20,441 - INFO - Deleted INI directory: ini\Batch_0039\ea_10pips_eur_usd\ini
2025-04-25 13:16:20,442 - INFO - Deleted INI directory: ini\Batch_0039\ea_1h_eur_usd\ini
2025-04-25 13:16:20,443 - INFO - Deleted INI directory: ini\Batch_0039\ea_21hour\ini
2025-04-25 13:16:20,444 - INFO - Deleted INI directory: ini\Batch_0039\ea_2hr_hl\ini
2025-04-25 13:16:20,444 - INFO - Deleted INI directory: ini\Batch_0039\ea_2ma_4level\ini
2025-04-25 13:16:20,445 - INFO - Deleted INI directory: ini\Batch_0039\ea_2ma_bunny_cross\ini
2025-04-25 13:16:20,445 - INFO - Deleted INI directory: ini\Batch_0039\ea_35pip_scalper\ini
2025-04-25 13:16:20,446 - INFO - Deleted INI directory: ini\Batch_0039\ea_3bars_highlow\ini
2025-04-25 13:16:20,447 - INFO - Deleted INI directory: ini\Batch_0039\ea_gbp_usd_m1_2001\ini
2025-04-25 13:16:20,447 - INFO - Deleted INI directory: ini\Batch_0040\ea_10pips\ini
2025-04-25 13:16:20,448 - INFO - Deleted INI directory: ini\Batch_0040\ea_10pips_eur_usd\ini
2025-04-25 13:16:20,448 - INFO - Deleted INI directory: ini\Batch_0040\ea_1h_eur_usd\ini
2025-04-25 13:16:20,449 - INFO - Deleted INI directory: ini\Batch_0040\ea_21hour\ini
2025-04-25 13:16:20,449 - INFO - Deleted INI directory: ini\Batch_0040\ea_2hr_hl\ini
2025-04-25 13:16:20,450 - INFO - Deleted INI directory: ini\Batch_0040\ea_2ma_4level\ini
2025-04-25 13:16:20,451 - INFO - Deleted INI directory: ini\Batch_0040\ea_2ma_bunny_cross\ini
2025-04-25 13:16:20,451 - INFO - Deleted INI directory: ini\Batch_0040\ea_35pip_scalper\ini
2025-04-25 13:16:20,452 - INFO - Deleted INI directory: ini\Batch_0040\ea_3bars_highlow\ini
2025-04-25 13:16:20,452 - INFO - Deleted INI directory: ini\Batch_0040\ea_gbp_usd_m1_2001\ini
2025-04-25 13:16:20,453 - INFO - Deleted INI directory: ini\Batch_0041\ea_10pips\ini
2025-04-25 13:16:20,454 - INFO - Deleted INI directory: ini\Batch_0041\ea_10pips_eur_usd\ini
2025-04-25 13:16:20,454 - INFO - Deleted INI directory: ini\Batch_0041\ea_1h_eur_usd\ini
2025-04-25 13:16:20,455 - INFO - Deleted INI directory: ini\Batch_0041\ea_21hour\ini
2025-04-25 13:16:20,456 - INFO - Deleted INI directory: ini\Batch_0041\ea_2hr_hl\ini
2025-04-25 13:16:20,456 - INFO - Deleted INI directory: ini\Batch_0041\ea_2ma_4level\ini
2025-04-25 13:16:20,457 - INFO - Deleted INI directory: ini\Batch_0041\ea_2ma_bunny_cross\ini
2025-04-25 13:16:20,457 - INFO - Deleted INI directory: ini\Batch_0041\ea_35pip_scalper\ini
2025-04-25 13:16:20,458 - INFO - Deleted INI directory: ini\Batch_0041\ea_3bars_highlow\ini
2025-04-25 13:16:20,459 - INFO - Deleted INI directory: ini\Batch_0041\ea_gbp_usd_m1_2001\ini
2025-04-25 13:16:20,459 - INFO - Deleted INI directory: ini\Batch_0042\ea_10pips\ini
2025-04-25 13:16:20,460 - INFO - Deleted INI directory: ini\Batch_0042\ea_10pips_eur_usd\ini
2025-04-25 13:16:20,461 - INFO - Deleted INI directory: ini\Batch_0042\ea_1h_eur_usd\ini
2025-04-25 13:16:20,461 - INFO - Deleted INI directory: ini\Batch_0042\ea_21hour\ini
2025-04-25 13:16:20,462 - INFO - Deleted INI directory: ini\Batch_0042\ea_2hr_hl\ini
2025-04-25 13:16:20,462 - INFO - Deleted INI directory: ini\Batch_0042\ea_2ma_4level\ini
2025-04-25 13:16:20,463 - INFO - Deleted INI directory: ini\Batch_0042\ea_2ma_bunny_cross\ini
2025-04-25 13:16:20,464 - INFO - Deleted INI directory: ini\Batch_0042\ea_35pip_scalper\ini
2025-04-25 13:16:20,464 - INFO - Deleted INI directory: ini\Batch_0042\ea_3bars_highlow\ini
2025-04-25 13:16:20,465 - INFO - Deleted INI directory: ini\Batch_0042\ea_gbp_usd_m1_2001\ini
2025-04-25 13:16:20,465 - INFO - Deleted INI directory: ini\Batch_0043\ea_10pips\ini
2025-04-25 13:16:20,466 - INFO - Deleted INI directory: ini\Batch_0043\ea_10pips_eur_usd\ini
2025-04-25 13:16:20,467 - INFO - Deleted INI directory: ini\Batch_0043\ea_1h_eur_usd\ini
2025-04-25 13:16:20,467 - INFO - Deleted INI directory: ini\Batch_0043\ea_21hour\ini
2025-04-25 13:16:20,468 - INFO - Deleted INI directory: ini\Batch_0043\ea_2hr_hl\ini
2025-04-25 13:16:20,468 - INFO - Deleted INI directory: ini\Batch_0043\ea_2ma_4level\ini
2025-04-25 13:16:20,469 - INFO - Deleted INI directory: ini\Batch_0043\ea_2ma_bunny_cross\ini
2025-04-25 13:16:20,469 - INFO - Deleted INI directory: ini\Batch_0043\ea_35pip_scalper\ini
2025-04-25 13:16:20,470 - INFO - Deleted INI directory: ini\Batch_0043\ea_3bars_highlow\ini
2025-04-25 13:16:20,471 - INFO - Deleted INI directory: ini\Batch_0043\ea_gbp_usd_m1_2001\ini
2025-04-25 13:16:20,472 - INFO - Deleted INI directory: ini\Batch_0044\ea_10pips\ini
2025-04-25 13:16:20,472 - INFO - Deleted INI directory: ini\Batch_0044\ea_10pips_eur_usd\ini
2025-04-25 13:16:20,473 - INFO - Deleted INI directory: ini\Batch_0044\ea_1h_eur_usd\ini
2025-04-25 13:16:20,474 - INFO - Deleted INI directory: ini\Batch_0044\ea_21hour\ini
2025-04-25 13:16:20,474 - INFO - Deleted INI directory: ini\Batch_0044\ea_2hr_hl\ini
2025-04-25 13:16:20,475 - INFO - Deleted INI directory: ini\Batch_0044\ea_2ma_4level\ini
2025-04-25 13:16:20,475 - INFO - Deleted INI directory: ini\Batch_0044\ea_2ma_bunny_cross\ini
2025-04-25 13:16:20,476 - INFO - Deleted INI directory: ini\Batch_0044\ea_35pip_scalper\ini
2025-04-25 13:16:20,477 - INFO - Deleted INI directory: ini\Batch_0044\ea_3bars_highlow\ini
2025-04-25 13:16:20,477 - INFO - Deleted INI directory: ini\Batch_0044\ea_gbp_usd_m1_2001\ini
2025-04-25 13:16:20,478 - INFO - Deleted INI directory: ini\Batch_0045\ea_10pips\ini
2025-04-25 13:16:20,478 - INFO - Deleted INI directory: ini\Batch_0045\ea_10pips_eur_usd\ini
2025-04-25 13:16:20,479 - INFO - Deleted INI directory: ini\Batch_0045\ea_1h_eur_usd\ini
2025-04-25 13:16:20,479 - INFO - Deleted INI directory: ini\Batch_0045\ea_21hour\ini
2025-04-25 13:16:20,480 - INFO - Deleted INI directory: ini\Batch_0045\ea_2hr_hl\ini
2025-04-25 13:16:20,481 - INFO - Deleted INI directory: ini\Batch_0045\ea_2ma_4level\ini
2025-04-25 13:16:20,481 - INFO - Deleted INI directory: ini\Batch_0045\ea_2ma_bunny_cross\ini
2025-04-25 13:16:20,482 - INFO - Deleted INI directory: ini\Batch_0045\ea_35pip_scalper\ini
2025-04-25 13:16:20,482 - INFO - Deleted INI directory: ini\Batch_0045\ea_3bars_highlow\ini
2025-04-25 13:16:20,483 - INFO - Deleted INI directory: ini\Batch_0045\ea_gbp_usd_m1_2001\ini
2025-04-25 13:16:20,484 - INFO - Deleted INI directory: ini\Batch_0046\ea_10pips\ini
2025-04-25 13:16:20,484 - INFO - Deleted INI directory: ini\Batch_0046\ea_10pips_eur_usd\ini
2025-04-25 13:16:20,485 - INFO - Deleted INI directory: ini\Batch_0046\ea_1h_eur_usd\ini
2025-04-25 13:16:20,486 - INFO - Deleted INI directory: ini\Batch_0046\ea_21hour\ini
2025-04-25 13:16:20,486 - INFO - Deleted INI directory: ini\Batch_0046\ea_2hr_hl\ini
2025-04-25 13:16:20,487 - INFO - Deleted INI directory: ini\Batch_0046\ea_2ma_4level\ini
2025-04-25 13:16:20,487 - INFO - Deleted INI directory: ini\Batch_0046\ea_2ma_bunny_cross\ini
2025-04-25 13:16:20,488 - INFO - Deleted INI directory: ini\Batch_0046\ea_35pip_scalper\ini
2025-04-25 13:16:20,488 - INFO - Deleted INI directory: ini\Batch_0046\ea_3bars_highlow\ini
2025-04-25 13:16:20,489 - INFO - Deleted INI directory: ini\Batch_0046\ea_gbp_usd_m1_2001\ini
2025-04-25 13:16:20,489 - INFO - Deleted INI directory: ini\Batch_0047\ea_10pips\ini
2025-04-25 13:16:20,490 - INFO - Deleted INI directory: ini\Batch_0047\ea_10pips_eur_usd\ini
2025-04-25 13:16:20,490 - INFO - Deleted INI directory: ini\Batch_0047\ea_1h_eur_usd\ini
2025-04-25 13:16:20,491 - INFO - Deleted INI directory: ini\Batch_0047\ea_21hour\ini
2025-04-25 13:16:20,492 - INFO - Deleted INI directory: ini\Batch_0047\ea_2hr_hl\ini
2025-04-25 13:16:20,492 - INFO - Deleted INI directory: ini\Batch_0047\ea_2ma_4level\ini
2025-04-25 13:16:20,493 - INFO - Deleted INI directory: ini\Batch_0047\ea_2ma_bunny_cross\ini
2025-04-25 13:16:20,493 - INFO - Deleted INI directory: ini\Batch_0047\ea_35pip_scalper\ini
2025-04-25 13:16:20,494 - INFO - Deleted INI directory: ini\Batch_0047\ea_3bars_highlow\ini
2025-04-25 13:16:20,494 - INFO - Deleted INI directory: ini\Batch_0047\ea_gbp_usd_m1_2001\ini
2025-04-25 13:16:20,495 - INFO - Deleted INI directory: ini\Batch_0048\ea_10pips\ini
2025-04-25 13:16:20,496 - INFO - Deleted INI directory: ini\Batch_0048\ea_10pips_eur_usd\ini
2025-04-25 13:16:20,496 - INFO - Deleted INI directory: ini\Batch_0048\ea_1h_eur_usd\ini
2025-04-25 13:16:20,497 - INFO - Deleted INI directory: ini\Batch_0048\ea_21hour\ini
2025-04-25 13:16:20,497 - INFO - Deleted INI directory: ini\Batch_0048\ea_2hr_hl\ini
2025-04-25 13:16:20,498 - INFO - Deleted INI directory: ini\Batch_0048\ea_2ma_4level\ini
2025-04-25 13:16:20,499 - INFO - Deleted INI directory: ini\Batch_0048\ea_2ma_bunny_cross\ini
2025-04-25 13:16:20,499 - INFO - Deleted INI directory: ini\Batch_0048\ea_35pip_scalper\ini
2025-04-25 13:16:20,500 - INFO - Deleted INI directory: ini\Batch_0048\ea_3bars_highlow\ini
2025-04-25 13:16:20,500 - INFO - Deleted INI directory: ini\Batch_0048\ea_gbp_usd_m1_2001\ini
2025-04-25 13:16:20,501 - INFO - Deleted INI directory: ini\Batch_0049\ea_10pips\ini
2025-04-25 13:16:20,501 - INFO - Deleted INI directory: ini\Batch_0049\ea_10pips_eur_usd\ini
2025-04-25 13:16:20,502 - INFO - Deleted INI directory: ini\Batch_0049\ea_1h_eur_usd\ini
2025-04-25 13:16:20,503 - INFO - Deleted INI directory: ini\Batch_0049\ea_21hour\ini
2025-04-25 13:16:20,503 - INFO - Deleted INI directory: ini\Batch_0049\ea_2hr_hl\ini
2025-04-25 13:16:20,504 - INFO - Deleted INI directory: ini\Batch_0049\ea_2ma_4level\ini
2025-04-25 13:16:20,504 - INFO - Deleted INI directory: ini\Batch_0049\ea_2ma_bunny_cross\ini
2025-04-25 13:16:20,505 - INFO - Deleted INI directory: ini\Batch_0049\ea_35pip_scalper\ini
2025-04-25 13:16:20,506 - INFO - Deleted INI directory: ini\Batch_0049\ea_3bars_highlow\ini
2025-04-25 13:16:20,506 - INFO - Deleted INI directory: ini\Batch_0049\ea_gbp_usd_m1_2001\ini
2025-04-25 13:16:20,507 - INFO - Deleted INI directory: ini\Batch_0050\ea_10pips\ini
2025-04-25 13:16:20,507 - INFO - Deleted INI directory: ini\Batch_0050\ea_10pips_eur_usd\ini
2025-04-25 13:16:20,508 - INFO - Deleted INI directory: ini\Batch_0050\ea_1h_eur_usd\ini
2025-04-25 13:16:20,508 - INFO - Deleted INI directory: ini\Batch_0050\ea_21hour\ini
2025-04-25 13:16:20,509 - INFO - Deleted INI directory: ini\Batch_0050\ea_2hr_hl\ini
2025-04-25 13:16:20,509 - INFO - Deleted INI directory: ini\Batch_0050\ea_2ma_4level\ini
2025-04-25 13:16:20,510 - INFO - Deleted INI directory: ini\Batch_0050\ea_2ma_bunny_cross\ini
2025-04-25 13:16:20,510 - INFO - Deleted INI directory: ini\Batch_0050\ea_35pip_scalper\ini
2025-04-25 13:16:20,511 - INFO - Deleted INI directory: ini\Batch_0050\ea_3bars_highlow\ini
2025-04-25 13:16:20,512 - INFO - Deleted INI directory: ini\Batch_0050\ea_gbp_usd_m1_2001\ini
2025-04-25 13:16:20,512 - INFO - Deleted INI directory: ini\Batch_0051\ea_10pips\ini
2025-04-25 13:16:20,513 - INFO - Deleted INI directory: ini\Batch_0051\ea_10pips_eur_usd\ini
2025-04-25 13:16:20,513 - INFO - Deleted INI directory: ini\Batch_0051\ea_1h_eur_usd\ini
2025-04-25 13:16:20,514 - INFO - Deleted INI directory: ini\Batch_0051\ea_21hour\ini
2025-04-25 13:16:20,514 - INFO - Deleted INI directory: ini\Batch_0051\ea_2hr_hl\ini
2025-04-25 13:16:20,515 - INFO - Deleted INI directory: ini\Batch_0051\ea_2ma_4level\ini
2025-04-25 13:16:20,517 - INFO - Deleted INI directory: ini\Batch_0051\ea_2ma_bunny_cross\ini
2025-04-25 13:16:20,518 - INFO - Deleted INI directory: ini\Batch_0051\ea_35pip_scalper\ini
2025-04-25 13:16:20,518 - INFO - Deleted INI directory: ini\Batch_0051\ea_3bars_highlow\ini
2025-04-25 13:16:20,519 - INFO - Deleted INI directory: ini\Batch_0051\ea_gbp_usd_m1_2001\ini
2025-04-25 13:16:20,520 - INFO - Deleted INI directory: ini\Batch_0052\ea_10pips\ini
2025-04-25 13:16:20,521 - INFO - Deleted INI directory: ini\Batch_0052\ea_10pips_eur_usd\ini
2025-04-25 13:16:20,521 - INFO - Deleted INI directory: ini\Batch_0052\ea_1h_eur_usd\ini
2025-04-25 13:16:20,522 - INFO - Deleted INI directory: ini\Batch_0052\ea_21hour\ini
2025-04-25 13:16:20,523 - INFO - Deleted INI directory: ini\Batch_0052\ea_2hr_hl\ini
2025-04-25 13:16:20,524 - INFO - Deleted INI directory: ini\Batch_0052\ea_2ma_4level\ini
2025-04-25 13:16:20,524 - INFO - Deleted INI directory: ini\Batch_0052\ea_2ma_bunny_cross\ini
2025-04-25 13:16:20,525 - INFO - Deleted INI directory: ini\Batch_0052\ea_35pip_scalper\ini
2025-04-25 13:16:20,526 - INFO - Deleted INI directory: ini\Batch_0052\ea_3bars_highlow\ini
2025-04-25 13:16:20,526 - INFO - Deleted INI directory: ini\Batch_0052\ea_gbp_usd_m1_2001\ini
2025-04-25 13:16:20,527 - INFO - Deleted INI directory: ini\Batch_0053\ea_10pips\ini
2025-04-25 13:16:20,528 - INFO - Deleted INI directory: ini\Batch_0053\ea_10pips_eur_usd\ini
2025-04-25 13:16:20,528 - INFO - Deleted INI directory: ini\Batch_0053\ea_1h_eur_usd\ini
2025-04-25 13:16:20,529 - INFO - Deleted INI directory: ini\Batch_0053\ea_21hour\ini
2025-04-25 13:16:20,529 - INFO - Deleted INI directory: ini\Batch_0053\ea_2hr_hl\ini
2025-04-25 13:16:20,530 - INFO - Deleted INI directory: ini\Batch_0053\ea_2ma_4level\ini
2025-04-25 13:16:20,530 - INFO - Deleted INI directory: ini\Batch_0053\ea_2ma_bunny_cross\ini
2025-04-25 13:16:20,531 - INFO - Deleted INI directory: ini\Batch_0053\ea_35pip_scalper\ini
2025-04-25 13:16:20,532 - INFO - Deleted INI directory: ini\Batch_0053\ea_3bars_highlow\ini
2025-04-25 13:16:20,532 - INFO - Deleted INI directory: ini\Batch_0053\ea_gbp_usd_m1_2001\ini
2025-04-25 13:16:20,533 - INFO - Deleted INI directory: ini\Batch_0054\ea_10pips\ini
2025-04-25 13:16:20,534 - INFO - Deleted INI directory: ini\Batch_0054\ea_10pips_eur_usd\ini
2025-04-25 13:16:20,534 - INFO - Deleted INI directory: ini\Batch_0054\ea_1h_eur_usd\ini
2025-04-25 13:16:20,535 - INFO - Deleted INI directory: ini\Batch_0054\ea_21hour\ini
2025-04-25 13:16:20,536 - INFO - Deleted INI directory: ini\Batch_0054\ea_2hr_hl\ini
2025-04-25 13:16:20,536 - INFO - Deleted INI directory: ini\Batch_0054\ea_2ma_4level\ini
2025-04-25 13:16:20,537 - INFO - Deleted INI directory: ini\Batch_0054\ea_2ma_bunny_cross\ini
2025-04-25 13:16:20,538 - INFO - Deleted INI directory: ini\Batch_0054\ea_35pip_scalper\ini
2025-04-25 13:16:20,538 - INFO - Deleted INI directory: ini\Batch_0054\ea_3bars_highlow\ini
2025-04-25 13:16:20,539 - INFO - Deleted INI directory: ini\Batch_0054\ea_gbp_usd_m1_2001\ini
2025-04-25 13:16:20,540 - INFO - Deleted INI directory: ini\Batch_0055\ea_10pips\ini
2025-04-25 13:16:20,540 - INFO - Deleted INI directory: ini\Batch_0055\ea_10pips_eur_usd\ini
2025-04-25 13:16:20,541 - INFO - Deleted INI directory: ini\Batch_0055\ea_1h_eur_usd\ini
2025-04-25 13:16:20,542 - INFO - Deleted INI directory: ini\Batch_0055\ea_21hour\ini
2025-04-25 13:16:20,543 - INFO - Deleted INI directory: ini\Batch_0055\ea_2hr_hl\ini
2025-04-25 13:16:20,544 - INFO - Deleted INI directory: ini\Batch_0055\ea_2ma_4level\ini
2025-04-25 13:16:20,545 - INFO - Deleted INI directory: ini\Batch_0055\ea_2ma_bunny_cross\ini
2025-04-25 13:16:20,546 - INFO - Deleted INI directory: ini\Batch_0055\ea_35pip_scalper\ini
2025-04-25 13:16:20,546 - INFO - Deleted INI directory: ini\Batch_0055\ea_3bars_highlow\ini
2025-04-25 13:16:20,548 - INFO - Deleted INI directory: ini\Batch_0055\ea_gbp_usd_m1_2001\ini
2025-04-25 13:16:20,549 - INFO - Deleted INI directory: ini\Batch_0056\ea_10pips\ini
2025-04-25 13:16:20,549 - INFO - Deleted INI directory: ini\Batch_0056\ea_10pips_eur_usd\ini
2025-04-25 13:16:20,550 - INFO - Deleted INI directory: ini\Batch_0056\ea_1h_eur_usd\ini
2025-04-25 13:16:20,550 - INFO - Deleted INI directory: ini\Batch_0056\ea_21hour\ini
2025-04-25 13:16:20,551 - INFO - Deleted INI directory: ini\Batch_0056\ea_2hr_hl\ini
2025-04-25 13:16:20,552 - INFO - Deleted INI directory: ini\Batch_0056\ea_2ma_4level\ini
2025-04-25 13:16:20,552 - INFO - Deleted INI directory: ini\Batch_0056\ea_2ma_bunny_cross\ini
2025-04-25 13:16:20,553 - INFO - Deleted INI directory: ini\Batch_0056\ea_35pip_scalper\ini
2025-04-25 13:16:20,554 - INFO - Deleted INI directory: ini\Batch_0056\ea_3bars_highlow\ini
2025-04-25 13:16:20,555 - INFO - Deleted INI directory: ini\Batch_0056\ea_gbp_usd_m1_2001\ini
2025-04-25 13:16:20,555 - INFO - Deleted INI directory: ini\Batch_0057\ea_10pips\ini
2025-04-25 13:16:20,556 - INFO - Deleted INI directory: ini\Batch_0057\ea_10pips_eur_usd\ini
2025-04-25 13:16:20,557 - INFO - Deleted INI directory: ini\Batch_0057\ea_1h_eur_usd\ini
2025-04-25 13:16:20,558 - INFO - Deleted INI directory: ini\Batch_0057\ea_21hour\ini
2025-04-25 13:16:20,558 - INFO - Deleted INI directory: ini\Batch_0057\ea_2hr_hl\ini
2025-04-25 13:16:20,559 - INFO - Deleted INI directory: ini\Batch_0057\ea_2ma_4level\ini
2025-04-25 13:16:20,560 - INFO - Deleted INI directory: ini\Batch_0057\ea_2ma_bunny_cross\ini
2025-04-25 13:16:20,561 - INFO - Deleted INI directory: ini\Batch_0057\ea_35pip_scalper\ini
2025-04-25 13:16:20,562 - INFO - Deleted INI directory: ini\Batch_0057\ea_3bars_highlow\ini
2025-04-25 13:16:20,563 - INFO - Deleted INI directory: ini\Batch_0057\ea_gbp_usd_m1_2001\ini
2025-04-25 13:16:20,564 - INFO - Deleted INI directory: ini\Batch_0058\ea_10pips\ini
2025-04-25 13:16:20,564 - INFO - Deleted INI directory: ini\Batch_0058\ea_10pips_eur_usd\ini
2025-04-25 13:16:20,565 - INFO - Deleted INI directory: ini\Batch_0058\ea_1h_eur_usd\ini
2025-04-25 13:16:20,566 - INFO - Deleted INI directory: ini\Batch_0058\ea_21hour\ini
2025-04-25 13:16:20,566 - INFO - Deleted INI directory: ini\Batch_0058\ea_2hr_hl\ini
2025-04-25 13:16:20,567 - INFO - Deleted INI directory: ini\Batch_0058\ea_2ma_4level\ini
2025-04-25 13:16:20,568 - INFO - Deleted INI directory: ini\Batch_0058\ea_2ma_bunny_cross\ini
2025-04-25 13:16:20,569 - INFO - Deleted INI directory: ini\Batch_0058\ea_35pip_scalper\ini
2025-04-25 13:16:20,569 - INFO - Deleted INI directory: ini\Batch_0058\ea_3bars_highlow\ini
2025-04-25 13:16:20,570 - INFO - Deleted INI directory: ini\Batch_0058\ea_gbp_usd_m1_2001\ini
2025-04-25 13:16:20,571 - INFO - Deleted INI directory: ini\Batch_0059\ea_10pips\ini
2025-04-25 13:16:20,572 - INFO - Deleted INI directory: ini\Batch_0059\ea_10pips_eur_usd\ini
2025-04-25 13:16:20,572 - INFO - Deleted INI directory: ini\Batch_0059\ea_1h_eur_usd\ini
2025-04-25 13:16:20,573 - INFO - Deleted INI directory: ini\Batch_0059\ea_21hour\ini
2025-04-25 13:16:20,574 - INFO - Deleted INI directory: ini\Batch_0059\ea_2hr_hl\ini
2025-04-25 13:16:20,575 - INFO - Deleted INI directory: ini\Batch_0059\ea_2ma_4level\ini
2025-04-25 13:16:20,575 - INFO - Deleted INI directory: ini\Batch_0059\ea_2ma_bunny_cross\ini
2025-04-25 13:16:20,576 - INFO - Deleted INI directory: ini\Batch_0059\ea_35pip_scalper\ini
2025-04-25 13:16:20,577 - INFO - Deleted INI directory: ini\Batch_0059\ea_3bars_highlow\ini
2025-04-25 13:16:20,577 - INFO - Deleted INI directory: ini\Batch_0059\ea_gbp_usd_m1_2001\ini
2025-04-25 13:16:20,578 - INFO - Deleted INI directory: ini\Batch_0060\ea_10pips\ini
2025-04-25 13:16:20,579 - INFO - Deleted INI directory: ini\Batch_0060\ea_10pips_eur_usd\ini
2025-04-25 13:16:20,579 - INFO - Deleted INI directory: ini\Batch_0060\ea_1h_eur_usd\ini
2025-04-25 13:16:20,580 - INFO - Deleted INI directory: ini\Batch_0060\ea_21hour\ini
2025-04-25 13:16:20,581 - INFO - Deleted INI directory: ini\Batch_0060\ea_2hr_hl\ini
2025-04-25 13:16:20,581 - INFO - Deleted INI directory: ini\Batch_0060\ea_2ma_4level\ini
2025-04-25 13:16:20,582 - INFO - Deleted INI directory: ini\Batch_0060\ea_2ma_bunny_cross\ini
2025-04-25 13:16:20,583 - INFO - Deleted INI directory: ini\Batch_0060\ea_35pip_scalper\ini
2025-04-25 13:16:20,583 - INFO - Deleted INI directory: ini\Batch_0060\ea_3bars_highlow\ini
2025-04-25 13:16:20,584 - INFO - Deleted INI directory: ini\Batch_0060\ea_gbp_usd_m1_2001\ini
2025-04-25 13:16:20,584 - INFO - Successfully deleted 600 INI directories
