2025-04-25 13:12:26,969 - INFO - Deleted INI directory: ini\Batch_0001\EA_10Pips\ini
2025-04-25 13:12:26,971 - INFO - Deleted INI directory: ini\Batch_0001\EA_10Pips_EURUSD\ini
2025-04-25 13:12:26,972 - INFO - Deleted INI directory: ini\Batch_0001\EA_1H_EUR_USD\ini
2025-04-25 13:12:26,972 - INFO - Deleted INI directory: ini\Batch_0001\EA_21Hour\ini
2025-04-25 13:12:26,973 - INFO - Deleted INI directory: ini\Batch_0001\EA_2HR_HL\ini
2025-04-25 13:12:26,974 - INFO - Deleted INI directory: ini\Batch_0001\EA_2MA_4Level\ini
2025-04-25 13:12:26,975 - INFO - Deleted INI directory: ini\Batch_0001\EA_2MA_Bunny_Cross\ini
2025-04-25 13:12:26,976 - INFO - Deleted INI directory: ini\Batch_0001\EA_35Pip_Scalper\ini
2025-04-25 13:12:26,977 - INFO - Deleted INI directory: ini\Batch_0001\EA_3Bars_HighLow\ini
2025-04-25 13:12:26,978 - INFO - Deleted INI directory: ini\Batch_0001\EA_GBPUSD_M1_2001\ini
2025-04-25 13:12:26,978 - INFO - Deleted INI directory: ini\Batch_0002\EA_10Pips\ini
2025-04-25 13:12:26,979 - INFO - Deleted INI directory: ini\Batch_0002\EA_10Pips_EURUSD\ini
2025-04-25 13:12:26,980 - INFO - Deleted INI directory: ini\Batch_0002\EA_1H_EUR_USD\ini
2025-04-25 13:12:26,980 - INFO - Deleted INI directory: ini\Batch_0002\EA_21Hour\ini
2025-04-25 13:12:26,981 - INFO - Deleted INI directory: ini\Batch_0002\EA_2HR_HL\ini
2025-04-25 13:12:26,981 - INFO - Deleted INI directory: ini\Batch_0002\EA_2MA_4Level\ini
2025-04-25 13:12:26,982 - INFO - Deleted INI directory: ini\Batch_0002\EA_2MA_Bunny_Cross\ini
2025-04-25 13:12:26,983 - INFO - Deleted INI directory: ini\Batch_0002\EA_35Pip_Scalper\ini
2025-04-25 13:12:26,984 - INFO - Deleted INI directory: ini\Batch_0002\EA_3Bars_HighLow\ini
2025-04-25 13:12:26,984 - INFO - Deleted INI directory: ini\Batch_0002\EA_GBPUSD_M1_2001\ini
2025-04-25 13:12:26,985 - INFO - Deleted INI directory: ini\Batch_0003\EA_10Pips\ini
2025-04-25 13:12:26,986 - INFO - Deleted INI directory: ini\Batch_0003\EA_10Pips_EURUSD\ini
2025-04-25 13:12:26,986 - INFO - Deleted INI directory: ini\Batch_0003\EA_1H_EUR_USD\ini
2025-04-25 13:12:26,987 - INFO - Deleted INI directory: ini\Batch_0003\EA_21Hour\ini
2025-04-25 13:12:26,987 - INFO - Deleted INI directory: ini\Batch_0003\EA_2HR_HL\ini
2025-04-25 13:12:26,988 - INFO - Deleted INI directory: ini\Batch_0003\EA_2MA_4Level\ini
2025-04-25 13:12:26,989 - INFO - Deleted INI directory: ini\Batch_0003\EA_2MA_Bunny_Cross\ini
2025-04-25 13:12:26,989 - INFO - Deleted INI directory: ini\Batch_0003\EA_35Pip_Scalper\ini
2025-04-25 13:12:26,990 - INFO - Deleted INI directory: ini\Batch_0003\EA_3Bars_HighLow\ini
2025-04-25 13:12:26,991 - INFO - Deleted INI directory: ini\Batch_0003\EA_GBPUSD_M1_2001\ini
2025-04-25 13:12:26,992 - INFO - Deleted INI directory: ini\Batch_0004\EA_10Pips\ini
2025-04-25 13:12:26,992 - INFO - Deleted INI directory: ini\Batch_0004\EA_10Pips_EURUSD\ini
2025-04-25 13:12:26,993 - INFO - Deleted INI directory: ini\Batch_0004\EA_1H_EUR_USD\ini
2025-04-25 13:12:26,994 - INFO - Deleted INI directory: ini\Batch_0004\EA_21Hour\ini
2025-04-25 13:12:26,994 - INFO - Deleted INI directory: ini\Batch_0004\EA_2HR_HL\ini
2025-04-25 13:12:26,995 - INFO - Deleted INI directory: ini\Batch_0004\EA_2MA_4Level\ini
2025-04-25 13:12:26,996 - INFO - Deleted INI directory: ini\Batch_0004\EA_2MA_Bunny_Cross\ini
2025-04-25 13:12:26,997 - INFO - Deleted INI directory: ini\Batch_0004\EA_35Pip_Scalper\ini
2025-04-25 13:12:26,997 - INFO - Deleted INI directory: ini\Batch_0004\EA_3Bars_HighLow\ini
2025-04-25 13:12:26,998 - INFO - Deleted INI directory: ini\Batch_0004\EA_GBPUSD_M1_2001\ini
2025-04-25 13:12:26,999 - INFO - Deleted INI directory: ini\Batch_0005\EA_10Pips\ini
2025-04-25 13:12:26,999 - INFO - Deleted INI directory: ini\Batch_0005\EA_10Pips_EURUSD\ini
2025-04-25 13:12:27,000 - INFO - Deleted INI directory: ini\Batch_0005\EA_1H_EUR_USD\ini
2025-04-25 13:12:27,001 - INFO - Deleted INI directory: ini\Batch_0005\EA_21Hour\ini
2025-04-25 13:12:27,001 - INFO - Deleted INI directory: ini\Batch_0005\EA_2HR_HL\ini
2025-04-25 13:12:27,002 - INFO - Deleted INI directory: ini\Batch_0005\EA_2MA_4Level\ini
2025-04-25 13:12:27,003 - INFO - Deleted INI directory: ini\Batch_0005\EA_2MA_Bunny_Cross\ini
2025-04-25 13:12:27,004 - INFO - Deleted INI directory: ini\Batch_0005\EA_35Pip_Scalper\ini
2025-04-25 13:12:27,004 - INFO - Deleted INI directory: ini\Batch_0005\EA_3Bars_HighLow\ini
2025-04-25 13:12:27,005 - INFO - Deleted INI directory: ini\Batch_0005\EA_GBPUSD_M1_2001\ini
2025-04-25 13:12:27,005 - INFO - Deleted INI directory: ini\Batch_0006\EA_10Pips\ini
2025-04-25 13:12:27,006 - INFO - Deleted INI directory: ini\Batch_0006\EA_10Pips_EURUSD\ini
2025-04-25 13:12:27,007 - INFO - Deleted INI directory: ini\Batch_0006\EA_1H_EUR_USD\ini
2025-04-25 13:12:27,007 - INFO - Deleted INI directory: ini\Batch_0006\EA_21Hour\ini
2025-04-25 13:12:27,008 - INFO - Deleted INI directory: ini\Batch_0006\EA_2HR_HL\ini
2025-04-25 13:12:27,009 - INFO - Deleted INI directory: ini\Batch_0006\EA_2MA_4Level\ini
2025-04-25 13:12:27,009 - INFO - Deleted INI directory: ini\Batch_0006\EA_2MA_Bunny_Cross\ini
2025-04-25 13:12:27,010 - INFO - Deleted INI directory: ini\Batch_0006\EA_35Pip_Scalper\ini
2025-04-25 13:12:27,011 - INFO - Deleted INI directory: ini\Batch_0006\EA_3Bars_HighLow\ini
2025-04-25 13:12:27,011 - INFO - Deleted INI directory: ini\Batch_0006\EA_GBPUSD_M1_2001\ini
2025-04-25 13:12:27,012 - INFO - Deleted INI directory: ini\Batch_0007\EA_10Pips\ini
2025-04-25 13:12:27,012 - INFO - Deleted INI directory: ini\Batch_0007\EA_10Pips_EURUSD\ini
2025-04-25 13:12:27,013 - INFO - Deleted INI directory: ini\Batch_0007\EA_1H_EUR_USD\ini
2025-04-25 13:12:27,014 - INFO - Deleted INI directory: ini\Batch_0007\EA_21Hour\ini
2025-04-25 13:12:27,014 - INFO - Deleted INI directory: ini\Batch_0007\EA_2HR_HL\ini
2025-04-25 13:12:27,015 - INFO - Deleted INI directory: ini\Batch_0007\EA_2MA_4Level\ini
2025-04-25 13:12:27,016 - INFO - Deleted INI directory: ini\Batch_0007\EA_2MA_Bunny_Cross\ini
2025-04-25 13:12:27,017 - INFO - Deleted INI directory: ini\Batch_0007\EA_35Pip_Scalper\ini
2025-04-25 13:12:27,018 - INFO - Deleted INI directory: ini\Batch_0007\EA_3Bars_HighLow\ini
2025-04-25 13:12:27,018 - INFO - Deleted INI directory: ini\Batch_0007\EA_GBPUSD_M1_2001\ini
2025-04-25 13:12:27,019 - INFO - Deleted INI directory: ini\Batch_0008\EA_10Pips\ini
2025-04-25 13:12:27,020 - INFO - Deleted INI directory: ini\Batch_0008\EA_10Pips_EURUSD\ini
2025-04-25 13:12:27,020 - INFO - Deleted INI directory: ini\Batch_0008\EA_1H_EUR_USD\ini
2025-04-25 13:12:27,021 - INFO - Deleted INI directory: ini\Batch_0008\EA_21Hour\ini
2025-04-25 13:12:27,022 - INFO - Deleted INI directory: ini\Batch_0008\EA_2HR_HL\ini
2025-04-25 13:12:27,023 - INFO - Deleted INI directory: ini\Batch_0008\EA_2MA_4Level\ini
2025-04-25 13:12:27,024 - INFO - Deleted INI directory: ini\Batch_0008\EA_2MA_Bunny_Cross\ini
2025-04-25 13:12:27,025 - INFO - Deleted INI directory: ini\Batch_0008\EA_35Pip_Scalper\ini
2025-04-25 13:12:27,025 - INFO - Deleted INI directory: ini\Batch_0008\EA_3Bars_HighLow\ini
2025-04-25 13:12:27,026 - INFO - Deleted INI directory: ini\Batch_0008\EA_GBPUSD_M1_2001\ini
2025-04-25 13:12:27,027 - INFO - Deleted INI directory: ini\Batch_0009\EA_10Pips\ini
2025-04-25 13:12:27,028 - INFO - Deleted INI directory: ini\Batch_0009\EA_10Pips_EURUSD\ini
2025-04-25 13:12:27,029 - INFO - Deleted INI directory: ini\Batch_0009\EA_1H_EUR_USD\ini
2025-04-25 13:12:27,029 - INFO - Deleted INI directory: ini\Batch_0009\EA_21Hour\ini
2025-04-25 13:12:27,030 - INFO - Deleted INI directory: ini\Batch_0009\EA_2HR_HL\ini
2025-04-25 13:12:27,031 - INFO - Deleted INI directory: ini\Batch_0009\EA_2MA_4Level\ini
2025-04-25 13:12:27,032 - INFO - Deleted INI directory: ini\Batch_0009\EA_2MA_Bunny_Cross\ini
2025-04-25 13:12:27,032 - INFO - Deleted INI directory: ini\Batch_0009\EA_35Pip_Scalper\ini
2025-04-25 13:12:27,033 - INFO - Deleted INI directory: ini\Batch_0009\EA_3Bars_HighLow\ini
2025-04-25 13:12:27,034 - INFO - Deleted INI directory: ini\Batch_0009\EA_GBPUSD_M1_2001\ini
2025-04-25 13:12:27,035 - INFO - Deleted INI directory: ini\Batch_0010\EA_10Pips\ini
2025-04-25 13:12:27,035 - INFO - Deleted INI directory: ini\Batch_0010\EA_10Pips_EURUSD\ini
2025-04-25 13:12:27,036 - INFO - Deleted INI directory: ini\Batch_0010\EA_1H_EUR_USD\ini
2025-04-25 13:12:27,037 - INFO - Deleted INI directory: ini\Batch_0010\EA_21Hour\ini
2025-04-25 13:12:27,037 - INFO - Deleted INI directory: ini\Batch_0010\EA_2HR_HL\ini
2025-04-25 13:12:27,038 - INFO - Deleted INI directory: ini\Batch_0010\EA_2MA_4Level\ini
2025-04-25 13:12:27,039 - INFO - Deleted INI directory: ini\Batch_0010\EA_2MA_Bunny_Cross\ini
2025-04-25 13:12:27,039 - INFO - Deleted INI directory: ini\Batch_0010\EA_35Pip_Scalper\ini
2025-04-25 13:12:27,040 - INFO - Deleted INI directory: ini\Batch_0010\EA_3Bars_HighLow\ini
2025-04-25 13:12:27,041 - INFO - Deleted INI directory: ini\Batch_0010\EA_GBPUSD_M1_2001\ini
2025-04-25 13:12:27,041 - INFO - Deleted INI directory: ini\Batch_0011\EA_10Pips\ini
2025-04-25 13:12:27,042 - INFO - Deleted INI directory: ini\Batch_0011\EA_10Pips_EURUSD\ini
2025-04-25 13:12:27,042 - INFO - Deleted INI directory: ini\Batch_0011\EA_1H_EUR_USD\ini
2025-04-25 13:12:27,043 - INFO - Deleted INI directory: ini\Batch_0011\EA_21Hour\ini
2025-04-25 13:12:27,045 - INFO - Deleted INI directory: ini\Batch_0011\EA_2HR_HL\ini
2025-04-25 13:12:27,052 - INFO - Deleted INI directory: ini\Batch_0011\EA_2MA_4Level\ini
2025-04-25 13:12:27,056 - INFO - Deleted INI directory: ini\Batch_0011\EA_2MA_Bunny_Cross\ini
2025-04-25 13:12:27,058 - INFO - Deleted INI directory: ini\Batch_0011\EA_35Pip_Scalper\ini
2025-04-25 13:12:27,059 - INFO - Deleted INI directory: ini\Batch_0011\EA_3Bars_HighLow\ini
2025-04-25 13:12:27,060 - INFO - Deleted INI directory: ini\Batch_0011\EA_GBPUSD_M1_2001\ini
2025-04-25 13:12:27,062 - INFO - Deleted INI directory: ini\Batch_0012\EA_10Pips\ini
2025-04-25 13:12:27,064 - INFO - Deleted INI directory: ini\Batch_0012\EA_10Pips_EURUSD\ini
2025-04-25 13:12:27,065 - INFO - Deleted INI directory: ini\Batch_0012\EA_1H_EUR_USD\ini
2025-04-25 13:12:27,066 - INFO - Deleted INI directory: ini\Batch_0012\EA_21Hour\ini
2025-04-25 13:12:27,067 - INFO - Deleted INI directory: ini\Batch_0012\EA_2HR_HL\ini
2025-04-25 13:12:27,069 - INFO - Deleted INI directory: ini\Batch_0012\EA_2MA_4Level\ini
2025-04-25 13:12:27,070 - INFO - Deleted INI directory: ini\Batch_0012\EA_2MA_Bunny_Cross\ini
2025-04-25 13:12:27,071 - INFO - Deleted INI directory: ini\Batch_0012\EA_35Pip_Scalper\ini
2025-04-25 13:12:27,073 - INFO - Deleted INI directory: ini\Batch_0012\EA_3Bars_HighLow\ini
2025-04-25 13:12:27,074 - INFO - Deleted INI directory: ini\Batch_0012\EA_GBPUSD_M1_2001\ini
2025-04-25 13:12:27,075 - INFO - Deleted INI directory: ini\Batch_0013\EA_10Pips\ini
2025-04-25 13:12:27,076 - INFO - Deleted INI directory: ini\Batch_0013\EA_10Pips_EURUSD\ini
2025-04-25 13:12:27,077 - INFO - Deleted INI directory: ini\Batch_0013\EA_1H_EUR_USD\ini
2025-04-25 13:12:27,078 - INFO - Deleted INI directory: ini\Batch_0013\EA_21Hour\ini
2025-04-25 13:12:27,079 - INFO - Deleted INI directory: ini\Batch_0013\EA_2HR_HL\ini
2025-04-25 13:12:27,081 - INFO - Deleted INI directory: ini\Batch_0013\EA_2MA_4Level\ini
2025-04-25 13:12:27,082 - INFO - Deleted INI directory: ini\Batch_0013\EA_2MA_Bunny_Cross\ini
2025-04-25 13:12:27,083 - INFO - Deleted INI directory: ini\Batch_0013\EA_35Pip_Scalper\ini
2025-04-25 13:12:27,084 - INFO - Deleted INI directory: ini\Batch_0013\EA_3Bars_HighLow\ini
2025-04-25 13:12:27,086 - INFO - Deleted INI directory: ini\Batch_0013\EA_GBPUSD_M1_2001\ini
2025-04-25 13:12:27,088 - INFO - Deleted INI directory: ini\Batch_0014\EA_10Pips\ini
2025-04-25 13:12:27,089 - INFO - Deleted INI directory: ini\Batch_0014\EA_10Pips_EURUSD\ini
2025-04-25 13:12:27,090 - INFO - Deleted INI directory: ini\Batch_0014\EA_1H_EUR_USD\ini
2025-04-25 13:12:27,091 - INFO - Deleted INI directory: ini\Batch_0014\EA_21Hour\ini
2025-04-25 13:12:27,092 - INFO - Deleted INI directory: ini\Batch_0014\EA_2HR_HL\ini
2025-04-25 13:12:27,093 - INFO - Deleted INI directory: ini\Batch_0014\EA_2MA_4Level\ini
2025-04-25 13:12:27,094 - INFO - Deleted INI directory: ini\Batch_0014\EA_2MA_Bunny_Cross\ini
2025-04-25 13:12:27,096 - INFO - Deleted INI directory: ini\Batch_0014\EA_35Pip_Scalper\ini
2025-04-25 13:12:27,097 - INFO - Deleted INI directory: ini\Batch_0014\EA_3Bars_HighLow\ini
2025-04-25 13:12:27,098 - INFO - Deleted INI directory: ini\Batch_0014\EA_GBPUSD_M1_2001\ini
2025-04-25 13:12:27,099 - INFO - Deleted INI directory: ini\Batch_0015\EA_10Pips\ini
2025-04-25 13:12:27,100 - INFO - Deleted INI directory: ini\Batch_0015\EA_10Pips_EURUSD\ini
2025-04-25 13:12:27,102 - INFO - Deleted INI directory: ini\Batch_0015\EA_1H_EUR_USD\ini
2025-04-25 13:12:27,103 - INFO - Deleted INI directory: ini\Batch_0015\EA_21Hour\ini
2025-04-25 13:12:27,104 - INFO - Deleted INI directory: ini\Batch_0015\EA_2HR_HL\ini
2025-04-25 13:12:27,105 - INFO - Deleted INI directory: ini\Batch_0015\EA_2MA_4Level\ini
2025-04-25 13:12:27,106 - INFO - Deleted INI directory: ini\Batch_0015\EA_2MA_Bunny_Cross\ini
2025-04-25 13:12:27,108 - INFO - Deleted INI directory: ini\Batch_0015\EA_35Pip_Scalper\ini
2025-04-25 13:12:27,110 - INFO - Deleted INI directory: ini\Batch_0015\EA_3Bars_HighLow\ini
2025-04-25 13:12:27,112 - INFO - Deleted INI directory: ini\Batch_0015\EA_GBPUSD_M1_2001\ini
2025-04-25 13:12:27,114 - INFO - Deleted INI directory: ini\Batch_0016\EA_10Pips\ini
2025-04-25 13:12:27,117 - INFO - Deleted INI directory: ini\Batch_0016\EA_10Pips_EURUSD\ini
2025-04-25 13:12:27,118 - INFO - Deleted INI directory: ini\Batch_0016\EA_1H_EUR_USD\ini
2025-04-25 13:12:27,121 - INFO - Deleted INI directory: ini\Batch_0016\EA_21Hour\ini
2025-04-25 13:12:27,122 - INFO - Deleted INI directory: ini\Batch_0016\EA_2HR_HL\ini
2025-04-25 13:12:27,124 - INFO - Deleted INI directory: ini\Batch_0016\EA_2MA_4Level\ini
2025-04-25 13:12:27,125 - INFO - Deleted INI directory: ini\Batch_0016\EA_2MA_Bunny_Cross\ini
2025-04-25 13:12:27,126 - INFO - Deleted INI directory: ini\Batch_0016\EA_35Pip_Scalper\ini
2025-04-25 13:12:27,128 - INFO - Deleted INI directory: ini\Batch_0016\EA_3Bars_HighLow\ini
2025-04-25 13:12:27,129 - INFO - Deleted INI directory: ini\Batch_0016\EA_GBPUSD_M1_2001\ini
2025-04-25 13:12:27,131 - INFO - Deleted INI directory: ini\Batch_0017\EA_10Pips\ini
2025-04-25 13:12:27,132 - INFO - Deleted INI directory: ini\Batch_0017\EA_10Pips_EURUSD\ini
2025-04-25 13:12:27,133 - INFO - Deleted INI directory: ini\Batch_0017\EA_1H_EUR_USD\ini
2025-04-25 13:12:27,134 - INFO - Deleted INI directory: ini\Batch_0017\EA_21Hour\ini
2025-04-25 13:12:27,135 - INFO - Deleted INI directory: ini\Batch_0017\EA_2HR_HL\ini
2025-04-25 13:12:27,136 - INFO - Deleted INI directory: ini\Batch_0017\EA_2MA_4Level\ini
2025-04-25 13:12:27,137 - INFO - Deleted INI directory: ini\Batch_0017\EA_2MA_Bunny_Cross\ini
2025-04-25 13:12:27,138 - INFO - Deleted INI directory: ini\Batch_0017\EA_35Pip_Scalper\ini
2025-04-25 13:12:27,139 - INFO - Deleted INI directory: ini\Batch_0017\EA_3Bars_HighLow\ini
2025-04-25 13:12:27,140 - INFO - Deleted INI directory: ini\Batch_0017\EA_GBPUSD_M1_2001\ini
2025-04-25 13:12:27,141 - INFO - Deleted INI directory: ini\Batch_0018\EA_10Pips\ini
2025-04-25 13:12:27,141 - INFO - Deleted INI directory: ini\Batch_0018\EA_10Pips_EURUSD\ini
2025-04-25 13:12:27,142 - INFO - Deleted INI directory: ini\Batch_0018\EA_1H_EUR_USD\ini
2025-04-25 13:12:27,143 - INFO - Deleted INI directory: ini\Batch_0018\EA_21Hour\ini
2025-04-25 13:12:27,144 - INFO - Deleted INI directory: ini\Batch_0018\EA_2HR_HL\ini
2025-04-25 13:12:27,145 - INFO - Deleted INI directory: ini\Batch_0018\EA_2MA_4Level\ini
2025-04-25 13:12:27,146 - INFO - Deleted INI directory: ini\Batch_0018\EA_2MA_Bunny_Cross\ini
2025-04-25 13:12:27,147 - INFO - Deleted INI directory: ini\Batch_0018\EA_35Pip_Scalper\ini
2025-04-25 13:12:27,148 - INFO - Deleted INI directory: ini\Batch_0018\EA_3Bars_HighLow\ini
2025-04-25 13:12:27,149 - INFO - Deleted INI directory: ini\Batch_0018\EA_GBPUSD_M1_2001\ini
2025-04-25 13:12:27,150 - INFO - Deleted INI directory: ini\Batch_0019\EA_10Pips\ini
2025-04-25 13:12:27,151 - INFO - Deleted INI directory: ini\Batch_0019\EA_10Pips_EURUSD\ini
2025-04-25 13:12:27,152 - INFO - Deleted INI directory: ini\Batch_0019\EA_1H_EUR_USD\ini
2025-04-25 13:12:27,154 - INFO - Deleted INI directory: ini\Batch_0019\EA_21Hour\ini
2025-04-25 13:12:27,155 - INFO - Deleted INI directory: ini\Batch_0019\EA_2HR_HL\ini
2025-04-25 13:12:27,156 - INFO - Deleted INI directory: ini\Batch_0019\EA_2MA_4Level\ini
2025-04-25 13:12:27,157 - INFO - Deleted INI directory: ini\Batch_0019\EA_2MA_Bunny_Cross\ini
2025-04-25 13:12:27,159 - INFO - Deleted INI directory: ini\Batch_0019\EA_35Pip_Scalper\ini
2025-04-25 13:12:27,160 - INFO - Deleted INI directory: ini\Batch_0019\EA_3Bars_HighLow\ini
2025-04-25 13:12:27,161 - INFO - Deleted INI directory: ini\Batch_0019\EA_GBPUSD_M1_2001\ini
2025-04-25 13:12:27,163 - INFO - Deleted INI directory: ini\Batch_0020\EA_10Pips\ini
2025-04-25 13:12:27,164 - INFO - Deleted INI directory: ini\Batch_0020\EA_10Pips_EURUSD\ini
2025-04-25 13:12:27,166 - INFO - Deleted INI directory: ini\Batch_0020\EA_1H_EUR_USD\ini
2025-04-25 13:12:27,167 - INFO - Deleted INI directory: ini\Batch_0020\EA_21Hour\ini
2025-04-25 13:12:27,169 - INFO - Deleted INI directory: ini\Batch_0020\EA_2HR_HL\ini
2025-04-25 13:12:27,171 - INFO - Deleted INI directory: ini\Batch_0020\EA_2MA_4Level\ini
2025-04-25 13:12:27,172 - INFO - Deleted INI directory: ini\Batch_0020\EA_2MA_Bunny_Cross\ini
2025-04-25 13:12:27,173 - INFO - Deleted INI directory: ini\Batch_0020\EA_35Pip_Scalper\ini
2025-04-25 13:12:27,174 - INFO - Deleted INI directory: ini\Batch_0020\EA_3Bars_HighLow\ini
2025-04-25 13:12:27,174 - INFO - Deleted INI directory: ini\Batch_0020\EA_GBPUSD_M1_2001\ini
2025-04-25 13:12:27,176 - INFO - Deleted INI directory: ini\Batch_0021\EA_10Pips\ini
2025-04-25 13:12:27,177 - INFO - Deleted INI directory: ini\Batch_0021\EA_10Pips_EURUSD\ini
2025-04-25 13:12:27,178 - INFO - Deleted INI directory: ini\Batch_0021\EA_1H_EUR_USD\ini
2025-04-25 13:12:27,179 - INFO - Deleted INI directory: ini\Batch_0021\EA_21Hour\ini
2025-04-25 13:12:27,180 - INFO - Deleted INI directory: ini\Batch_0021\EA_2HR_HL\ini
2025-04-25 13:12:27,181 - INFO - Deleted INI directory: ini\Batch_0021\EA_2MA_4Level\ini
2025-04-25 13:12:27,181 - INFO - Deleted INI directory: ini\Batch_0021\EA_2MA_Bunny_Cross\ini
2025-04-25 13:12:27,182 - INFO - Deleted INI directory: ini\Batch_0021\EA_35Pip_Scalper\ini
2025-04-25 13:12:27,183 - INFO - Deleted INI directory: ini\Batch_0021\EA_3Bars_HighLow\ini
2025-04-25 13:12:27,184 - INFO - Deleted INI directory: ini\Batch_0021\EA_GBPUSD_M1_2001\ini
2025-04-25 13:12:27,185 - INFO - Deleted INI directory: ini\Batch_0022\EA_10Pips\ini
2025-04-25 13:12:27,185 - INFO - Deleted INI directory: ini\Batch_0022\EA_10Pips_EURUSD\ini
2025-04-25 13:12:27,186 - INFO - Deleted INI directory: ini\Batch_0022\EA_1H_EUR_USD\ini
2025-04-25 13:12:27,187 - INFO - Deleted INI directory: ini\Batch_0022\EA_21Hour\ini
2025-04-25 13:12:27,187 - INFO - Deleted INI directory: ini\Batch_0022\EA_2HR_HL\ini
2025-04-25 13:12:27,188 - INFO - Deleted INI directory: ini\Batch_0022\EA_2MA_4Level\ini
2025-04-25 13:12:27,189 - INFO - Deleted INI directory: ini\Batch_0022\EA_2MA_Bunny_Cross\ini
2025-04-25 13:12:27,190 - INFO - Deleted INI directory: ini\Batch_0022\EA_35Pip_Scalper\ini
2025-04-25 13:12:27,190 - INFO - Deleted INI directory: ini\Batch_0022\EA_3Bars_HighLow\ini
2025-04-25 13:12:27,191 - INFO - Deleted INI directory: ini\Batch_0022\EA_GBPUSD_M1_2001\ini
2025-04-25 13:12:27,192 - INFO - Deleted INI directory: ini\Batch_0023\EA_10Pips\ini
2025-04-25 13:12:27,193 - INFO - Deleted INI directory: ini\Batch_0023\EA_10Pips_EURUSD\ini
2025-04-25 13:12:27,193 - INFO - Deleted INI directory: ini\Batch_0023\EA_1H_EUR_USD\ini
2025-04-25 13:12:27,194 - INFO - Deleted INI directory: ini\Batch_0023\EA_21Hour\ini
2025-04-25 13:12:27,195 - INFO - Deleted INI directory: ini\Batch_0023\EA_2HR_HL\ini
2025-04-25 13:12:27,196 - INFO - Deleted INI directory: ini\Batch_0023\EA_2MA_4Level\ini
2025-04-25 13:12:27,196 - INFO - Deleted INI directory: ini\Batch_0023\EA_2MA_Bunny_Cross\ini
2025-04-25 13:12:27,197 - INFO - Deleted INI directory: ini\Batch_0023\EA_35Pip_Scalper\ini
2025-04-25 13:12:27,198 - INFO - Deleted INI directory: ini\Batch_0023\EA_3Bars_HighLow\ini
2025-04-25 13:12:27,198 - INFO - Deleted INI directory: ini\Batch_0023\EA_GBPUSD_M1_2001\ini
2025-04-25 13:12:27,199 - INFO - Deleted INI directory: ini\Batch_0024\EA_10Pips\ini
2025-04-25 13:12:27,200 - INFO - Deleted INI directory: ini\Batch_0024\EA_10Pips_EURUSD\ini
2025-04-25 13:12:27,201 - INFO - Deleted INI directory: ini\Batch_0024\EA_1H_EUR_USD\ini
2025-04-25 13:12:27,201 - INFO - Deleted INI directory: ini\Batch_0024\EA_21Hour\ini
2025-04-25 13:12:27,202 - INFO - Deleted INI directory: ini\Batch_0024\EA_2HR_HL\ini
2025-04-25 13:12:27,203 - INFO - Deleted INI directory: ini\Batch_0024\EA_2MA_4Level\ini
2025-04-25 13:12:27,203 - INFO - Deleted INI directory: ini\Batch_0024\EA_2MA_Bunny_Cross\ini
2025-04-25 13:12:27,204 - INFO - Deleted INI directory: ini\Batch_0024\EA_35Pip_Scalper\ini
2025-04-25 13:12:27,205 - INFO - Deleted INI directory: ini\Batch_0024\EA_3Bars_HighLow\ini
2025-04-25 13:12:27,206 - INFO - Deleted INI directory: ini\Batch_0024\EA_GBPUSD_M1_2001\ini
2025-04-25 13:12:27,207 - INFO - Deleted INI directory: ini\Batch_0025\EA_10Pips\ini
2025-04-25 13:12:27,207 - INFO - Deleted INI directory: ini\Batch_0025\EA_10Pips_EURUSD\ini
2025-04-25 13:12:27,208 - INFO - Deleted INI directory: ini\Batch_0025\EA_1H_EUR_USD\ini
2025-04-25 13:12:27,209 - INFO - Deleted INI directory: ini\Batch_0025\EA_21Hour\ini
2025-04-25 13:12:27,210 - INFO - Deleted INI directory: ini\Batch_0025\EA_2HR_HL\ini
2025-04-25 13:12:27,211 - INFO - Deleted INI directory: ini\Batch_0025\EA_2MA_4Level\ini
2025-04-25 13:12:27,212 - INFO - Deleted INI directory: ini\Batch_0025\EA_2MA_Bunny_Cross\ini
2025-04-25 13:12:27,213 - INFO - Deleted INI directory: ini\Batch_0025\EA_35Pip_Scalper\ini
2025-04-25 13:12:27,214 - INFO - Deleted INI directory: ini\Batch_0025\EA_3Bars_HighLow\ini
2025-04-25 13:12:27,215 - INFO - Deleted INI directory: ini\Batch_0025\EA_GBPUSD_M1_2001\ini
2025-04-25 13:12:27,216 - INFO - Deleted INI directory: ini\Batch_0026\EA_10Pips\ini
2025-04-25 13:12:27,216 - INFO - Deleted INI directory: ini\Batch_0026\EA_10Pips_EURUSD\ini
2025-04-25 13:12:27,217 - INFO - Deleted INI directory: ini\Batch_0026\EA_1H_EUR_USD\ini
2025-04-25 13:12:27,218 - INFO - Deleted INI directory: ini\Batch_0026\EA_21Hour\ini
2025-04-25 13:12:27,219 - INFO - Deleted INI directory: ini\Batch_0026\EA_2HR_HL\ini
2025-04-25 13:12:27,220 - INFO - Deleted INI directory: ini\Batch_0026\EA_2MA_4Level\ini
2025-04-25 13:12:27,220 - INFO - Deleted INI directory: ini\Batch_0026\EA_2MA_Bunny_Cross\ini
2025-04-25 13:12:27,221 - INFO - Deleted INI directory: ini\Batch_0026\EA_35Pip_Scalper\ini
2025-04-25 13:12:27,222 - INFO - Deleted INI directory: ini\Batch_0026\EA_3Bars_HighLow\ini
2025-04-25 13:12:27,223 - INFO - Deleted INI directory: ini\Batch_0026\EA_GBPUSD_M1_2001\ini
2025-04-25 13:12:27,223 - INFO - Deleted INI directory: ini\Batch_0027\EA_10Pips\ini
2025-04-25 13:12:27,224 - INFO - Deleted INI directory: ini\Batch_0027\EA_10Pips_EURUSD\ini
2025-04-25 13:12:27,225 - INFO - Deleted INI directory: ini\Batch_0027\EA_1H_EUR_USD\ini
2025-04-25 13:12:27,226 - INFO - Deleted INI directory: ini\Batch_0027\EA_21Hour\ini
2025-04-25 13:12:27,226 - INFO - Deleted INI directory: ini\Batch_0027\EA_2HR_HL\ini
2025-04-25 13:12:27,227 - INFO - Deleted INI directory: ini\Batch_0027\EA_2MA_4Level\ini
2025-04-25 13:12:27,227 - INFO - Deleted INI directory: ini\Batch_0027\EA_2MA_Bunny_Cross\ini
2025-04-25 13:12:27,228 - INFO - Deleted INI directory: ini\Batch_0027\EA_35Pip_Scalper\ini
2025-04-25 13:12:27,229 - INFO - Deleted INI directory: ini\Batch_0027\EA_3Bars_HighLow\ini
2025-04-25 13:12:27,230 - INFO - Deleted INI directory: ini\Batch_0027\EA_GBPUSD_M1_2001\ini
2025-04-25 13:12:27,230 - INFO - Deleted INI directory: ini\Batch_0028\EA_10Pips\ini
2025-04-25 13:12:27,231 - INFO - Deleted INI directory: ini\Batch_0028\EA_10Pips_EURUSD\ini
2025-04-25 13:12:27,232 - INFO - Deleted INI directory: ini\Batch_0028\EA_1H_EUR_USD\ini
2025-04-25 13:12:27,233 - INFO - Deleted INI directory: ini\Batch_0028\EA_21Hour\ini
2025-04-25 13:12:27,233 - INFO - Deleted INI directory: ini\Batch_0028\EA_2HR_HL\ini
2025-04-25 13:12:27,234 - INFO - Deleted INI directory: ini\Batch_0028\EA_2MA_4Level\ini
2025-04-25 13:12:27,235 - INFO - Deleted INI directory: ini\Batch_0028\EA_2MA_Bunny_Cross\ini
2025-04-25 13:12:27,236 - INFO - Deleted INI directory: ini\Batch_0028\EA_35Pip_Scalper\ini
2025-04-25 13:12:27,236 - INFO - Deleted INI directory: ini\Batch_0028\EA_3Bars_HighLow\ini
2025-04-25 13:12:27,237 - INFO - Deleted INI directory: ini\Batch_0028\EA_GBPUSD_M1_2001\ini
2025-04-25 13:12:27,238 - INFO - Deleted INI directory: ini\Batch_0029\EA_10Pips\ini
2025-04-25 13:12:27,238 - INFO - Deleted INI directory: ini\Batch_0029\EA_10Pips_EURUSD\ini
2025-04-25 13:12:27,242 - INFO - Deleted INI directory: ini\Batch_0029\EA_1H_EUR_USD\ini
2025-04-25 13:12:27,243 - INFO - Deleted INI directory: ini\Batch_0029\EA_21Hour\ini
2025-04-25 13:12:27,244 - INFO - Deleted INI directory: ini\Batch_0029\EA_2HR_HL\ini
2025-04-25 13:12:27,244 - INFO - Deleted INI directory: ini\Batch_0029\EA_2MA_4Level\ini
2025-04-25 13:12:27,245 - INFO - Deleted INI directory: ini\Batch_0029\EA_2MA_Bunny_Cross\ini
2025-04-25 13:12:27,246 - INFO - Deleted INI directory: ini\Batch_0029\EA_35Pip_Scalper\ini
2025-04-25 13:12:27,247 - INFO - Deleted INI directory: ini\Batch_0029\EA_3Bars_HighLow\ini
2025-04-25 13:12:27,248 - INFO - Deleted INI directory: ini\Batch_0029\EA_GBPUSD_M1_2001\ini
2025-04-25 13:12:27,248 - INFO - Deleted INI directory: ini\Batch_0030\EA_10Pips\ini
2025-04-25 13:12:27,249 - INFO - Deleted INI directory: ini\Batch_0030\EA_10Pips_EURUSD\ini
2025-04-25 13:12:27,250 - INFO - Deleted INI directory: ini\Batch_0030\EA_1H_EUR_USD\ini
2025-04-25 13:12:27,250 - INFO - Deleted INI directory: ini\Batch_0030\EA_21Hour\ini
2025-04-25 13:12:27,251 - INFO - Deleted INI directory: ini\Batch_0030\EA_2HR_HL\ini
2025-04-25 13:12:27,252 - INFO - Deleted INI directory: ini\Batch_0030\EA_2MA_4Level\ini
2025-04-25 13:12:27,253 - INFO - Deleted INI directory: ini\Batch_0030\EA_2MA_Bunny_Cross\ini
2025-04-25 13:12:27,254 - INFO - Deleted INI directory: ini\Batch_0030\EA_35Pip_Scalper\ini
2025-04-25 13:12:27,255 - INFO - Deleted INI directory: ini\Batch_0030\EA_3Bars_HighLow\ini
2025-04-25 13:12:27,255 - INFO - Deleted INI directory: ini\Batch_0030\EA_GBPUSD_M1_2001\ini
2025-04-25 13:12:27,256 - INFO - Deleted INI directory: ini\Batch_0031\EA_10Pips\ini
2025-04-25 13:12:27,257 - INFO - Deleted INI directory: ini\Batch_0031\EA_10Pips_EURUSD\ini
2025-04-25 13:12:27,257 - INFO - Deleted INI directory: ini\Batch_0031\EA_1H_EUR_USD\ini
2025-04-25 13:12:27,258 - INFO - Deleted INI directory: ini\Batch_0031\EA_21Hour\ini
2025-04-25 13:12:27,258 - INFO - Deleted INI directory: ini\Batch_0031\EA_2HR_HL\ini
2025-04-25 13:12:27,259 - INFO - Deleted INI directory: ini\Batch_0031\EA_2MA_4Level\ini
2025-04-25 13:12:27,260 - INFO - Deleted INI directory: ini\Batch_0031\EA_2MA_Bunny_Cross\ini
2025-04-25 13:12:27,261 - INFO - Deleted INI directory: ini\Batch_0031\EA_35Pip_Scalper\ini
2025-04-25 13:12:27,262 - INFO - Deleted INI directory: ini\Batch_0031\EA_3Bars_HighLow\ini
2025-04-25 13:12:27,262 - INFO - Deleted INI directory: ini\Batch_0031\EA_GBPUSD_M1_2001\ini
2025-04-25 13:12:27,263 - INFO - Deleted INI directory: ini\Batch_0032\EA_10Pips\ini
2025-04-25 13:12:27,264 - INFO - Deleted INI directory: ini\Batch_0032\EA_10Pips_EURUSD\ini
2025-04-25 13:12:27,265 - INFO - Deleted INI directory: ini\Batch_0032\EA_1H_EUR_USD\ini
2025-04-25 13:12:27,265 - INFO - Deleted INI directory: ini\Batch_0032\EA_21Hour\ini
2025-04-25 13:12:27,266 - INFO - Deleted INI directory: ini\Batch_0032\EA_2HR_HL\ini
2025-04-25 13:12:27,267 - INFO - Deleted INI directory: ini\Batch_0032\EA_2MA_4Level\ini
2025-04-25 13:12:27,268 - INFO - Deleted INI directory: ini\Batch_0032\EA_2MA_Bunny_Cross\ini
2025-04-25 13:12:27,268 - INFO - Deleted INI directory: ini\Batch_0032\EA_35Pip_Scalper\ini
2025-04-25 13:12:27,269 - INFO - Deleted INI directory: ini\Batch_0032\EA_3Bars_HighLow\ini
2025-04-25 13:12:27,270 - INFO - Deleted INI directory: ini\Batch_0032\EA_GBPUSD_M1_2001\ini
2025-04-25 13:12:27,270 - INFO - Deleted INI directory: ini\Batch_0033\EA_10Pips\ini
2025-04-25 13:12:27,271 - INFO - Deleted INI directory: ini\Batch_0033\EA_10Pips_EURUSD\ini
2025-04-25 13:12:27,272 - INFO - Deleted INI directory: ini\Batch_0033\EA_1H_EUR_USD\ini
2025-04-25 13:12:27,273 - INFO - Deleted INI directory: ini\Batch_0033\EA_21Hour\ini
2025-04-25 13:12:27,273 - INFO - Deleted INI directory: ini\Batch_0033\EA_2HR_HL\ini
2025-04-25 13:12:27,274 - INFO - Deleted INI directory: ini\Batch_0033\EA_2MA_4Level\ini
2025-04-25 13:12:27,275 - INFO - Deleted INI directory: ini\Batch_0033\EA_2MA_Bunny_Cross\ini
2025-04-25 13:12:27,276 - INFO - Deleted INI directory: ini\Batch_0033\EA_35Pip_Scalper\ini
2025-04-25 13:12:27,276 - INFO - Deleted INI directory: ini\Batch_0033\EA_3Bars_HighLow\ini
2025-04-25 13:12:27,277 - INFO - Deleted INI directory: ini\Batch_0033\EA_GBPUSD_M1_2001\ini
2025-04-25 13:12:27,278 - INFO - Deleted INI directory: ini\Batch_0034\EA_10Pips\ini
2025-04-25 13:12:27,278 - INFO - Deleted INI directory: ini\Batch_0034\EA_10Pips_EURUSD\ini
2025-04-25 13:12:27,279 - INFO - Deleted INI directory: ini\Batch_0034\EA_1H_EUR_USD\ini
2025-04-25 13:12:27,280 - INFO - Deleted INI directory: ini\Batch_0034\EA_21Hour\ini
2025-04-25 13:12:27,280 - INFO - Deleted INI directory: ini\Batch_0034\EA_2HR_HL\ini
2025-04-25 13:12:27,281 - INFO - Deleted INI directory: ini\Batch_0034\EA_2MA_4Level\ini
2025-04-25 13:12:27,282 - INFO - Deleted INI directory: ini\Batch_0034\EA_2MA_Bunny_Cross\ini
2025-04-25 13:12:27,283 - INFO - Deleted INI directory: ini\Batch_0034\EA_35Pip_Scalper\ini
2025-04-25 13:12:27,283 - INFO - Deleted INI directory: ini\Batch_0034\EA_3Bars_HighLow\ini
2025-04-25 13:12:27,284 - INFO - Deleted INI directory: ini\Batch_0034\EA_GBPUSD_M1_2001\ini
2025-04-25 13:12:27,285 - INFO - Deleted INI directory: ini\Batch_0035\EA_10Pips\ini
2025-04-25 13:12:27,285 - INFO - Deleted INI directory: ini\Batch_0035\EA_10Pips_EURUSD\ini
2025-04-25 13:12:27,286 - INFO - Deleted INI directory: ini\Batch_0035\EA_1H_EUR_USD\ini
2025-04-25 13:12:27,287 - INFO - Deleted INI directory: ini\Batch_0035\EA_21Hour\ini
2025-04-25 13:12:27,287 - INFO - Deleted INI directory: ini\Batch_0035\EA_2HR_HL\ini
2025-04-25 13:12:27,288 - INFO - Deleted INI directory: ini\Batch_0035\EA_2MA_4Level\ini
2025-04-25 13:12:27,289 - INFO - Deleted INI directory: ini\Batch_0035\EA_2MA_Bunny_Cross\ini
2025-04-25 13:12:27,290 - INFO - Deleted INI directory: ini\Batch_0035\EA_35Pip_Scalper\ini
2025-04-25 13:12:27,290 - INFO - Deleted INI directory: ini\Batch_0035\EA_3Bars_HighLow\ini
2025-04-25 13:12:27,291 - INFO - Deleted INI directory: ini\Batch_0035\EA_GBPUSD_M1_2001\ini
2025-04-25 13:12:27,291 - INFO - Deleted INI directory: ini\Batch_0036\EA_10Pips\ini
2025-04-25 13:12:27,292 - INFO - Deleted INI directory: ini\Batch_0036\EA_10Pips_EURUSD\ini
2025-04-25 13:12:27,293 - INFO - Deleted INI directory: ini\Batch_0036\EA_1H_EUR_USD\ini
2025-04-25 13:12:27,293 - INFO - Deleted INI directory: ini\Batch_0036\EA_21Hour\ini
2025-04-25 13:12:27,294 - INFO - Deleted INI directory: ini\Batch_0036\EA_2HR_HL\ini
2025-04-25 13:12:27,295 - INFO - Deleted INI directory: ini\Batch_0036\EA_2MA_4Level\ini
2025-04-25 13:12:27,296 - INFO - Deleted INI directory: ini\Batch_0036\EA_2MA_Bunny_Cross\ini
2025-04-25 13:12:27,296 - INFO - Deleted INI directory: ini\Batch_0036\EA_35Pip_Scalper\ini
2025-04-25 13:12:27,297 - INFO - Deleted INI directory: ini\Batch_0036\EA_3Bars_HighLow\ini
2025-04-25 13:12:27,298 - INFO - Deleted INI directory: ini\Batch_0036\EA_GBPUSD_M1_2001\ini
2025-04-25 13:12:27,298 - INFO - Deleted INI directory: ini\Batch_0037\EA_10Pips\ini
2025-04-25 13:12:27,299 - INFO - Deleted INI directory: ini\Batch_0037\EA_10Pips_EURUSD\ini
2025-04-25 13:12:27,300 - INFO - Deleted INI directory: ini\Batch_0037\EA_1H_EUR_USD\ini
2025-04-25 13:12:27,300 - INFO - Deleted INI directory: ini\Batch_0037\EA_21Hour\ini
2025-04-25 13:12:27,301 - INFO - Deleted INI directory: ini\Batch_0037\EA_2HR_HL\ini
2025-04-25 13:12:27,302 - INFO - Deleted INI directory: ini\Batch_0037\EA_2MA_4Level\ini
2025-04-25 13:12:27,302 - INFO - Deleted INI directory: ini\Batch_0037\EA_2MA_Bunny_Cross\ini
2025-04-25 13:12:27,303 - INFO - Deleted INI directory: ini\Batch_0037\EA_35Pip_Scalper\ini
2025-04-25 13:12:27,304 - INFO - Deleted INI directory: ini\Batch_0037\EA_3Bars_HighLow\ini
2025-04-25 13:12:27,305 - INFO - Deleted INI directory: ini\Batch_0037\EA_GBPUSD_M1_2001\ini
2025-04-25 13:12:27,305 - INFO - Deleted INI directory: ini\Batch_0038\EA_10Pips\ini
2025-04-25 13:12:27,306 - INFO - Deleted INI directory: ini\Batch_0038\EA_10Pips_EURUSD\ini
2025-04-25 13:12:27,307 - INFO - Deleted INI directory: ini\Batch_0038\EA_1H_EUR_USD\ini
2025-04-25 13:12:27,308 - INFO - Deleted INI directory: ini\Batch_0038\EA_21Hour\ini
2025-04-25 13:12:27,308 - INFO - Deleted INI directory: ini\Batch_0038\EA_2HR_HL\ini
2025-04-25 13:12:27,309 - INFO - Deleted INI directory: ini\Batch_0038\EA_2MA_4Level\ini
2025-04-25 13:12:27,310 - INFO - Deleted INI directory: ini\Batch_0038\EA_2MA_Bunny_Cross\ini
2025-04-25 13:12:27,310 - INFO - Deleted INI directory: ini\Batch_0038\EA_35Pip_Scalper\ini
2025-04-25 13:12:27,311 - INFO - Deleted INI directory: ini\Batch_0038\EA_3Bars_HighLow\ini
2025-04-25 13:12:27,312 - INFO - Deleted INI directory: ini\Batch_0038\EA_GBPUSD_M1_2001\ini
2025-04-25 13:12:27,312 - INFO - Deleted INI directory: ini\Batch_0039\EA_10Pips\ini
2025-04-25 13:12:27,313 - INFO - Deleted INI directory: ini\Batch_0039\EA_10Pips_EURUSD\ini
2025-04-25 13:12:27,314 - INFO - Deleted INI directory: ini\Batch_0039\EA_1H_EUR_USD\ini
2025-04-25 13:12:27,314 - INFO - Deleted INI directory: ini\Batch_0039\EA_21Hour\ini
2025-04-25 13:12:27,315 - INFO - Deleted INI directory: ini\Batch_0039\EA_2HR_HL\ini
2025-04-25 13:12:27,316 - INFO - Deleted INI directory: ini\Batch_0039\EA_2MA_4Level\ini
2025-04-25 13:12:27,316 - INFO - Deleted INI directory: ini\Batch_0039\EA_2MA_Bunny_Cross\ini
2025-04-25 13:12:27,317 - INFO - Deleted INI directory: ini\Batch_0039\EA_35Pip_Scalper\ini
2025-04-25 13:12:27,317 - INFO - Deleted INI directory: ini\Batch_0039\EA_3Bars_HighLow\ini
2025-04-25 13:12:27,318 - INFO - Deleted INI directory: ini\Batch_0039\EA_GBPUSD_M1_2001\ini
2025-04-25 13:12:27,318 - INFO - Deleted INI directory: ini\Batch_0040\EA_10Pips\ini
2025-04-25 13:12:27,319 - INFO - Deleted INI directory: ini\Batch_0040\EA_10Pips_EURUSD\ini
2025-04-25 13:12:27,320 - INFO - Deleted INI directory: ini\Batch_0040\EA_1H_EUR_USD\ini
2025-04-25 13:12:27,320 - INFO - Deleted INI directory: ini\Batch_0040\EA_21Hour\ini
2025-04-25 13:12:27,321 - INFO - Deleted INI directory: ini\Batch_0040\EA_2HR_HL\ini
2025-04-25 13:12:27,322 - INFO - Deleted INI directory: ini\Batch_0040\EA_2MA_4Level\ini
2025-04-25 13:12:27,322 - INFO - Deleted INI directory: ini\Batch_0040\EA_2MA_Bunny_Cross\ini
2025-04-25 13:12:27,323 - INFO - Deleted INI directory: ini\Batch_0040\EA_35Pip_Scalper\ini
2025-04-25 13:12:27,324 - INFO - Deleted INI directory: ini\Batch_0040\EA_3Bars_HighLow\ini
2025-04-25 13:12:27,324 - INFO - Deleted INI directory: ini\Batch_0040\EA_GBPUSD_M1_2001\ini
2025-04-25 13:12:27,325 - INFO - Deleted INI directory: ini\Batch_0041\EA_10Pips\ini
2025-04-25 13:12:27,325 - INFO - Deleted INI directory: ini\Batch_0041\EA_10Pips_EURUSD\ini
2025-04-25 13:12:27,326 - INFO - Deleted INI directory: ini\Batch_0041\EA_1H_EUR_USD\ini
2025-04-25 13:12:27,327 - INFO - Deleted INI directory: ini\Batch_0041\EA_21Hour\ini
2025-04-25 13:12:27,327 - INFO - Deleted INI directory: ini\Batch_0041\EA_2HR_HL\ini
2025-04-25 13:12:27,328 - INFO - Deleted INI directory: ini\Batch_0041\EA_2MA_4Level\ini
2025-04-25 13:12:27,329 - INFO - Deleted INI directory: ini\Batch_0041\EA_2MA_Bunny_Cross\ini
2025-04-25 13:12:27,329 - INFO - Deleted INI directory: ini\Batch_0041\EA_35Pip_Scalper\ini
2025-04-25 13:12:27,330 - INFO - Deleted INI directory: ini\Batch_0041\EA_3Bars_HighLow\ini
2025-04-25 13:12:27,330 - INFO - Deleted INI directory: ini\Batch_0041\EA_GBPUSD_M1_2001\ini
2025-04-25 13:12:27,331 - INFO - Deleted INI directory: ini\Batch_0042\EA_10Pips\ini
2025-04-25 13:12:27,332 - INFO - Deleted INI directory: ini\Batch_0042\EA_10Pips_EURUSD\ini
2025-04-25 13:12:27,332 - INFO - Deleted INI directory: ini\Batch_0042\EA_1H_EUR_USD\ini
2025-04-25 13:12:27,333 - INFO - Deleted INI directory: ini\Batch_0042\EA_21Hour\ini
2025-04-25 13:12:27,334 - INFO - Deleted INI directory: ini\Batch_0042\EA_2HR_HL\ini
2025-04-25 13:12:27,334 - INFO - Deleted INI directory: ini\Batch_0042\EA_2MA_4Level\ini
2025-04-25 13:12:27,335 - INFO - Deleted INI directory: ini\Batch_0042\EA_2MA_Bunny_Cross\ini
2025-04-25 13:12:27,335 - INFO - Deleted INI directory: ini\Batch_0042\EA_35Pip_Scalper\ini
2025-04-25 13:12:27,336 - INFO - Deleted INI directory: ini\Batch_0042\EA_3Bars_HighLow\ini
2025-04-25 13:12:27,337 - INFO - Deleted INI directory: ini\Batch_0042\EA_GBPUSD_M1_2001\ini
2025-04-25 13:12:27,337 - INFO - Deleted INI directory: ini\Batch_0043\EA_10Pips\ini
2025-04-25 13:12:27,338 - INFO - Deleted INI directory: ini\Batch_0043\EA_10Pips_EURUSD\ini
2025-04-25 13:12:27,339 - INFO - Deleted INI directory: ini\Batch_0043\EA_1H_EUR_USD\ini
2025-04-25 13:12:27,339 - INFO - Deleted INI directory: ini\Batch_0043\EA_21Hour\ini
2025-04-25 13:12:27,340 - INFO - Deleted INI directory: ini\Batch_0043\EA_2HR_HL\ini
2025-04-25 13:12:27,340 - INFO - Deleted INI directory: ini\Batch_0043\EA_2MA_4Level\ini
2025-04-25 13:12:27,341 - INFO - Deleted INI directory: ini\Batch_0043\EA_2MA_Bunny_Cross\ini
2025-04-25 13:12:27,342 - INFO - Deleted INI directory: ini\Batch_0043\EA_35Pip_Scalper\ini
2025-04-25 13:12:27,342 - INFO - Deleted INI directory: ini\Batch_0043\EA_3Bars_HighLow\ini
2025-04-25 13:12:27,343 - INFO - Deleted INI directory: ini\Batch_0043\EA_GBPUSD_M1_2001\ini
2025-04-25 13:12:27,343 - INFO - Deleted INI directory: ini\Batch_0044\EA_10Pips\ini
2025-04-25 13:12:27,344 - INFO - Deleted INI directory: ini\Batch_0044\EA_10Pips_EURUSD\ini
2025-04-25 13:12:27,345 - INFO - Deleted INI directory: ini\Batch_0044\EA_1H_EUR_USD\ini
2025-04-25 13:12:27,345 - INFO - Deleted INI directory: ini\Batch_0044\EA_21Hour\ini
2025-04-25 13:12:27,346 - INFO - Deleted INI directory: ini\Batch_0044\EA_2HR_HL\ini
2025-04-25 13:12:27,346 - INFO - Deleted INI directory: ini\Batch_0044\EA_2MA_4Level\ini
2025-04-25 13:12:27,347 - INFO - Deleted INI directory: ini\Batch_0044\EA_2MA_Bunny_Cross\ini
2025-04-25 13:12:27,348 - INFO - Deleted INI directory: ini\Batch_0044\EA_35Pip_Scalper\ini
2025-04-25 13:12:27,348 - INFO - Deleted INI directory: ini\Batch_0044\EA_3Bars_HighLow\ini
2025-04-25 13:12:27,349 - INFO - Deleted INI directory: ini\Batch_0044\EA_GBPUSD_M1_2001\ini
2025-04-25 13:12:27,349 - INFO - Deleted INI directory: ini\Batch_0045\EA_10Pips\ini
2025-04-25 13:12:27,350 - INFO - Deleted INI directory: ini\Batch_0045\EA_10Pips_EURUSD\ini
2025-04-25 13:12:27,351 - INFO - Deleted INI directory: ini\Batch_0045\EA_1H_EUR_USD\ini
2025-04-25 13:12:27,351 - INFO - Deleted INI directory: ini\Batch_0045\EA_21Hour\ini
2025-04-25 13:12:27,352 - INFO - Deleted INI directory: ini\Batch_0045\EA_2HR_HL\ini
2025-04-25 13:12:27,353 - INFO - Deleted INI directory: ini\Batch_0045\EA_2MA_4Level\ini
2025-04-25 13:12:27,353 - INFO - Deleted INI directory: ini\Batch_0045\EA_2MA_Bunny_Cross\ini
2025-04-25 13:12:27,354 - INFO - Deleted INI directory: ini\Batch_0045\EA_35Pip_Scalper\ini
2025-04-25 13:12:27,354 - INFO - Deleted INI directory: ini\Batch_0045\EA_3Bars_HighLow\ini
2025-04-25 13:12:27,355 - INFO - Deleted INI directory: ini\Batch_0045\EA_GBPUSD_M1_2001\ini
2025-04-25 13:12:27,356 - INFO - Deleted INI directory: ini\Batch_0046\EA_10Pips\ini
2025-04-25 13:12:27,356 - INFO - Deleted INI directory: ini\Batch_0046\EA_10Pips_EURUSD\ini
2025-04-25 13:12:27,357 - INFO - Deleted INI directory: ini\Batch_0046\EA_1H_EUR_USD\ini
2025-04-25 13:12:27,358 - INFO - Deleted INI directory: ini\Batch_0046\EA_21Hour\ini
2025-04-25 13:12:27,358 - INFO - Deleted INI directory: ini\Batch_0046\EA_2HR_HL\ini
2025-04-25 13:12:27,359 - INFO - Deleted INI directory: ini\Batch_0046\EA_2MA_4Level\ini
2025-04-25 13:12:27,359 - INFO - Deleted INI directory: ini\Batch_0046\EA_2MA_Bunny_Cross\ini
2025-04-25 13:12:27,360 - INFO - Deleted INI directory: ini\Batch_0046\EA_35Pip_Scalper\ini
2025-04-25 13:12:27,361 - INFO - Deleted INI directory: ini\Batch_0046\EA_3Bars_HighLow\ini
2025-04-25 13:12:27,361 - INFO - Deleted INI directory: ini\Batch_0046\EA_GBPUSD_M1_2001\ini
2025-04-25 13:12:27,362 - INFO - Deleted INI directory: ini\Batch_0047\EA_10Pips\ini
2025-04-25 13:12:27,363 - INFO - Deleted INI directory: ini\Batch_0047\EA_10Pips_EURUSD\ini
2025-04-25 13:12:27,363 - INFO - Deleted INI directory: ini\Batch_0047\EA_1H_EUR_USD\ini
2025-04-25 13:12:27,364 - INFO - Deleted INI directory: ini\Batch_0047\EA_21Hour\ini
2025-04-25 13:12:27,364 - INFO - Deleted INI directory: ini\Batch_0047\EA_2HR_HL\ini
2025-04-25 13:12:27,365 - INFO - Deleted INI directory: ini\Batch_0047\EA_2MA_4Level\ini
2025-04-25 13:12:27,366 - INFO - Deleted INI directory: ini\Batch_0047\EA_2MA_Bunny_Cross\ini
2025-04-25 13:12:27,366 - INFO - Deleted INI directory: ini\Batch_0047\EA_35Pip_Scalper\ini
2025-04-25 13:12:27,367 - INFO - Deleted INI directory: ini\Batch_0047\EA_3Bars_HighLow\ini
2025-04-25 13:12:27,367 - INFO - Deleted INI directory: ini\Batch_0047\EA_GBPUSD_M1_2001\ini
2025-04-25 13:12:27,368 - INFO - Deleted INI directory: ini\Batch_0048\EA_10Pips\ini
2025-04-25 13:12:27,369 - INFO - Deleted INI directory: ini\Batch_0048\EA_10Pips_EURUSD\ini
2025-04-25 13:12:27,369 - INFO - Deleted INI directory: ini\Batch_0048\EA_1H_EUR_USD\ini
2025-04-25 13:12:27,370 - INFO - Deleted INI directory: ini\Batch_0048\EA_21Hour\ini
2025-04-25 13:12:27,370 - INFO - Deleted INI directory: ini\Batch_0048\EA_2HR_HL\ini
2025-04-25 13:12:27,371 - INFO - Deleted INI directory: ini\Batch_0048\EA_2MA_4Level\ini
2025-04-25 13:12:27,371 - INFO - Deleted INI directory: ini\Batch_0048\EA_2MA_Bunny_Cross\ini
2025-04-25 13:12:27,372 - INFO - Deleted INI directory: ini\Batch_0048\EA_35Pip_Scalper\ini
2025-04-25 13:12:27,373 - INFO - Deleted INI directory: ini\Batch_0048\EA_3Bars_HighLow\ini
2025-04-25 13:12:27,373 - INFO - Deleted INI directory: ini\Batch_0048\EA_GBPUSD_M1_2001\ini
2025-04-25 13:12:27,374 - INFO - Deleted INI directory: ini\Batch_0049\EA_10Pips\ini
2025-04-25 13:12:27,374 - INFO - Deleted INI directory: ini\Batch_0049\EA_10Pips_EURUSD\ini
2025-04-25 13:12:27,375 - INFO - Deleted INI directory: ini\Batch_0049\EA_1H_EUR_USD\ini
2025-04-25 13:12:27,376 - INFO - Deleted INI directory: ini\Batch_0049\EA_21Hour\ini
2025-04-25 13:12:27,376 - INFO - Deleted INI directory: ini\Batch_0049\EA_2HR_HL\ini
2025-04-25 13:12:27,377 - INFO - Deleted INI directory: ini\Batch_0049\EA_2MA_4Level\ini
2025-04-25 13:12:27,378 - INFO - Deleted INI directory: ini\Batch_0049\EA_2MA_Bunny_Cross\ini
2025-04-25 13:12:27,378 - INFO - Deleted INI directory: ini\Batch_0049\EA_35Pip_Scalper\ini
2025-04-25 13:12:27,379 - INFO - Deleted INI directory: ini\Batch_0049\EA_3Bars_HighLow\ini
2025-04-25 13:12:27,379 - INFO - Deleted INI directory: ini\Batch_0049\EA_GBPUSD_M1_2001\ini
2025-04-25 13:12:27,380 - INFO - Deleted INI directory: ini\Batch_0050\EA_10Pips\ini
2025-04-25 13:12:27,381 - INFO - Deleted INI directory: ini\Batch_0050\EA_10Pips_EURUSD\ini
2025-04-25 13:12:27,381 - INFO - Deleted INI directory: ini\Batch_0050\EA_1H_EUR_USD\ini
2025-04-25 13:12:27,382 - INFO - Deleted INI directory: ini\Batch_0050\EA_21Hour\ini
2025-04-25 13:12:27,382 - INFO - Deleted INI directory: ini\Batch_0050\EA_2HR_HL\ini
2025-04-25 13:12:27,383 - INFO - Deleted INI directory: ini\Batch_0050\EA_2MA_4Level\ini
2025-04-25 13:12:27,384 - INFO - Deleted INI directory: ini\Batch_0050\EA_2MA_Bunny_Cross\ini
2025-04-25 13:12:27,384 - INFO - Deleted INI directory: ini\Batch_0050\EA_35Pip_Scalper\ini
2025-04-25 13:12:27,385 - INFO - Deleted INI directory: ini\Batch_0050\EA_3Bars_HighLow\ini
2025-04-25 13:12:27,386 - INFO - Deleted INI directory: ini\Batch_0050\EA_GBPUSD_M1_2001\ini
2025-04-25 13:12:27,387 - INFO - Deleted INI directory: ini\Batch_0051\EA_10Pips\ini
2025-04-25 13:12:27,388 - INFO - Deleted INI directory: ini\Batch_0051\EA_10Pips_EURUSD\ini
2025-04-25 13:12:27,388 - INFO - Deleted INI directory: ini\Batch_0051\EA_1H_EUR_USD\ini
2025-04-25 13:12:27,389 - INFO - Deleted INI directory: ini\Batch_0051\EA_21Hour\ini
2025-04-25 13:12:27,390 - INFO - Deleted INI directory: ini\Batch_0051\EA_2HR_HL\ini
2025-04-25 13:12:27,391 - INFO - Deleted INI directory: ini\Batch_0051\EA_2MA_4Level\ini
2025-04-25 13:12:27,392 - INFO - Deleted INI directory: ini\Batch_0051\EA_2MA_Bunny_Cross\ini
2025-04-25 13:12:27,393 - INFO - Deleted INI directory: ini\Batch_0051\EA_35Pip_Scalper\ini
2025-04-25 13:12:27,393 - INFO - Deleted INI directory: ini\Batch_0051\EA_3Bars_HighLow\ini
2025-04-25 13:12:27,394 - INFO - Deleted INI directory: ini\Batch_0051\EA_GBPUSD_M1_2001\ini
2025-04-25 13:12:27,395 - INFO - Deleted INI directory: ini\Batch_0052\EA_10Pips\ini
2025-04-25 13:12:27,395 - INFO - Deleted INI directory: ini\Batch_0052\EA_10Pips_EURUSD\ini
2025-04-25 13:12:27,396 - INFO - Deleted INI directory: ini\Batch_0052\EA_1H_EUR_USD\ini
2025-04-25 13:12:27,397 - INFO - Deleted INI directory: ini\Batch_0052\EA_21Hour\ini
2025-04-25 13:12:27,398 - INFO - Deleted INI directory: ini\Batch_0052\EA_2HR_HL\ini
2025-04-25 13:12:27,398 - INFO - Deleted INI directory: ini\Batch_0052\EA_2MA_4Level\ini
2025-04-25 13:12:27,399 - INFO - Deleted INI directory: ini\Batch_0052\EA_2MA_Bunny_Cross\ini
2025-04-25 13:12:27,400 - INFO - Deleted INI directory: ini\Batch_0052\EA_35Pip_Scalper\ini
2025-04-25 13:12:27,400 - INFO - Deleted INI directory: ini\Batch_0052\EA_3Bars_HighLow\ini
2025-04-25 13:12:27,401 - INFO - Deleted INI directory: ini\Batch_0052\EA_GBPUSD_M1_2001\ini
2025-04-25 13:12:27,402 - INFO - Deleted INI directory: ini\Batch_0053\EA_10Pips\ini
2025-04-25 13:12:27,402 - INFO - Deleted INI directory: ini\Batch_0053\EA_10Pips_EURUSD\ini
2025-04-25 13:12:27,403 - INFO - Deleted INI directory: ini\Batch_0053\EA_1H_EUR_USD\ini
2025-04-25 13:12:27,404 - INFO - Deleted INI directory: ini\Batch_0053\EA_21Hour\ini
2025-04-25 13:12:27,404 - INFO - Deleted INI directory: ini\Batch_0053\EA_2HR_HL\ini
2025-04-25 13:12:27,405 - INFO - Deleted INI directory: ini\Batch_0053\EA_2MA_4Level\ini
2025-04-25 13:12:27,406 - INFO - Deleted INI directory: ini\Batch_0053\EA_2MA_Bunny_Cross\ini
2025-04-25 13:12:27,407 - INFO - Deleted INI directory: ini\Batch_0053\EA_35Pip_Scalper\ini
2025-04-25 13:12:27,407 - INFO - Deleted INI directory: ini\Batch_0053\EA_3Bars_HighLow\ini
2025-04-25 13:12:27,408 - INFO - Deleted INI directory: ini\Batch_0053\EA_GBPUSD_M1_2001\ini
2025-04-25 13:12:27,409 - INFO - Deleted INI directory: ini\Batch_0054\EA_10Pips\ini
2025-04-25 13:12:27,410 - INFO - Deleted INI directory: ini\Batch_0054\EA_10Pips_EURUSD\ini
2025-04-25 13:12:27,410 - INFO - Deleted INI directory: ini\Batch_0054\EA_1H_EUR_USD\ini
2025-04-25 13:12:27,411 - INFO - Deleted INI directory: ini\Batch_0054\EA_21Hour\ini
2025-04-25 13:12:27,412 - INFO - Deleted INI directory: ini\Batch_0054\EA_2HR_HL\ini
2025-04-25 13:12:27,412 - INFO - Deleted INI directory: ini\Batch_0054\EA_2MA_4Level\ini
2025-04-25 13:12:27,413 - INFO - Deleted INI directory: ini\Batch_0054\EA_2MA_Bunny_Cross\ini
2025-04-25 13:12:27,414 - INFO - Deleted INI directory: ini\Batch_0054\EA_35Pip_Scalper\ini
2025-04-25 13:12:27,415 - INFO - Deleted INI directory: ini\Batch_0054\EA_3Bars_HighLow\ini
2025-04-25 13:12:27,415 - INFO - Deleted INI directory: ini\Batch_0054\EA_GBPUSD_M1_2001\ini
2025-04-25 13:12:27,416 - INFO - Deleted INI directory: ini\Batch_0055\EA_10Pips\ini
2025-04-25 13:12:27,417 - INFO - Deleted INI directory: ini\Batch_0055\EA_10Pips_EURUSD\ini
2025-04-25 13:12:27,417 - INFO - Deleted INI directory: ini\Batch_0055\EA_1H_EUR_USD\ini
2025-04-25 13:12:27,418 - INFO - Deleted INI directory: ini\Batch_0055\EA_21Hour\ini
2025-04-25 13:12:27,418 - INFO - Deleted INI directory: ini\Batch_0055\EA_2HR_HL\ini
2025-04-25 13:12:27,419 - INFO - Deleted INI directory: ini\Batch_0055\EA_2MA_4Level\ini
2025-04-25 13:12:27,420 - INFO - Deleted INI directory: ini\Batch_0055\EA_2MA_Bunny_Cross\ini
2025-04-25 13:12:27,420 - INFO - Deleted INI directory: ini\Batch_0055\EA_35Pip_Scalper\ini
2025-04-25 13:12:27,421 - INFO - Deleted INI directory: ini\Batch_0055\EA_3Bars_HighLow\ini
2025-04-25 13:12:27,422 - INFO - Deleted INI directory: ini\Batch_0055\EA_GBPUSD_M1_2001\ini
2025-04-25 13:12:27,422 - INFO - Deleted INI directory: ini\Batch_0056\EA_10Pips\ini
2025-04-25 13:12:27,423 - INFO - Deleted INI directory: ini\Batch_0056\EA_10Pips_EURUSD\ini
2025-04-25 13:12:27,424 - INFO - Deleted INI directory: ini\Batch_0056\EA_1H_EUR_USD\ini
2025-04-25 13:12:27,424 - INFO - Deleted INI directory: ini\Batch_0056\EA_21Hour\ini
2025-04-25 13:12:27,425 - INFO - Deleted INI directory: ini\Batch_0056\EA_2HR_HL\ini
2025-04-25 13:12:27,426 - INFO - Deleted INI directory: ini\Batch_0056\EA_2MA_4Level\ini
2025-04-25 13:12:27,426 - INFO - Deleted INI directory: ini\Batch_0056\EA_2MA_Bunny_Cross\ini
2025-04-25 13:12:27,427 - INFO - Deleted INI directory: ini\Batch_0056\EA_35Pip_Scalper\ini
2025-04-25 13:12:27,428 - INFO - Deleted INI directory: ini\Batch_0056\EA_3Bars_HighLow\ini
2025-04-25 13:12:27,428 - INFO - Deleted INI directory: ini\Batch_0056\EA_GBPUSD_M1_2001\ini
2025-04-25 13:12:27,429 - INFO - Deleted INI directory: ini\Batch_0057\EA_10Pips\ini
2025-04-25 13:12:27,430 - INFO - Deleted INI directory: ini\Batch_0057\EA_10Pips_EURUSD\ini
2025-04-25 13:12:27,430 - INFO - Deleted INI directory: ini\Batch_0057\EA_1H_EUR_USD\ini
2025-04-25 13:12:27,431 - INFO - Deleted INI directory: ini\Batch_0057\EA_21Hour\ini
2025-04-25 13:12:27,432 - INFO - Deleted INI directory: ini\Batch_0057\EA_2HR_HL\ini
2025-04-25 13:12:27,433 - INFO - Deleted INI directory: ini\Batch_0057\EA_2MA_4Level\ini
2025-04-25 13:12:27,433 - INFO - Deleted INI directory: ini\Batch_0057\EA_2MA_Bunny_Cross\ini
2025-04-25 13:12:27,434 - INFO - Deleted INI directory: ini\Batch_0057\EA_35Pip_Scalper\ini
2025-04-25 13:12:27,434 - INFO - Deleted INI directory: ini\Batch_0057\EA_3Bars_HighLow\ini
2025-04-25 13:12:27,435 - INFO - Deleted INI directory: ini\Batch_0057\EA_GBPUSD_M1_2001\ini
2025-04-25 13:12:27,436 - INFO - Deleted INI directory: ini\Batch_0058\EA_10Pips\ini
2025-04-25 13:12:27,437 - INFO - Deleted INI directory: ini\Batch_0058\EA_10Pips_EURUSD\ini
2025-04-25 13:12:27,437 - INFO - Deleted INI directory: ini\Batch_0058\EA_1H_EUR_USD\ini
2025-04-25 13:12:27,438 - INFO - Deleted INI directory: ini\Batch_0058\EA_21Hour\ini
2025-04-25 13:12:27,439 - INFO - Deleted INI directory: ini\Batch_0058\EA_2HR_HL\ini
2025-04-25 13:12:27,440 - INFO - Deleted INI directory: ini\Batch_0058\EA_2MA_4Level\ini
2025-04-25 13:12:27,440 - INFO - Deleted INI directory: ini\Batch_0058\EA_2MA_Bunny_Cross\ini
2025-04-25 13:12:27,441 - INFO - Deleted INI directory: ini\Batch_0058\EA_35Pip_Scalper\ini
2025-04-25 13:12:27,442 - INFO - Deleted INI directory: ini\Batch_0058\EA_3Bars_HighLow\ini
2025-04-25 13:12:27,442 - INFO - Deleted INI directory: ini\Batch_0058\EA_GBPUSD_M1_2001\ini
2025-04-25 13:12:27,443 - INFO - Deleted INI directory: ini\Batch_0059\EA_10Pips\ini
2025-04-25 13:12:27,443 - INFO - Deleted INI directory: ini\Batch_0059\EA_10Pips_EURUSD\ini
2025-04-25 13:12:27,444 - INFO - Deleted INI directory: ini\Batch_0059\EA_1H_EUR_USD\ini
2025-04-25 13:12:27,445 - INFO - Deleted INI directory: ini\Batch_0059\EA_21Hour\ini
2025-04-25 13:12:27,445 - INFO - Deleted INI directory: ini\Batch_0059\EA_2HR_HL\ini
2025-04-25 13:12:27,446 - INFO - Deleted INI directory: ini\Batch_0059\EA_2MA_4Level\ini
2025-04-25 13:12:27,446 - INFO - Deleted INI directory: ini\Batch_0059\EA_2MA_Bunny_Cross\ini
2025-04-25 13:12:27,447 - INFO - Deleted INI directory: ini\Batch_0059\EA_35Pip_Scalper\ini
2025-04-25 13:12:27,448 - INFO - Deleted INI directory: ini\Batch_0059\EA_3Bars_HighLow\ini
2025-04-25 13:12:27,448 - INFO - Deleted INI directory: ini\Batch_0059\EA_GBPUSD_M1_2001\ini
2025-04-25 13:12:27,449 - INFO - Deleted INI directory: ini\Batch_0060\EA_10Pips\ini
2025-04-25 13:12:27,449 - INFO - Deleted INI directory: ini\Batch_0060\EA_10Pips_EURUSD\ini
2025-04-25 13:12:27,450 - INFO - Deleted INI directory: ini\Batch_0060\EA_1H_EUR_USD\ini
2025-04-25 13:12:27,451 - INFO - Deleted INI directory: ini\Batch_0060\EA_21Hour\ini
2025-04-25 13:12:27,451 - INFO - Deleted INI directory: ini\Batch_0060\EA_2HR_HL\ini
2025-04-25 13:12:27,452 - INFO - Deleted INI directory: ini\Batch_0060\EA_2MA_4Level\ini
2025-04-25 13:12:27,453 - INFO - Deleted INI directory: ini\Batch_0060\EA_2MA_Bunny_Cross\ini
2025-04-25 13:12:27,453 - INFO - Deleted INI directory: ini\Batch_0060\EA_35Pip_Scalper\ini
2025-04-25 13:12:27,454 - INFO - Deleted INI directory: ini\Batch_0060\EA_3Bars_HighLow\ini
2025-04-25 13:12:27,455 - INFO - Deleted INI directory: ini\Batch_0060\EA_GBPUSD_M1_2001\ini
2025-04-25 13:12:27,455 - INFO - Successfully deleted 600 INI directories
