2025-04-25 21:02:18,698 - INFO - Processing 10-pips-EURUSD_01_standard.set
2025-04-25 21:02:18,701 - INFO - Processing 10-pips_01_standard.set
2025-04-25 21:02:18,703 - INFO - Processing 1H-EUR-USD_01_standard.set
2025-04-25 21:02:18,706 - INFO - Processing 20011201-GBPUSD-M1_01_standard.set
2025-04-25 21:02:18,710 - INFO - Processing 21hour_01_standard.set
2025-04-25 21:02:18,713 - INFO - Processing 2HR-HL_01_standard.set
2025-04-25 21:02:18,718 - INFO - Processing 2MA-4Level_01_standard.set
2025-04-25 21:02:18,722 - INFO - Processing 2MA-Bunny-Cross_01_standard.set
2025-04-25 21:02:18,724 - INFO - Processing 3-bars-high-low-indicator_01_standard.set
2025-04-25 21:02:18,727 - INFO - Processing 35-Pip-Scalper_01_standard.set
2025-04-25 21:02:18,730 - INFO - Processing 3BarsHighLowEA_01_standard.set
2025-04-25 21:02:18,735 - INFO - Processing 3sma_01_standard.set
2025-04-25 21:02:18,738 - INFO - Processing 500_01_standard.set
2025-04-25 21:02:18,741 - INFO - Processing 55-MA_01_standard.set
2025-04-25 21:02:18,744 - INFO - Processing Above-Below-MA_01_standard.set
2025-04-25 21:02:18,747 - INFO - Processing Absorption_01_standard.set
2025-04-25 21:02:18,750 - INFO - Processing ADX-MACD-Deev_01_standard.set
2025-04-25 21:02:18,753 - INFO - Processing ADX-MA_01_standard.set
2025-04-25 21:02:18,756 - INFO - Processing ADX-System_01_standard.set
2025-04-25 21:02:18,758 - INFO - Processing AIS1_01_standard.set
2025-04-25 21:02:18,761 - INFO - Processing Alexav-D1-Profit-GBPUSD_01_standard.set
2025-04-25 21:02:18,764 - INFO - Processing All-Average-Ea_01_standard.set
2025-04-25 21:02:18,768 - INFO - Processing Alligator-Simple_01_standard.set
2025-04-25 21:02:18,771 - INFO - Processing Alligator_01_standard.set
2025-04-25 21:02:18,774 - INFO - Processing Altarius-RSI-Stohastic_01_standard.set
2025-04-25 21:02:18,777 - INFO - Processing AMA-Trader-2_01_standard.set
2025-04-25 21:02:18,781 - INFO - Processing AMA-Trader_01_standard.set
2025-04-25 21:02:18,785 - INFO - Processing AO-Lightning_01_standard.set
2025-04-25 21:02:18,788 - INFO - Processing AOCCI_01_standard.set
2025-04-25 21:02:18,791 - INFO - Processing Arbitrage_01_standard.set
2025-04-25 21:02:18,793 - INFO - Processing ArbSint_01_standard.set
2025-04-25 21:02:18,796 - INFO - Processing Area-MACD_01_standard.set
2025-04-25 21:02:18,799 - INFO - Processing Artificial-Intelligence_01_standard.set
2025-04-25 21:02:18,802 - INFO - Processing At-random-Full_01_standard.set
2025-04-25 21:02:18,806 - INFO - Processing At-random_01_standard.set
2025-04-25 21:02:18,809 - INFO - Processing Auto-ADX_01_standard.set
2025-04-25 21:02:18,812 - INFO - Processing Auto-Pivot-Plotter-28Mid-Levels-29-41_01_standard.set
2025-04-25 21:02:18,815 - INFO - Processing AutoLock-EA_01_standard.set
2025-04-25 21:02:18,820 - INFO - Processing Autotrader-Momentum_01_standard.set
2025-04-25 21:02:18,823 - INFO - Processing Avalanche-AV_01_standard.set
2025-04-25 21:02:18,826 - INFO - Processing Backbone_01_standard.set
2025-04-25 21:02:18,828 - INFO - Processing BADX_01_standard.set
2025-04-25 21:02:18,831 - INFO - Processing Bago-EA_01_standard.set
2025-04-25 21:02:18,834 - INFO - Processing BalancedScalper-20EA_01_standard.set
2025-04-25 21:02:18,839 - INFO - Processing Bands-2_01_standard.set
2025-04-25 21:02:18,843 - INFO - Processing BARS-Alligator_01_standard.set
2025-04-25 21:02:18,847 - INFO - Processing Basic-CCI-RSI_01_standard.set
2025-04-25 21:02:18,850 - INFO - Processing Basic-Martingale-EA-3_01_standard.set
2025-04-25 21:02:18,854 - INFO - Processing BBPercentile-EA_01_standard.set
2025-04-25 21:02:18,859 - INFO - Processing BBPercentile_01_standard.set
2025-04-25 21:02:18,862 - INFO - Processing BDCrossOver-20EA_01_standard.set
2025-04-25 21:02:18,866 - INFO - Processing BIG-DOG_01_standard.set
2025-04-25 21:02:18,869 - INFO - Processing Bill-Williams_01_standard.set
2025-04-25 21:02:18,872 - INFO - Processing Bollinger-Band-Two-MA-and-Zig-Zag_01_standard.set
2025-04-25 21:02:18,877 - INFO - Processing Bollinger-Bands-N-positions_01_standard.set
2025-04-25 21:02:18,880 - INFO - Processing Bollinger-Bands-RSI_01_standard.set
2025-04-25 21:02:18,883 - INFO - Processing bollinger_01_standard.set
2025-04-25 21:02:18,887 - INFO - Processing Brakeout-Trader_01_standard.set
2025-04-25 21:02:18,890 - INFO - Processing Brandy_01_standard.set
2025-04-25 21:02:18,893 - INFO - Processing Breadandbutter2_01_standard.set
2025-04-25 21:02:18,897 - INFO - Processing Breakdown-catcher_01_standard.set
2025-04-25 21:02:18,901 - INFO - Processing breakdown_01_standard.set
2025-04-25 21:02:18,904 - INFO - Processing Breakout-Str_01_standard.set
2025-04-25 21:02:18,909 - INFO - Processing Bronze-Warrioir_01_standard.set
2025-04-25 21:02:18,913 - INFO - Processing Bruno_01_standard.set
2025-04-25 21:02:18,916 - INFO - Processing BSS-1-0_01_standard.set
2025-04-25 21:02:18,919 - INFO - Processing Bullish-and-Bearish-Engulfing_01_standard.set
2025-04-25 21:02:18,922 - INFO - Processing Burg-Extrapolator_01_standard.set
2025-04-25 21:02:18,925 - INFO - Processing BykovTrend-EA_01_standard.set
2025-04-25 21:02:18,931 - INFO - Processing Calculate-lotsize-and-Trailling-stop_01_standard.set
2025-04-25 21:02:18,935 - INFO - Processing candlepatternsexample_01_standard.set
2025-04-25 21:02:18,941 - INFO - Processing Candle_01_standard.set
2025-04-25 21:02:18,944 - INFO - Processing Carbophos_01_standard.set
2025-04-25 21:02:18,946 - INFO - Processing CashMachine-5min_01_standard.set
2025-04-25 21:02:18,949 - INFO - Processing CCI-MACD-Scalper_01_standard.set
2025-04-25 21:02:18,952 - INFO - Processing Cidomo_01_standard.set
2025-04-25 21:02:18,955 - INFO - Processing CloseAgent_01_standard.set
2025-04-25 21:02:18,958 - INFO - Processing CloseProfit_01_standard.set
2025-04-25 21:02:18,960 - INFO - Processing cloud's-trade-2_01_standard.set
2025-04-25 21:02:18,964 - INFO - Processing CLOUD_01_standard.set
2025-04-25 21:02:18,967 - INFO - Processing Constituents-EA_01_standard.set
2025-04-25 21:02:18,971 - INFO - Processing Contrarian-trade-MA_01_standard.set
2025-04-25 21:02:18,975 - INFO - Processing Crossing-Moving-Average_01_standard.set
2025-04-25 21:02:18,979 - INFO - Processing CrossMA_01_standard.set
2025-04-25 21:02:18,982 - INFO - Processing Currencyprofits-01.1_01_standard.set
2025-04-25 21:02:18,985 - INFO - Processing Daily-20reversal-20-20EA_01_standard.set
2025-04-25 21:02:18,989 - INFO - Processing Daily-BreakPoint_01_standard.set
2025-04-25 21:02:18,992 - INFO - Processing Daily-Open-EA_01_standard.set
2025-04-25 21:02:18,997 - INFO - Processing Daily-range_01_standard.set
2025-04-25 21:02:19,001 - INFO - Processing Day-Trading-PAMXA_01_standard.set
2025-04-25 21:02:19,005 - INFO - Processing Daydream_01_standard.set
2025-04-25 21:02:19,007 - INFO - Processing DayTrading_01_standard.set
2025-04-25 21:02:19,011 - INFO - Processing Dealers-Trade-v-7.74-MACD_01_standard.set
2025-04-25 21:02:19,014 - INFO - Processing Deep-Drawdown-MA_01_standard.set
2025-04-25 21:02:19,018 - INFO - Processing DeMarker-gaining-position-volume-2_01_standard.set
2025-04-25 21:02:19,022 - INFO - Processing DeMarker-gaining-position-volume_01_standard.set
2025-04-25 21:02:19,025 - INFO - Processing DeMarker-Pending-2-5_01_standard.set
2025-04-25 21:02:19,029 - INFO - Processing DeMarker-Pending-2_01_standard.set
2025-04-25 21:02:19,034 - INFO - Processing DeMarker-Pending_01_standard.set
2025-04-25 21:02:19,038 - INFO - Processing Dematus_01_standard.set
2025-04-25 21:02:19,042 - INFO - Processing Divergence-20for-20many-20indicator_01_standard.set
2025-04-25 21:02:19,046 - INFO - Processing Divergence-EA_01_standard.set
2025-04-25 21:02:19,055 - INFO - Processing Doji-Arrows_01_standard.set
2025-04-25 21:02:19,059 - INFO - Processing DojiTrader_01_standard.set
2025-04-25 21:02:19,064 - INFO - Processing Donchian-Chanel-EA_01_standard.set
2025-04-25 21:02:19,071 - INFO - Processing DoubleHullMA-EA_01_standard.set
2025-04-25 21:02:19,077 - INFO - Processing DoubleHullMA_01_standard.set
2025-04-25 21:02:19,081 - INFO - Processing DoubleMA-Crossover-EA_01_standard.set
2025-04-25 21:02:19,086 - INFO - Processing Doubler_01_standard.set
2025-04-25 21:02:19,090 - INFO - Processing dummy_01_standard.set
2025-04-25 21:02:19,093 - INFO - Processing Dynamic-averaging_01_standard.set
2025-04-25 21:02:19,097 - INFO - Processing e-Breakeven_01_standard.set
2025-04-25 21:02:19,100 - INFO - Processing E-Friday_01_standard.set
2025-04-25 21:02:19,103 - INFO - Processing E-Skoch-Open_01_standard.set
2025-04-25 21:02:19,107 - INFO - Processing e-Skoch-pending-orders_01_standard.set
2025-04-25 21:02:19,111 - INFO - Processing e-Smart-Trailing_01_standard.set
2025-04-25 21:02:19,114 - INFO - Processing e-TurboFx_01_standard.set
2025-04-25 21:02:19,118 - INFO - Processing EA-Close_01_standard.set
2025-04-25 21:02:19,124 - INFO - Processing EA-MA-Stoch-RSI_01_standard.set
2025-04-25 21:02:19,132 - INFO - Processing EA-Moving-Average_01_standard.set
2025-04-25 21:02:19,137 - INFO - Processing Elite-eFibo-Trader_01_standard.set
2025-04-25 21:02:19,142 - INFO - Processing EMA-6.12_01_standard.set
2025-04-25 21:02:19,147 - INFO - Processing EMA-CROSS_01_standard.set
2025-04-25 21:02:19,151 - INFO - Processing EMA-LWMA-RSI_01_standard.set
2025-04-25 21:02:19,156 - INFO - Processing EMA-RSI-EA_01_standard.set
2025-04-25 21:02:19,162 - INFO - Processing EMA-WMA_01_standard.set
2025-04-25 21:02:19,166 - INFO - Processing EMA_01_standard.set
2025-04-25 21:02:19,170 - INFO - Processing Eugene_01_standard.set
2025-04-25 21:02:19,173 - INFO - Processing eur-usd-m5_01_standard.set
2025-04-25 21:02:19,176 - INFO - Processing EURUSD-breakout_01_standard.set
2025-04-25 21:02:19,180 - INFO - Processing Executer-AC_01_standard.set
2025-04-25 21:02:19,183 - INFO - Processing Executor-AO_01_standard.set
2025-04-25 21:02:19,187 - INFO - Processing Executor-Candles_01_standard.set
2025-04-25 21:02:19,190 - INFO - Processing exp-Amstell_01_standard.set
2025-04-25 21:02:19,194 - INFO - Processing Expert-NEWS_01_standard.set
2025-04-25 21:02:19,197 - INFO - Processing Expert-RSI-Stochastic-MA_01_standard.set
2025-04-25 21:02:19,203 - INFO - Processing ExtremePrice-EA_01_standard.set
2025-04-25 21:02:19,207 - INFO - Processing FiboRetracement-20EA_01_standard.set
2025-04-25 21:02:19,213 - INFO - Processing Firebird_01_standard.set
2025-04-25 21:02:19,218 - INFO - Processing Firestorm-EA_01_standard.set
2025-04-25 21:02:19,224 - INFO - Processing Firestorm-indicator_01_standard.set
2025-04-25 21:02:19,228 - INFO - Processing Fluctuate_01_standard.set
2025-04-25 21:02:19,232 - INFO - Processing Forex-Fraus-M1_01_standard.set
2025-04-25 21:02:19,236 - INFO - Processing Forex-Profit_01_standard.set
2025-04-25 21:02:19,239 - INFO - Processing Fractals-minimum-distance_01_standard.set
2025-04-25 21:02:19,242 - INFO - Processing Fraktrak-xonax_01_standard.set
2025-04-25 21:02:19,245 - INFO - Processing Frank-Ud_01_standard.set
2025-04-25 21:02:19,249 - INFO - Processing FT-CCI_01_standard.set
2025-04-25 21:02:19,252 - INFO - Processing Fuzzy-logic_01_standard.set
2025-04-25 21:02:19,255 - INFO - Processing GalacticExplosion_01_standard.set
2025-04-25 21:02:19,259 - INFO - Processing Gandalf-PRO_01_standard.set
2025-04-25 21:02:19,262 - INFO - Processing Gap-DM_01_standard.set
2025-04-25 21:02:19,265 - INFO - Processing GAP-EA_01_standard.set
2025-04-25 21:02:19,270 - INFO - Processing Gaps_01_standard.set
2025-04-25 21:02:19,273 - INFO - Processing GBP9AM_01_standard.set
2025-04-25 21:02:19,276 - INFO - Processing GbpChf_01_standard.set
2025-04-25 21:02:19,279 - INFO - Processing Gold-Dust_01_standard.set
2025-04-25 21:02:19,283 - INFO - Processing GO_01_standard.set
2025-04-25 21:02:19,286 - INFO - Processing GreenTrade_01_standard.set
2025-04-25 21:02:19,290 - INFO - Processing Grid-Martingale_01_standard.set
2025-04-25 21:02:19,296 - INFO - Processing GridEA_01_standard.set
2025-04-25 21:02:19,302 - INFO - Processing Grid_01_standard.set
2025-04-25 21:02:19,305 - INFO - Processing HarVesteR_01_standard.set
2025-04-25 21:02:19,309 - INFO - Processing HedgeEA_01_standard.set
2025-04-25 21:02:19,313 - INFO - Processing hedger_01_standard.set
2025-04-25 21:02:19,317 - INFO - Processing Hedging-EA_01_standard.set
2025-04-25 21:02:19,323 - INFO - Processing Heiken-Ashi-Smoothed-EA-with-MA_01_standard.set
2025-04-25 21:02:19,330 - INFO - Processing Heiken-Ashi-Smoothed-EA_01_standard.set
2025-04-25 21:02:19,336 - INFO - Processing heiken-ashi-smoothedLine_01_standard.set
2025-04-25 21:02:19,339 - INFO - Processing heiken-ashi-smoothed_01_standard.set
2025-04-25 21:02:19,342 - INFO - Processing HeikenAshi-Lines-EA_01_standard.set
2025-04-25 21:02:19,347 - INFO - Processing HeikenAshi-Lines_01_standard.set
2025-04-25 21:02:19,351 - INFO - Processing Heinken-Ashi-Color-Candles_01_standard.set
2025-04-25 21:02:19,353 - INFO - Processing HelloSmart_01_standard.set
2025-04-25 21:02:19,356 - INFO - Processing High-Low-EA_01_standard.set
2025-04-25 21:02:19,361 - INFO - Processing High-Low-Indicator_01_standard.set
2025-04-25 21:02:19,365 - INFO - Processing Hoop-master-2_01_standard.set
2025-04-25 21:02:19,367 - INFO - Processing iCCI-iMA_01_standard.set
2025-04-25 21:02:19,370 - INFO - Processing ICH-With-Alert-Derekers-EA_01_standard.set
2025-04-25 21:02:19,376 - INFO - Processing ICH-With-Alert-Derekers_01_standard.set
2025-04-25 21:02:19,381 - INFO - Processing ichimok2005_01_standard.set
2025-04-25 21:02:19,384 - INFO - Processing Ichimoku-20Kijun-20Alert_01_standard.set
2025-04-25 21:02:19,387 - INFO - Processing Ichimoku-20Tenkan-20Alert_01_standard.set
2025-04-25 21:02:19,390 - INFO - Processing Ichimoku-Scanner_01_standard.set
2025-04-25 21:02:19,393 - INFO - Processing Ichimoku-Signals-and-Alert_01_standard.set
2025-04-25 21:02:19,396 - INFO - Processing IchimokuMTF-EA_01_standard.set
2025-04-25 21:02:19,401 - INFO - Processing Ichimoku_01_standard.set
2025-04-25 21:02:19,405 - INFO - Processing Ilan-iMA_01_standard.set
2025-04-25 21:02:19,409 - INFO - Processing Ilan1.4_01_standard.set
2025-04-25 21:02:19,412 - INFO - Processing iMA-iStdDev_01_standard.set
2025-04-25 21:02:19,417 - INFO - Processing Indices-Tester_01_standard.set
2025-04-25 21:02:19,420 - INFO - Processing Inka-20Edho-20EA_01_standard.set
2025-04-25 21:02:19,426 - INFO - Processing Intersection-2-iMA_01_standard.set
2025-04-25 21:02:19,429 - INFO - Processing IStochastic-Trading_01_standard.set
2025-04-25 21:02:19,431 - INFO - Processing Ivan_01_standard.set
2025-04-25 21:02:19,434 - INFO - Processing iVIDyA-Simple_01_standard.set
2025-04-25 21:02:19,437 - INFO - Processing Jackpot-Strategy-EA_01_standard.set
2025-04-25 21:02:19,443 - INFO - Processing JackPot-Strategy-Elite_01_standard.set
2025-04-25 21:02:19,447 - INFO - Processing JK-BullP-AutoTrader_01_standard.set
2025-04-25 21:02:19,450 - INFO - Processing JS-Chaos_01_standard.set
2025-04-25 21:02:19,454 - INFO - Processing JS-MA-Day_01_standard.set
2025-04-25 21:02:19,458 - INFO - Processing JS-MA-SAR-Trades_01_standard.set
2025-04-25 21:02:19,462 - INFO - Processing KA-Gold-Bot_01_standard.set
2025-04-25 21:02:19,466 - INFO - Processing Kue-Electric-EA_01_standard.set
2025-04-25 21:02:19,473 - INFO - Processing KueFx-20Arrows_01_standard.set
2025-04-25 21:02:19,475 - INFO - Processing KueFx-20Baseline_01_standard.set
2025-04-25 21:02:19,478 - INFO - Processing KueFx-Arrows-20EA_01_standard.set
2025-04-25 21:02:19,484 - INFO - Processing KueFx-Arrows-EA_01_standard.set
2025-04-25 21:02:19,489 - INFO - Processing KueFx-Arrows_01_standard.set
2025-04-25 21:02:19,492 - INFO - Processing KueFx-Baseline-EA_01_standard.set
2025-04-25 21:02:19,496 - INFO - Processing KueFx-Baseline_01_standard.set
2025-04-25 21:02:19,499 - INFO - Processing KueFx-Clean-2025-EA_01_standard.set
2025-04-25 21:02:19,505 - INFO - Processing KueFx-Extreme-EA_01_standard.set
2025-04-25 21:02:19,513 - INFO - Processing KueFx-Harare-EA_01_standard.set
2025-04-25 21:02:19,519 - INFO - Processing KueFX-Money-Management_01_standard.set
2025-04-25 21:02:19,526 - INFO - Processing KueFx-Motor-EA_01_standard.set
2025-04-25 21:02:19,533 - INFO - Processing KueFx-Motor_01_standard.set
2025-04-25 21:02:19,536 - INFO - Processing KueFx-Trend_01_standard.set
2025-04-25 21:02:19,543 - INFO - Processing KueFxTrend-20EA_01_standard.set
2025-04-25 21:02:19,552 - INFO - Processing KueFxTrend-EA_01_standard.set
2025-04-25 21:02:19,562 - INFO - Processing LarryConnersRSI2_01_standard.set
2025-04-25 21:02:19,567 - INFO - Processing Last-ZZ50_01_standard.set
2025-04-25 21:02:19,572 - INFO - Processing Lavika100_01_standard.set
2025-04-25 21:02:19,577 - INFO - Processing LBS_01_standard.set
2025-04-25 21:02:19,583 - INFO - Processing Lego-EA_01_standard.set
2025-04-25 21:02:19,588 - INFO - Processing Lesson-3-Price-Action_01_standard.set
2025-04-25 21:02:19,592 - INFO - Processing Lesson-4-Price-Action-MA-Filter_01_standard.set
2025-04-25 21:02:19,595 - INFO - Processing Lesson-6-Trailling-ATR_01_standard.set
2025-04-25 21:02:19,598 - INFO - Processing Lesson-7-Price-action-Ket-hop-Volume-VSA_01_standard.set
2025-04-25 21:02:19,603 - INFO - Processing Little-EA_01_standard.set
2025-04-25 21:02:19,606 - INFO - Processing Locker_01_standard.set
2025-04-25 21:02:19,608 - INFO - Processing Lock_01_standard.set
2025-04-25 21:02:19,611 - INFO - Processing Lucky_01_standard.set
2025-04-25 21:02:19,614 - INFO - Processing MA-20Alert_01_standard.set
2025-04-25 21:02:19,617 - INFO - Processing MA-20AO-20Arrow_01_standard.set
2025-04-25 21:02:19,620 - INFO - Processing MA-AO-EA_01_standard.set
2025-04-25 21:02:19,627 - INFO - Processing ma-channels_01_standard.set
2025-04-25 21:02:19,629 - INFO - Processing MA-Cross_01_standard.set
2025-04-25 21:02:19,633 - INFO - Processing MA-Envelopes_01_standard.set
2025-04-25 21:02:19,636 - INFO - Processing MA-MACD-Position-averaging_01_standard.set
2025-04-25 21:02:19,640 - INFO - Processing MA-Trend_01_standard.set
2025-04-25 21:02:19,644 - INFO - Processing MA2CCI_01_standard.set
2025-04-25 21:02:19,647 - INFO - Processing MACD-and-SAR_01_standard.set
2025-04-25 21:02:19,650 - INFO - Processing MACD-Cleaner_01_standard.set
2025-04-25 21:02:19,654 - INFO - Processing MACD-EA-H4_01_standard.set
2025-04-25 21:02:19,661 - INFO - Processing MACD-No-Sample_01_standard.set
2025-04-25 21:02:19,666 - INFO - Processing MACD-signal_01_standard.set
2025-04-25 21:02:19,670 - INFO - Processing MACD-Stochastic-2_01_standard.set
2025-04-25 21:02:19,675 - INFO - Processing MACD-Stochastic_01_standard.set
2025-04-25 21:02:19,681 - INFO - Processing MACDCCI_01_standard.set
2025-04-25 21:02:19,686 - INFO - Processing MacdPatternTraderAll0.01_01_standard.set
2025-04-25 21:02:19,694 - INFO - Processing MacdPatternTraderAll_01_standard.set
2025-04-25 21:02:19,702 - INFO - Processing MACD_01_standard.set
2025-04-25 21:02:19,706 - INFO - Processing MAGrid_01_standard.set
2025-04-25 21:02:19,712 - INFO - Processing MAMACD_01_standard.set
2025-04-25 21:02:19,718 - INFO - Processing Market-Capture_01_standard.set
2025-04-25 21:02:19,725 - INFO - Processing Martin-1_01_standard.set
2025-04-25 21:02:19,730 - INFO - Processing Martin-for-small-deposits_01_standard.set
2025-04-25 21:02:19,735 - INFO - Processing MartingailExpert_01_standard.set
2025-04-25 21:02:19,741 - INFO - Processing MartinGaleBreakout_01_standard.set
2025-04-25 21:02:19,747 - INFO - Processing Martin_01_standard.set
2025-04-25 21:02:19,752 - INFO - Processing Marubozu-EA_01_standard.set
2025-04-25 21:02:19,758 - INFO - Processing Marubozu_01_standard.set
2025-04-25 21:02:19,762 - INFO - Processing MelBar-EuSwiss-1.85_01_standard.set
2025-04-25 21:02:19,765 - INFO - Processing MelBar™Take325-™-5.5Y-NZD-USD_01_standard.set
2025-04-25 21:02:19,768 - INFO - Processing Mobo-Bands-EA_01_standard.set
2025-04-25 21:02:19,779 - INFO - Processing Mobo-Bands_01_standard.set
2025-04-25 21:02:19,784 - INFO - Processing Modified-Moving-Averages_01_standard.set
2025-04-25 21:02:19,788 - INFO - Processing Momentum-M15_01_standard.set
2025-04-25 21:02:19,793 - INFO - Processing Momo-trades_01_standard.set
2025-04-25 21:02:19,798 - INFO - Processing Money-Fixed-Margin_01_standard.set
2025-04-25 21:02:19,801 - INFO - Processing Money-Fixed-Risk_01_standard.set
2025-04-25 21:02:19,805 - INFO - Processing MoneyRain_01_standard.set
2025-04-25 21:02:19,809 - INFO - Processing Morning-evening-star-EA_01_standard.set
2025-04-25 21:02:19,814 - INFO - Processing MostasHaR15-Pivot_01_standard.set
2025-04-25 21:02:19,818 - INFO - Processing Moving-20average-20and-20ichimoku-20EA_01_standard.set
2025-04-25 21:02:19,823 - INFO - Processing Moving-Average-Trade-System_01_standard.set
2025-04-25 21:02:19,826 - INFO - Processing Moving-Averages_01_standard.set
2025-04-25 21:02:19,829 - INFO - Processing MovingAverageMartinGale_01_standard.set
2025-04-25 21:02:19,832 - INFO - Processing MovingAverage_01_standard.set
2025-04-25 21:02:19,837 - INFO - Processing MQL5-Wizard-MA-RSI_01_standard.set
2025-04-25 21:02:19,842 - INFO - Processing MQL5-Wizard-MACD-Parabolic-SAR_01_standard.set
2025-04-25 21:02:19,847 - INFO - Processing MTC-Сombo_01_standard.set
2025-04-25 21:02:19,852 - INFO - Processing Multi-Stochastic_01_standard.set
2025-04-25 21:02:19,856 - INFO - Processing MultiMartin_01_standard.set
2025-04-25 21:02:19,859 - INFO - Processing MySystem_01_standard.set
2025-04-25 21:02:19,863 - INFO - Processing N-Candles_01_standard.set
2025-04-25 21:02:19,865 - INFO - Processing Nevalyashka-BreakdownLevel_01_standard.set
2025-04-25 21:02:19,868 - INFO - Processing Nevalyashka3-1_01_standard.set
2025-04-25 21:02:19,871 - INFO - Processing Nevalyashka_01_standard.set
2025-04-25 21:02:19,875 - INFO - Processing New-Martin_01_standard.set
2025-04-25 21:02:19,877 - INFO - Processing New-Random_01_standard.set
2025-04-25 21:02:19,880 - INFO - Processing Nextbar_01_standard.set
2025-04-25 21:02:19,883 - INFO - Processing Night-Flat-Trade_01_standard.set
2025-04-25 21:02:19,887 - INFO - Processing NightScalper_01_standard.set
2025-04-25 21:02:19,892 - INFO - Processing NRTR-Revers_01_standard.set
2025-04-25 21:02:19,895 - INFO - Processing NUp1Down_01_standard.set
2025-04-25 21:02:19,898 - INFO - Processing Open-Candle-EA_01_standard.set
2025-04-25 21:02:19,905 - INFO - Processing Open-Close_01_standard.set
2025-04-25 21:02:19,908 - INFO - Processing Opening-and-ilosing-on-time_01_standard.set
2025-04-25 21:02:19,911 - INFO - Processing Opening-and-Сlosing-on-time_01_standard.set
2025-04-25 21:02:19,916 - INFO - Processing OpenPendingorderAfterPositionGetStopLoss_01_standard.set
2025-04-25 21:02:19,920 - INFO - Processing OpenTicks_01_standard.set
2025-04-25 21:02:19,923 - INFO - Processing ORB-EA-BOX_01_standard.set
2025-04-25 21:02:19,930 - INFO - Processing OsMaSter_01_standard.set
2025-04-25 21:02:19,933 - INFO - Processing OTT-20AND-20PRICE-20CROSS-20EA_01_standard.set
2025-04-25 21:02:19,937 - INFO - Processing OverHedge_01_standard.set
2025-04-25 21:02:19,941 - INFO - Processing OzFx_01_standard.set
2025-04-25 21:02:19,944 - INFO - Processing Parabolic-SAR_01_standard.set
2025-04-25 21:02:19,946 - INFO - Processing PARSI-EA_01_standard.set
2025-04-25 21:02:19,951 - INFO - Processing Peceptron-Mult_01_standard.set
2025-04-25 21:02:19,955 - INFO - Processing Pending-orders-by-time-2_01_standard.set
2025-04-25 21:02:19,958 - INFO - Processing Pending-orders-by-time_01_standard.set
2025-04-25 21:02:19,961 - INFO - Processing Pendulum_01_standard.set
2025-04-25 21:02:19,964 - INFO - Processing Pinball-machine_01_standard.set
2025-04-25 21:02:19,967 - INFO - Processing Pinbar-Magic-EA_01_standard.set
2025-04-25 21:02:19,974 - INFO - Processing PinBar-Magic-Indicator_01_standard.set
2025-04-25 21:02:19,978 - INFO - Processing Pipsover_01_standard.set
2025-04-25 21:02:19,980 - INFO - Processing Plan-X_01_standard.set
2025-04-25 21:02:19,984 - INFO - Processing Plateau_01_standard.set
2025-04-25 21:02:19,987 - INFO - Processing Poker-SHOW_01_standard.set
2025-04-25 21:02:19,990 - INFO - Processing Precipice-MartIn_01_standard.set
2025-04-25 21:02:19,993 - INFO - Processing Precipice_01_standard.set
2025-04-25 21:02:19,996 - INFO - Processing Probe_01_standard.set
2025-04-25 21:02:19,999 - INFO - Processing Proffessor_01_standard.set
2025-04-25 21:02:20,004 - INFO - Processing PropFirmHelper_01_standard.set
2025-04-25 21:02:20,007 - INFO - Processing PROphet_01_standard.set
2025-04-25 21:02:20,011 - INFO - Processing Puria-method_01_standard.set
2025-04-25 21:02:20,016 - INFO - Processing Rabbit3_01_standard.set
2025-04-25 21:02:20,019 - INFO - Processing Range-Breakout_01_standard.set
2025-04-25 21:02:20,022 - INFO - Processing Rapid-Doji-EA_01_standard.set
2025-04-25 21:02:20,025 - INFO - Processing Raymond-Cloudy-Day-for-EA_01_standard.set
2025-04-25 21:02:20,027 - INFO - Processing Reflex-EA_01_standard.set
2025-04-25 21:02:20,034 - INFO - Processing REFLEX-INDICATOR_01_standard.set
2025-04-25 21:02:20,037 - INFO - Processing Reflex_01_standard.set
2025-04-25 21:02:20,041 - INFO - Processing Reversing-Martingale_01_standard.set
2025-04-25 21:02:20,045 - INFO - Processing RideAlligator_01_standard.set
2025-04-25 21:02:20,050 - INFO - Processing RNN_01_standard.set
2025-04-25 21:02:20,054 - INFO - Processing Robot-MACD_01_standard.set
2025-04-25 21:02:20,059 - INFO - Processing RobotPowerM5-meta4_01_standard.set
2025-04-25 21:02:20,063 - INFO - Processing Rollback-system_01_standard.set
2025-04-25 21:02:20,069 - INFO - Processing RSI-and-Bollinger-Bands_01_standard.set
2025-04-25 21:02:20,073 - INFO - Processing RSI-Arrow-EA_01_standard.set
2025-04-25 21:02:20,080 - INFO - Processing RSI-Arrow_01_standard.set
2025-04-25 21:02:20,084 - INFO - Processing RSI-EA_01_standard.set
2025-04-25 21:02:20,088 - INFO - Processing RSI-Eraser_01_standard.set
2025-04-25 21:02:20,091 - INFO - Processing RSI-Expert_01_standard.set
2025-04-25 21:02:20,096 - INFO - Processing RSI-Levels_01_standard.set
2025-04-25 21:02:20,099 - INFO - Processing RSI-trader_01_standard.set
2025-04-25 21:02:20,102 - INFO - Processing RSI-Trend-EA_01_standard.set
2025-04-25 21:02:20,107 - INFO - Processing RSI-Trend_01_standard.set
2025-04-25 21:02:20,111 - INFO - Processing RSI-with-channels-EA_01_standard.set
2025-04-25 21:02:20,117 - INFO - Processing RSI-with-channels_01_standard.set
2025-04-25 21:02:20,120 - INFO - Processing Russian20-hp1_01_standard.set
2025-04-25 21:02:20,124 - INFO - Processing SampleCheckPendingOrder_01_standard.set
2025-04-25 21:02:20,127 - INFO - Processing SAR-trading_01_standard.set
2025-04-25 21:02:20,130 - INFO - Processing Secwenta_01_standard.set
2025-04-25 21:02:20,133 - INFO - Processing Sell-Stop_01_standard.set
2025-04-25 21:02:20,136 - INFO - Processing Sensitive_01_standard.set
2025-04-25 21:02:20,139 - INFO - Processing Separate-trade_01_standard.set
2025-04-25 21:02:20,142 - INFO - Processing SilverTrend_01_standard.set
2025-04-25 21:02:20,145 - INFO - Processing Simple-20Price-20Alert-20-20EA_01_standard.set
2025-04-25 21:02:20,149 - INFO - Processing Simple-20Volume-20EA_01_standard.set
2025-04-25 21:02:20,153 - INFO - Processing Simple-EA-MA-plus-MACD_01_standard.set
2025-04-25 21:02:20,157 - INFO - Processing Simple-FX_01_standard.set
2025-04-25 21:02:20,160 - INFO - Processing Simple-MACD_01_standard.set
2025-04-25 21:02:20,163 - INFO - Processing Simple-Volume-EA_01_standard.set
2025-04-25 21:02:20,168 - INFO - Processing SimplePivot_01_standard.set
2025-04-25 21:02:20,170 - INFO - Processing Simplest-Hedging-EA-ever_01_standard.set
2025-04-25 21:02:20,173 - INFO - Processing SimpleTrade _01_standard.set
2025-04-25 21:02:20,176 - INFO - Processing Six-Soldiers-EA-Grid_01_standard.set
2025-04-25 21:02:20,182 - INFO - Processing Six-Soldiers-EA_01_standard.set
2025-04-25 21:02:20,187 - INFO - Processing Six-Soldiers_01_standard.set
2025-04-25 21:02:20,190 - INFO - Processing Small-Inside-Bar-Strategy_01_standard.set
2025-04-25 21:02:20,193 - INFO - Processing Smart-Machine-20EA_01_standard.set
2025-04-25 21:02:20,199 - INFO - Processing Smoothing-Average_01_standard.set
2025-04-25 21:02:20,202 - INFO - Processing Spasm_01_standard.set
2025-04-25 21:02:20,205 - INFO - Processing ssb5-123_01_standard.set
2025-04-25 21:02:20,208 - INFO - Processing Starter_01_standard.set
2025-04-25 21:02:20,211 - INFO - Processing Steve-Cartwright-Trader-Camel-CCI-MACD_01_standard.set
2025-04-25 21:02:20,214 - INFO - Processing Stoch-EA-1192_01_standard.set
2025-04-25 21:02:20,216 - INFO - Processing Stochastic-20Alert_01_standard.set
2025-04-25 21:02:20,219 - INFO - Processing Stochastic-K-Divergence.lua_01_standard.set
2025-04-25 21:02:20,222 - INFO - Processing stochastic-three-periods_01_standard.set
2025-04-25 21:02:20,225 - INFO - Processing StochasticDiffSign-EA_01_standard.set
2025-04-25 21:02:20,231 - INFO - Processing stochasticdiffsign_01_standard.set
2025-04-25 21:02:20,234 - INFO - Processing StochMA-EA_01_standard.set
2025-04-25 21:02:20,238 - INFO - Processing StochMA_01_standard.set
2025-04-25 21:02:20,242 - INFO - Processing Stoch_01_standard.set
2025-04-25 21:02:20,245 - INFO - Processing Stop-Loss-Take-Profit_01_standard.set
2025-04-25 21:02:20,248 - INFO - Processing StraddleqTrail_01_standard.set
2025-04-25 21:02:20,252 - INFO - Processing Surefirething_01_standard.set
2025-04-25 21:02:20,255 - INFO - Processing TDSGlobal_01_standard.set
2025-04-25 21:02:20,257 - INFO - Processing The-MasterMind-2_01_standard.set
2025-04-25 21:02:20,261 - INFO - Processing The-MasterMind-3_01_standard.set
2025-04-25 21:02:20,264 - INFO - Processing The-MasterMind_01_standard.set
2025-04-25 21:02:20,267 - INFO - Processing The-Puncher_01_standard.set
2025-04-25 21:02:20,270 - INFO - Processing TheClassicTurtleTrader-no-dots-EA_01_standard.set
2025-04-25 21:02:20,275 - INFO - Processing TheClassicTurtleTrader-no-dots_01_standard.set
2025-04-25 21:02:20,278 - INFO - Processing Three-indicators_01_standard.set
2025-04-25 21:02:20,282 - INFO - Processing Three-neural-networks_01_standard.set
2025-04-25 21:02:20,286 - INFO - Processing Three-timeframes_01_standard.set
2025-04-25 21:02:20,290 - INFO - Processing Three-Typical-Candles_01_standard.set
2025-04-25 21:02:20,294 - INFO - Processing Time-sync-forts_01_standard.set
2025-04-25 21:02:20,296 - INFO - Processing timer-trade_01_standard.set
2025-04-25 21:02:20,299 - INFO - Processing TMA-ATR-Channel_01_standard.set
2025-04-25 21:02:20,302 - INFO - Processing TMA-ATR-EA_01_standard.set
2025-04-25 21:02:20,308 - INFO - Processing TMA-CG-EA_01_standard.set
2025-04-25 21:02:20,315 - INFO - Processing TMA-CG-Martingale-20EA_01_standard.set
2025-04-25 21:02:20,321 - INFO - Processing TMA-CG-mladen_01_standard.set
2025-04-25 21:02:20,325 - INFO - Processing TMA-CG-special_01_standard.set
2025-04-25 21:02:20,327 - INFO - Processing TMA-slope-bands_01_standard.set
2025-04-25 21:02:20,331 - INFO - Processing TmaTrue-2.0-with-Distances-6xx_01_standard.set
2025-04-25 21:02:20,334 - INFO - Processing TmaTrue-3.0-with-Distances-6xx_01_standard.set
2025-04-25 21:02:20,337 - INFO - Processing TP-with-money_01_standard.set
2025-04-25 21:02:20,340 - INFO - Processing Trade-in-Channel_01_standard.set
2025-04-25 21:02:20,343 - INFO - Processing Trade-on-qualified-RSI_01_standard.set
2025-04-25 21:02:20,346 - INFO - Processing Trading-Breakout-MrThanhTan_01_standard.set
2025-04-25 21:02:20,349 - INFO - Processing Trend-Trader-Strategy-EA_01_standard.set
2025-04-25 21:02:20,354 - INFO - Processing Trend-Trader-Strategy_01_standard.set
2025-04-25 21:02:20,358 - INFO - Processing Tru-EA_01_standard.set
2025-04-25 21:02:20,363 - INFO - Processing True-Scalper-Profit-Lock_01_standard.set
2025-04-25 21:02:20,368 - INFO - Processing TrueSort-1100_01_standard.set
2025-04-25 21:02:20,372 - INFO - Processing Tunnel-gen4_01_standard.set
2025-04-25 21:02:20,376 - INFO - Processing Tunnel-Method_01_standard.set
2025-04-25 21:02:20,381 - INFO - Processing TurnGrid_01_standard.set
2025-04-25 21:02:20,384 - INFO - Processing Two PerBar _01_standard.set
2025-04-25 21:02:20,388 - INFO - Processing Two-20MA-20RSI-20ADX-20EA_01_standard.set
2025-04-25 21:02:20,394 - INFO - Processing Two-20Orders-20Panel_01_standard.set
2025-04-25 21:02:20,397 - INFO - Processing Two-pending-orders-2_01_standard.set
2025-04-25 21:02:20,403 - INFO - Processing UnityPro_01_standard.set
2025-04-25 21:02:20,406 - INFO - Processing UniversalMACrossEA_01_standard.set
2025-04-25 21:02:20,412 - INFO - Processing UniversalSignalDemo_01_standard.set
2025-04-25 21:02:20,416 - INFO - Processing Universum-3.0_01_standard.set
2025-04-25 21:02:20,419 - INFO - Processing UnNomGuai-20EA_01_standard.set
2025-04-25 21:02:20,426 - INFO - Processing up3x1-Investor_01_standard.set
2025-04-25 21:02:20,430 - INFO - Processing up3x1-premium-M_01_standard.set
2025-04-25 21:02:20,434 - INFO - Processing up3x1_01_standard.set
2025-04-25 21:02:20,437 - INFO - Processing Urdala-Trol_01_standard.set
2025-04-25 21:02:20,442 - INFO - Processing Very-Blonde-System_01_standard.set
2025-04-25 21:02:20,445 - INFO - Processing Virtual-Trailing-Stop_01_standard.set
2025-04-25 21:02:20,450 - INFO - Processing VLT-TRADER_01_standard.set
2025-04-25 21:02:20,453 - INFO - Processing Volume-trader_01_standard.set
2025-04-25 21:02:20,457 - INFO - Processing Vortex-Indicator-System_01_standard.set
2025-04-25 21:02:20,461 - INFO - Processing VR-Overturn_01_standard.set
2025-04-25 21:02:20,464 - INFO - Processing VR-ZVER-v.2_01_standard.set
2025-04-25 21:02:20,469 - INFO - Processing VR-ZVER_01_standard.set
2025-04-25 21:02:20,473 - INFO - Processing VZO_01_standard.set
2025-04-25 21:02:20,475 - INFO - Processing Waddah-Attar-Win_01_standard.set
2025-04-25 21:02:20,478 - INFO - Processing WE-TRUST_01_standard.set
2025-04-25 21:02:20,482 - INFO - Processing X-RSIOMA_01_standard.set
2025-04-25 21:02:20,486 - INFO - Processing Yesterday-Today_01_standard.set
