2025-04-25 14:55:20,865 - INFO - Processing 10-pips-EURUSD_01_standard.set
2025-04-25 14:55:20,868 - INFO - Processing 10-pips_01_standard.set
2025-04-25 14:55:20,870 - INFO - Processing 1H-EUR-USD_01_standard.set
2025-04-25 14:55:20,874 - INFO - Processing 20011201-GBPUSD-M1_01_standard.set
2025-04-25 14:55:20,878 - INFO - Processing 21hour_01_standard.set
2025-04-25 14:55:20,881 - INFO - Processing 2HR-HL_01_standard.set
2025-04-25 14:55:20,886 - INFO - Processing 2MA-4Level_01_standard.set
2025-04-25 14:55:20,889 - INFO - Processing 2MA-Bunny-Cross_01_standard.set
2025-04-25 14:55:20,892 - INFO - Processing 3-bars-high-low-indicator_01_standard.set
2025-04-25 14:55:20,894 - INFO - Processing 35-Pip-Scalper_01_standard.set
2025-04-25 14:55:20,897 - INFO - Processing 3BarsHighLowEA_01_standard.set
2025-04-25 14:55:20,903 - INFO - Processing 3sma_01_standard.set
2025-04-25 14:55:20,905 - INFO - Processing 500_01_standard.set
2025-04-25 14:55:20,908 - INFO - Processing 55-MA_01_standard.set
2025-04-25 14:55:20,912 - INFO - Processing Above-Below-MA_01_standard.set
2025-04-25 14:55:20,915 - INFO - Processing Absorption_01_standard.set
2025-04-25 14:55:20,918 - INFO - Processing ADX-MACD-Deev_01_standard.set
2025-04-25 14:55:20,921 - INFO - Processing ADX-MA_01_standard.set
2025-04-25 14:55:20,925 - INFO - Processing ADX-System_01_standard.set
2025-04-25 14:55:20,927 - INFO - Processing AIS1_01_standard.set
2025-04-25 14:55:20,930 - INFO - Processing Alexav-D1-Profit-GBPUSD_01_standard.set
2025-04-25 14:55:20,933 - INFO - Processing All-Average-Ea_01_standard.set
2025-04-25 14:55:20,936 - INFO - Processing Alligator-Simple_01_standard.set
2025-04-25 14:55:20,940 - INFO - Processing Alligator_01_standard.set
2025-04-25 14:55:20,943 - INFO - Processing Altarius-RSI-Stohastic_01_standard.set
2025-04-25 14:55:20,946 - INFO - Processing AMA-Trader-2_01_standard.set
2025-04-25 14:55:20,950 - INFO - Processing AMA-Trader_01_standard.set
2025-04-25 14:55:20,954 - INFO - Processing AO-Lightning_01_standard.set
2025-04-25 14:55:20,957 - INFO - Processing AOCCI_01_standard.set
2025-04-25 14:55:20,961 - INFO - Processing Arbitrage_01_standard.set
2025-04-25 14:55:20,963 - INFO - Processing ArbSint_01_standard.set
2025-04-25 14:55:20,966 - INFO - Processing Area-MACD_01_standard.set
2025-04-25 14:55:20,969 - INFO - Processing Artificial-Intelligence_01_standard.set
2025-04-25 14:55:20,972 - INFO - Processing At-random-Full_01_standard.set
2025-04-25 14:55:20,976 - INFO - Processing At-random_01_standard.set
2025-04-25 14:55:20,978 - INFO - Processing Auto-ADX_01_standard.set
2025-04-25 14:55:20,982 - INFO - Processing Auto-Pivot-Plotter-28Mid-Levels-29-41_01_standard.set
2025-04-25 14:55:20,985 - INFO - Processing AutoLock-EA_01_standard.set
2025-04-25 14:55:20,991 - INFO - Processing Autotrader-Momentum_01_standard.set
2025-04-25 14:55:20,994 - INFO - Processing Avalanche-AV_01_standard.set
2025-04-25 14:55:20,996 - INFO - Processing Backbone_01_standard.set
2025-04-25 14:55:20,999 - INFO - Processing BADX_01_standard.set
2025-04-25 14:55:21,002 - INFO - Processing Bago-EA_01_standard.set
2025-04-25 14:55:21,006 - INFO - Processing BalancedScalper-20EA_01_standard.set
2025-04-25 14:55:21,011 - INFO - Processing Bands-2_01_standard.set
2025-04-25 14:55:21,015 - INFO - Processing BARS-Alligator_01_standard.set
2025-04-25 14:55:21,018 - INFO - Processing Basic-CCI-RSI_01_standard.set
2025-04-25 14:55:21,022 - INFO - Processing Basic-Martingale-EA-3_01_standard.set
2025-04-25 14:55:21,026 - INFO - Processing BBPercentile-EA_01_standard.set
2025-04-25 14:55:21,033 - INFO - Processing BBPercentile_01_standard.set
2025-04-25 14:55:21,037 - INFO - Processing BDCrossOver-20EA_01_standard.set
2025-04-25 14:55:21,043 - INFO - Processing BIG-DOG_01_standard.set
2025-04-25 14:55:21,046 - INFO - Processing Bill-Williams_01_standard.set
2025-04-25 14:55:21,049 - INFO - Processing Bollinger-Band-Two-MA-and-Zig-Zag_01_standard.set
2025-04-25 14:55:21,054 - INFO - Processing Bollinger-Bands-N-positions_01_standard.set
2025-04-25 14:55:21,058 - INFO - Processing Bollinger-Bands-RSI_01_standard.set
2025-04-25 14:55:21,061 - INFO - Processing bollinger_01_standard.set
2025-04-25 14:55:21,066 - INFO - Processing Brakeout-Trader_01_standard.set
2025-04-25 14:55:21,069 - INFO - Processing Brandy_01_standard.set
2025-04-25 14:55:21,073 - INFO - Processing Breadandbutter2_01_standard.set
2025-04-25 14:55:21,075 - INFO - Processing Breakdown-catcher_01_standard.set
2025-04-25 14:55:21,079 - INFO - Processing breakdown_01_standard.set
2025-04-25 14:55:21,081 - INFO - Processing Breakout-Str_01_standard.set
2025-04-25 14:55:21,087 - INFO - Processing Bronze-Warrioir_01_standard.set
2025-04-25 14:55:21,090 - INFO - Processing Bruno_01_standard.set
2025-04-25 14:55:21,093 - INFO - Processing BSS-1-0_01_standard.set
2025-04-25 14:55:21,096 - INFO - Processing Bullish-and-Bearish-Engulfing_01_standard.set
2025-04-25 14:55:21,099 - INFO - Processing Burg-Extrapolator_01_standard.set
2025-04-25 14:55:21,102 - INFO - Processing BykovTrend-EA_01_standard.set
2025-04-25 14:55:21,109 - INFO - Processing Calculate-lotsize-and-Trailling-stop_01_standard.set
2025-04-25 14:55:21,112 - INFO - Processing candlepatternsexample_01_standard.set
2025-04-25 14:55:21,120 - INFO - Processing Candle_01_standard.set
2025-04-25 14:55:21,123 - INFO - Processing Carbophos_01_standard.set
2025-04-25 14:55:21,127 - INFO - Processing CashMachine-5min_01_standard.set
2025-04-25 14:55:21,129 - INFO - Processing CCI-MACD-Scalper_01_standard.set
2025-04-25 14:55:21,133 - INFO - Processing Cidomo_01_standard.set
2025-04-25 14:55:21,136 - INFO - Processing CloseAgent_01_standard.set
2025-04-25 14:55:21,138 - INFO - Processing CloseProfit_01_standard.set
2025-04-25 14:55:21,142 - INFO - Processing cloud's-trade-2_01_standard.set
2025-04-25 14:55:21,145 - INFO - Processing CLOUD_01_standard.set
2025-04-25 14:55:21,148 - INFO - Processing Constituents-EA_01_standard.set
2025-04-25 14:55:21,151 - INFO - Processing Contrarian-trade-MA_01_standard.set
2025-04-25 14:55:21,155 - INFO - Processing Crossing-Moving-Average_01_standard.set
2025-04-25 14:55:21,158 - INFO - Processing CrossMA_01_standard.set
2025-04-25 14:55:21,162 - INFO - Processing Currencyprofits-01.1_01_standard.set
2025-04-25 14:55:21,165 - INFO - Processing Daily-20reversal-20-20EA_01_standard.set
2025-04-25 14:55:21,169 - INFO - Processing Daily-BreakPoint_01_standard.set
2025-04-25 14:55:21,172 - INFO - Processing Daily-Open-EA_01_standard.set
2025-04-25 14:55:21,177 - INFO - Processing Daily-range_01_standard.set
2025-04-25 14:55:21,181 - INFO - Processing Day-Trading-PAMXA_01_standard.set
2025-04-25 14:55:21,184 - INFO - Processing Daydream_01_standard.set
2025-04-25 14:55:21,186 - INFO - Processing DayTrading_01_standard.set
2025-04-25 14:55:21,189 - INFO - Processing Dealers-Trade-v-7.74-MACD_01_standard.set
2025-04-25 14:55:21,193 - INFO - Processing Deep-Drawdown-MA_01_standard.set
2025-04-25 14:55:21,197 - INFO - Processing DeMarker-gaining-position-volume-2_01_standard.set
2025-04-25 14:55:21,202 - INFO - Processing DeMarker-gaining-position-volume_01_standard.set
2025-04-25 14:55:21,205 - INFO - Processing DeMarker-Pending-2-5_01_standard.set
2025-04-25 14:55:21,210 - INFO - Processing DeMarker-Pending-2_01_standard.set
2025-04-25 14:55:21,214 - INFO - Processing DeMarker-Pending_01_standard.set
2025-04-25 14:55:21,219 - INFO - Processing Dematus_01_standard.set
2025-04-25 14:55:21,222 - INFO - Processing Divergence-20for-20many-20indicator_01_standard.set
2025-04-25 14:55:21,225 - INFO - Processing Divergence-EA_01_standard.set
2025-04-25 14:55:21,231 - INFO - Processing Doji-Arrows_01_standard.set
2025-04-25 14:55:21,234 - INFO - Processing DojiTrader_01_standard.set
2025-04-25 14:55:21,237 - INFO - Processing Donchian-Chanel-EA_01_standard.set
2025-04-25 14:55:21,244 - INFO - Processing DoubleHullMA-EA_01_standard.set
2025-04-25 14:55:21,248 - INFO - Processing DoubleHullMA_01_standard.set
2025-04-25 14:55:21,251 - INFO - Processing DoubleMA-Crossover-EA_01_standard.set
2025-04-25 14:55:21,255 - INFO - Processing Doubler_01_standard.set
2025-04-25 14:55:21,258 - INFO - Processing dummy_01_standard.set
2025-04-25 14:55:21,260 - INFO - Processing Dynamic-averaging_01_standard.set
2025-04-25 14:55:21,274 - INFO - Processing e-Breakeven_01_standard.set
2025-04-25 14:55:21,276 - INFO - Processing E-Friday_01_standard.set
2025-04-25 14:55:21,279 - INFO - Processing E-Skoch-Open_01_standard.set
2025-04-25 14:55:21,282 - INFO - Processing e-Skoch-pending-orders_01_standard.set
2025-04-25 14:55:21,285 - INFO - Processing e-Smart-Trailing_01_standard.set
2025-04-25 14:55:21,287 - INFO - Processing e-TurboFx_01_standard.set
2025-04-25 14:55:21,291 - INFO - Processing EA-Close_01_standard.set
2025-04-25 14:55:21,295 - INFO - Processing EA-MA-Stoch-RSI_01_standard.set
2025-04-25 14:55:21,302 - INFO - Processing EA-Moving-Average_01_standard.set
2025-04-25 14:55:21,305 - INFO - Processing Elite-eFibo-Trader_01_standard.set
2025-04-25 14:55:21,310 - INFO - Processing EMA-6.12_01_standard.set
2025-04-25 14:55:21,313 - INFO - Processing EMA-CROSS_01_standard.set
2025-04-25 14:55:21,316 - INFO - Processing EMA-LWMA-RSI_01_standard.set
2025-04-25 14:55:21,320 - INFO - Processing EMA-RSI-EA_01_standard.set
2025-04-25 14:55:21,325 - INFO - Processing EMA-WMA_01_standard.set
2025-04-25 14:55:21,328 - INFO - Processing EMA_01_standard.set
2025-04-25 14:55:21,330 - INFO - Processing Eugene_01_standard.set
2025-04-25 14:55:21,333 - INFO - Processing eur-usd-m5_01_standard.set
2025-04-25 14:55:21,336 - INFO - Processing EURUSD-breakout_01_standard.set
2025-04-25 14:55:21,339 - INFO - Processing Executer-AC_01_standard.set
2025-04-25 14:55:21,342 - INFO - Processing Executor-AO_01_standard.set
2025-04-25 14:55:21,345 - INFO - Processing Executor-Candles_01_standard.set
2025-04-25 14:55:21,349 - INFO - Processing exp-Amstell_01_standard.set
2025-04-25 14:55:21,351 - INFO - Processing Expert-NEWS_01_standard.set
2025-04-25 14:55:21,355 - INFO - Processing Expert-RSI-Stochastic-MA_01_standard.set
2025-04-25 14:55:21,359 - INFO - Processing ExtremePrice-EA_01_standard.set
2025-04-25 14:55:21,364 - INFO - Processing FiboRetracement-20EA_01_standard.set
2025-04-25 14:55:21,369 - INFO - Processing Firebird_01_standard.set
2025-04-25 14:55:21,372 - INFO - Processing Firestorm-EA_01_standard.set
2025-04-25 14:55:21,379 - INFO - Processing Firestorm-indicator_01_standard.set
2025-04-25 14:55:21,383 - INFO - Processing Fluctuate_01_standard.set
2025-04-25 14:55:21,387 - INFO - Processing Forex-Fraus-M1_01_standard.set
2025-04-25 14:55:21,391 - INFO - Processing Forex-Profit_01_standard.set
2025-04-25 14:55:21,394 - INFO - Processing Fractals-minimum-distance_01_standard.set
2025-04-25 14:55:21,397 - INFO - Processing Fraktrak-xonax_01_standard.set
2025-04-25 14:55:21,400 - INFO - Processing Frank-Ud_01_standard.set
2025-04-25 14:55:21,402 - INFO - Processing FT-CCI_01_standard.set
2025-04-25 14:55:21,405 - INFO - Processing Fuzzy-logic_01_standard.set
2025-04-25 14:55:21,408 - INFO - Processing GalacticExplosion_01_standard.set
2025-04-25 14:55:21,412 - INFO - Processing Gandalf-PRO_01_standard.set
2025-04-25 14:55:21,415 - INFO - Processing Gap-DM_01_standard.set
2025-04-25 14:55:21,417 - INFO - Processing GAP-EA_01_standard.set
2025-04-25 14:55:21,421 - INFO - Processing Gaps_01_standard.set
2025-04-25 14:55:21,424 - INFO - Processing GBP9AM_01_standard.set
2025-04-25 14:55:21,427 - INFO - Processing GbpChf_01_standard.set
2025-04-25 14:55:21,430 - INFO - Processing Gold-Dust_01_standard.set
2025-04-25 14:55:21,434 - INFO - Processing GO_01_standard.set
2025-04-25 14:55:21,436 - INFO - Processing GreenTrade_01_standard.set
2025-04-25 14:55:21,440 - INFO - Processing Grid-Martingale_01_standard.set
2025-04-25 14:55:21,445 - INFO - Processing GridEA_01_standard.set
2025-04-25 14:55:21,451 - INFO - Processing Grid_01_standard.set
2025-04-25 14:55:21,454 - INFO - Processing HarVesteR_01_standard.set
2025-04-25 14:55:21,457 - INFO - Processing HedgeEA_01_standard.set
2025-04-25 14:55:21,460 - INFO - Processing hedger_01_standard.set
2025-04-25 14:55:21,462 - INFO - Processing Hedging-EA_01_standard.set
2025-04-25 14:55:21,468 - INFO - Processing Heiken-Ashi-Smoothed-EA-with-MA_01_standard.set
2025-04-25 14:55:21,475 - INFO - Processing Heiken-Ashi-Smoothed-EA_01_standard.set
2025-04-25 14:55:21,482 - INFO - Processing heiken-ashi-smoothedLine_01_standard.set
2025-04-25 14:55:21,484 - INFO - Processing heiken-ashi-smoothed_01_standard.set
2025-04-25 14:55:21,488 - INFO - Processing HeikenAshi-Lines-EA_01_standard.set
2025-04-25 14:55:21,494 - INFO - Processing HeikenAshi-Lines_01_standard.set
2025-04-25 14:55:21,497 - INFO - Processing Heinken-Ashi-Color-Candles_01_standard.set
2025-04-25 14:55:21,500 - INFO - Processing HelloSmart_01_standard.set
2025-04-25 14:55:21,503 - INFO - Processing High-Low-EA_01_standard.set
2025-04-25 14:55:21,508 - INFO - Processing High-Low-Indicator_01_standard.set
2025-04-25 14:55:21,511 - INFO - Processing Hoop-master-2_01_standard.set
2025-04-25 14:55:21,514 - INFO - Processing iCCI-iMA_01_standard.set
2025-04-25 14:55:21,517 - INFO - Processing ICH-With-Alert-Derekers-EA_01_standard.set
2025-04-25 14:55:21,523 - INFO - Processing ICH-With-Alert-Derekers_01_standard.set
2025-04-25 14:55:21,526 - INFO - Processing ichimok2005_01_standard.set
2025-04-25 14:55:21,530 - INFO - Processing Ichimoku-20Kijun-20Alert_01_standard.set
2025-04-25 14:55:21,534 - INFO - Processing Ichimoku-20Tenkan-20Alert_01_standard.set
2025-04-25 14:55:21,538 - INFO - Processing Ichimoku-Scanner_01_standard.set
2025-04-25 14:55:21,541 - INFO - Processing Ichimoku-Signals-and-Alert_01_standard.set
2025-04-25 14:55:21,545 - INFO - Processing IchimokuMTF-EA_01_standard.set
2025-04-25 14:55:21,549 - INFO - Processing Ichimoku_01_standard.set
2025-04-25 14:55:21,552 - INFO - Processing Ilan-iMA_01_standard.set
2025-04-25 14:55:21,556 - INFO - Processing Ilan1.4_01_standard.set
2025-04-25 14:55:21,559 - INFO - Processing iMA-iStdDev_01_standard.set
2025-04-25 14:55:21,562 - INFO - Processing Indices-Tester_01_standard.set
2025-04-25 14:55:21,565 - INFO - Processing Inka-20Edho-20EA_01_standard.set
2025-04-25 14:55:21,572 - INFO - Processing Intersection-2-iMA_01_standard.set
2025-04-25 14:55:21,575 - INFO - Processing IStochastic-Trading_01_standard.set
2025-04-25 14:55:21,578 - INFO - Processing Ivan_01_standard.set
2025-04-25 14:55:21,581 - INFO - Processing iVIDyA-Simple_01_standard.set
2025-04-25 14:55:21,585 - INFO - Processing Jackpot-Strategy-EA_01_standard.set
2025-04-25 14:55:21,592 - INFO - Processing JackPot-Strategy-Elite_01_standard.set
2025-04-25 14:55:21,595 - INFO - Processing JK-BullP-AutoTrader_01_standard.set
2025-04-25 14:55:21,598 - INFO - Processing JS-Chaos_01_standard.set
2025-04-25 14:55:21,601 - INFO - Processing JS-MA-Day_01_standard.set
2025-04-25 14:55:21,604 - INFO - Processing JS-MA-SAR-Trades_01_standard.set
2025-04-25 14:55:21,608 - INFO - Processing KA-Gold-Bot_01_standard.set
2025-04-25 14:55:21,613 - INFO - Processing Kue-Electric-EA_01_standard.set
2025-04-25 14:55:21,620 - INFO - Processing KueFx-20Arrows_01_standard.set
2025-04-25 14:55:21,623 - INFO - Processing KueFx-20Baseline_01_standard.set
2025-04-25 14:55:21,626 - INFO - Processing KueFx-Arrows-20EA_01_standard.set
2025-04-25 14:55:21,634 - INFO - Processing KueFx-Arrows-EA_01_standard.set
2025-04-25 14:55:21,640 - INFO - Processing KueFx-Arrows_01_standard.set
2025-04-25 14:55:21,643 - INFO - Processing KueFx-Baseline-EA_01_standard.set
2025-04-25 14:55:21,648 - INFO - Processing KueFx-Baseline_01_standard.set
2025-04-25 14:55:21,651 - INFO - Processing KueFx-Clean-2025-EA_01_standard.set
2025-04-25 14:55:21,658 - INFO - Processing KueFx-Extreme-EA_01_standard.set
2025-04-25 14:55:21,667 - INFO - Processing KueFx-Harare-EA_01_standard.set
2025-04-25 14:55:21,675 - INFO - Processing KueFX-Money-Management_01_standard.set
2025-04-25 14:55:21,683 - INFO - Processing KueFx-Motor-EA_01_standard.set
2025-04-25 14:55:21,691 - INFO - Processing KueFx-Motor_01_standard.set
2025-04-25 14:55:21,694 - INFO - Processing KueFx-Trend_01_standard.set
2025-04-25 14:55:21,701 - INFO - Processing KueFxTrend-20EA_01_standard.set
2025-04-25 14:55:21,708 - INFO - Processing KueFxTrend-EA_01_standard.set
2025-04-25 14:55:21,716 - INFO - Processing LarryConnersRSI2_01_standard.set
2025-04-25 14:55:21,719 - INFO - Processing Last-ZZ50_01_standard.set
2025-04-25 14:55:21,723 - INFO - Processing Lavika100_01_standard.set
2025-04-25 14:55:21,726 - INFO - Processing LBS_01_standard.set
2025-04-25 14:55:21,730 - INFO - Processing Lego-EA_01_standard.set
2025-04-25 14:55:21,734 - INFO - Processing Lesson-3-Price-Action_01_standard.set
2025-04-25 14:55:21,738 - INFO - Processing Lesson-4-Price-Action-MA-Filter_01_standard.set
2025-04-25 14:55:21,742 - INFO - Processing Lesson-6-Trailling-ATR_01_standard.set
2025-04-25 14:55:21,745 - INFO - Processing Lesson-7-Price-action-Ket-hop-Volume-VSA_01_standard.set
2025-04-25 14:55:21,750 - INFO - Processing Little-EA_01_standard.set
2025-04-25 14:55:21,754 - INFO - Processing Locker_01_standard.set
2025-04-25 14:55:21,758 - INFO - Processing Lock_01_standard.set
2025-04-25 14:55:21,761 - INFO - Processing Lucky_01_standard.set
2025-04-25 14:55:21,766 - INFO - Processing MA-20Alert_01_standard.set
2025-04-25 14:55:21,769 - INFO - Processing MA-20AO-20Arrow_01_standard.set
2025-04-25 14:55:21,773 - INFO - Processing MA-AO-EA_01_standard.set
2025-04-25 14:55:21,779 - INFO - Processing ma-channels_01_standard.set
2025-04-25 14:55:21,782 - INFO - Processing MA-Cross_01_standard.set
2025-04-25 14:55:21,785 - INFO - Processing MA-Envelopes_01_standard.set
2025-04-25 14:55:21,789 - INFO - Processing MA-MACD-Position-averaging_01_standard.set
2025-04-25 14:55:21,793 - INFO - Processing MA-Trend_01_standard.set
2025-04-25 14:55:21,796 - INFO - Processing MA2CCI_01_standard.set
2025-04-25 14:55:21,799 - INFO - Processing MACD-and-SAR_01_standard.set
2025-04-25 14:55:21,803 - INFO - Processing MACD-Cleaner_01_standard.set
2025-04-25 14:55:21,806 - INFO - Processing MACD-EA-H4_01_standard.set
2025-04-25 14:55:21,817 - INFO - Processing MACD-No-Sample_01_standard.set
2025-04-25 14:55:21,825 - INFO - Processing MACD-signal_01_standard.set
2025-04-25 14:55:21,828 - INFO - Processing MACD-Stochastic-2_01_standard.set
2025-04-25 14:55:21,834 - INFO - Processing MACD-Stochastic_01_standard.set
2025-04-25 14:55:21,842 - INFO - Processing MACDCCI_01_standard.set
2025-04-25 14:55:21,850 - INFO - Processing MacdPatternTraderAll0.01_01_standard.set
2025-04-25 14:55:21,874 - INFO - Processing MacdPatternTraderAll_01_standard.set
2025-04-25 14:55:21,894 - INFO - Processing MACD_01_standard.set
2025-04-25 14:55:21,906 - INFO - Processing MAGrid_01_standard.set
2025-04-25 14:55:21,914 - INFO - Processing MAMACD_01_standard.set
2025-04-25 14:55:21,920 - INFO - Processing Market-Capture_01_standard.set
2025-04-25 14:55:21,926 - INFO - Processing Martin-1_01_standard.set
2025-04-25 14:55:21,930 - INFO - Processing Martin-for-small-deposits_01_standard.set
2025-04-25 14:55:21,934 - INFO - Processing MartingailExpert_01_standard.set
2025-04-25 14:55:21,941 - INFO - Processing MartinGaleBreakout_01_standard.set
2025-04-25 14:55:21,947 - INFO - Processing Martin_01_standard.set
2025-04-25 14:55:21,956 - INFO - Processing Marubozu-EA_01_standard.set
2025-04-25 14:55:21,962 - INFO - Processing Marubozu_01_standard.set
2025-04-25 14:55:21,966 - INFO - Processing MelBar-EuSwiss-1.85_01_standard.set
2025-04-25 14:55:21,969 - INFO - Processing MelBar™Take325-™-5.5Y-NZD-USD_01_standard.set
2025-04-25 14:55:21,974 - INFO - Processing Mobo-Bands-EA_01_standard.set
2025-04-25 14:55:21,982 - INFO - Processing Mobo-Bands_01_standard.set
2025-04-25 14:55:21,986 - INFO - Processing Modified-Moving-Averages_01_standard.set
2025-04-25 14:55:21,990 - INFO - Processing Momentum-M15_01_standard.set
2025-04-25 14:55:21,994 - INFO - Processing Momo-trades_01_standard.set
2025-04-25 14:55:21,998 - INFO - Processing Money-Fixed-Margin_01_standard.set
2025-04-25 14:55:22,001 - INFO - Processing Money-Fixed-Risk_01_standard.set
2025-04-25 14:55:22,004 - INFO - Processing MoneyRain_01_standard.set
2025-04-25 14:55:22,007 - INFO - Processing Morning-evening-star-EA_01_standard.set
2025-04-25 14:55:22,012 - INFO - Processing MostasHaR15-Pivot_01_standard.set
2025-04-25 14:55:22,015 - INFO - Processing Moving-20average-20and-20ichimoku-20EA_01_standard.set
2025-04-25 14:55:22,020 - INFO - Processing Moving-Average-Trade-System_01_standard.set
2025-04-25 14:55:22,023 - INFO - Processing Moving-Averages_01_standard.set
2025-04-25 14:55:22,026 - INFO - Processing MovingAverageMartinGale_01_standard.set
2025-04-25 14:55:22,030 - INFO - Processing MovingAverage_01_standard.set
2025-04-25 14:55:22,036 - INFO - Processing MQL5-Wizard-MA-RSI_01_standard.set
2025-04-25 14:55:22,040 - INFO - Processing MQL5-Wizard-MACD-Parabolic-SAR_01_standard.set
2025-04-25 14:55:22,044 - INFO - Processing MTC-Сombo_01_standard.set
2025-04-25 14:55:22,049 - INFO - Processing Multi-Stochastic_01_standard.set
2025-04-25 14:55:22,052 - INFO - Processing MultiMartin_01_standard.set
2025-04-25 14:55:22,055 - INFO - Processing MySystem_01_standard.set
2025-04-25 14:55:22,058 - INFO - Processing N-Candles_01_standard.set
2025-04-25 14:55:22,061 - INFO - Processing Nevalyashka-BreakdownLevel_01_standard.set
2025-04-25 14:55:22,064 - INFO - Processing Nevalyashka3-1_01_standard.set
2025-04-25 14:55:22,067 - INFO - Processing Nevalyashka_01_standard.set
2025-04-25 14:55:22,070 - INFO - Processing New-Martin_01_standard.set
2025-04-25 14:55:22,073 - INFO - Processing New-Random_01_standard.set
2025-04-25 14:55:22,076 - INFO - Processing Nextbar_01_standard.set
2025-04-25 14:55:22,080 - INFO - Processing Night-Flat-Trade_01_standard.set
2025-04-25 14:55:22,088 - INFO - Processing NightScalper_01_standard.set
2025-04-25 14:55:22,098 - INFO - Processing NRTR-Revers_01_standard.set
2025-04-25 14:55:22,102 - INFO - Processing NUp1Down_01_standard.set
2025-04-25 14:55:22,106 - INFO - Processing Open-Candle-EA_01_standard.set
2025-04-25 14:55:22,117 - INFO - Processing Open-Close_01_standard.set
2025-04-25 14:55:22,121 - INFO - Processing Opening-and-ilosing-on-time_01_standard.set
2025-04-25 14:55:22,124 - INFO - Processing Opening-and-Сlosing-on-time_01_standard.set
2025-04-25 14:55:22,129 - INFO - Processing OpenPendingorderAfterPositionGetStopLoss_01_standard.set
2025-04-25 14:55:22,135 - INFO - Processing OpenTicks_01_standard.set
2025-04-25 14:55:22,138 - INFO - Processing ORB-EA-BOX_01_standard.set
2025-04-25 14:55:22,146 - INFO - Processing OsMaSter_01_standard.set
2025-04-25 14:55:22,149 - INFO - Processing OTT-20AND-20PRICE-20CROSS-20EA_01_standard.set
2025-04-25 14:55:22,154 - INFO - Processing OverHedge_01_standard.set
2025-04-25 14:55:22,157 - INFO - Processing OzFx_01_standard.set
2025-04-25 14:55:22,161 - INFO - Processing Parabolic-SAR_01_standard.set
2025-04-25 14:55:22,163 - INFO - Processing PARSI-EA_01_standard.set
2025-04-25 14:55:22,169 - INFO - Processing Peceptron-Mult_01_standard.set
2025-04-25 14:55:22,173 - INFO - Processing Pending-orders-by-time-2_01_standard.set
2025-04-25 14:55:22,176 - INFO - Processing Pending-orders-by-time_01_standard.set
2025-04-25 14:55:22,179 - INFO - Processing Pendulum_01_standard.set
2025-04-25 14:55:22,182 - INFO - Processing Pinball-machine_01_standard.set
2025-04-25 14:55:22,185 - INFO - Processing Pinbar-Magic-EA_01_standard.set
2025-04-25 14:55:22,191 - INFO - Processing PinBar-Magic-Indicator_01_standard.set
2025-04-25 14:55:22,195 - INFO - Processing Pipsover_01_standard.set
2025-04-25 14:55:22,198 - INFO - Processing Plan-X_01_standard.set
2025-04-25 14:55:22,202 - INFO - Processing Plateau_01_standard.set
2025-04-25 14:55:22,206 - INFO - Processing Poker-SHOW_01_standard.set
2025-04-25 14:55:22,209 - INFO - Processing Precipice-MartIn_01_standard.set
2025-04-25 14:55:22,212 - INFO - Processing Precipice_01_standard.set
2025-04-25 14:55:22,215 - INFO - Processing Probe_01_standard.set
2025-04-25 14:55:22,219 - INFO - Processing Proffessor_01_standard.set
2025-04-25 14:55:22,223 - INFO - Processing PropFirmHelper_01_standard.set
2025-04-25 14:55:22,226 - INFO - Processing PROphet_01_standard.set
2025-04-25 14:55:22,229 - INFO - Processing Puria-method_01_standard.set
2025-04-25 14:55:22,233 - INFO - Processing Rabbit3_01_standard.set
2025-04-25 14:55:22,238 - INFO - Processing Range-Breakout_01_standard.set
2025-04-25 14:55:22,240 - INFO - Processing Rapid-Doji-EA_01_standard.set
2025-04-25 14:55:22,243 - INFO - Processing Raymond-Cloudy-Day-for-EA_01_standard.set
2025-04-25 14:55:22,246 - INFO - Processing Reflex-EA_01_standard.set
2025-04-25 14:55:22,257 - INFO - Processing REFLEX-INDICATOR_01_standard.set
2025-04-25 14:55:22,259 - INFO - Processing Reflex_01_standard.set
2025-04-25 14:55:22,261 - INFO - Processing Reversing-Martingale_01_standard.set
2025-04-25 14:55:22,264 - INFO - Processing RideAlligator_01_standard.set
2025-04-25 14:55:22,267 - INFO - Processing RNN_01_standard.set
2025-04-25 14:55:22,271 - INFO - Processing Robot-MACD_01_standard.set
2025-04-25 14:55:22,273 - INFO - Processing RobotPowerM5-meta4_01_standard.set
2025-04-25 14:55:22,276 - INFO - Processing Rollback-system_01_standard.set
2025-04-25 14:55:22,280 - INFO - Processing RSI-and-Bollinger-Bands_01_standard.set
2025-04-25 14:55:22,283 - INFO - Processing RSI-Arrow-EA_01_standard.set
2025-04-25 14:55:22,289 - INFO - Processing RSI-Arrow_01_standard.set
2025-04-25 14:55:22,291 - INFO - Processing RSI-EA_01_standard.set
2025-04-25 14:55:22,295 - INFO - Processing RSI-Eraser_01_standard.set
2025-04-25 14:55:22,298 - INFO - Processing RSI-Expert_01_standard.set
2025-04-25 14:55:22,301 - INFO - Processing RSI-Levels_01_standard.set
2025-04-25 14:55:22,303 - INFO - Processing RSI-trader_01_standard.set
2025-04-25 14:55:22,307 - INFO - Processing RSI-Trend-EA_01_standard.set
2025-04-25 14:55:22,313 - INFO - Processing RSI-Trend_01_standard.set
2025-04-25 14:55:22,316 - INFO - Processing RSI-with-channels-EA_01_standard.set
2025-04-25 14:55:22,324 - INFO - Processing RSI-with-channels_01_standard.set
2025-04-25 14:55:22,328 - INFO - Processing Russian20-hp1_01_standard.set
2025-04-25 14:55:22,333 - INFO - Processing SampleCheckPendingOrder_01_standard.set
2025-04-25 14:55:22,337 - INFO - Processing SAR-trading_01_standard.set
2025-04-25 14:55:22,342 - INFO - Processing Secwenta_01_standard.set
2025-04-25 14:55:22,344 - INFO - Processing Sell-Stop_01_standard.set
2025-04-25 14:55:22,349 - INFO - Processing Sensitive_01_standard.set
2025-04-25 14:55:22,352 - INFO - Processing Separate-trade_01_standard.set
2025-04-25 14:55:22,358 - INFO - Processing SilverTrend_01_standard.set
2025-04-25 14:55:22,361 - INFO - Processing Simple-20Price-20Alert-20-20EA_01_standard.set
2025-04-25 14:55:22,365 - INFO - Processing Simple-20Volume-20EA_01_standard.set
2025-04-25 14:55:22,372 - INFO - Processing Simple-EA-MA-plus-MACD_01_standard.set
2025-04-25 14:55:22,376 - INFO - Processing Simple-FX_01_standard.set
2025-04-25 14:55:22,380 - INFO - Processing Simple-MACD_01_standard.set
2025-04-25 14:55:22,383 - INFO - Processing Simple-Volume-EA_01_standard.set
2025-04-25 14:55:22,391 - INFO - Processing SimplePivot_01_standard.set
2025-04-25 14:55:22,394 - INFO - Processing Simplest-Hedging-EA-ever_01_standard.set
2025-04-25 14:55:22,399 - INFO - Processing SimpleTrade _01_standard.set
2025-04-25 14:55:22,402 - INFO - Processing Six-Soldiers-EA-Grid_01_standard.set
2025-04-25 14:55:22,413 - INFO - Processing Six-Soldiers-EA_01_standard.set
2025-04-25 14:55:22,425 - INFO - Processing Six-Soldiers_01_standard.set
2025-04-25 14:55:22,429 - INFO - Processing Small-Inside-Bar-Strategy_01_standard.set
2025-04-25 14:55:22,434 - INFO - Processing Smart-Machine-20EA_01_standard.set
2025-04-25 14:55:22,445 - INFO - Processing Smoothing-Average_01_standard.set
2025-04-25 14:55:22,450 - INFO - Processing Spasm_01_standard.set
2025-04-25 14:55:22,455 - INFO - Processing ssb5-123_01_standard.set
2025-04-25 14:55:22,458 - INFO - Processing Starter_01_standard.set
2025-04-25 14:55:22,463 - INFO - Processing Steve-Cartwright-Trader-Camel-CCI-MACD_01_standard.set
2025-04-25 14:55:22,466 - INFO - Processing Stoch-EA-1192_01_standard.set
2025-04-25 14:55:22,470 - INFO - Processing Stochastic-20Alert_01_standard.set
2025-04-25 14:55:22,474 - INFO - Processing Stochastic-K-Divergence.lua_01_standard.set
2025-04-25 14:55:22,478 - INFO - Processing stochastic-three-periods_01_standard.set
2025-04-25 14:55:22,482 - INFO - Processing StochasticDiffSign-EA_01_standard.set
2025-04-25 14:55:22,488 - INFO - Processing stochasticdiffsign_01_standard.set
2025-04-25 14:55:22,491 - INFO - Processing StochMA-EA_01_standard.set
2025-04-25 14:55:22,497 - INFO - Processing StochMA_01_standard.set
2025-04-25 14:55:22,500 - INFO - Processing Stoch_01_standard.set
2025-04-25 14:55:22,502 - INFO - Processing Stop-Loss-Take-Profit_01_standard.set
2025-04-25 14:55:22,504 - INFO - Processing StraddleqTrail_01_standard.set
2025-04-25 14:55:22,509 - INFO - Processing Surefirething_01_standard.set
2025-04-25 14:55:22,511 - INFO - Processing TDSGlobal_01_standard.set
2025-04-25 14:55:22,514 - INFO - Processing The-MasterMind-2_01_standard.set
2025-04-25 14:55:22,517 - INFO - Processing The-MasterMind-3_01_standard.set
2025-04-25 14:55:22,520 - INFO - Processing The-MasterMind_01_standard.set
2025-04-25 14:55:22,524 - INFO - Processing The-Puncher_01_standard.set
2025-04-25 14:55:22,527 - INFO - Processing TheClassicTurtleTrader-no-dots-EA_01_standard.set
2025-04-25 14:55:22,532 - INFO - Processing TheClassicTurtleTrader-no-dots_01_standard.set
2025-04-25 14:55:22,536 - INFO - Processing Three-indicators_01_standard.set
2025-04-25 14:55:22,539 - INFO - Processing Three-neural-networks_01_standard.set
2025-04-25 14:55:22,543 - INFO - Processing Three-timeframes_01_standard.set
2025-04-25 14:55:22,546 - INFO - Processing Three-Typical-Candles_01_standard.set
2025-04-25 14:55:22,551 - INFO - Processing Time-sync-forts_01_standard.set
2025-04-25 14:55:22,553 - INFO - Processing timer-trade_01_standard.set
2025-04-25 14:55:22,556 - INFO - Processing TMA-ATR-Channel_01_standard.set
2025-04-25 14:55:22,560 - INFO - Processing TMA-ATR-EA_01_standard.set
2025-04-25 14:55:22,566 - INFO - Processing TMA-CG-EA_01_standard.set
2025-04-25 14:55:22,573 - INFO - Processing TMA-CG-Martingale-20EA_01_standard.set
2025-04-25 14:55:22,580 - INFO - Processing TMA-CG-mladen_01_standard.set
2025-04-25 14:55:22,584 - INFO - Processing TMA-CG-special_01_standard.set
2025-04-25 14:55:22,586 - INFO - Processing TMA-slope-bands_01_standard.set
2025-04-25 14:55:22,589 - INFO - Processing TmaTrue-2.0-with-Distances-6xx_01_standard.set
2025-04-25 14:55:22,593 - INFO - Processing TmaTrue-3.0-with-Distances-6xx_01_standard.set
2025-04-25 14:55:22,596 - INFO - Processing TP-with-money_01_standard.set
2025-04-25 14:55:22,599 - INFO - Processing Trade-in-Channel_01_standard.set
2025-04-25 14:55:22,602 - INFO - Processing Trade-on-qualified-RSI_01_standard.set
2025-04-25 14:55:22,605 - INFO - Processing Trading-Breakout-MrThanhTan_01_standard.set
2025-04-25 14:55:22,608 - INFO - Processing Trend-Trader-Strategy-EA_01_standard.set
2025-04-25 14:55:22,615 - INFO - Processing Trend-Trader-Strategy_01_standard.set
2025-04-25 14:55:22,619 - INFO - Processing Tru-EA_01_standard.set
2025-04-25 14:55:22,624 - INFO - Processing True-Scalper-Profit-Lock_01_standard.set
2025-04-25 14:55:22,627 - INFO - Processing TrueSort-1100_01_standard.set
2025-04-25 14:55:22,630 - INFO - Processing Tunnel-gen4_01_standard.set
2025-04-25 14:55:22,633 - INFO - Processing Tunnel-Method_01_standard.set
2025-04-25 14:55:22,636 - INFO - Processing TurnGrid_01_standard.set
2025-04-25 14:55:22,639 - INFO - Processing Two PerBar _01_standard.set
2025-04-25 14:55:22,641 - INFO - Processing Two-20MA-20RSI-20ADX-20EA_01_standard.set
2025-04-25 14:55:22,646 - INFO - Processing Two-20Orders-20Panel_01_standard.set
2025-04-25 14:55:22,649 - INFO - Processing Two-pending-orders-2_01_standard.set
2025-04-25 14:55:22,652 - INFO - Processing UnityPro_01_standard.set
2025-04-25 14:55:22,656 - INFO - Processing UniversalMACrossEA_01_standard.set
2025-04-25 14:55:22,660 - INFO - Processing UniversalSignalDemo_01_standard.set
2025-04-25 14:55:22,664 - INFO - Processing Universum-3.0_01_standard.set
2025-04-25 14:55:22,667 - INFO - Processing UnNomGuai-20EA_01_standard.set
2025-04-25 14:55:22,674 - INFO - Processing up3x1-Investor_01_standard.set
2025-04-25 14:55:22,678 - INFO - Processing up3x1-premium-M_01_standard.set
2025-04-25 14:55:22,682 - INFO - Processing up3x1_01_standard.set
2025-04-25 14:55:22,685 - INFO - Processing Urdala-Trol_01_standard.set
2025-04-25 14:55:22,689 - INFO - Processing Very-Blonde-System_01_standard.set
2025-04-25 14:55:22,692 - INFO - Processing Virtual-Trailing-Stop_01_standard.set
2025-04-25 14:55:22,696 - INFO - Processing VLT-TRADER_01_standard.set
2025-04-25 14:55:22,699 - INFO - Processing Volume-trader_01_standard.set
2025-04-25 14:55:22,703 - INFO - Processing Vortex-Indicator-System_01_standard.set
2025-04-25 14:55:22,706 - INFO - Processing VR-Overturn_01_standard.set
2025-04-25 14:55:22,709 - INFO - Processing VR-ZVER-v.2_01_standard.set
2025-04-25 14:55:22,714 - INFO - Processing VR-ZVER_01_standard.set
2025-04-25 14:55:22,719 - INFO - Processing VZO_01_standard.set
2025-04-25 14:55:22,722 - INFO - Processing Waddah-Attar-Win_01_standard.set
2025-04-25 14:55:22,725 - INFO - Processing WE-TRUST_01_standard.set
2025-04-25 14:55:22,730 - INFO - Processing X-RSIOMA_01_standard.set
2025-04-25 14:55:22,736 - INFO - Processing Yesterday-Today_01_standard.set
2025-04-25 14:55:32,531 - INFO - Processing 10-pips-EURUSD_01_standard.set
2025-04-25 14:55:32,535 - INFO - Processing 10-pips_01_standard.set
2025-04-25 14:55:32,538 - INFO - Processing 1H-EUR-USD_01_standard.set
2025-04-25 14:55:32,544 - INFO - Processing 20011201-GBPUSD-M1_01_standard.set
2025-04-25 14:55:32,549 - INFO - Processing 21hour_01_standard.set
2025-04-25 14:55:32,554 - INFO - Processing 2HR-HL_01_standard.set
2025-04-25 14:55:32,562 - INFO - Processing 2MA-4Level_01_standard.set
2025-04-25 14:55:32,566 - INFO - Processing 2MA-Bunny-Cross_01_standard.set
2025-04-25 14:55:32,570 - INFO - Processing 3-bars-high-low-indicator_01_standard.set
2025-04-25 14:55:32,574 - INFO - Processing 35-Pip-Scalper_01_standard.set
2025-04-25 14:55:32,579 - INFO - Processing 3BarsHighLowEA_01_standard.set
2025-04-25 14:55:32,586 - INFO - Processing 3sma_01_standard.set
2025-04-25 14:55:32,591 - INFO - Processing 500_01_standard.set
2025-04-25 14:55:32,596 - INFO - Processing 55-MA_01_standard.set
2025-04-25 14:55:32,601 - INFO - Processing Above-Below-MA_01_standard.set
2025-04-25 14:55:32,606 - INFO - Processing Absorption_01_standard.set
2025-04-25 14:55:32,612 - INFO - Processing ADX-MACD-Deev_01_standard.set
2025-04-25 14:55:32,617 - INFO - Processing ADX-MA_01_standard.set
2025-04-25 14:55:32,621 - INFO - Processing ADX-System_01_standard.set
2025-04-25 14:55:32,625 - INFO - Processing AIS1_01_standard.set
2025-04-25 14:55:32,629 - INFO - Processing Alexav-D1-Profit-GBPUSD_01_standard.set
2025-04-25 14:55:32,634 - INFO - Processing All-Average-Ea_01_standard.set
2025-04-25 14:55:32,640 - INFO - Processing Alligator-Simple_01_standard.set
2025-04-25 14:55:32,645 - INFO - Processing Alligator_01_standard.set
2025-04-25 14:55:32,650 - INFO - Processing Altarius-RSI-Stohastic_01_standard.set
2025-04-25 14:55:32,654 - INFO - Processing AMA-Trader-2_01_standard.set
2025-04-25 14:55:32,661 - INFO - Processing AMA-Trader_01_standard.set
2025-04-25 14:55:32,665 - INFO - Processing AO-Lightning_01_standard.set
2025-04-25 14:55:32,669 - INFO - Processing AOCCI_01_standard.set
2025-04-25 14:55:32,674 - INFO - Processing Arbitrage_01_standard.set
2025-04-25 14:55:32,678 - INFO - Processing ArbSint_01_standard.set
2025-04-25 14:55:32,682 - INFO - Processing Area-MACD_01_standard.set
2025-04-25 14:55:32,688 - INFO - Processing Artificial-Intelligence_01_standard.set
2025-04-25 14:55:32,693 - INFO - Processing At-random-Full_01_standard.set
2025-04-25 14:55:32,700 - INFO - Processing At-random_01_standard.set
2025-04-25 14:55:32,704 - INFO - Processing Auto-ADX_01_standard.set
2025-04-25 14:55:32,709 - INFO - Processing Auto-Pivot-Plotter-28Mid-Levels-29-41_01_standard.set
2025-04-25 14:55:32,712 - INFO - Processing AutoLock-EA_01_standard.set
2025-04-25 14:55:32,721 - INFO - Processing Autotrader-Momentum_01_standard.set
2025-04-25 14:55:32,724 - INFO - Processing Avalanche-AV_01_standard.set
2025-04-25 14:55:32,729 - INFO - Processing Backbone_01_standard.set
2025-04-25 14:55:32,732 - INFO - Processing BADX_01_standard.set
2025-04-25 14:55:32,737 - INFO - Processing Bago-EA_01_standard.set
2025-04-25 14:55:32,742 - INFO - Processing BalancedScalper-20EA_01_standard.set
2025-04-25 14:55:32,750 - INFO - Processing Bands-2_01_standard.set
2025-04-25 14:55:32,754 - INFO - Processing BARS-Alligator_01_standard.set
2025-04-25 14:55:32,759 - INFO - Processing Basic-CCI-RSI_01_standard.set
2025-04-25 14:55:32,765 - INFO - Processing Basic-Martingale-EA-3_01_standard.set
2025-04-25 14:55:32,772 - INFO - Processing BBPercentile-EA_01_standard.set
2025-04-25 14:55:32,784 - INFO - Processing BBPercentile_01_standard.set
2025-04-25 14:55:32,790 - INFO - Processing BDCrossOver-20EA_01_standard.set
2025-04-25 14:55:32,798 - INFO - Processing BIG-DOG_01_standard.set
2025-04-25 14:55:32,802 - INFO - Processing Bill-Williams_01_standard.set
2025-04-25 14:55:32,807 - INFO - Processing Bollinger-Band-Two-MA-and-Zig-Zag_01_standard.set
2025-04-25 14:55:32,815 - INFO - Processing Bollinger-Bands-N-positions_01_standard.set
2025-04-25 14:55:32,820 - INFO - Processing Bollinger-Bands-RSI_01_standard.set
2025-04-25 14:55:32,825 - INFO - Processing bollinger_01_standard.set
2025-04-25 14:55:32,829 - INFO - Processing Brakeout-Trader_01_standard.set
2025-04-25 14:55:32,833 - INFO - Processing Brandy_01_standard.set
2025-04-25 14:55:32,838 - INFO - Processing Breadandbutter2_01_standard.set
2025-04-25 14:55:32,842 - INFO - Processing Breakdown-catcher_01_standard.set
2025-04-25 14:55:32,847 - INFO - Processing breakdown_01_standard.set
2025-04-25 14:55:32,851 - INFO - Processing Breakout-Str_01_standard.set
2025-04-25 14:55:32,860 - INFO - Processing Bronze-Warrioir_01_standard.set
2025-04-25 14:55:32,866 - INFO - Processing Bruno_01_standard.set
2025-04-25 14:55:32,870 - INFO - Processing BSS-1-0_01_standard.set
2025-04-25 14:55:32,876 - INFO - Processing Bullish-and-Bearish-Engulfing_01_standard.set
2025-04-25 14:55:32,880 - INFO - Processing Burg-Extrapolator_01_standard.set
2025-04-25 14:55:32,884 - INFO - Processing BykovTrend-EA_01_standard.set
2025-04-25 14:55:32,893 - INFO - Processing Calculate-lotsize-and-Trailling-stop_01_standard.set
2025-04-25 14:55:32,898 - INFO - Processing candlepatternsexample_01_standard.set
2025-04-25 14:55:32,908 - INFO - Processing Candle_01_standard.set
2025-04-25 14:55:32,911 - INFO - Processing Carbophos_01_standard.set
2025-04-25 14:55:32,915 - INFO - Processing CashMachine-5min_01_standard.set
2025-04-25 14:55:32,919 - INFO - Processing CCI-MACD-Scalper_01_standard.set
2025-04-25 14:55:32,924 - INFO - Processing Cidomo_01_standard.set
2025-04-25 14:55:32,929 - INFO - Processing CloseAgent_01_standard.set
2025-04-25 14:55:32,933 - INFO - Processing CloseProfit_01_standard.set
2025-04-25 14:55:32,937 - INFO - Processing cloud's-trade-2_01_standard.set
2025-04-25 14:55:32,942 - INFO - Processing CLOUD_01_standard.set
2025-04-25 14:55:32,947 - INFO - Processing Constituents-EA_01_standard.set
2025-04-25 14:55:32,951 - INFO - Processing Contrarian-trade-MA_01_standard.set
2025-04-25 14:55:32,957 - INFO - Processing Crossing-Moving-Average_01_standard.set
2025-04-25 14:55:32,963 - INFO - Processing CrossMA_01_standard.set
2025-04-25 14:55:32,967 - INFO - Processing Currencyprofits-01.1_01_standard.set
2025-04-25 14:55:32,972 - INFO - Processing Daily-20reversal-20-20EA_01_standard.set
2025-04-25 14:55:32,979 - INFO - Processing Daily-BreakPoint_01_standard.set
2025-04-25 14:55:32,984 - INFO - Processing Daily-Open-EA_01_standard.set
2025-04-25 14:55:32,994 - INFO - Processing Daily-range_01_standard.set
2025-04-25 14:55:33,003 - INFO - Processing Day-Trading-PAMXA_01_standard.set
2025-04-25 14:55:33,009 - INFO - Processing Daydream_01_standard.set
2025-04-25 14:55:33,015 - INFO - Processing DayTrading_01_standard.set
2025-04-25 14:55:33,021 - INFO - Processing Dealers-Trade-v-7.74-MACD_01_standard.set
2025-04-25 14:55:33,026 - INFO - Processing Deep-Drawdown-MA_01_standard.set
2025-04-25 14:55:33,031 - INFO - Processing DeMarker-gaining-position-volume-2_01_standard.set
2025-04-25 14:55:33,039 - INFO - Processing DeMarker-gaining-position-volume_01_standard.set
2025-04-25 14:55:33,044 - INFO - Processing DeMarker-Pending-2-5_01_standard.set
2025-04-25 14:55:33,052 - INFO - Processing DeMarker-Pending-2_01_standard.set
2025-04-25 14:55:33,059 - INFO - Processing DeMarker-Pending_01_standard.set
2025-04-25 14:55:33,066 - INFO - Processing Dematus_01_standard.set
2025-04-25 14:55:33,071 - INFO - Processing Divergence-20for-20many-20indicator_01_standard.set
2025-04-25 14:55:33,076 - INFO - Processing Divergence-EA_01_standard.set
2025-04-25 14:55:33,084 - INFO - Processing Doji-Arrows_01_standard.set
2025-04-25 14:55:33,088 - INFO - Processing DojiTrader_01_standard.set
2025-04-25 14:55:33,092 - INFO - Processing Donchian-Chanel-EA_01_standard.set
2025-04-25 14:55:33,101 - INFO - Processing DoubleHullMA-EA_01_standard.set
2025-04-25 14:55:33,107 - INFO - Processing DoubleHullMA_01_standard.set
2025-04-25 14:55:33,112 - INFO - Processing DoubleMA-Crossover-EA_01_standard.set
2025-04-25 14:55:33,117 - INFO - Processing Doubler_01_standard.set
2025-04-25 14:55:33,120 - INFO - Processing dummy_01_standard.set
2025-04-25 14:55:33,124 - INFO - Processing Dynamic-averaging_01_standard.set
2025-04-25 14:55:33,129 - INFO - Processing e-Breakeven_01_standard.set
2025-04-25 14:55:33,133 - INFO - Processing E-Friday_01_standard.set
2025-04-25 14:55:33,137 - INFO - Processing E-Skoch-Open_01_standard.set
2025-04-25 14:55:33,141 - INFO - Processing e-Skoch-pending-orders_01_standard.set
2025-04-25 14:55:33,145 - INFO - Processing e-Smart-Trailing_01_standard.set
2025-04-25 14:55:33,148 - INFO - Processing e-TurboFx_01_standard.set
2025-04-25 14:55:33,154 - INFO - Processing EA-Close_01_standard.set
2025-04-25 14:55:33,160 - INFO - Processing EA-MA-Stoch-RSI_01_standard.set
2025-04-25 14:55:33,170 - INFO - Processing EA-Moving-Average_01_standard.set
2025-04-25 14:55:33,177 - INFO - Processing Elite-eFibo-Trader_01_standard.set
2025-04-25 14:55:33,183 - INFO - Processing EMA-6.12_01_standard.set
2025-04-25 14:55:33,188 - INFO - Processing EMA-CROSS_01_standard.set
2025-04-25 14:55:33,193 - INFO - Processing EMA-LWMA-RSI_01_standard.set
2025-04-25 14:55:33,198 - INFO - Processing EMA-RSI-EA_01_standard.set
2025-04-25 14:55:33,206 - INFO - Processing EMA-WMA_01_standard.set
2025-04-25 14:55:33,211 - INFO - Processing EMA_01_standard.set
2025-04-25 14:55:33,215 - INFO - Processing Eugene_01_standard.set
2025-04-25 14:55:33,220 - INFO - Processing eur-usd-m5_01_standard.set
2025-04-25 14:55:33,225 - INFO - Processing EURUSD-breakout_01_standard.set
2025-04-25 14:55:33,229 - INFO - Processing Executer-AC_01_standard.set
2025-04-25 14:55:33,235 - INFO - Processing Executor-AO_01_standard.set
2025-04-25 14:55:33,241 - INFO - Processing Executor-Candles_01_standard.set
2025-04-25 14:55:33,248 - INFO - Processing exp-Amstell_01_standard.set
2025-04-25 14:55:33,253 - INFO - Processing Expert-NEWS_01_standard.set
2025-04-25 14:55:33,260 - INFO - Processing Expert-RSI-Stochastic-MA_01_standard.set
2025-04-25 14:55:33,268 - INFO - Processing ExtremePrice-EA_01_standard.set
2025-04-25 14:55:33,279 - INFO - Processing FiboRetracement-20EA_01_standard.set
2025-04-25 14:55:33,290 - INFO - Processing Firebird_01_standard.set
2025-04-25 14:55:33,296 - INFO - Processing Firestorm-EA_01_standard.set
2025-04-25 14:55:33,308 - INFO - Processing Firestorm-indicator_01_standard.set
2025-04-25 14:55:33,314 - INFO - Processing Fluctuate_01_standard.set
2025-04-25 14:55:33,321 - INFO - Processing Forex-Fraus-M1_01_standard.set
2025-04-25 14:55:33,326 - INFO - Processing Forex-Profit_01_standard.set
2025-04-25 14:55:33,332 - INFO - Processing Fractals-minimum-distance_01_standard.set
2025-04-25 14:55:33,336 - INFO - Processing Fraktrak-xonax_01_standard.set
2025-04-25 14:55:33,342 - INFO - Processing Frank-Ud_01_standard.set
2025-04-25 14:55:33,347 - INFO - Processing FT-CCI_01_standard.set
2025-04-25 14:55:33,352 - INFO - Processing Fuzzy-logic_01_standard.set
2025-04-25 14:55:33,357 - INFO - Processing GalacticExplosion_01_standard.set
2025-04-25 14:55:33,363 - INFO - Processing Gandalf-PRO_01_standard.set
2025-04-25 14:55:33,368 - INFO - Processing Gap-DM_01_standard.set
2025-04-25 14:55:33,373 - INFO - Processing GAP-EA_01_standard.set
2025-04-25 14:55:33,381 - INFO - Processing Gaps_01_standard.set
2025-04-25 14:55:33,388 - INFO - Processing GBP9AM_01_standard.set
2025-04-25 14:55:33,396 - INFO - Processing GbpChf_01_standard.set
2025-04-25 14:55:33,403 - INFO - Processing Gold-Dust_01_standard.set
2025-04-25 14:55:33,414 - INFO - Processing GO_01_standard.set
2025-04-25 14:55:33,419 - INFO - Processing GreenTrade_01_standard.set
2025-04-25 14:55:33,426 - INFO - Processing Grid-Martingale_01_standard.set
2025-04-25 14:55:33,439 - INFO - Processing GridEA_01_standard.set
2025-04-25 14:55:33,451 - INFO - Processing Grid_01_standard.set
2025-04-25 14:55:33,458 - INFO - Processing HarVesteR_01_standard.set
2025-04-25 14:55:33,466 - INFO - Processing HedgeEA_01_standard.set
2025-04-25 14:55:33,473 - INFO - Processing hedger_01_standard.set
2025-04-25 14:55:33,478 - INFO - Processing Hedging-EA_01_standard.set
2025-04-25 14:55:33,493 - INFO - Processing Heiken-Ashi-Smoothed-EA-with-MA_01_standard.set
2025-04-25 14:55:33,504 - INFO - Processing Heiken-Ashi-Smoothed-EA_01_standard.set
2025-04-25 14:55:33,515 - INFO - Processing heiken-ashi-smoothedLine_01_standard.set
2025-04-25 14:55:33,520 - INFO - Processing heiken-ashi-smoothed_01_standard.set
2025-04-25 14:55:33,525 - INFO - Processing HeikenAshi-Lines-EA_01_standard.set
2025-04-25 14:55:33,539 - INFO - Processing HeikenAshi-Lines_01_standard.set
2025-04-25 14:55:33,545 - INFO - Processing Heinken-Ashi-Color-Candles_01_standard.set
2025-04-25 14:55:33,551 - INFO - Processing HelloSmart_01_standard.set
2025-04-25 14:55:33,556 - INFO - Processing High-Low-EA_01_standard.set
2025-04-25 14:55:33,568 - INFO - Processing High-Low-Indicator_01_standard.set
2025-04-25 14:55:33,575 - INFO - Processing Hoop-master-2_01_standard.set
2025-04-25 14:55:33,582 - INFO - Processing iCCI-iMA_01_standard.set
2025-04-25 14:55:33,590 - INFO - Processing ICH-With-Alert-Derekers-EA_01_standard.set
2025-04-25 14:55:33,601 - INFO - Processing ICH-With-Alert-Derekers_01_standard.set
2025-04-25 14:55:33,607 - INFO - Processing ichimok2005_01_standard.set
2025-04-25 14:55:33,613 - INFO - Processing Ichimoku-20Kijun-20Alert_01_standard.set
2025-04-25 14:55:33,619 - INFO - Processing Ichimoku-20Tenkan-20Alert_01_standard.set
2025-04-25 14:55:33,626 - INFO - Processing Ichimoku-Scanner_01_standard.set
2025-04-25 14:55:33,632 - INFO - Processing Ichimoku-Signals-and-Alert_01_standard.set
2025-04-25 14:55:33,639 - INFO - Processing IchimokuMTF-EA_01_standard.set
2025-04-25 14:55:33,648 - INFO - Processing Ichimoku_01_standard.set
2025-04-25 14:55:33,654 - INFO - Processing Ilan-iMA_01_standard.set
2025-04-25 14:55:33,662 - INFO - Processing Ilan1.4_01_standard.set
2025-04-25 14:55:33,670 - INFO - Processing iMA-iStdDev_01_standard.set
2025-04-25 14:55:33,677 - INFO - Processing Indices-Tester_01_standard.set
2025-04-25 14:55:33,683 - INFO - Processing Inka-20Edho-20EA_01_standard.set
2025-04-25 14:55:33,697 - INFO - Processing Intersection-2-iMA_01_standard.set
2025-04-25 14:55:33,702 - INFO - Processing IStochastic-Trading_01_standard.set
2025-04-25 14:55:33,708 - INFO - Processing Ivan_01_standard.set
2025-04-25 14:55:33,714 - INFO - Processing iVIDyA-Simple_01_standard.set
2025-04-25 14:55:33,720 - INFO - Processing Jackpot-Strategy-EA_01_standard.set
2025-04-25 14:55:33,733 - INFO - Processing JackPot-Strategy-Elite_01_standard.set
2025-04-25 14:55:33,738 - INFO - Processing JK-BullP-AutoTrader_01_standard.set
2025-04-25 14:55:33,743 - INFO - Processing JS-Chaos_01_standard.set
2025-04-25 14:55:33,751 - INFO - Processing JS-MA-Day_01_standard.set
2025-04-25 14:55:33,759 - INFO - Processing JS-MA-SAR-Trades_01_standard.set
2025-04-25 14:55:33,766 - INFO - Processing KA-Gold-Bot_01_standard.set
2025-04-25 14:55:33,773 - INFO - Processing Kue-Electric-EA_01_standard.set
2025-04-25 14:55:33,786 - INFO - Processing KueFx-20Arrows_01_standard.set
2025-04-25 14:55:33,791 - INFO - Processing KueFx-20Baseline_01_standard.set
2025-04-25 14:55:33,797 - INFO - Processing KueFx-Arrows-20EA_01_standard.set
2025-04-25 14:55:33,809 - INFO - Processing KueFx-Arrows-EA_01_standard.set
2025-04-25 14:55:33,818 - INFO - Processing KueFx-Arrows_01_standard.set
2025-04-25 14:55:33,822 - INFO - Processing KueFx-Baseline-EA_01_standard.set
2025-04-25 14:55:33,831 - INFO - Processing KueFx-Baseline_01_standard.set
2025-04-25 14:55:33,836 - INFO - Processing KueFx-Clean-2025-EA_01_standard.set
2025-04-25 14:55:33,848 - INFO - Processing KueFx-Extreme-EA_01_standard.set
2025-04-25 14:55:33,860 - INFO - Processing KueFx-Harare-EA_01_standard.set
2025-04-25 14:55:33,872 - INFO - Processing KueFX-Money-Management_01_standard.set
2025-04-25 14:55:33,885 - INFO - Processing KueFx-Motor-EA_01_standard.set
2025-04-25 14:55:33,897 - INFO - Processing KueFx-Motor_01_standard.set
2025-04-25 14:55:33,901 - INFO - Processing KueFx-Trend_01_standard.set
2025-04-25 14:55:33,914 - INFO - Processing KueFxTrend-20EA_01_standard.set
2025-04-25 14:55:33,925 - INFO - Processing KueFxTrend-EA_01_standard.set
2025-04-25 14:55:33,936 - INFO - Processing LarryConnersRSI2_01_standard.set
2025-04-25 14:55:33,940 - INFO - Processing Last-ZZ50_01_standard.set
2025-04-25 14:55:33,946 - INFO - Processing Lavika100_01_standard.set
2025-04-25 14:55:33,952 - INFO - Processing LBS_01_standard.set
2025-04-25 14:55:33,957 - INFO - Processing Lego-EA_01_standard.set
2025-04-25 14:55:33,967 - INFO - Processing Lesson-3-Price-Action_01_standard.set
2025-04-25 14:55:33,972 - INFO - Processing Lesson-4-Price-Action-MA-Filter_01_standard.set
2025-04-25 14:55:33,978 - INFO - Processing Lesson-6-Trailling-ATR_01_standard.set
2025-04-25 14:55:34,047 - INFO - Processing Lesson-7-Price-action-Ket-hop-Volume-VSA_01_standard.set
2025-04-25 14:55:34,064 - INFO - Processing Little-EA_01_standard.set
2025-04-25 14:55:34,070 - INFO - Processing Locker_01_standard.set
2025-04-25 14:55:34,095 - INFO - Processing Lock_01_standard.set
2025-04-25 14:55:34,106 - INFO - Processing Lucky_01_standard.set
2025-04-25 14:55:34,111 - INFO - Processing MA-20Alert_01_standard.set
2025-04-25 14:55:34,117 - INFO - Processing MA-20AO-20Arrow_01_standard.set
2025-04-25 14:55:34,124 - INFO - Processing MA-AO-EA_01_standard.set
2025-04-25 14:55:34,145 - INFO - Processing ma-channels_01_standard.set
2025-04-25 14:55:34,154 - INFO - Processing MA-Cross_01_standard.set
2025-04-25 14:55:34,159 - INFO - Processing MA-Envelopes_01_standard.set
2025-04-25 14:55:34,166 - INFO - Processing MA-MACD-Position-averaging_01_standard.set
2025-04-25 14:55:34,175 - INFO - Processing MA-Trend_01_standard.set
2025-04-25 14:55:34,184 - INFO - Processing MA2CCI_01_standard.set
2025-04-25 14:55:34,190 - INFO - Processing MACD-and-SAR_01_standard.set
2025-04-25 14:55:34,199 - INFO - Processing MACD-Cleaner_01_standard.set
2025-04-25 14:55:34,206 - INFO - Processing MACD-EA-H4_01_standard.set
2025-04-25 14:55:34,222 - INFO - Processing MACD-No-Sample_01_standard.set
2025-04-25 14:55:34,232 - INFO - Processing MACD-signal_01_standard.set
2025-04-25 14:55:34,242 - INFO - Processing MACD-Stochastic-2_01_standard.set
2025-04-25 14:55:34,250 - INFO - Processing MACD-Stochastic_01_standard.set
2025-04-25 14:55:34,259 - INFO - Processing MACDCCI_01_standard.set
2025-04-25 14:55:34,269 - INFO - Processing MacdPatternTraderAll0.01_01_standard.set
2025-04-25 14:55:34,283 - INFO - Processing MacdPatternTraderAll_01_standard.set
2025-04-25 14:55:34,299 - INFO - Processing MACD_01_standard.set
2025-04-25 14:55:34,307 - INFO - Processing MAGrid_01_standard.set
2025-04-25 14:55:34,315 - INFO - Processing MAMACD_01_standard.set
2025-04-25 14:55:34,321 - INFO - Processing Market-Capture_01_standard.set
2025-04-25 14:55:34,328 - INFO - Processing Martin-1_01_standard.set
2025-04-25 14:55:34,334 - INFO - Processing Martin-for-small-deposits_01_standard.set
2025-04-25 14:55:34,339 - INFO - Processing MartingailExpert_01_standard.set
2025-04-25 14:55:34,345 - INFO - Processing MartinGaleBreakout_01_standard.set
2025-04-25 14:55:34,350 - INFO - Processing Martin_01_standard.set
2025-04-25 14:55:34,369 - INFO - Processing Marubozu-EA_01_standard.set
2025-04-25 14:55:34,397 - INFO - Processing Marubozu_01_standard.set
2025-04-25 14:55:34,407 - INFO - Processing MelBar-EuSwiss-1.85_01_standard.set
2025-04-25 14:55:34,411 - INFO - Processing MelBar™Take325-™-5.5Y-NZD-USD_01_standard.set
2025-04-25 14:55:34,417 - INFO - Processing Mobo-Bands-EA_01_standard.set
2025-04-25 14:55:34,427 - INFO - Processing Mobo-Bands_01_standard.set
2025-04-25 14:55:34,432 - INFO - Processing Modified-Moving-Averages_01_standard.set
2025-04-25 14:55:34,438 - INFO - Processing Momentum-M15_01_standard.set
2025-04-25 14:55:34,444 - INFO - Processing Momo-trades_01_standard.set
2025-04-25 14:55:34,449 - INFO - Processing Money-Fixed-Margin_01_standard.set
2025-04-25 14:55:34,453 - INFO - Processing Money-Fixed-Risk_01_standard.set
2025-04-25 14:55:34,457 - INFO - Processing MoneyRain_01_standard.set
2025-04-25 14:55:34,461 - INFO - Processing Morning-evening-star-EA_01_standard.set
2025-04-25 14:55:34,470 - INFO - Processing MostasHaR15-Pivot_01_standard.set
2025-04-25 14:55:34,474 - INFO - Processing Moving-20average-20and-20ichimoku-20EA_01_standard.set
2025-04-25 14:55:34,482 - INFO - Processing Moving-Average-Trade-System_01_standard.set
2025-04-25 14:55:34,488 - INFO - Processing Moving-Averages_01_standard.set
2025-04-25 14:55:34,492 - INFO - Processing MovingAverageMartinGale_01_standard.set
2025-04-25 14:55:34,497 - INFO - Processing MovingAverage_01_standard.set
2025-04-25 14:55:34,504 - INFO - Processing MQL5-Wizard-MA-RSI_01_standard.set
2025-04-25 14:55:34,510 - INFO - Processing MQL5-Wizard-MACD-Parabolic-SAR_01_standard.set
2025-04-25 14:55:34,517 - INFO - Processing MTC-Сombo_01_standard.set
2025-04-25 14:55:34,524 - INFO - Processing Multi-Stochastic_01_standard.set
2025-04-25 14:55:34,530 - INFO - Processing MultiMartin_01_standard.set
2025-04-25 14:55:34,535 - INFO - Processing MySystem_01_standard.set
2025-04-25 14:55:34,540 - INFO - Processing N-Candles_01_standard.set
2025-04-25 14:55:34,544 - INFO - Processing Nevalyashka-BreakdownLevel_01_standard.set
2025-04-25 14:55:34,549 - INFO - Processing Nevalyashka3-1_01_standard.set
2025-04-25 14:55:34,554 - INFO - Processing Nevalyashka_01_standard.set
2025-04-25 14:55:34,559 - INFO - Processing New-Martin_01_standard.set
2025-04-25 14:55:34,564 - INFO - Processing New-Random_01_standard.set
2025-04-25 14:55:34,569 - INFO - Processing Nextbar_01_standard.set
2025-04-25 14:55:34,575 - INFO - Processing Night-Flat-Trade_01_standard.set
2025-04-25 14:55:34,584 - INFO - Processing NightScalper_01_standard.set
2025-04-25 14:55:34,598 - INFO - Processing NRTR-Revers_01_standard.set
2025-04-25 14:55:34,604 - INFO - Processing NUp1Down_01_standard.set
2025-04-25 14:55:34,609 - INFO - Processing Open-Candle-EA_01_standard.set
2025-04-25 14:55:34,623 - INFO - Processing Open-Close_01_standard.set
2025-04-25 14:55:34,629 - INFO - Processing Opening-and-ilosing-on-time_01_standard.set
2025-04-25 14:55:34,634 - INFO - Processing Opening-and-Сlosing-on-time_01_standard.set
2025-04-25 14:55:34,639 - INFO - Processing OpenPendingorderAfterPositionGetStopLoss_01_standard.set
2025-04-25 14:55:34,647 - INFO - Processing OpenTicks_01_standard.set
2025-04-25 14:55:34,653 - INFO - Processing ORB-EA-BOX_01_standard.set
2025-04-25 14:55:34,676 - INFO - Processing OsMaSter_01_standard.set
2025-04-25 14:55:34,683 - INFO - Processing OTT-20AND-20PRICE-20CROSS-20EA_01_standard.set
2025-04-25 14:55:34,699 - INFO - Processing OverHedge_01_standard.set
2025-04-25 14:55:34,710 - INFO - Processing OzFx_01_standard.set
2025-04-25 14:55:34,716 - INFO - Processing Parabolic-SAR_01_standard.set
2025-04-25 14:55:34,721 - INFO - Processing PARSI-EA_01_standard.set
2025-04-25 14:55:34,733 - INFO - Processing Peceptron-Mult_01_standard.set
2025-04-25 14:55:34,743 - INFO - Processing Pending-orders-by-time-2_01_standard.set
2025-04-25 14:55:34,750 - INFO - Processing Pending-orders-by-time_01_standard.set
2025-04-25 14:55:34,755 - INFO - Processing Pendulum_01_standard.set
2025-04-25 14:55:34,761 - INFO - Processing Pinball-machine_01_standard.set
2025-04-25 14:55:34,765 - INFO - Processing Pinbar-Magic-EA_01_standard.set
2025-04-25 14:55:34,776 - INFO - Processing PinBar-Magic-Indicator_01_standard.set
2025-04-25 14:55:34,783 - INFO - Processing Pipsover_01_standard.set
2025-04-25 14:55:34,788 - INFO - Processing Plan-X_01_standard.set
2025-04-25 14:55:34,796 - INFO - Processing Plateau_01_standard.set
2025-04-25 14:55:34,806 - INFO - Processing Poker-SHOW_01_standard.set
2025-04-25 14:55:34,813 - INFO - Processing Precipice-MartIn_01_standard.set
2025-04-25 14:55:34,819 - INFO - Processing Precipice_01_standard.set
2025-04-25 14:55:34,823 - INFO - Processing Probe_01_standard.set
2025-04-25 14:55:34,829 - INFO - Processing Proffessor_01_standard.set
2025-04-25 14:55:34,837 - INFO - Processing PropFirmHelper_01_standard.set
2025-04-25 14:55:34,849 - INFO - Processing PROphet_01_standard.set
2025-04-25 14:55:34,856 - INFO - Processing Puria-method_01_standard.set
2025-04-25 14:55:34,864 - INFO - Processing Rabbit3_01_standard.set
2025-04-25 14:55:34,871 - INFO - Processing Range-Breakout_01_standard.set
2025-04-25 14:55:34,876 - INFO - Processing Rapid-Doji-EA_01_standard.set
2025-04-25 14:55:34,881 - INFO - Processing Raymond-Cloudy-Day-for-EA_01_standard.set
2025-04-25 14:55:34,889 - INFO - Processing Reflex-EA_01_standard.set
2025-04-25 14:55:34,902 - INFO - Processing REFLEX-INDICATOR_01_standard.set
2025-04-25 14:55:34,905 - INFO - Processing Reflex_01_standard.set
2025-04-25 14:55:34,910 - INFO - Processing Reversing-Martingale_01_standard.set
2025-04-25 14:55:34,916 - INFO - Processing RideAlligator_01_standard.set
2025-04-25 14:55:34,921 - INFO - Processing RNN_01_standard.set
2025-04-25 14:55:34,926 - INFO - Processing Robot-MACD_01_standard.set
2025-04-25 14:55:34,934 - INFO - Processing RobotPowerM5-meta4_01_standard.set
2025-04-25 14:55:34,943 - INFO - Processing Rollback-system_01_standard.set
2025-04-25 14:55:34,950 - INFO - Processing RSI-and-Bollinger-Bands_01_standard.set
2025-04-25 14:55:34,955 - INFO - Processing RSI-Arrow-EA_01_standard.set
2025-04-25 14:55:34,966 - INFO - Processing RSI-Arrow_01_standard.set
2025-04-25 14:55:34,971 - INFO - Processing RSI-EA_01_standard.set
2025-04-25 14:55:34,977 - INFO - Processing RSI-Eraser_01_standard.set
2025-04-25 14:55:34,981 - INFO - Processing RSI-Expert_01_standard.set
2025-04-25 14:55:34,986 - INFO - Processing RSI-Levels_01_standard.set
2025-04-25 14:55:34,990 - INFO - Processing RSI-trader_01_standard.set
2025-04-25 14:55:34,995 - INFO - Processing RSI-Trend-EA_01_standard.set
2025-04-25 14:55:35,005 - INFO - Processing RSI-Trend_01_standard.set
2025-04-25 14:55:35,010 - INFO - Processing RSI-with-channels-EA_01_standard.set
2025-04-25 14:55:35,023 - INFO - Processing RSI-with-channels_01_standard.set
2025-04-25 14:55:35,030 - INFO - Processing Russian20-hp1_01_standard.set
2025-04-25 14:55:35,039 - INFO - Processing SampleCheckPendingOrder_01_standard.set
2025-04-25 14:55:35,044 - INFO - Processing SAR-trading_01_standard.set
2025-04-25 14:55:35,053 - INFO - Processing Secwenta_01_standard.set
2025-04-25 14:55:35,058 - INFO - Processing Sell-Stop_01_standard.set
2025-04-25 14:55:35,064 - INFO - Processing Sensitive_01_standard.set
2025-04-25 14:55:35,071 - INFO - Processing Separate-trade_01_standard.set
2025-04-25 14:55:35,079 - INFO - Processing SilverTrend_01_standard.set
2025-04-25 14:55:35,084 - INFO - Processing Simple-20Price-20Alert-20-20EA_01_standard.set
2025-04-25 14:55:35,090 - INFO - Processing Simple-20Volume-20EA_01_standard.set
2025-04-25 14:55:35,099 - INFO - Processing Simple-EA-MA-plus-MACD_01_standard.set
2025-04-25 14:55:35,105 - INFO - Processing Simple-FX_01_standard.set
2025-04-25 14:55:35,112 - INFO - Processing Simple-MACD_01_standard.set
2025-04-25 14:55:35,117 - INFO - Processing Simple-Volume-EA_01_standard.set
2025-04-25 14:55:35,126 - INFO - Processing SimplePivot_01_standard.set
2025-04-25 14:55:35,130 - INFO - Processing Simplest-Hedging-EA-ever_01_standard.set
2025-04-25 14:55:35,134 - INFO - Processing SimpleTrade _01_standard.set
2025-04-25 14:55:35,138 - INFO - Processing Six-Soldiers-EA-Grid_01_standard.set
2025-04-25 14:55:35,151 - INFO - Processing Six-Soldiers-EA_01_standard.set
2025-04-25 14:55:35,162 - INFO - Processing Six-Soldiers_01_standard.set
2025-04-25 14:55:35,167 - INFO - Processing Small-Inside-Bar-Strategy_01_standard.set
2025-04-25 14:55:35,171 - INFO - Processing Smart-Machine-20EA_01_standard.set
2025-04-25 14:55:35,183 - INFO - Processing Smoothing-Average_01_standard.set
2025-04-25 14:55:35,188 - INFO - Processing Spasm_01_standard.set
2025-04-25 14:55:35,192 - INFO - Processing ssb5-123_01_standard.set
2025-04-25 14:55:35,197 - INFO - Processing Starter_01_standard.set
2025-04-25 14:55:35,203 - INFO - Processing Steve-Cartwright-Trader-Camel-CCI-MACD_01_standard.set
2025-04-25 14:55:35,208 - INFO - Processing Stoch-EA-1192_01_standard.set
2025-04-25 14:55:35,211 - INFO - Processing Stochastic-20Alert_01_standard.set
2025-04-25 14:55:35,218 - INFO - Processing Stochastic-K-Divergence.lua_01_standard.set
2025-04-25 14:55:35,223 - INFO - Processing stochastic-three-periods_01_standard.set
2025-04-25 14:55:35,229 - INFO - Processing StochasticDiffSign-EA_01_standard.set
2025-04-25 14:55:35,241 - INFO - Processing stochasticdiffsign_01_standard.set
2025-04-25 14:55:35,246 - INFO - Processing StochMA-EA_01_standard.set
2025-04-25 14:55:35,256 - INFO - Processing StochMA_01_standard.set
2025-04-25 14:55:35,261 - INFO - Processing Stoch_01_standard.set
2025-04-25 14:55:35,264 - INFO - Processing Stop-Loss-Take-Profit_01_standard.set
2025-04-25 14:55:35,268 - INFO - Processing StraddleqTrail_01_standard.set
2025-04-25 14:55:35,273 - INFO - Processing Surefirething_01_standard.set
2025-04-25 14:55:35,278 - INFO - Processing TDSGlobal_01_standard.set
2025-04-25 14:55:35,282 - INFO - Processing The-MasterMind-2_01_standard.set
2025-04-25 14:55:35,287 - INFO - Processing The-MasterMind-3_01_standard.set
2025-04-25 14:55:35,292 - INFO - Processing The-MasterMind_01_standard.set
2025-04-25 14:55:35,297 - INFO - Processing The-Puncher_01_standard.set
2025-04-25 14:55:35,303 - INFO - Processing TheClassicTurtleTrader-no-dots-EA_01_standard.set
2025-04-25 14:55:35,313 - INFO - Processing TheClassicTurtleTrader-no-dots_01_standard.set
2025-04-25 14:55:35,320 - INFO - Processing Three-indicators_01_standard.set
2025-04-25 14:55:35,326 - INFO - Processing Three-neural-networks_01_standard.set
2025-04-25 14:55:35,333 - INFO - Processing Three-timeframes_01_standard.set
2025-04-25 14:55:35,339 - INFO - Processing Three-Typical-Candles_01_standard.set
2025-04-25 14:55:35,343 - INFO - Processing Time-sync-forts_01_standard.set
2025-04-25 14:55:35,348 - INFO - Processing timer-trade_01_standard.set
2025-04-25 14:55:35,353 - INFO - Processing TMA-ATR-Channel_01_standard.set
2025-04-25 14:55:35,360 - INFO - Processing TMA-ATR-EA_01_standard.set
2025-04-25 14:55:35,371 - INFO - Processing TMA-CG-EA_01_standard.set
2025-04-25 14:55:35,384 - INFO - Processing TMA-CG-Martingale-20EA_01_standard.set
2025-04-25 14:55:35,400 - INFO - Processing TMA-CG-mladen_01_standard.set
2025-04-25 14:55:35,404 - INFO - Processing TMA-CG-special_01_standard.set
2025-04-25 14:55:35,410 - INFO - Processing TMA-slope-bands_01_standard.set
2025-04-25 14:55:35,414 - INFO - Processing TmaTrue-2.0-with-Distances-6xx_01_standard.set
2025-04-25 14:55:35,419 - INFO - Processing TmaTrue-3.0-with-Distances-6xx_01_standard.set
2025-04-25 14:55:35,424 - INFO - Processing TP-with-money_01_standard.set
2025-04-25 14:55:35,428 - INFO - Processing Trade-in-Channel_01_standard.set
2025-04-25 14:55:35,432 - INFO - Processing Trade-on-qualified-RSI_01_standard.set
2025-04-25 14:55:35,437 - INFO - Processing Trading-Breakout-MrThanhTan_01_standard.set
2025-04-25 14:55:35,442 - INFO - Processing Trend-Trader-Strategy-EA_01_standard.set
2025-04-25 14:55:35,452 - INFO - Processing Trend-Trader-Strategy_01_standard.set
2025-04-25 14:55:35,457 - INFO - Processing Tru-EA_01_standard.set
2025-04-25 14:55:35,466 - INFO - Processing True-Scalper-Profit-Lock_01_standard.set
2025-04-25 14:55:35,472 - INFO - Processing TrueSort-1100_01_standard.set
2025-04-25 14:55:35,479 - INFO - Processing Tunnel-gen4_01_standard.set
2025-04-25 14:55:35,483 - INFO - Processing Tunnel-Method_01_standard.set
2025-04-25 14:55:35,488 - INFO - Processing TurnGrid_01_standard.set
2025-04-25 14:55:35,493 - INFO - Processing Two PerBar _01_standard.set
2025-04-25 14:55:35,496 - INFO - Processing Two-20MA-20RSI-20ADX-20EA_01_standard.set
2025-04-25 14:55:35,504 - INFO - Processing Two-20Orders-20Panel_01_standard.set
2025-04-25 14:55:35,507 - INFO - Processing Two-pending-orders-2_01_standard.set
2025-04-25 14:55:35,514 - INFO - Processing UnityPro_01_standard.set
2025-04-25 14:55:35,520 - INFO - Processing UniversalMACrossEA_01_standard.set
2025-04-25 14:55:35,528 - INFO - Processing UniversalSignalDemo_01_standard.set
2025-04-25 14:55:35,534 - INFO - Processing Universum-3.0_01_standard.set
2025-04-25 14:55:35,538 - INFO - Processing UnNomGuai-20EA_01_standard.set
2025-04-25 14:55:35,549 - INFO - Processing up3x1-Investor_01_standard.set
2025-04-25 14:55:35,554 - INFO - Processing up3x1-premium-M_01_standard.set
2025-04-25 14:55:35,560 - INFO - Processing up3x1_01_standard.set
2025-04-25 14:55:35,567 - INFO - Processing Urdala-Trol_01_standard.set
2025-04-25 14:55:35,572 - INFO - Processing Very-Blonde-System_01_standard.set
2025-04-25 14:55:35,577 - INFO - Processing Virtual-Trailing-Stop_01_standard.set
2025-04-25 14:55:35,582 - INFO - Processing VLT-TRADER_01_standard.set
2025-04-25 14:55:35,586 - INFO - Processing Volume-trader_01_standard.set
2025-04-25 14:55:35,592 - INFO - Processing Vortex-Indicator-System_01_standard.set
2025-04-25 14:55:35,598 - INFO - Processing VR-Overturn_01_standard.set
2025-04-25 14:55:35,603 - INFO - Processing VR-ZVER-v.2_01_standard.set
2025-04-25 14:55:35,612 - INFO - Processing VR-ZVER_01_standard.set
2025-04-25 14:55:35,619 - INFO - Processing VZO_01_standard.set
2025-04-25 14:55:35,623 - INFO - Processing Waddah-Attar-Win_01_standard.set
2025-04-25 14:55:35,626 - INFO - Processing WE-TRUST_01_standard.set
2025-04-25 14:55:35,632 - INFO - Processing X-RSIOMA_01_standard.set
2025-04-25 14:55:35,640 - INFO - Processing Yesterday-Today_01_standard.set
