2025-04-27 00:58:36,339 - INFO - Found 455 .set files to process
2025-04-27 00:58:36,341 - INFO - Successfully optimized 10-pips-EURUSD_01_standard.set -> 10-pips-EURUSD_01_standard.otp
2025-04-27 00:58:36,342 - INFO - Successfully optimized 10-pips_01_standard.set -> 10-pips_01_standard.otp
2025-04-27 00:58:36,344 - INFO - Successfully optimized 1H-EUR-USD_01_standard.set -> 1H-EUR-USD_01_standard.otp
2025-04-27 00:58:36,346 - INFO - Successfully optimized 20011201-GBPUSD-M1_01_standard.set -> 20011201-GBPUSD-M1_01_standard.otp
2025-04-27 00:58:36,347 - INFO - Successfully optimized 21hour_01_standard.set -> 21hour_01_standard.otp
2025-04-27 00:58:36,349 - INFO - Successfully optimized 2HR-HL_01_standard.set -> 2HR-HL_01_standard.otp
2025-04-27 00:58:36,351 - INFO - Successfully optimized 2MA-4Level_01_standard.set -> 2MA-4Level_01_standard.otp
2025-04-27 00:58:36,353 - INFO - Successfully optimized 2MA-Bunny-Cross_01_standard.set -> 2MA-Bunny-Cross_01_standard.otp
2025-04-27 00:58:36,354 - INFO - Successfully optimized 3-bars-high-low-indicator_01_standard.set -> 3-bars-high-low-indicator_01_standard.otp
2025-04-27 00:58:36,356 - INFO - Successfully optimized 35-Pip-Scalper_01_standard.set -> 35-Pip-Scalper_01_standard.otp
2025-04-27 00:58:36,358 - INFO - Successfully optimized 3BarsHighLowEA_01_standard.set -> 3BarsHighLowEA_01_standard.otp
2025-04-27 00:58:36,359 - INFO - Successfully optimized 3sma_01_standard.set -> 3sma_01_standard.otp
2025-04-27 00:58:36,361 - INFO - Successfully optimized 500_01_standard.set -> 500_01_standard.otp
2025-04-27 00:58:36,362 - INFO - Successfully optimized 55-MA_01_standard.set -> 55-MA_01_standard.otp
2025-04-27 00:58:36,364 - INFO - Successfully optimized Above-Below-MA_01_standard.set -> Above-Below-MA_01_standard.otp
2025-04-27 00:58:36,365 - INFO - Successfully optimized Absorption_01_standard.set -> Absorption_01_standard.otp
2025-04-27 00:58:36,367 - INFO - Successfully optimized ADX-MACD-Deev_01_standard.set -> ADX-MACD-Deev_01_standard.otp
2025-04-27 00:58:36,369 - INFO - Successfully optimized ADX-MA_01_standard.set -> ADX-MA_01_standard.otp
2025-04-27 00:58:36,370 - INFO - Successfully optimized ADX-System_01_standard.set -> ADX-System_01_standard.otp
2025-04-27 00:58:36,372 - INFO - Successfully optimized AIS1_01_standard.set -> AIS1_01_standard.otp
2025-04-27 00:58:36,374 - INFO - Successfully optimized Alexav-D1-Profit-GBPUSD_01_standard.set -> Alexav-D1-Profit-GBPUSD_01_standard.otp
2025-04-27 00:58:36,375 - INFO - Successfully optimized All-Average-Ea_01_standard.set -> All-Average-Ea_01_standard.otp
2025-04-27 00:58:36,377 - INFO - Successfully optimized Alligator-Simple_01_standard.set -> Alligator-Simple_01_standard.otp
2025-04-27 00:58:36,379 - INFO - Successfully optimized Alligator_01_standard.set -> Alligator_01_standard.otp
2025-04-27 00:58:36,380 - INFO - Successfully optimized Altarius-RSI-Stohastic_01_standard.set -> Altarius-RSI-Stohastic_01_standard.otp
2025-04-27 00:58:36,382 - INFO - Successfully optimized AMA-Trader-2_01_standard.set -> AMA-Trader-2_01_standard.otp
2025-04-27 00:58:36,384 - INFO - Successfully optimized AMA-Trader_01_standard.set -> AMA-Trader_01_standard.otp
2025-04-27 00:58:36,385 - INFO - Successfully optimized AO-Lightning_01_standard.set -> AO-Lightning_01_standard.otp
2025-04-27 00:58:36,387 - INFO - Successfully optimized AOCCI_01_standard.set -> AOCCI_01_standard.otp
2025-04-27 00:58:36,388 - INFO - Successfully optimized Arbitrage_01_standard.set -> Arbitrage_01_standard.otp
2025-04-27 00:58:36,390 - INFO - Successfully optimized ArbSint_01_standard.set -> ArbSint_01_standard.otp
2025-04-27 00:58:36,391 - INFO - Successfully optimized Area-MACD_01_standard.set -> Area-MACD_01_standard.otp
2025-04-27 00:58:36,394 - INFO - Successfully optimized Artificial-Intelligence_01_standard.set -> Artificial-Intelligence_01_standard.otp
2025-04-27 00:58:36,396 - INFO - Successfully optimized At-random-Full_01_standard.set -> At-random-Full_01_standard.otp
2025-04-27 00:58:36,398 - INFO - Successfully optimized At-random_01_standard.set -> At-random_01_standard.otp
2025-04-27 00:58:36,400 - INFO - Successfully optimized Auto-ADX_01_standard.set -> Auto-ADX_01_standard.otp
2025-04-27 00:58:36,402 - INFO - Successfully optimized Auto-Pivot-Plotter-28Mid-Levels-29-41_01_standard.set -> Auto-Pivot-Plotter-28Mid-Levels-29-41_01_standard.otp
2025-04-27 00:58:36,404 - INFO - Successfully optimized AutoLock-EA_01_standard.set -> AutoLock-EA_01_standard.otp
2025-04-27 00:58:36,405 - INFO - Successfully optimized Autotrader-Momentum_01_standard.set -> Autotrader-Momentum_01_standard.otp
2025-04-27 00:58:36,407 - INFO - Successfully optimized Avalanche-AV_01_standard.set -> Avalanche-AV_01_standard.otp
2025-04-27 00:58:36,409 - INFO - Successfully optimized Backbone_01_standard.set -> Backbone_01_standard.otp
2025-04-27 00:58:36,411 - INFO - Successfully optimized BADX_01_standard.set -> BADX_01_standard.otp
2025-04-27 00:58:36,414 - INFO - Successfully optimized Bago-EA_01_standard.set -> Bago-EA_01_standard.otp
2025-04-27 00:58:36,416 - INFO - Successfully optimized BalancedScalper-20EA_01_standard.set -> BalancedScalper-20EA_01_standard.otp
2025-04-27 00:58:36,419 - INFO - Successfully optimized Bands-2_01_standard.set -> Bands-2_01_standard.otp
2025-04-27 00:58:36,420 - INFO - Successfully optimized BARS-Alligator_01_standard.set -> BARS-Alligator_01_standard.otp
2025-04-27 00:58:36,422 - INFO - Successfully optimized Basic-CCI-RSI_01_standard.set -> Basic-CCI-RSI_01_standard.otp
2025-04-27 00:58:36,424 - INFO - Successfully optimized Basic-Martingale-EA-3_01_standard.set -> Basic-Martingale-EA-3_01_standard.otp
2025-04-27 00:58:36,427 - INFO - Successfully optimized BBPercentile-EA_01_standard.set -> BBPercentile-EA_01_standard.otp
2025-04-27 00:58:36,429 - INFO - Successfully optimized BBPercentile_01_standard.set -> BBPercentile_01_standard.otp
2025-04-27 00:58:36,432 - INFO - Successfully optimized BDCrossOver-20EA_01_standard.set -> BDCrossOver-20EA_01_standard.otp
2025-04-27 00:58:36,434 - INFO - Successfully optimized BIG-DOG_01_standard.set -> BIG-DOG_01_standard.otp
2025-04-27 00:58:36,436 - INFO - Successfully optimized Bill-Williams_01_standard.set -> Bill-Williams_01_standard.otp
2025-04-27 00:58:36,438 - INFO - Successfully optimized Bollinger-Band-Two-MA-and-Zig-Zag_01_standard.set -> Bollinger-Band-Two-MA-and-Zig-Zag_01_standard.otp
2025-04-27 00:58:36,439 - INFO - Successfully optimized Bollinger-Bands-N-positions_01_standard.set -> Bollinger-Bands-N-positions_01_standard.otp
2025-04-27 00:58:36,441 - INFO - Successfully optimized Bollinger-Bands-RSI_01_standard.set -> Bollinger-Bands-RSI_01_standard.otp
2025-04-27 00:58:36,443 - INFO - Successfully optimized bollinger_01_standard.set -> bollinger_01_standard.otp
2025-04-27 00:58:36,444 - INFO - Successfully optimized Brakeout-Trader_01_standard.set -> Brakeout-Trader_01_standard.otp
2025-04-27 00:58:36,447 - INFO - Successfully optimized Brandy_01_standard.set -> Brandy_01_standard.otp
2025-04-27 00:58:36,449 - INFO - Successfully optimized Breadandbutter2_01_standard.set -> Breadandbutter2_01_standard.otp
2025-04-27 00:58:36,451 - INFO - Successfully optimized Breakdown-catcher_01_standard.set -> Breakdown-catcher_01_standard.otp
2025-04-27 00:58:36,453 - INFO - Successfully optimized breakdown_01_standard.set -> breakdown_01_standard.otp
2025-04-27 00:58:36,455 - INFO - Successfully optimized Breakout-Str_01_standard.set -> Breakout-Str_01_standard.otp
2025-04-27 00:58:36,457 - INFO - Successfully optimized Bronze-Warrioir_01_standard.set -> Bronze-Warrioir_01_standard.otp
2025-04-27 00:58:36,459 - INFO - Successfully optimized Bruno_01_standard.set -> Bruno_01_standard.otp
2025-04-27 00:58:36,461 - INFO - Successfully optimized BSS-1-0_01_standard.set -> BSS-1-0_01_standard.otp
2025-04-27 00:58:36,464 - INFO - Successfully optimized Bullish-and-Bearish-Engulfing_01_standard.set -> Bullish-and-Bearish-Engulfing_01_standard.otp
2025-04-27 00:58:36,466 - INFO - Successfully optimized Burg-Extrapolator_01_standard.set -> Burg-Extrapolator_01_standard.otp
2025-04-27 00:58:36,468 - INFO - Successfully optimized BykovTrend-EA_01_standard.set -> BykovTrend-EA_01_standard.otp
2025-04-27 00:58:36,470 - INFO - Successfully optimized Calculate-lotsize-and-Trailling-stop_01_standard.set -> Calculate-lotsize-and-Trailling-stop_01_standard.otp
2025-04-27 00:58:36,471 - INFO - Successfully optimized candlepatternsexample_01_standard.set -> candlepatternsexample_01_standard.otp
2025-04-27 00:58:36,473 - INFO - Successfully optimized Candle_01_standard.set -> Candle_01_standard.otp
2025-04-27 00:58:36,474 - INFO - Successfully optimized Carbophos_01_standard.set -> Carbophos_01_standard.otp
2025-04-27 00:58:36,476 - INFO - Successfully optimized CashMachine-5min_01_standard.set -> CashMachine-5min_01_standard.otp
2025-04-27 00:58:36,477 - INFO - Successfully optimized CCI-MACD-Scalper_01_standard.set -> CCI-MACD-Scalper_01_standard.otp
2025-04-27 00:58:36,479 - INFO - Successfully optimized Cidomo_01_standard.set -> Cidomo_01_standard.otp
2025-04-27 00:58:36,482 - INFO - Successfully optimized CloseAgent_01_standard.set -> CloseAgent_01_standard.otp
2025-04-27 00:58:36,484 - INFO - Successfully optimized CloseProfit_01_standard.set -> CloseProfit_01_standard.otp
2025-04-27 00:58:36,485 - INFO - Successfully optimized cloud's-trade-2_01_standard.set -> cloud's-trade-2_01_standard.otp
2025-04-27 00:58:36,487 - INFO - Successfully optimized CLOUD_01_standard.set -> CLOUD_01_standard.otp
2025-04-27 00:58:36,489 - INFO - Successfully optimized Constituents-EA_01_standard.set -> Constituents-EA_01_standard.otp
2025-04-27 00:58:36,490 - INFO - Successfully optimized Contrarian-trade-MA_01_standard.set -> Contrarian-trade-MA_01_standard.otp
2025-04-27 00:58:36,491 - INFO - Successfully optimized Crossing-Moving-Average_01_standard.set -> Crossing-Moving-Average_01_standard.otp
2025-04-27 00:58:36,493 - INFO - Successfully optimized CrossMA_01_standard.set -> CrossMA_01_standard.otp
2025-04-27 00:58:36,495 - INFO - Successfully optimized Currencyprofits-01.1_01_standard.set -> Currencyprofits-01.1_01_standard.otp
2025-04-27 00:58:36,498 - INFO - Successfully optimized Daily-20reversal-20-20EA_01_standard.set -> Daily-20reversal-20-20EA_01_standard.otp
2025-04-27 00:58:36,500 - INFO - Successfully optimized Daily-BreakPoint_01_standard.set -> Daily-BreakPoint_01_standard.otp
2025-04-27 00:58:36,502 - INFO - Successfully optimized Daily-Open-EA_01_standard.set -> Daily-Open-EA_01_standard.otp
2025-04-27 00:58:36,504 - INFO - Successfully optimized Daily-range_01_standard.set -> Daily-range_01_standard.otp
2025-04-27 00:58:36,505 - INFO - Successfully optimized Day-Trading-PAMXA_01_standard.set -> Day-Trading-PAMXA_01_standard.otp
2025-04-27 00:58:36,507 - INFO - Successfully optimized Daydream_01_standard.set -> Daydream_01_standard.otp
2025-04-27 00:58:36,508 - INFO - Successfully optimized DayTrading_01_standard.set -> DayTrading_01_standard.otp
2025-04-27 00:58:36,510 - INFO - Successfully optimized Dealers-Trade-v-7.74-MACD_01_standard.set -> Dealers-Trade-v-7.74-MACD_01_standard.otp
2025-04-27 00:58:36,511 - INFO - Successfully optimized Deep-Drawdown-MA_01_standard.set -> Deep-Drawdown-MA_01_standard.otp
2025-04-27 00:58:36,513 - INFO - Successfully optimized DeMarker-gaining-position-volume-2_01_standard.set -> DeMarker-gaining-position-volume-2_01_standard.otp
2025-04-27 00:58:36,515 - INFO - Successfully optimized DeMarker-gaining-position-volume_01_standard.set -> DeMarker-gaining-position-volume_01_standard.otp
2025-04-27 00:58:36,517 - INFO - Successfully optimized DeMarker-Pending-2-5_01_standard.set -> DeMarker-Pending-2-5_01_standard.otp
2025-04-27 00:58:36,520 - INFO - Successfully optimized DeMarker-Pending-2_01_standard.set -> DeMarker-Pending-2_01_standard.otp
2025-04-27 00:58:36,522 - INFO - Successfully optimized DeMarker-Pending_01_standard.set -> DeMarker-Pending_01_standard.otp
2025-04-27 00:58:36,524 - INFO - Successfully optimized Dematus_01_standard.set -> Dematus_01_standard.otp
2025-04-27 00:58:36,525 - INFO - Successfully optimized Divergence-20for-20many-20indicator_01_standard.set -> Divergence-20for-20many-20indicator_01_standard.otp
2025-04-27 00:58:36,527 - INFO - Successfully optimized Divergence-EA_01_standard.set -> Divergence-EA_01_standard.otp
2025-04-27 00:58:36,529 - INFO - Successfully optimized Doji-Arrows_01_standard.set -> Doji-Arrows_01_standard.otp
2025-04-27 00:58:36,531 - INFO - Successfully optimized DojiTrader_01_standard.set -> DojiTrader_01_standard.otp
2025-04-27 00:58:36,533 - INFO - Successfully optimized Donchian-Chanel-EA_01_standard.set -> Donchian-Chanel-EA_01_standard.otp
2025-04-27 00:58:36,535 - INFO - Successfully optimized DoubleHullMA-EA_01_standard.set -> DoubleHullMA-EA_01_standard.otp
2025-04-27 00:58:36,537 - INFO - Successfully optimized DoubleHullMA_01_standard.set -> DoubleHullMA_01_standard.otp
2025-04-27 00:58:36,539 - INFO - Successfully optimized DoubleMA-Crossover-EA_01_standard.set -> DoubleMA-Crossover-EA_01_standard.otp
2025-04-27 00:58:36,541 - INFO - Successfully optimized Doubler_01_standard.set -> Doubler_01_standard.otp
2025-04-27 00:58:36,542 - INFO - Successfully optimized dummy_01_standard.set -> dummy_01_standard.otp
2025-04-27 00:58:36,544 - INFO - Successfully optimized Dynamic-averaging_01_standard.set -> Dynamic-averaging_01_standard.otp
2025-04-27 00:58:36,545 - INFO - Successfully optimized e-Breakeven_01_standard.set -> e-Breakeven_01_standard.otp
2025-04-27 00:58:36,547 - INFO - Successfully optimized E-Friday_01_standard.set -> E-Friday_01_standard.otp
2025-04-27 00:58:36,549 - INFO - Successfully optimized E-Skoch-Open_01_standard.set -> E-Skoch-Open_01_standard.otp
2025-04-27 00:58:36,550 - INFO - Successfully optimized e-Skoch-pending-orders_01_standard.set -> e-Skoch-pending-orders_01_standard.otp
2025-04-27 00:58:36,552 - INFO - Successfully optimized e-Smart-Trailing_01_standard.set -> e-Smart-Trailing_01_standard.otp
2025-04-27 00:58:36,553 - INFO - Successfully optimized e-TurboFx_01_standard.set -> e-TurboFx_01_standard.otp
2025-04-27 00:58:36,554 - INFO - Successfully optimized EA-Close_01_standard.set -> EA-Close_01_standard.otp
2025-04-27 00:58:36,556 - INFO - Successfully optimized EA-MA-Stoch-RSI_01_standard.set -> EA-MA-Stoch-RSI_01_standard.otp
2025-04-27 00:58:36,557 - INFO - Successfully optimized EA-Moving-Average_01_standard.set -> EA-Moving-Average_01_standard.otp
2025-04-27 00:58:36,558 - INFO - Successfully optimized Elite-eFibo-Trader_01_standard.set -> Elite-eFibo-Trader_01_standard.otp
2025-04-27 00:58:36,560 - INFO - Successfully optimized EMA-6.12_01_standard.set -> EMA-6.12_01_standard.otp
2025-04-27 00:58:36,561 - INFO - Successfully optimized EMA-CROSS_01_standard.set -> EMA-CROSS_01_standard.otp
2025-04-27 00:58:36,563 - INFO - Successfully optimized EMA-LWMA-RSI_01_standard.set -> EMA-LWMA-RSI_01_standard.otp
2025-04-27 00:58:36,564 - INFO - Successfully optimized EMA-RSI-EA_01_standard.set -> EMA-RSI-EA_01_standard.otp
2025-04-27 00:58:36,565 - INFO - Successfully optimized EMA-WMA_01_standard.set -> EMA-WMA_01_standard.otp
2025-04-27 00:58:36,567 - INFO - Successfully optimized EMA_01_standard.set -> EMA_01_standard.otp
2025-04-27 00:58:36,568 - INFO - Successfully optimized Eugene_01_standard.set -> Eugene_01_standard.otp
2025-04-27 00:58:36,569 - INFO - Successfully optimized eur-usd-m5_01_standard.set -> eur-usd-m5_01_standard.otp
2025-04-27 00:58:36,570 - INFO - Successfully optimized EURUSD-breakout_01_standard.set -> EURUSD-breakout_01_standard.otp
2025-04-27 00:58:36,572 - INFO - Successfully optimized Executer-AC_01_standard.set -> Executer-AC_01_standard.otp
2025-04-27 00:58:36,573 - ERROR - Error processing C:\Users\nikol\AppData\Roaming\MetaQuotes\Terminal\4B1CE69F577705455263BD980C39A82C\MQL5\Profiles\Tester\Executor AO.set: 'utf-8' codec can't decode byte 0xff in position 0: invalid start byte
2025-04-27 00:58:36,574 - INFO - Successfully optimized Executor-AO_01_standard.set -> Executor-AO_01_standard.otp
2025-04-27 00:58:36,576 - INFO - Successfully optimized Executor-Candles_01_standard.set -> Executor-Candles_01_standard.otp
2025-04-27 00:58:36,577 - INFO - Successfully optimized exp-Amstell_01_standard.set -> exp-Amstell_01_standard.otp
2025-04-27 00:58:36,578 - INFO - Successfully optimized Expert-NEWS_01_standard.set -> Expert-NEWS_01_standard.otp
2025-04-27 00:58:36,579 - INFO - Successfully optimized Expert-RSI-Stochastic-MA_01_standard.set -> Expert-RSI-Stochastic-MA_01_standard.otp
2025-04-27 00:58:36,580 - ERROR - Error processing C:\Users\nikol\AppData\Roaming\MetaQuotes\Terminal\4B1CE69F577705455263BD980C39A82C\MQL5\Profiles\Tester\Expert_RSI_Stochastic_MA.set: 'utf-8' codec can't decode byte 0xff in position 0: invalid start byte
2025-04-27 00:58:36,581 - ERROR - Error processing C:\Users\nikol\AppData\Roaming\MetaQuotes\Terminal\4B1CE69F577705455263BD980C39A82C\MQL5\Profiles\Tester\exp_Amstell.set: 'utf-8' codec can't decode byte 0xff in position 0: invalid start byte
2025-04-27 00:58:36,582 - INFO - Successfully optimized ExtremePrice-EA_01_standard.set -> ExtremePrice-EA_01_standard.otp
2025-04-27 00:58:36,584 - INFO - Successfully optimized FiboRetracement-20EA_01_standard.set -> FiboRetracement-20EA_01_standard.otp
2025-04-27 00:58:36,585 - INFO - Successfully optimized Firebird_01_standard.set -> Firebird_01_standard.otp
2025-04-27 00:58:36,587 - INFO - Successfully optimized Firestorm-EA_01_standard.set -> Firestorm-EA_01_standard.otp
2025-04-27 00:58:36,588 - INFO - Successfully optimized Firestorm-indicator_01_standard.set -> Firestorm-indicator_01_standard.otp
2025-04-27 00:58:36,590 - INFO - Successfully optimized Fluctuate_01_standard.set -> Fluctuate_01_standard.otp
2025-04-27 00:58:36,591 - INFO - Successfully optimized Forex-Fraus-M1_01_standard.set -> Forex-Fraus-M1_01_standard.otp
2025-04-27 00:58:36,593 - INFO - Successfully optimized Forex-Profit_01_standard.set -> Forex-Profit_01_standard.otp
2025-04-27 00:58:36,594 - INFO - Successfully optimized Fractals-minimum-distance_01_standard.set -> Fractals-minimum-distance_01_standard.otp
2025-04-27 00:58:36,595 - INFO - Successfully optimized Fraktrak-xonax_01_standard.set -> Fraktrak-xonax_01_standard.otp
2025-04-27 00:58:36,597 - INFO - Successfully optimized Frank-Ud_01_standard.set -> Frank-Ud_01_standard.otp
2025-04-27 00:58:36,598 - INFO - Successfully optimized FT-CCI_01_standard.set -> FT-CCI_01_standard.otp
2025-04-27 00:58:36,600 - INFO - Successfully optimized Fuzzy-logic_01_standard.set -> Fuzzy-logic_01_standard.otp
2025-04-27 00:58:36,601 - INFO - Successfully optimized GalacticExplosion_01_standard.set -> GalacticExplosion_01_standard.otp
2025-04-27 00:58:36,602 - INFO - Successfully optimized Gandalf-PRO_01_standard.set -> Gandalf-PRO_01_standard.otp
2025-04-27 00:58:36,604 - INFO - Successfully optimized Gap-DM_01_standard.set -> Gap-DM_01_standard.otp
2025-04-27 00:58:36,605 - INFO - Successfully optimized GAP-EA_01_standard.set -> GAP-EA_01_standard.otp
2025-04-27 00:58:36,606 - INFO - Successfully optimized Gaps_01_standard.set -> Gaps_01_standard.otp
2025-04-27 00:58:36,608 - INFO - Successfully optimized GBP9AM_01_standard.set -> GBP9AM_01_standard.otp
2025-04-27 00:58:36,609 - INFO - Successfully optimized GbpChf_01_standard.set -> GbpChf_01_standard.otp
2025-04-27 00:58:36,610 - INFO - Successfully optimized Gold-Dust_01_standard.set -> Gold-Dust_01_standard.otp
2025-04-27 00:58:36,612 - INFO - Successfully optimized GO_01_standard.set -> GO_01_standard.otp
2025-04-27 00:58:36,613 - INFO - Successfully optimized GreenTrade_01_standard.set -> GreenTrade_01_standard.otp
2025-04-27 00:58:36,615 - INFO - Successfully optimized Grid-Martingale_01_standard.set -> Grid-Martingale_01_standard.otp
2025-04-27 00:58:36,616 - INFO - Successfully optimized GridEA_01_standard.set -> GridEA_01_standard.otp
2025-04-27 00:58:36,618 - INFO - Successfully optimized Grid_01_standard.set -> Grid_01_standard.otp
2025-04-27 00:58:36,619 - INFO - Successfully optimized HarVesteR_01_standard.set -> HarVesteR_01_standard.otp
2025-04-27 00:58:36,621 - INFO - Successfully optimized HedgeEA_01_standard.set -> HedgeEA_01_standard.otp
2025-04-27 00:58:36,622 - INFO - Successfully optimized hedger_01_standard.set -> hedger_01_standard.otp
2025-04-27 00:58:36,624 - INFO - Successfully optimized Hedging-EA_01_standard.set -> Hedging-EA_01_standard.otp
2025-04-27 00:58:36,626 - INFO - Successfully optimized Heiken-Ashi-Smoothed-EA-with-MA_01_standard.set -> Heiken-Ashi-Smoothed-EA-with-MA_01_standard.otp
2025-04-27 00:58:36,627 - INFO - Successfully optimized Heiken-Ashi-Smoothed-EA_01_standard.set -> Heiken-Ashi-Smoothed-EA_01_standard.otp
2025-04-27 00:58:36,628 - INFO - Successfully optimized heiken-ashi-smoothedLine_01_standard.set -> heiken-ashi-smoothedLine_01_standard.otp
2025-04-27 00:58:36,630 - INFO - Successfully optimized heiken-ashi-smoothed_01_standard.set -> heiken-ashi-smoothed_01_standard.otp
2025-04-27 00:58:36,631 - INFO - Successfully optimized HeikenAshi-Lines-EA_01_standard.set -> HeikenAshi-Lines-EA_01_standard.otp
2025-04-27 00:58:36,633 - INFO - Successfully optimized HeikenAshi-Lines_01_standard.set -> HeikenAshi-Lines_01_standard.otp
2025-04-27 00:58:36,634 - INFO - Successfully optimized Heinken-Ashi-Color-Candles_01_standard.set -> Heinken-Ashi-Color-Candles_01_standard.otp
2025-04-27 00:58:36,635 - INFO - Successfully optimized HelloSmart_01_standard.set -> HelloSmart_01_standard.otp
2025-04-27 00:58:36,637 - INFO - Successfully optimized High-Low-EA_01_standard.set -> High-Low-EA_01_standard.otp
2025-04-27 00:58:36,638 - INFO - Successfully optimized High-Low-Indicator_01_standard.set -> High-Low-Indicator_01_standard.otp
2025-04-27 00:58:36,639 - INFO - Successfully optimized Hoop-master-2_01_standard.set -> Hoop-master-2_01_standard.otp
2025-04-27 00:58:36,640 - INFO - Successfully optimized iCCI-iMA_01_standard.set -> iCCI-iMA_01_standard.otp
2025-04-27 00:58:36,642 - INFO - Successfully optimized ICH-With-Alert-Derekers-EA_01_standard.set -> ICH-With-Alert-Derekers-EA_01_standard.otp
2025-04-27 00:58:36,643 - INFO - Successfully optimized ICH-With-Alert-Derekers_01_standard.set -> ICH-With-Alert-Derekers_01_standard.otp
2025-04-27 00:58:36,644 - INFO - Successfully optimized ichimok2005_01_standard.set -> ichimok2005_01_standard.otp
2025-04-27 00:58:36,646 - INFO - Successfully optimized Ichimoku-20Kijun-20Alert_01_standard.set -> Ichimoku-20Kijun-20Alert_01_standard.otp
2025-04-27 00:58:36,647 - INFO - Successfully optimized Ichimoku-20Tenkan-20Alert_01_standard.set -> Ichimoku-20Tenkan-20Alert_01_standard.otp
2025-04-27 00:58:36,648 - INFO - Successfully optimized Ichimoku-Scanner_01_standard.set -> Ichimoku-Scanner_01_standard.otp
2025-04-27 00:58:36,650 - INFO - Successfully optimized Ichimoku-Signals-and-Alert_01_standard.set -> Ichimoku-Signals-and-Alert_01_standard.otp
2025-04-27 00:58:36,652 - INFO - Successfully optimized IchimokuMTF-EA_01_standard.set -> IchimokuMTF-EA_01_standard.otp
2025-04-27 00:58:36,653 - INFO - Successfully optimized Ichimoku_01_standard.set -> Ichimoku_01_standard.otp
2025-04-27 00:58:36,654 - INFO - Successfully optimized Ilan-iMA_01_standard.set -> Ilan-iMA_01_standard.otp
2025-04-27 00:58:36,656 - INFO - Successfully optimized Ilan1.4_01_standard.set -> Ilan1.4_01_standard.otp
2025-04-27 00:58:36,657 - INFO - Successfully optimized iMA-iStdDev_01_standard.set -> iMA-iStdDev_01_standard.otp
2025-04-27 00:58:36,659 - INFO - Successfully optimized Indices-Tester_01_standard.set -> Indices-Tester_01_standard.otp
2025-04-27 00:58:36,660 - INFO - Successfully optimized Inka-20Edho-20EA_01_standard.set -> Inka-20Edho-20EA_01_standard.otp
2025-04-27 00:58:36,662 - INFO - Successfully optimized Intersection-2-iMA_01_standard.set -> Intersection-2-iMA_01_standard.otp
2025-04-27 00:58:36,663 - INFO - Successfully optimized IStochastic-Trading_01_standard.set -> IStochastic-Trading_01_standard.otp
2025-04-27 00:58:36,665 - INFO - Successfully optimized Ivan_01_standard.set -> Ivan_01_standard.otp
2025-04-27 00:58:36,667 - INFO - Successfully optimized iVIDyA-Simple_01_standard.set -> iVIDyA-Simple_01_standard.otp
2025-04-27 00:58:36,668 - INFO - Successfully optimized Jackpot-Strategy-EA_01_standard.set -> Jackpot-Strategy-EA_01_standard.otp
2025-04-27 00:58:36,670 - INFO - Successfully optimized JackPot-Strategy-Elite_01_standard.set -> JackPot-Strategy-Elite_01_standard.otp
2025-04-27 00:58:36,672 - INFO - Successfully optimized JK-BullP-AutoTrader_01_standard.set -> JK-BullP-AutoTrader_01_standard.otp
2025-04-27 00:58:36,673 - INFO - Successfully optimized JS-Chaos_01_standard.set -> JS-Chaos_01_standard.otp
2025-04-27 00:58:36,675 - INFO - Successfully optimized JS-MA-Day_01_standard.set -> JS-MA-Day_01_standard.otp
2025-04-27 00:58:36,676 - INFO - Successfully optimized JS-MA-SAR-Trades_01_standard.set -> JS-MA-SAR-Trades_01_standard.otp
2025-04-27 00:58:36,678 - INFO - Successfully optimized KA-Gold-Bot_01_standard.set -> KA-Gold-Bot_01_standard.otp
2025-04-27 00:58:36,680 - INFO - Successfully optimized Kue-Electric-EA_01_standard.set -> Kue-Electric-EA_01_standard.otp
2025-04-27 00:58:36,682 - INFO - Successfully optimized KueFx-20Arrows_01_standard.set -> KueFx-20Arrows_01_standard.otp
2025-04-27 00:58:36,683 - INFO - Successfully optimized KueFx-20Baseline_01_standard.set -> KueFx-20Baseline_01_standard.otp
2025-04-27 00:58:36,685 - INFO - Successfully optimized KueFx-Arrows-20EA_01_standard.set -> KueFx-Arrows-20EA_01_standard.otp
2025-04-27 00:58:36,687 - INFO - Successfully optimized KueFx-Arrows-EA_01_standard.set -> KueFx-Arrows-EA_01_standard.otp
2025-04-27 00:58:36,688 - INFO - Successfully optimized KueFx-Arrows_01_standard.set -> KueFx-Arrows_01_standard.otp
2025-04-27 00:58:36,690 - INFO - Successfully optimized KueFx-Baseline-EA_01_standard.set -> KueFx-Baseline-EA_01_standard.otp
2025-04-27 00:58:36,691 - INFO - Successfully optimized KueFx-Baseline_01_standard.set -> KueFx-Baseline_01_standard.otp
2025-04-27 00:58:36,693 - INFO - Successfully optimized KueFx-Clean-2025-EA_01_standard.set -> KueFx-Clean-2025-EA_01_standard.otp
2025-04-27 00:58:36,695 - INFO - Successfully optimized KueFx-Extreme-EA_01_standard.set -> KueFx-Extreme-EA_01_standard.otp
2025-04-27 00:58:36,697 - INFO - Successfully optimized KueFx-Harare-EA_01_standard.set -> KueFx-Harare-EA_01_standard.otp
2025-04-27 00:58:36,699 - INFO - Successfully optimized KueFX-Money-Management_01_standard.set -> KueFX-Money-Management_01_standard.otp
2025-04-27 00:58:36,702 - INFO - Successfully optimized KueFx-Motor-EA_01_standard.set -> KueFx-Motor-EA_01_standard.otp
2025-04-27 00:58:36,704 - INFO - Successfully optimized KueFx-Motor_01_standard.set -> KueFx-Motor_01_standard.otp
2025-04-27 00:58:36,706 - INFO - Successfully optimized KueFx-Trend_01_standard.set -> KueFx-Trend_01_standard.otp
2025-04-27 00:58:36,708 - INFO - Successfully optimized KueFxTrend-20EA_01_standard.set -> KueFxTrend-20EA_01_standard.otp
2025-04-27 00:58:36,709 - INFO - Successfully optimized KueFxTrend-EA_01_standard.set -> KueFxTrend-EA_01_standard.otp
2025-04-27 00:58:36,711 - INFO - Successfully optimized LarryConnersRSI2_01_standard.set -> LarryConnersRSI2_01_standard.otp
2025-04-27 00:58:36,713 - INFO - Successfully optimized Last-ZZ50_01_standard.set -> Last-ZZ50_01_standard.otp
2025-04-27 00:58:36,714 - INFO - Successfully optimized Lavika100_01_standard.set -> Lavika100_01_standard.otp
2025-04-27 00:58:36,716 - INFO - Successfully optimized LBS_01_standard.set -> LBS_01_standard.otp
2025-04-27 00:58:36,717 - INFO - Successfully optimized Lego-EA_01_standard.set -> Lego-EA_01_standard.otp
2025-04-27 00:58:36,719 - INFO - Successfully optimized Lesson-3-Price-Action_01_standard.set -> Lesson-3-Price-Action_01_standard.otp
2025-04-27 00:58:36,721 - INFO - Successfully optimized Lesson-4-Price-Action-MA-Filter_01_standard.set -> Lesson-4-Price-Action-MA-Filter_01_standard.otp
2025-04-27 00:58:36,722 - INFO - Successfully optimized Lesson-6-Trailling-ATR_01_standard.set -> Lesson-6-Trailling-ATR_01_standard.otp
2025-04-27 00:58:36,724 - INFO - Successfully optimized Lesson-7-Price-action-Ket-hop-Volume-VSA_01_standard.set -> Lesson-7-Price-action-Ket-hop-Volume-VSA_01_standard.otp
2025-04-27 00:58:36,725 - INFO - Successfully optimized Little-EA_01_standard.set -> Little-EA_01_standard.otp
2025-04-27 00:58:36,727 - INFO - Successfully optimized Locker_01_standard.set -> Locker_01_standard.otp
2025-04-27 00:58:36,729 - INFO - Successfully optimized Lock_01_standard.set -> Lock_01_standard.otp
2025-04-27 00:58:36,730 - INFO - Successfully optimized Lucky_01_standard.set -> Lucky_01_standard.otp
2025-04-27 00:58:36,732 - INFO - Successfully optimized MA-20Alert_01_standard.set -> MA-20Alert_01_standard.otp
2025-04-27 00:58:36,733 - INFO - Successfully optimized MA-20AO-20Arrow_01_standard.set -> MA-20AO-20Arrow_01_standard.otp
2025-04-27 00:58:36,736 - INFO - Successfully optimized MA-AO-EA_01_standard.set -> MA-AO-EA_01_standard.otp
2025-04-27 00:58:36,738 - INFO - Successfully optimized ma-channels_01_standard.set -> ma-channels_01_standard.otp
2025-04-27 00:58:36,740 - INFO - Successfully optimized MA-Cross_01_standard.set -> MA-Cross_01_standard.otp
2025-04-27 00:58:36,741 - INFO - Successfully optimized MA-Envelopes_01_standard.set -> MA-Envelopes_01_standard.otp
2025-04-27 00:58:36,743 - INFO - Successfully optimized MA-MACD-Position-averaging_01_standard.set -> MA-MACD-Position-averaging_01_standard.otp
2025-04-27 00:58:36,745 - INFO - Successfully optimized MA-Trend_01_standard.set -> MA-Trend_01_standard.otp
2025-04-27 00:58:36,746 - INFO - Successfully optimized MA2CCI_01_standard.set -> MA2CCI_01_standard.otp
2025-04-27 00:58:36,748 - INFO - Successfully optimized MACD-and-SAR_01_standard.set -> MACD-and-SAR_01_standard.otp
2025-04-27 00:58:36,750 - INFO - Successfully optimized MACD-Cleaner_01_standard.set -> MACD-Cleaner_01_standard.otp
2025-04-27 00:58:36,751 - INFO - Successfully optimized MACD-EA-H4_01_standard.set -> MACD-EA-H4_01_standard.otp
2025-04-27 00:58:36,753 - INFO - Successfully optimized MACD-No-Sample_01_standard.set -> MACD-No-Sample_01_standard.otp
2025-04-27 00:58:36,755 - INFO - Successfully optimized MACD-signal_01_standard.set -> MACD-signal_01_standard.otp
2025-04-27 00:58:36,756 - INFO - Successfully optimized MACD-Stochastic-2_01_standard.set -> MACD-Stochastic-2_01_standard.otp
2025-04-27 00:58:36,758 - INFO - Successfully optimized MACD-Stochastic_01_standard.set -> MACD-Stochastic_01_standard.otp
2025-04-27 00:58:36,759 - INFO - Successfully optimized MACDCCI_01_standard.set -> MACDCCI_01_standard.otp
2025-04-27 00:58:36,761 - INFO - Successfully optimized MacdPatternTraderAll0.01_01_standard.set -> MacdPatternTraderAll0.01_01_standard.otp
2025-04-27 00:58:36,763 - INFO - Successfully optimized MacdPatternTraderAll_01_standard.set -> MacdPatternTraderAll_01_standard.otp
2025-04-27 00:58:36,765 - INFO - Successfully optimized MACD_01_standard.set -> MACD_01_standard.otp
2025-04-27 00:58:36,766 - INFO - Successfully optimized MAGrid_01_standard.set -> MAGrid_01_standard.otp
2025-04-27 00:58:36,768 - INFO - Successfully optimized MAMACD_01_standard.set -> MAMACD_01_standard.otp
2025-04-27 00:58:36,769 - INFO - Successfully optimized Market-Capture_01_standard.set -> Market-Capture_01_standard.otp
2025-04-27 00:58:36,771 - INFO - Successfully optimized Martin-1_01_standard.set -> Martin-1_01_standard.otp
2025-04-27 00:58:36,772 - INFO - Successfully optimized Martin-for-small-deposits_01_standard.set -> Martin-for-small-deposits_01_standard.otp
2025-04-27 00:58:36,784 - INFO - Successfully optimized MartingailExpert_01_standard.set -> MartingailExpert_01_standard.otp
2025-04-27 00:58:36,786 - INFO - Successfully optimized MartinGaleBreakout_01_standard.set -> MartinGaleBreakout_01_standard.otp
2025-04-27 00:58:36,787 - INFO - Successfully optimized Martin_01_standard.set -> Martin_01_standard.otp
2025-04-27 00:58:36,789 - INFO - Successfully optimized Marubozu-EA_01_standard.set -> Marubozu-EA_01_standard.otp
2025-04-27 00:58:36,790 - INFO - Successfully optimized Marubozu_01_standard.set -> Marubozu_01_standard.otp
2025-04-27 00:58:36,792 - INFO - Successfully optimized MelBar-EuSwiss-1.85_01_standard.set -> MelBar-EuSwiss-1.85_01_standard.otp
2025-04-27 00:58:36,793 - INFO - Successfully optimized MelBar™Take325-™-5.5Y-NZD-USD_01_standard.set -> MelBar™Take325-™-5.5Y-NZD-USD_01_standard.otp
2025-04-27 00:58:36,795 - INFO - Successfully optimized Mobo-Bands-EA_01_standard.set -> Mobo-Bands-EA_01_standard.otp
2025-04-27 00:58:36,796 - INFO - Successfully optimized Mobo-Bands_01_standard.set -> Mobo-Bands_01_standard.otp
2025-04-27 00:58:36,797 - INFO - Successfully optimized Modified-Moving-Averages_01_standard.set -> Modified-Moving-Averages_01_standard.otp
2025-04-27 00:58:36,799 - INFO - Successfully optimized Momentum-M15_01_standard.set -> Momentum-M15_01_standard.otp
2025-04-27 00:58:36,800 - INFO - Successfully optimized Momo-trades_01_standard.set -> Momo-trades_01_standard.otp
2025-04-27 00:58:36,802 - INFO - Successfully optimized Money-Fixed-Margin_01_standard.set -> Money-Fixed-Margin_01_standard.otp
2025-04-27 00:58:36,803 - INFO - Successfully optimized Money-Fixed-Risk_01_standard.set -> Money-Fixed-Risk_01_standard.otp
2025-04-27 00:58:36,804 - INFO - Successfully optimized MoneyRain_01_standard.set -> MoneyRain_01_standard.otp
2025-04-27 00:58:36,806 - INFO - Successfully optimized Morning-evening-star-EA_01_standard.set -> Morning-evening-star-EA_01_standard.otp
2025-04-27 00:58:36,808 - INFO - Successfully optimized MostasHaR15-Pivot_01_standard.set -> MostasHaR15-Pivot_01_standard.otp
2025-04-27 00:58:36,809 - INFO - Successfully optimized Moving-20average-20and-20ichimoku-20EA_01_standard.set -> Moving-20average-20and-20ichimoku-20EA_01_standard.otp
2025-04-27 00:58:36,811 - INFO - Successfully optimized Moving-Average-Trade-System_01_standard.set -> Moving-Average-Trade-System_01_standard.otp
2025-04-27 00:58:36,812 - INFO - Successfully optimized Moving-Averages_01_standard.set -> Moving-Averages_01_standard.otp
2025-04-27 00:58:36,813 - INFO - Successfully optimized MovingAverageMartinGale_01_standard.set -> MovingAverageMartinGale_01_standard.otp
2025-04-27 00:58:36,815 - INFO - Successfully optimized MovingAverage_01_standard.set -> MovingAverage_01_standard.otp
2025-04-27 00:58:36,816 - INFO - Successfully optimized MQL5-Wizard-MA-RSI_01_standard.set -> MQL5-Wizard-MA-RSI_01_standard.otp
2025-04-27 00:58:36,818 - INFO - Successfully optimized MQL5-Wizard-MACD-Parabolic-SAR_01_standard.set -> MQL5-Wizard-MACD-Parabolic-SAR_01_standard.otp
2025-04-27 00:58:36,819 - INFO - Successfully optimized MTC-Сombo_01_standard.set -> MTC-Сombo_01_standard.otp
2025-04-27 00:58:36,821 - INFO - Successfully optimized Multi-Stochastic_01_standard.set -> Multi-Stochastic_01_standard.otp
2025-04-27 00:58:36,822 - INFO - Successfully optimized MultiMartin_01_standard.set -> MultiMartin_01_standard.otp
2025-04-27 00:58:36,824 - INFO - Successfully optimized MySystem_01_standard.set -> MySystem_01_standard.otp
2025-04-27 00:58:36,825 - INFO - Successfully optimized N-Candles_01_standard.set -> N-Candles_01_standard.otp
2025-04-27 00:58:36,827 - INFO - Successfully optimized Nevalyashka-BreakdownLevel_01_standard.set -> Nevalyashka-BreakdownLevel_01_standard.otp
2025-04-27 00:58:36,828 - INFO - Successfully optimized Nevalyashka3-1_01_standard.set -> Nevalyashka3-1_01_standard.otp
2025-04-27 00:58:36,830 - INFO - Successfully optimized Nevalyashka_01_standard.set -> Nevalyashka_01_standard.otp
2025-04-27 00:58:36,831 - INFO - Successfully optimized New-Martin_01_standard.set -> New-Martin_01_standard.otp
2025-04-27 00:58:36,833 - INFO - Successfully optimized New-Random_01_standard.set -> New-Random_01_standard.otp
2025-04-27 00:58:36,834 - INFO - Successfully optimized Nextbar_01_standard.set -> Nextbar_01_standard.otp
2025-04-27 00:58:36,835 - INFO - Successfully optimized Night-Flat-Trade_01_standard.set -> Night-Flat-Trade_01_standard.otp
2025-04-27 00:58:36,837 - INFO - Successfully optimized NightScalper_01_standard.set -> NightScalper_01_standard.otp
2025-04-27 00:58:36,839 - INFO - Successfully optimized NRTR-Revers_01_standard.set -> NRTR-Revers_01_standard.otp
2025-04-27 00:58:36,840 - INFO - Successfully optimized NUp1Down_01_standard.set -> NUp1Down_01_standard.otp
2025-04-27 00:58:36,842 - INFO - Successfully optimized Open-Candle-EA_01_standard.set -> Open-Candle-EA_01_standard.otp
2025-04-27 00:58:36,844 - INFO - Successfully optimized Open-Close_01_standard.set -> Open-Close_01_standard.otp
2025-04-27 00:58:36,845 - INFO - Successfully optimized Opening-and-ilosing-on-time_01_standard.set -> Opening-and-ilosing-on-time_01_standard.otp
2025-04-27 00:58:36,847 - INFO - Successfully optimized Opening-and-Сlosing-on-time_01_standard.set -> Opening-and-Сlosing-on-time_01_standard.otp
2025-04-27 00:58:36,848 - INFO - Successfully optimized OpenPendingorderAfterPositionGetStopLoss_01_standard.set -> OpenPendingorderAfterPositionGetStopLoss_01_standard.otp
2025-04-27 00:58:36,849 - INFO - Successfully optimized OpenTicks_01_standard.set -> OpenTicks_01_standard.otp
2025-04-27 00:58:36,851 - INFO - Successfully optimized ORB-EA-BOX_01_standard.set -> ORB-EA-BOX_01_standard.otp
2025-04-27 00:58:36,853 - INFO - Successfully optimized OsMaSter_01_standard.set -> OsMaSter_01_standard.otp
2025-04-27 00:58:36,854 - INFO - Successfully optimized OTT-20AND-20PRICE-20CROSS-20EA_01_standard.set -> OTT-20AND-20PRICE-20CROSS-20EA_01_standard.otp
2025-04-27 00:58:36,856 - INFO - Successfully optimized OverHedge_01_standard.set -> OverHedge_01_standard.otp
2025-04-27 00:58:36,858 - INFO - Successfully optimized OzFx_01_standard.set -> OzFx_01_standard.otp
2025-04-27 00:58:36,860 - INFO - Successfully optimized Parabolic-SAR_01_standard.set -> Parabolic-SAR_01_standard.otp
2025-04-27 00:58:36,862 - INFO - Successfully optimized PARSI-EA_01_standard.set -> PARSI-EA_01_standard.otp
2025-04-27 00:58:36,863 - INFO - Successfully optimized Peceptron-Mult_01_standard.set -> Peceptron-Mult_01_standard.otp
2025-04-27 00:58:36,865 - INFO - Successfully optimized Pending-orders-by-time-2_01_standard.set -> Pending-orders-by-time-2_01_standard.otp
2025-04-27 00:58:36,866 - INFO - Successfully optimized Pending-orders-by-time_01_standard.set -> Pending-orders-by-time_01_standard.otp
2025-04-27 00:58:36,868 - INFO - Successfully optimized Pendulum_01_standard.set -> Pendulum_01_standard.otp
2025-04-27 00:58:36,869 - INFO - Successfully optimized Pinball-machine_01_standard.set -> Pinball-machine_01_standard.otp
2025-04-27 00:58:36,871 - INFO - Successfully optimized Pinbar-Magic-EA_01_standard.set -> Pinbar-Magic-EA_01_standard.otp
2025-04-27 00:58:36,873 - INFO - Successfully optimized PinBar-Magic-Indicator_01_standard.set -> PinBar-Magic-Indicator_01_standard.otp
2025-04-27 00:58:36,874 - INFO - Successfully optimized Pipsover_01_standard.set -> Pipsover_01_standard.otp
2025-04-27 00:58:36,876 - INFO - Successfully optimized Plan-X_01_standard.set -> Plan-X_01_standard.otp
2025-04-27 00:58:36,877 - INFO - Successfully optimized Plateau_01_standard.set -> Plateau_01_standard.otp
2025-04-27 00:58:36,879 - INFO - Successfully optimized Poker-SHOW_01_standard.set -> Poker-SHOW_01_standard.otp
2025-04-27 00:58:36,880 - INFO - Successfully optimized Precipice-MartIn_01_standard.set -> Precipice-MartIn_01_standard.otp
2025-04-27 00:58:36,882 - INFO - Successfully optimized Precipice_01_standard.set -> Precipice_01_standard.otp
2025-04-27 00:58:36,883 - INFO - Successfully optimized Probe_01_standard.set -> Probe_01_standard.otp
2025-04-27 00:58:36,885 - INFO - Successfully optimized Proffessor_01_standard.set -> Proffessor_01_standard.otp
2025-04-27 00:58:36,887 - INFO - Successfully optimized PropFirmHelper_01_standard.set -> PropFirmHelper_01_standard.otp
2025-04-27 00:58:36,889 - INFO - Successfully optimized PROphet_01_standard.set -> PROphet_01_standard.otp
2025-04-27 00:58:36,891 - INFO - Successfully optimized Puria-method_01_standard.set -> Puria-method_01_standard.otp
2025-04-27 00:58:36,892 - INFO - Successfully optimized Rabbit3_01_standard.set -> Rabbit3_01_standard.otp
2025-04-27 00:58:36,894 - INFO - Successfully optimized Range-Breakout_01_standard.set -> Range-Breakout_01_standard.otp
2025-04-27 00:58:36,895 - INFO - Successfully optimized Rapid-Doji-EA_01_standard.set -> Rapid-Doji-EA_01_standard.otp
2025-04-27 00:58:36,897 - INFO - Successfully optimized Raymond-Cloudy-Day-for-EA_01_standard.set -> Raymond-Cloudy-Day-for-EA_01_standard.otp
2025-04-27 00:58:36,899 - INFO - Successfully optimized Reflex-EA_01_standard.set -> Reflex-EA_01_standard.otp
2025-04-27 00:58:36,901 - INFO - Successfully optimized REFLEX-INDICATOR_01_standard.set -> REFLEX-INDICATOR_01_standard.otp
2025-04-27 00:58:36,902 - INFO - Successfully optimized Reflex_01_standard.set -> Reflex_01_standard.otp
2025-04-27 00:58:36,904 - INFO - Successfully optimized Reversing-Martingale_01_standard.set -> Reversing-Martingale_01_standard.otp
2025-04-27 00:58:36,905 - INFO - Successfully optimized RideAlligator_01_standard.set -> RideAlligator_01_standard.otp
2025-04-27 00:58:36,907 - INFO - Successfully optimized RNN_01_standard.set -> RNN_01_standard.otp
2025-04-27 00:58:36,908 - INFO - Successfully optimized Robot-MACD_01_standard.set -> Robot-MACD_01_standard.otp
2025-04-27 00:58:36,910 - INFO - Successfully optimized RobotPowerM5-meta4_01_standard.set -> RobotPowerM5-meta4_01_standard.otp
2025-04-27 00:58:36,911 - INFO - Successfully optimized Rollback-system_01_standard.set -> Rollback-system_01_standard.otp
2025-04-27 00:58:36,913 - INFO - Successfully optimized RSI-and-Bollinger-Bands_01_standard.set -> RSI-and-Bollinger-Bands_01_standard.otp
2025-04-27 00:58:36,914 - INFO - Successfully optimized RSI-Arrow-EA_01_standard.set -> RSI-Arrow-EA_01_standard.otp
2025-04-27 00:58:36,916 - INFO - Successfully optimized RSI-Arrow_01_standard.set -> RSI-Arrow_01_standard.otp
2025-04-27 00:58:36,917 - INFO - Successfully optimized RSI-EA_01_standard.set -> RSI-EA_01_standard.otp
2025-04-27 00:58:36,919 - INFO - Successfully optimized RSI-Eraser_01_standard.set -> RSI-Eraser_01_standard.otp
2025-04-27 00:58:36,920 - INFO - Successfully optimized RSI-Expert_01_standard.set -> RSI-Expert_01_standard.otp
2025-04-27 00:58:36,922 - INFO - Successfully optimized RSI-Levels_01_standard.set -> RSI-Levels_01_standard.otp
2025-04-27 00:58:36,923 - INFO - Successfully optimized RSI-trader_01_standard.set -> RSI-trader_01_standard.otp
2025-04-27 00:58:36,925 - INFO - Successfully optimized RSI-Trend-EA_01_standard.set -> RSI-Trend-EA_01_standard.otp
2025-04-27 00:58:36,926 - INFO - Successfully optimized RSI-Trend_01_standard.set -> RSI-Trend_01_standard.otp
2025-04-27 00:58:36,928 - INFO - Successfully optimized RSI-with-channels-EA_01_standard.set -> RSI-with-channels-EA_01_standard.otp
2025-04-27 00:58:36,930 - INFO - Successfully optimized RSI-with-channels_01_standard.set -> RSI-with-channels_01_standard.otp
2025-04-27 00:58:36,931 - INFO - Successfully optimized Russian20-hp1_01_standard.set -> Russian20-hp1_01_standard.otp
2025-04-27 00:58:36,932 - INFO - Successfully optimized SampleCheckPendingOrder_01_standard.set -> SampleCheckPendingOrder_01_standard.otp
2025-04-27 00:58:36,934 - INFO - Successfully optimized SAR-trading_01_standard.set -> SAR-trading_01_standard.otp
2025-04-27 00:58:36,936 - INFO - Successfully optimized Secwenta_01_standard.set -> Secwenta_01_standard.otp
2025-04-27 00:58:36,937 - INFO - Successfully optimized Sell-Stop_01_standard.set -> Sell-Stop_01_standard.otp
2025-04-27 00:58:36,939 - INFO - Successfully optimized Sensitive_01_standard.set -> Sensitive_01_standard.otp
2025-04-27 00:58:36,941 - INFO - Successfully optimized Separate-trade_01_standard.set -> Separate-trade_01_standard.otp
2025-04-27 00:58:36,942 - INFO - Successfully optimized SilverTrend_01_standard.set -> SilverTrend_01_standard.otp
2025-04-27 00:58:36,944 - INFO - Successfully optimized Simple-20Price-20Alert-20-20EA_01_standard.set -> Simple-20Price-20Alert-20-20EA_01_standard.otp
2025-04-27 00:58:36,945 - INFO - Successfully optimized Simple-20Volume-20EA_01_standard.set -> Simple-20Volume-20EA_01_standard.otp
2025-04-27 00:58:36,947 - INFO - Successfully optimized Simple-EA-MA-plus-MACD_01_standard.set -> Simple-EA-MA-plus-MACD_01_standard.otp
2025-04-27 00:58:36,948 - INFO - Successfully optimized Simple-FX_01_standard.set -> Simple-FX_01_standard.otp
2025-04-27 00:58:36,950 - INFO - Successfully optimized Simple-MACD_01_standard.set -> Simple-MACD_01_standard.otp
2025-04-27 00:58:36,952 - INFO - Successfully optimized Simple-Volume-EA_01_standard.set -> Simple-Volume-EA_01_standard.otp
2025-04-27 00:58:36,953 - INFO - Successfully optimized SimplePivot_01_standard.set -> SimplePivot_01_standard.otp
2025-04-27 00:58:36,954 - INFO - Successfully optimized Simplest-Hedging-EA-ever_01_standard.set -> Simplest-Hedging-EA-ever_01_standard.otp
2025-04-27 00:58:36,956 - INFO - Successfully optimized SimpleTrade _01_standard.set -> SimpleTrade _01_standard.otp
2025-04-27 00:58:36,957 - INFO - Successfully optimized Six-Soldiers-EA-Grid_01_standard.set -> Six-Soldiers-EA-Grid_01_standard.otp
2025-04-27 00:58:36,959 - INFO - Successfully optimized Six-Soldiers-EA_01_standard.set -> Six-Soldiers-EA_01_standard.otp
2025-04-27 00:58:36,960 - INFO - Successfully optimized Six-Soldiers_01_standard.set -> Six-Soldiers_01_standard.otp
2025-04-27 00:58:36,962 - INFO - Successfully optimized Small-Inside-Bar-Strategy_01_standard.set -> Small-Inside-Bar-Strategy_01_standard.otp
2025-04-27 00:58:36,963 - INFO - Successfully optimized Smart-Machine-20EA_01_standard.set -> Smart-Machine-20EA_01_standard.otp
2025-04-27 00:58:36,965 - INFO - Successfully optimized Smoothing-Average_01_standard.set -> Smoothing-Average_01_standard.otp
2025-04-27 00:58:36,966 - INFO - Successfully optimized Spasm_01_standard.set -> Spasm_01_standard.otp
2025-04-27 00:58:36,968 - INFO - Successfully optimized ssb5-123_01_standard.set -> ssb5-123_01_standard.otp
2025-04-27 00:58:36,969 - INFO - Successfully optimized Starter_01_standard.set -> Starter_01_standard.otp
2025-04-27 00:58:36,971 - INFO - Successfully optimized Steve-Cartwright-Trader-Camel-CCI-MACD_01_standard.set -> Steve-Cartwright-Trader-Camel-CCI-MACD_01_standard.otp
2025-04-27 00:58:36,972 - INFO - Successfully optimized Stoch-EA-1192_01_standard.set -> Stoch-EA-1192_01_standard.otp
2025-04-27 00:58:36,973 - INFO - Successfully optimized Stochastic-20Alert_01_standard.set -> Stochastic-20Alert_01_standard.otp
2025-04-27 00:58:36,975 - INFO - Successfully optimized Stochastic-K-Divergence.lua_01_standard.set -> Stochastic-K-Divergence.lua_01_standard.otp
2025-04-27 00:58:36,976 - INFO - Successfully optimized stochastic-three-periods_01_standard.set -> stochastic-three-periods_01_standard.otp
2025-04-27 00:58:36,978 - INFO - Successfully optimized StochasticDiffSign-EA_01_standard.set -> StochasticDiffSign-EA_01_standard.otp
2025-04-27 00:58:36,979 - INFO - Successfully optimized stochasticdiffsign_01_standard.set -> stochasticdiffsign_01_standard.otp
2025-04-27 00:58:36,981 - INFO - Successfully optimized StochMA-EA_01_standard.set -> StochMA-EA_01_standard.otp
2025-04-27 00:58:36,982 - INFO - Successfully optimized StochMA_01_standard.set -> StochMA_01_standard.otp
2025-04-27 00:58:36,983 - INFO - Successfully optimized Stoch_01_standard.set -> Stoch_01_standard.otp
2025-04-27 00:58:36,985 - INFO - Successfully optimized Stop-Loss-Take-Profit_01_standard.set -> Stop-Loss-Take-Profit_01_standard.otp
2025-04-27 00:58:36,986 - INFO - Successfully optimized StraddleqTrail_01_standard.set -> StraddleqTrail_01_standard.otp
2025-04-27 00:58:36,987 - INFO - Successfully optimized Surefirething_01_standard.set -> Surefirething_01_standard.otp
2025-04-27 00:58:36,989 - INFO - Successfully optimized TDSGlobal_01_standard.set -> TDSGlobal_01_standard.otp
2025-04-27 00:58:36,990 - INFO - Successfully optimized The-MasterMind-2_01_standard.set -> The-MasterMind-2_01_standard.otp
2025-04-27 00:58:36,991 - INFO - Successfully optimized The-MasterMind-3_01_standard.set -> The-MasterMind-3_01_standard.otp
2025-04-27 00:58:36,993 - INFO - Successfully optimized The-MasterMind_01_standard.set -> The-MasterMind_01_standard.otp
2025-04-27 00:58:36,994 - INFO - Successfully optimized The-Puncher_01_standard.set -> The-Puncher_01_standard.otp
2025-04-27 00:58:36,996 - INFO - Successfully optimized TheClassicTurtleTrader-no-dots-EA_01_standard.set -> TheClassicTurtleTrader-no-dots-EA_01_standard.otp
2025-04-27 00:58:36,998 - INFO - Successfully optimized TheClassicTurtleTrader-no-dots_01_standard.set -> TheClassicTurtleTrader-no-dots_01_standard.otp
2025-04-27 00:58:36,999 - INFO - Successfully optimized Three-indicators_01_standard.set -> Three-indicators_01_standard.otp
2025-04-27 00:58:37,001 - INFO - Successfully optimized Three-neural-networks_01_standard.set -> Three-neural-networks_01_standard.otp
2025-04-27 00:58:37,002 - INFO - Successfully optimized Three-timeframes_01_standard.set -> Three-timeframes_01_standard.otp
2025-04-27 00:58:37,004 - INFO - Successfully optimized Three-Typical-Candles_01_standard.set -> Three-Typical-Candles_01_standard.otp
2025-04-27 00:58:37,005 - INFO - Successfully optimized Time-sync-forts_01_standard.set -> Time-sync-forts_01_standard.otp
2025-04-27 00:58:37,006 - INFO - Successfully optimized timer-trade_01_standard.set -> timer-trade_01_standard.otp
2025-04-27 00:58:37,008 - INFO - Successfully optimized TMA-ATR-Channel_01_standard.set -> TMA-ATR-Channel_01_standard.otp
2025-04-27 00:58:37,010 - INFO - Successfully optimized TMA-ATR-EA_01_standard.set -> TMA-ATR-EA_01_standard.otp
2025-04-27 00:58:37,012 - INFO - Successfully optimized TMA-CG-EA_01_standard.set -> TMA-CG-EA_01_standard.otp
2025-04-27 00:58:37,014 - INFO - Successfully optimized TMA-CG-Martingale-20EA_01_standard.set -> TMA-CG-Martingale-20EA_01_standard.otp
2025-04-27 00:58:37,015 - INFO - Successfully optimized TMA-CG-mladen_01_standard.set -> TMA-CG-mladen_01_standard.otp
2025-04-27 00:58:37,017 - INFO - Successfully optimized TMA-CG-special_01_standard.set -> TMA-CG-special_01_standard.otp
2025-04-27 00:58:37,019 - INFO - Successfully optimized TMA-slope-bands_01_standard.set -> TMA-slope-bands_01_standard.otp
2025-04-27 00:58:37,020 - INFO - Successfully optimized TmaTrue-2.0-with-Distances-6xx_01_standard.set -> TmaTrue-2.0-with-Distances-6xx_01_standard.otp
2025-04-27 00:58:37,022 - INFO - Successfully optimized TmaTrue-3.0-with-Distances-6xx_01_standard.set -> TmaTrue-3.0-with-Distances-6xx_01_standard.otp
2025-04-27 00:58:37,024 - INFO - Successfully optimized TP-with-money_01_standard.set -> TP-with-money_01_standard.otp
2025-04-27 00:58:37,025 - INFO - Successfully optimized Trade-in-Channel_01_standard.set -> Trade-in-Channel_01_standard.otp
2025-04-27 00:58:37,027 - INFO - Successfully optimized Trade-on-qualified-RSI_01_standard.set -> Trade-on-qualified-RSI_01_standard.otp
2025-04-27 00:58:37,028 - INFO - Successfully optimized Trading-Breakout-MrThanhTan_01_standard.set -> Trading-Breakout-MrThanhTan_01_standard.otp
2025-04-27 00:58:37,030 - INFO - Successfully optimized Trend-Trader-Strategy-EA_01_standard.set -> Trend-Trader-Strategy-EA_01_standard.otp
2025-04-27 00:58:37,032 - INFO - Successfully optimized Trend-Trader-Strategy_01_standard.set -> Trend-Trader-Strategy_01_standard.otp
2025-04-27 00:58:37,033 - INFO - Successfully optimized Tru-EA_01_standard.set -> Tru-EA_01_standard.otp
2025-04-27 00:58:37,034 - INFO - Successfully optimized True-Scalper-Profit-Lock_01_standard.set -> True-Scalper-Profit-Lock_01_standard.otp
2025-04-27 00:58:37,036 - INFO - Successfully optimized TrueSort-1100_01_standard.set -> TrueSort-1100_01_standard.otp
2025-04-27 00:58:37,037 - INFO - Successfully optimized Tunnel-gen4_01_standard.set -> Tunnel-gen4_01_standard.otp
2025-04-27 00:58:37,038 - INFO - Successfully optimized Tunnel-Method_01_standard.set -> Tunnel-Method_01_standard.otp
2025-04-27 00:58:37,040 - INFO - Successfully optimized TurnGrid_01_standard.set -> TurnGrid_01_standard.otp
2025-04-27 00:58:37,041 - INFO - Successfully optimized Two PerBar _01_standard.set -> Two PerBar _01_standard.otp
2025-04-27 00:58:37,043 - INFO - Successfully optimized Two-20MA-20RSI-20ADX-20EA_01_standard.set -> Two-20MA-20RSI-20ADX-20EA_01_standard.otp
2025-04-27 00:58:37,044 - INFO - Successfully optimized Two-20Orders-20Panel_01_standard.set -> Two-20Orders-20Panel_01_standard.otp
2025-04-27 00:58:37,046 - INFO - Successfully optimized Two-pending-orders-2_01_standard.set -> Two-pending-orders-2_01_standard.otp
2025-04-27 00:58:37,047 - INFO - Successfully optimized UnityPro_01_standard.set -> UnityPro_01_standard.otp
2025-04-27 00:58:37,048 - INFO - Successfully optimized UniversalMACrossEA_01_standard.set -> UniversalMACrossEA_01_standard.otp
2025-04-27 00:58:37,050 - INFO - Successfully optimized UniversalSignalDemo_01_standard.set -> UniversalSignalDemo_01_standard.otp
2025-04-27 00:58:37,051 - INFO - Successfully optimized Universum-3.0_01_standard.set -> Universum-3.0_01_standard.otp
2025-04-27 00:58:37,052 - INFO - Successfully optimized UnNomGuai-20EA_01_standard.set -> UnNomGuai-20EA_01_standard.otp
2025-04-27 00:58:37,054 - INFO - Successfully optimized up3x1-Investor_01_standard.set -> up3x1-Investor_01_standard.otp
2025-04-27 00:58:37,055 - INFO - Successfully optimized up3x1-premium-M_01_standard.set -> up3x1-premium-M_01_standard.otp
2025-04-27 00:58:37,056 - INFO - Successfully optimized up3x1_01_standard.set -> up3x1_01_standard.otp
2025-04-27 00:58:37,058 - INFO - Successfully optimized Urdala-Trol_01_standard.set -> Urdala-Trol_01_standard.otp
2025-04-27 00:58:37,059 - INFO - Successfully optimized Very-Blonde-System_01_standard.set -> Very-Blonde-System_01_standard.otp
2025-04-27 00:58:37,060 - INFO - Successfully optimized Virtual-Trailing-Stop_01_standard.set -> Virtual-Trailing-Stop_01_standard.otp
2025-04-27 00:58:37,062 - INFO - Successfully optimized VLT-TRADER_01_standard.set -> VLT-TRADER_01_standard.otp
2025-04-27 00:58:37,063 - INFO - Successfully optimized Volume-trader_01_standard.set -> Volume-trader_01_standard.otp
2025-04-27 00:58:37,064 - INFO - Successfully optimized Vortex-Indicator-System_01_standard.set -> Vortex-Indicator-System_01_standard.otp
2025-04-27 00:58:37,065 - INFO - Successfully optimized VR-Overturn_01_standard.set -> VR-Overturn_01_standard.otp
2025-04-27 00:58:37,067 - INFO - Successfully optimized VR-ZVER-v.2_01_standard.set -> VR-ZVER-v.2_01_standard.otp
2025-04-27 00:58:37,068 - INFO - Successfully optimized VR-ZVER_01_standard.set -> VR-ZVER_01_standard.otp
2025-04-27 00:58:37,069 - INFO - Successfully optimized VZO_01_standard.set -> VZO_01_standard.otp
2025-04-27 00:58:37,071 - INFO - Successfully optimized Waddah-Attar-Win_01_standard.set -> Waddah-Attar-Win_01_standard.otp
2025-04-27 00:58:37,072 - INFO - Successfully optimized WE-TRUST_01_standard.set -> WE-TRUST_01_standard.otp
2025-04-27 00:58:37,074 - INFO - Successfully optimized X-RSIOMA_01_standard.set -> X-RSIOMA_01_standard.otp
2025-04-27 00:58:37,075 - INFO - Successfully optimized Yesterday-Today_01_standard.set -> Yesterday-Today_01_standard.otp
