2025-04-25 14:53:58,680 - INFO - Processing 10-pips-EURUSD_01_standard.set
2025-04-25 14:53:58,683 - INFO - Processing 10-pips_01_standard.set
2025-04-25 14:53:58,687 - INFO - Processing 1H-EUR-USD_01_standard.set
2025-04-25 14:53:58,692 - INFO - Processing 20011201-GBPUSD-M1_01_standard.set
2025-04-25 14:53:58,697 - INFO - Processing 21hour_01_standard.set
2025-04-25 14:53:58,702 - INFO - Processing 2HR-HL_01_standard.set
2025-04-25 14:53:58,709 - INFO - Processing 2MA-4Level_01_standard.set
2025-04-25 14:53:58,714 - INFO - Processing 2MA-Bunny-Cross_01_standard.set
2025-04-25 14:53:58,719 - INFO - Processing 3-bars-high-low-indicator_01_standard.set
2025-04-25 14:53:58,722 - INFO - Processing 35-Pip-Scalper_01_standard.set
2025-04-25 14:53:58,726 - INFO - Processing 3BarsHighLowEA_01_standard.set
2025-04-25 14:53:58,735 - INFO - Processing 3sma_01_standard.set
2025-04-25 14:53:58,739 - INFO - Processing 500_01_standard.set
2025-04-25 14:53:58,744 - INFO - Processing 55-MA_01_standard.set
2025-04-25 14:53:58,750 - INFO - Processing Above-Below-MA_01_standard.set
2025-04-25 14:53:58,754 - INFO - Processing Absorption_01_standard.set
2025-04-25 14:53:58,759 - INFO - Processing ADX-MACD-Deev_01_standard.set
2025-04-25 14:53:58,765 - INFO - Processing ADX-MA_01_standard.set
2025-04-25 14:53:58,770 - INFO - Processing ADX-System_01_standard.set
2025-04-25 14:53:58,774 - INFO - Processing AIS1_01_standard.set
2025-04-25 14:53:58,778 - INFO - Processing Alexav-D1-Profit-GBPUSD_01_standard.set
2025-04-25 14:53:58,783 - INFO - Processing All-Average-Ea_01_standard.set
2025-04-25 14:53:58,789 - INFO - Processing Alligator-Simple_01_standard.set
2025-04-25 14:53:58,794 - INFO - Processing Alligator_01_standard.set
2025-04-25 14:53:58,798 - INFO - Processing Altarius-RSI-Stohastic_01_standard.set
2025-04-25 14:53:58,802 - INFO - Processing AMA-Trader-2_01_standard.set
2025-04-25 14:53:58,809 - INFO - Processing AMA-Trader_01_standard.set
2025-04-25 14:53:58,815 - INFO - Processing AO-Lightning_01_standard.set
2025-04-25 14:53:58,819 - INFO - Processing AOCCI_01_standard.set
2025-04-25 14:53:58,824 - INFO - Processing Arbitrage_01_standard.set
2025-04-25 14:53:58,828 - INFO - Processing ArbSint_01_standard.set
2025-04-25 14:53:58,832 - INFO - Processing Area-MACD_01_standard.set
2025-04-25 14:53:58,837 - INFO - Processing Artificial-Intelligence_01_standard.set
2025-04-25 14:53:58,842 - INFO - Processing At-random-Full_01_standard.set
2025-04-25 14:53:58,849 - INFO - Processing At-random_01_standard.set
2025-04-25 14:53:58,853 - INFO - Processing Auto-ADX_01_standard.set
2025-04-25 14:53:58,857 - INFO - Processing Auto-Pivot-Plotter-28Mid-Levels-29-41_01_standard.set
2025-04-25 14:53:58,861 - INFO - Processing AutoLock-EA_01_standard.set
2025-04-25 14:53:58,869 - INFO - Processing Autotrader-Momentum_01_standard.set
2025-04-25 14:53:58,873 - INFO - Processing Avalanche-AV_01_standard.set
2025-04-25 14:53:58,877 - INFO - Processing Backbone_01_standard.set
2025-04-25 14:53:58,880 - INFO - Processing BADX_01_standard.set
2025-04-25 14:53:58,884 - INFO - Processing Bago-EA_01_standard.set
2025-04-25 14:53:58,889 - INFO - Processing BalancedScalper-20EA_01_standard.set
2025-04-25 14:53:58,897 - INFO - Processing Bands-2_01_standard.set
2025-04-25 14:53:58,902 - INFO - Processing BARS-Alligator_01_standard.set
2025-04-25 14:53:58,907 - INFO - Processing Basic-CCI-RSI_01_standard.set
2025-04-25 14:53:58,911 - INFO - Processing Basic-Martingale-EA-3_01_standard.set
2025-04-25 14:53:58,917 - INFO - Processing BBPercentile-EA_01_standard.set
2025-04-25 14:53:58,928 - INFO - Processing BBPercentile_01_standard.set
2025-04-25 14:53:58,936 - INFO - Processing BDCrossOver-20EA_01_standard.set
2025-04-25 14:53:58,945 - INFO - Processing BIG-DOG_01_standard.set
2025-04-25 14:53:58,949 - INFO - Processing Bill-Williams_01_standard.set
2025-04-25 14:53:58,954 - INFO - Processing Bollinger-Band-Two-MA-and-Zig-Zag_01_standard.set
2025-04-25 14:53:58,961 - INFO - Processing Bollinger-Bands-N-positions_01_standard.set
2025-04-25 14:53:58,965 - INFO - Processing Bollinger-Bands-RSI_01_standard.set
2025-04-25 14:53:58,970 - INFO - Processing bollinger_01_standard.set
2025-04-25 14:53:58,975 - INFO - Processing Brakeout-Trader_01_standard.set
2025-04-25 14:53:58,979 - INFO - Processing Brandy_01_standard.set
2025-04-25 14:53:58,985 - INFO - Processing Breadandbutter2_01_standard.set
2025-04-25 14:53:58,989 - INFO - Processing Breakdown-catcher_01_standard.set
2025-04-25 14:53:58,995 - INFO - Processing breakdown_01_standard.set
2025-04-25 14:53:58,999 - INFO - Processing Breakout-Str_01_standard.set
2025-04-25 14:53:59,007 - INFO - Processing Bronze-Warrioir_01_standard.set
2025-04-25 14:53:59,012 - INFO - Processing Bruno_01_standard.set
2025-04-25 14:53:59,017 - INFO - Processing BSS-1-0_01_standard.set
2025-04-25 14:53:59,024 - INFO - Processing Bullish-and-Bearish-Engulfing_01_standard.set
2025-04-25 14:53:59,028 - INFO - Processing Burg-Extrapolator_01_standard.set
2025-04-25 14:53:59,033 - INFO - Processing BykovTrend-EA_01_standard.set
2025-04-25 14:53:59,044 - INFO - Processing Calculate-lotsize-and-Trailling-stop_01_standard.set
2025-04-25 14:53:59,049 - INFO - Processing candlepatternsexample_01_standard.set
2025-04-25 14:53:59,061 - INFO - Processing Candle_01_standard.set
2025-04-25 14:53:59,064 - INFO - Processing Carbophos_01_standard.set
2025-04-25 14:53:59,069 - INFO - Processing CashMachine-5min_01_standard.set
2025-04-25 14:53:59,074 - INFO - Processing CCI-MACD-Scalper_01_standard.set
2025-04-25 14:53:59,080 - INFO - Processing Cidomo_01_standard.set
2025-04-25 14:53:59,085 - INFO - Processing CloseAgent_01_standard.set
2025-04-25 14:53:59,090 - INFO - Processing CloseProfit_01_standard.set
2025-04-25 14:53:59,094 - INFO - Processing cloud's-trade-2_01_standard.set
2025-04-25 14:53:59,100 - INFO - Processing CLOUD_01_standard.set
2025-04-25 14:53:59,104 - INFO - Processing Constituents-EA_01_standard.set
2025-04-25 14:53:59,109 - INFO - Processing Contrarian-trade-MA_01_standard.set
2025-04-25 14:53:59,114 - INFO - Processing Crossing-Moving-Average_01_standard.set
2025-04-25 14:53:59,121 - INFO - Processing CrossMA_01_standard.set
2025-04-25 14:53:59,125 - INFO - Processing Currencyprofits-01.1_01_standard.set
2025-04-25 14:53:59,130 - INFO - Processing Daily-20reversal-20-20EA_01_standard.set
2025-04-25 14:53:59,137 - INFO - Processing Daily-BreakPoint_01_standard.set
2025-04-25 14:53:59,142 - INFO - Processing Daily-Open-EA_01_standard.set
2025-04-25 14:53:59,151 - INFO - Processing Daily-range_01_standard.set
2025-04-25 14:53:59,156 - INFO - Processing Day-Trading-PAMXA_01_standard.set
2025-04-25 14:53:59,162 - INFO - Processing Daydream_01_standard.set
2025-04-25 14:53:59,166 - INFO - Processing DayTrading_01_standard.set
2025-04-25 14:53:59,171 - INFO - Processing Dealers-Trade-v-7.74-MACD_01_standard.set
2025-04-25 14:53:59,176 - INFO - Processing Deep-Drawdown-MA_01_standard.set
2025-04-25 14:53:59,180 - INFO - Processing DeMarker-gaining-position-volume-2_01_standard.set
2025-04-25 14:53:59,187 - INFO - Processing DeMarker-gaining-position-volume_01_standard.set
2025-04-25 14:53:59,193 - INFO - Processing DeMarker-Pending-2-5_01_standard.set
2025-04-25 14:53:59,200 - INFO - Processing DeMarker-Pending-2_01_standard.set
2025-04-25 14:53:59,208 - INFO - Processing DeMarker-Pending_01_standard.set
2025-04-25 14:53:59,215 - INFO - Processing Dematus_01_standard.set
2025-04-25 14:53:59,221 - INFO - Processing Divergence-20for-20many-20indicator_01_standard.set
2025-04-25 14:53:59,226 - INFO - Processing Divergence-EA_01_standard.set
2025-04-25 14:53:59,236 - INFO - Processing Doji-Arrows_01_standard.set
2025-04-25 14:53:59,240 - INFO - Processing DojiTrader_01_standard.set
2025-04-25 14:53:59,244 - INFO - Processing Donchian-Chanel-EA_01_standard.set
2025-04-25 14:53:59,254 - INFO - Processing DoubleHullMA-EA_01_standard.set
2025-04-25 14:53:59,261 - INFO - Processing DoubleHullMA_01_standard.set
2025-04-25 14:53:59,267 - INFO - Processing DoubleMA-Crossover-EA_01_standard.set
2025-04-25 14:53:59,274 - INFO - Processing Doubler_01_standard.set
2025-04-25 14:53:59,279 - INFO - Processing dummy_01_standard.set
2025-04-25 14:53:59,283 - INFO - Processing Dynamic-averaging_01_standard.set
2025-04-25 14:53:59,289 - INFO - Processing e-Breakeven_01_standard.set
2025-04-25 14:53:59,292 - INFO - Processing E-Friday_01_standard.set
2025-04-25 14:53:59,297 - INFO - Processing E-Skoch-Open_01_standard.set
2025-04-25 14:53:59,301 - INFO - Processing e-Skoch-pending-orders_01_standard.set
2025-04-25 14:53:59,305 - INFO - Processing e-Smart-Trailing_01_standard.set
2025-04-25 14:53:59,309 - INFO - Processing e-TurboFx_01_standard.set
2025-04-25 14:53:59,312 - INFO - Processing EA-Close_01_standard.set
2025-04-25 14:53:59,318 - INFO - Processing EA-MA-Stoch-RSI_01_standard.set
2025-04-25 14:53:59,328 - INFO - Processing EA-Moving-Average_01_standard.set
2025-04-25 14:53:59,333 - INFO - Processing Elite-eFibo-Trader_01_standard.set
2025-04-25 14:53:59,339 - INFO - Processing EMA-6.12_01_standard.set
2025-04-25 14:53:59,344 - INFO - Processing EMA-CROSS_01_standard.set
2025-04-25 14:53:59,348 - INFO - Processing EMA-LWMA-RSI_01_standard.set
2025-04-25 14:53:59,352 - INFO - Processing EMA-RSI-EA_01_standard.set
2025-04-25 14:53:59,360 - INFO - Processing EMA-WMA_01_standard.set
2025-04-25 14:53:59,364 - INFO - Processing EMA_01_standard.set
2025-04-25 14:53:59,368 - INFO - Processing Eugene_01_standard.set
2025-04-25 14:53:59,372 - INFO - Processing eur-usd-m5_01_standard.set
2025-04-25 14:53:59,377 - INFO - Processing EURUSD-breakout_01_standard.set
2025-04-25 14:53:59,381 - INFO - Processing Executer-AC_01_standard.set
2025-04-25 14:53:59,386 - INFO - Processing Executor-AO_01_standard.set
2025-04-25 14:53:59,391 - INFO - Processing Executor-Candles_01_standard.set
2025-04-25 14:53:59,396 - INFO - Processing exp-Amstell_01_standard.set
2025-04-25 14:53:59,401 - INFO - Processing Expert-NEWS_01_standard.set
2025-04-25 14:53:59,407 - INFO - Processing Expert-RSI-Stochastic-MA_01_standard.set
2025-04-25 14:53:59,414 - INFO - Processing ExtremePrice-EA_01_standard.set
2025-04-25 14:53:59,422 - INFO - Processing FiboRetracement-20EA_01_standard.set
2025-04-25 14:53:59,429 - INFO - Processing Firebird_01_standard.set
2025-04-25 14:53:59,433 - INFO - Processing Firestorm-EA_01_standard.set
2025-04-25 14:53:59,442 - INFO - Processing Firestorm-indicator_01_standard.set
2025-04-25 14:53:59,448 - INFO - Processing Fluctuate_01_standard.set
2025-04-25 14:53:59,452 - INFO - Processing Forex-Fraus-M1_01_standard.set
2025-04-25 14:53:59,456 - INFO - Processing Forex-Profit_01_standard.set
2025-04-25 14:53:59,461 - INFO - Processing Fractals-minimum-distance_01_standard.set
2025-04-25 14:53:59,464 - INFO - Processing Fraktrak-xonax_01_standard.set
2025-04-25 14:53:59,469 - INFO - Processing Frank-Ud_01_standard.set
2025-04-25 14:53:59,473 - INFO - Processing FT-CCI_01_standard.set
2025-04-25 14:53:59,478 - INFO - Processing Fuzzy-logic_01_standard.set
2025-04-25 14:53:59,482 - INFO - Processing GalacticExplosion_01_standard.set
2025-04-25 14:53:59,487 - INFO - Processing Gandalf-PRO_01_standard.set
2025-04-25 14:53:59,492 - INFO - Processing Gap-DM_01_standard.set
2025-04-25 14:53:59,497 - INFO - Processing GAP-EA_01_standard.set
2025-04-25 14:53:59,504 - INFO - Processing Gaps_01_standard.set
2025-04-25 14:53:59,510 - INFO - Processing GBP9AM_01_standard.set
2025-04-25 14:53:59,515 - INFO - Processing GbpChf_01_standard.set
2025-04-25 14:53:59,520 - INFO - Processing Gold-Dust_01_standard.set
2025-04-25 14:53:59,526 - INFO - Processing GO_01_standard.set
2025-04-25 14:53:59,529 - INFO - Processing GreenTrade_01_standard.set
2025-04-25 14:53:59,535 - INFO - Processing Grid-Martingale_01_standard.set
2025-04-25 14:53:59,542 - INFO - Processing GridEA_01_standard.set
2025-04-25 14:53:59,550 - INFO - Processing Grid_01_standard.set
2025-04-25 14:53:59,554 - INFO - Processing HarVesteR_01_standard.set
2025-04-25 14:53:59,560 - INFO - Processing HedgeEA_01_standard.set
2025-04-25 14:53:59,563 - INFO - Processing hedger_01_standard.set
2025-04-25 14:53:59,567 - INFO - Processing Hedging-EA_01_standard.set
2025-04-25 14:53:59,576 - INFO - Processing Heiken-Ashi-Smoothed-EA-with-MA_01_standard.set
2025-04-25 14:53:59,585 - INFO - Processing Heiken-Ashi-Smoothed-EA_01_standard.set
2025-04-25 14:53:59,593 - INFO - Processing heiken-ashi-smoothedLine_01_standard.set
2025-04-25 14:53:59,597 - INFO - Processing heiken-ashi-smoothed_01_standard.set
2025-04-25 14:53:59,601 - INFO - Processing HeikenAshi-Lines-EA_01_standard.set
2025-04-25 14:53:59,609 - INFO - Processing HeikenAshi-Lines_01_standard.set
2025-04-25 14:53:59,614 - INFO - Processing Heinken-Ashi-Color-Candles_01_standard.set
2025-04-25 14:53:59,619 - INFO - Processing HelloSmart_01_standard.set
2025-04-25 14:53:59,623 - INFO - Processing High-Low-EA_01_standard.set
2025-04-25 14:53:59,630 - INFO - Processing High-Low-Indicator_01_standard.set
2025-04-25 14:53:59,634 - INFO - Processing Hoop-master-2_01_standard.set
2025-04-25 14:53:59,638 - INFO - Processing iCCI-iMA_01_standard.set
2025-04-25 14:53:59,643 - INFO - Processing ICH-With-Alert-Derekers-EA_01_standard.set
2025-04-25 14:53:59,651 - INFO - Processing ICH-With-Alert-Derekers_01_standard.set
2025-04-25 14:53:59,655 - INFO - Processing ichimok2005_01_standard.set
2025-04-25 14:53:59,659 - INFO - Processing Ichimoku-20Kijun-20Alert_01_standard.set
2025-04-25 14:53:59,664 - INFO - Processing Ichimoku-20Tenkan-20Alert_01_standard.set
2025-04-25 14:53:59,668 - INFO - Processing Ichimoku-Scanner_01_standard.set
2025-04-25 14:53:59,673 - INFO - Processing Ichimoku-Signals-and-Alert_01_standard.set
2025-04-25 14:53:59,679 - INFO - Processing IchimokuMTF-EA_01_standard.set
2025-04-25 14:53:59,685 - INFO - Processing Ichimoku_01_standard.set
2025-04-25 14:53:59,690 - INFO - Processing Ilan-iMA_01_standard.set
2025-04-25 14:53:59,695 - INFO - Processing Ilan1.4_01_standard.set
2025-04-25 14:53:59,699 - INFO - Processing iMA-iStdDev_01_standard.set
2025-04-25 14:53:59,704 - INFO - Processing Indices-Tester_01_standard.set
2025-04-25 14:53:59,708 - INFO - Processing Inka-20Edho-20EA_01_standard.set
2025-04-25 14:53:59,719 - INFO - Processing Intersection-2-iMA_01_standard.set
2025-04-25 14:53:59,723 - INFO - Processing IStochastic-Trading_01_standard.set
2025-04-25 14:53:59,728 - INFO - Processing Ivan_01_standard.set
2025-04-25 14:53:59,732 - INFO - Processing iVIDyA-Simple_01_standard.set
2025-04-25 14:53:59,737 - INFO - Processing Jackpot-Strategy-EA_01_standard.set
2025-04-25 14:53:59,749 - INFO - Processing JackPot-Strategy-Elite_01_standard.set
2025-04-25 14:53:59,753 - INFO - Processing JK-BullP-AutoTrader_01_standard.set
2025-04-25 14:53:59,757 - INFO - Processing JS-Chaos_01_standard.set
2025-04-25 14:53:59,762 - INFO - Processing JS-MA-Day_01_standard.set
2025-04-25 14:53:59,767 - INFO - Processing JS-MA-SAR-Trades_01_standard.set
2025-04-25 14:53:59,772 - INFO - Processing KA-Gold-Bot_01_standard.set
2025-04-25 14:53:59,778 - INFO - Processing Kue-Electric-EA_01_standard.set
2025-04-25 14:53:59,789 - INFO - Processing KueFx-20Arrows_01_standard.set
2025-04-25 14:53:59,793 - INFO - Processing KueFx-20Baseline_01_standard.set
2025-04-25 14:53:59,798 - INFO - Processing KueFx-Arrows-20EA_01_standard.set
2025-04-25 14:53:59,807 - INFO - Processing KueFx-Arrows-EA_01_standard.set
2025-04-25 14:53:59,814 - INFO - Processing KueFx-Arrows_01_standard.set
2025-04-25 14:53:59,818 - INFO - Processing KueFx-Baseline-EA_01_standard.set
2025-04-25 14:53:59,825 - INFO - Processing KueFx-Baseline_01_standard.set
2025-04-25 14:53:59,829 - INFO - Processing KueFx-Clean-2025-EA_01_standard.set
2025-04-25 14:53:59,838 - INFO - Processing KueFx-Extreme-EA_01_standard.set
2025-04-25 14:53:59,847 - INFO - Processing KueFx-Harare-EA_01_standard.set
2025-04-25 14:53:59,856 - INFO - Processing KueFX-Money-Management_01_standard.set
2025-04-25 14:53:59,866 - INFO - Processing KueFx-Motor-EA_01_standard.set
2025-04-25 14:53:59,879 - INFO - Processing KueFx-Motor_01_standard.set
2025-04-25 14:53:59,882 - INFO - Processing KueFx-Trend_01_standard.set
2025-04-25 14:53:59,891 - INFO - Processing KueFxTrend-20EA_01_standard.set
2025-04-25 14:53:59,900 - INFO - Processing KueFxTrend-EA_01_standard.set
2025-04-25 14:53:59,908 - INFO - Processing LarryConnersRSI2_01_standard.set
2025-04-25 14:53:59,914 - INFO - Processing Last-ZZ50_01_standard.set
2025-04-25 14:53:59,920 - INFO - Processing Lavika100_01_standard.set
2025-04-25 14:53:59,924 - INFO - Processing LBS_01_standard.set
2025-04-25 14:53:59,930 - INFO - Processing Lego-EA_01_standard.set
2025-04-25 14:53:59,937 - INFO - Processing Lesson-3-Price-Action_01_standard.set
2025-04-25 14:53:59,943 - INFO - Processing Lesson-4-Price-Action-MA-Filter_01_standard.set
2025-04-25 14:53:59,948 - INFO - Processing Lesson-6-Trailling-ATR_01_standard.set
2025-04-25 14:53:59,953 - INFO - Processing Lesson-7-Price-action-Ket-hop-Volume-VSA_01_standard.set
2025-04-25 14:53:59,958 - INFO - Processing Little-EA_01_standard.set
2025-04-25 14:53:59,962 - INFO - Processing Locker_01_standard.set
2025-04-25 14:53:59,967 - INFO - Processing Lock_01_standard.set
2025-04-25 14:53:59,971 - INFO - Processing Lucky_01_standard.set
2025-04-25 14:53:59,976 - INFO - Processing MA-20Alert_01_standard.set
2025-04-25 14:53:59,980 - INFO - Processing MA-20AO-20Arrow_01_standard.set
2025-04-25 14:53:59,984 - INFO - Processing MA-AO-EA_01_standard.set
2025-04-25 14:53:59,995 - INFO - Processing ma-channels_01_standard.set
2025-04-25 14:53:59,999 - INFO - Processing MA-Cross_01_standard.set
2025-04-25 14:54:00,004 - INFO - Processing MA-Envelopes_01_standard.set
2025-04-25 14:54:00,009 - INFO - Processing MA-MACD-Position-averaging_01_standard.set
2025-04-25 14:54:00,015 - INFO - Processing MA-Trend_01_standard.set
2025-04-25 14:54:00,023 - INFO - Processing MA2CCI_01_standard.set
2025-04-25 14:54:00,027 - INFO - Processing MACD-and-SAR_01_standard.set
2025-04-25 14:54:00,033 - INFO - Processing MACD-Cleaner_01_standard.set
2025-04-25 14:54:00,039 - INFO - Processing MACD-EA-H4_01_standard.set
2025-04-25 14:54:00,049 - INFO - Processing MACD-No-Sample_01_standard.set
2025-04-25 14:54:00,055 - INFO - Processing MACD-signal_01_standard.set
2025-04-25 14:54:00,060 - INFO - Processing MACD-Stochastic-2_01_standard.set
2025-04-25 14:54:00,064 - INFO - Processing MACD-Stochastic_01_standard.set
2025-04-25 14:54:00,070 - INFO - Processing MACDCCI_01_standard.set
2025-04-25 14:54:00,075 - INFO - Processing MacdPatternTraderAll0.01_01_standard.set
2025-04-25 14:54:00,085 - INFO - Processing MacdPatternTraderAll_01_standard.set
2025-04-25 14:54:00,092 - INFO - Processing MACD_01_standard.set
2025-04-25 14:54:00,096 - INFO - Processing MAGrid_01_standard.set
2025-04-25 14:54:00,100 - INFO - Processing MAMACD_01_standard.set
2025-04-25 14:54:00,104 - INFO - Processing Market-Capture_01_standard.set
2025-04-25 14:54:00,108 - INFO - Processing Martin-1_01_standard.set
2025-04-25 14:54:00,113 - INFO - Processing Martin-for-small-deposits_01_standard.set
2025-04-25 14:54:00,116 - INFO - Processing MartingailExpert_01_standard.set
2025-04-25 14:54:00,121 - INFO - Processing MartinGaleBreakout_01_standard.set
2025-04-25 14:54:00,124 - INFO - Processing Martin_01_standard.set
2025-04-25 14:54:00,128 - INFO - Processing Marubozu-EA_01_standard.set
2025-04-25 14:54:00,134 - INFO - Processing Marubozu_01_standard.set
2025-04-25 14:54:00,139 - INFO - Processing MelBar-EuSwiss-1.85_01_standard.set
2025-04-25 14:54:00,142 - INFO - Processing MelBar™Take325-™-5.5Y-NZD-USD_01_standard.set
2025-04-25 14:54:00,146 - INFO - Processing Mobo-Bands-EA_01_standard.set
2025-04-25 14:54:00,154 - INFO - Processing Mobo-Bands_01_standard.set
2025-04-25 14:54:00,159 - INFO - Processing Modified-Moving-Averages_01_standard.set
2025-04-25 14:54:00,163 - INFO - Processing Momentum-M15_01_standard.set
2025-04-25 14:54:00,167 - INFO - Processing Momo-trades_01_standard.set
2025-04-25 14:54:00,173 - INFO - Processing Money-Fixed-Margin_01_standard.set
2025-04-25 14:54:00,177 - INFO - Processing Money-Fixed-Risk_01_standard.set
2025-04-25 14:54:00,181 - INFO - Processing MoneyRain_01_standard.set
2025-04-25 14:54:00,186 - INFO - Processing Morning-evening-star-EA_01_standard.set
2025-04-25 14:54:00,194 - INFO - Processing MostasHaR15-Pivot_01_standard.set
2025-04-25 14:54:00,199 - INFO - Processing Moving-20average-20and-20ichimoku-20EA_01_standard.set
2025-04-25 14:54:00,205 - INFO - Processing Moving-Average-Trade-System_01_standard.set
2025-04-25 14:54:00,209 - INFO - Processing Moving-Averages_01_standard.set
2025-04-25 14:54:00,213 - INFO - Processing MovingAverageMartinGale_01_standard.set
2025-04-25 14:54:00,217 - INFO - Processing MovingAverage_01_standard.set
2025-04-25 14:54:00,224 - INFO - Processing MQL5-Wizard-MA-RSI_01_standard.set
2025-04-25 14:54:00,228 - INFO - Processing MQL5-Wizard-MACD-Parabolic-SAR_01_standard.set
2025-04-25 14:54:00,233 - INFO - Processing MTC-Сombo_01_standard.set
2025-04-25 14:54:00,239 - INFO - Processing Multi-Stochastic_01_standard.set
2025-04-25 14:54:00,244 - INFO - Processing MultiMartin_01_standard.set
2025-04-25 14:54:00,249 - INFO - Processing MySystem_01_standard.set
2025-04-25 14:54:00,254 - INFO - Processing N-Candles_01_standard.set
2025-04-25 14:54:00,258 - INFO - Processing Nevalyashka-BreakdownLevel_01_standard.set
2025-04-25 14:54:00,262 - INFO - Processing Nevalyashka3-1_01_standard.set
2025-04-25 14:54:00,267 - INFO - Processing Nevalyashka_01_standard.set
2025-04-25 14:54:00,273 - INFO - Processing New-Martin_01_standard.set
2025-04-25 14:54:00,276 - INFO - Processing New-Random_01_standard.set
2025-04-25 14:54:00,281 - INFO - Processing Nextbar_01_standard.set
2025-04-25 14:54:00,286 - INFO - Processing Night-Flat-Trade_01_standard.set
2025-04-25 14:54:00,291 - INFO - Processing NightScalper_01_standard.set
2025-04-25 14:54:00,302 - INFO - Processing NRTR-Revers_01_standard.set
2025-04-25 14:54:00,309 - INFO - Processing NUp1Down_01_standard.set
2025-04-25 14:54:00,317 - INFO - Processing Open-Candle-EA_01_standard.set
2025-04-25 14:54:00,332 - INFO - Processing Open-Close_01_standard.set
2025-04-25 14:54:00,338 - INFO - Processing Opening-and-ilosing-on-time_01_standard.set
2025-04-25 14:54:00,343 - INFO - Processing Opening-and-Сlosing-on-time_01_standard.set
2025-04-25 14:54:00,350 - INFO - Processing OpenPendingorderAfterPositionGetStopLoss_01_standard.set
2025-04-25 14:54:00,357 - INFO - Processing OpenTicks_01_standard.set
2025-04-25 14:54:00,363 - INFO - Processing ORB-EA-BOX_01_standard.set
2025-04-25 14:54:00,376 - INFO - Processing OsMaSter_01_standard.set
2025-04-25 14:54:00,381 - INFO - Processing OTT-20AND-20PRICE-20CROSS-20EA_01_standard.set
2025-04-25 14:54:00,390 - INFO - Processing OverHedge_01_standard.set
2025-04-25 14:54:00,396 - INFO - Processing OzFx_01_standard.set
2025-04-25 14:54:00,401 - INFO - Processing Parabolic-SAR_01_standard.set
2025-04-25 14:54:00,406 - INFO - Processing PARSI-EA_01_standard.set
2025-04-25 14:54:00,414 - INFO - Processing Peceptron-Mult_01_standard.set
2025-04-25 14:54:00,421 - INFO - Processing Pending-orders-by-time-2_01_standard.set
2025-04-25 14:54:00,426 - INFO - Processing Pending-orders-by-time_01_standard.set
2025-04-25 14:54:00,431 - INFO - Processing Pendulum_01_standard.set
2025-04-25 14:54:00,436 - INFO - Processing Pinball-machine_01_standard.set
2025-04-25 14:54:00,440 - INFO - Processing Pinbar-Magic-EA_01_standard.set
2025-04-25 14:54:00,449 - INFO - Processing PinBar-Magic-Indicator_01_standard.set
2025-04-25 14:54:00,454 - INFO - Processing Pipsover_01_standard.set
2025-04-25 14:54:00,457 - INFO - Processing Plan-X_01_standard.set
2025-04-25 14:54:00,462 - INFO - Processing Plateau_01_standard.set
2025-04-25 14:54:00,467 - INFO - Processing Poker-SHOW_01_standard.set
2025-04-25 14:54:00,472 - INFO - Processing Precipice-MartIn_01_standard.set
2025-04-25 14:54:00,476 - INFO - Processing Precipice_01_standard.set
2025-04-25 14:54:00,479 - INFO - Processing Probe_01_standard.set
2025-04-25 14:54:00,484 - INFO - Processing Proffessor_01_standard.set
2025-04-25 14:54:00,488 - INFO - Processing PropFirmHelper_01_standard.set
2025-04-25 14:54:00,493 - INFO - Processing PROphet_01_standard.set
2025-04-25 14:54:00,498 - INFO - Processing Puria-method_01_standard.set
2025-04-25 14:54:00,503 - INFO - Processing Rabbit3_01_standard.set
2025-04-25 14:54:00,508 - INFO - Processing Range-Breakout_01_standard.set
2025-04-25 14:54:00,512 - INFO - Processing Rapid-Doji-EA_01_standard.set
2025-04-25 14:54:00,516 - INFO - Processing Raymond-Cloudy-Day-for-EA_01_standard.set
2025-04-25 14:54:00,520 - INFO - Processing Reflex-EA_01_standard.set
2025-04-25 14:54:00,528 - INFO - Processing REFLEX-INDICATOR_01_standard.set
2025-04-25 14:54:00,532 - INFO - Processing Reflex_01_standard.set
2025-04-25 14:54:00,535 - INFO - Processing Reversing-Martingale_01_standard.set
2025-04-25 14:54:00,539 - INFO - Processing RideAlligator_01_standard.set
2025-04-25 14:54:00,543 - INFO - Processing RNN_01_standard.set
2025-04-25 14:54:00,548 - INFO - Processing Robot-MACD_01_standard.set
2025-04-25 14:54:00,552 - INFO - Processing RobotPowerM5-meta4_01_standard.set
2025-04-25 14:54:00,556 - INFO - Processing Rollback-system_01_standard.set
2025-04-25 14:54:00,561 - INFO - Processing RSI-and-Bollinger-Bands_01_standard.set
2025-04-25 14:54:00,566 - INFO - Processing RSI-Arrow-EA_01_standard.set
2025-04-25 14:54:00,575 - INFO - Processing RSI-Arrow_01_standard.set
2025-04-25 14:54:00,579 - INFO - Processing RSI-EA_01_standard.set
2025-04-25 14:54:00,583 - INFO - Processing RSI-Eraser_01_standard.set
2025-04-25 14:54:00,587 - INFO - Processing RSI-Expert_01_standard.set
2025-04-25 14:54:00,592 - INFO - Processing RSI-Levels_01_standard.set
2025-04-25 14:54:00,595 - INFO - Processing RSI-trader_01_standard.set
2025-04-25 14:54:00,599 - INFO - Processing RSI-Trend-EA_01_standard.set
2025-04-25 14:54:00,608 - INFO - Processing RSI-Trend_01_standard.set
2025-04-25 14:54:00,613 - INFO - Processing RSI-with-channels-EA_01_standard.set
2025-04-25 14:54:00,620 - INFO - Processing RSI-with-channels_01_standard.set
2025-04-25 14:54:00,624 - INFO - Processing Russian20-hp1_01_standard.set
2025-04-25 14:54:00,630 - INFO - Processing SampleCheckPendingOrder_01_standard.set
2025-04-25 14:54:00,634 - INFO - Processing SAR-trading_01_standard.set
2025-04-25 14:54:00,639 - INFO - Processing Secwenta_01_standard.set
2025-04-25 14:54:00,644 - INFO - Processing Sell-Stop_01_standard.set
2025-04-25 14:54:00,649 - INFO - Processing Sensitive_01_standard.set
2025-04-25 14:54:00,653 - INFO - Processing Separate-trade_01_standard.set
2025-04-25 14:54:00,659 - INFO - Processing SilverTrend_01_standard.set
2025-04-25 14:54:00,663 - INFO - Processing Simple-20Price-20Alert-20-20EA_01_standard.set
2025-04-25 14:54:00,668 - INFO - Processing Simple-20Volume-20EA_01_standard.set
2025-04-25 14:54:00,675 - INFO - Processing Simple-EA-MA-plus-MACD_01_standard.set
2025-04-25 14:54:00,680 - INFO - Processing Simple-FX_01_standard.set
2025-04-25 14:54:00,685 - INFO - Processing Simple-MACD_01_standard.set
2025-04-25 14:54:00,689 - INFO - Processing Simple-Volume-EA_01_standard.set
2025-04-25 14:54:00,697 - INFO - Processing SimplePivot_01_standard.set
2025-04-25 14:54:00,702 - INFO - Processing Simplest-Hedging-EA-ever_01_standard.set
2025-04-25 14:54:00,707 - INFO - Processing SimpleTrade _01_standard.set
2025-04-25 14:54:00,711 - INFO - Processing Six-Soldiers-EA-Grid_01_standard.set
2025-04-25 14:54:00,721 - INFO - Processing Six-Soldiers-EA_01_standard.set
2025-04-25 14:54:00,731 - INFO - Processing Six-Soldiers_01_standard.set
2025-04-25 14:54:00,736 - INFO - Processing Small-Inside-Bar-Strategy_01_standard.set
2025-04-25 14:54:00,741 - INFO - Processing Smart-Machine-20EA_01_standard.set
2025-04-25 14:54:00,752 - INFO - Processing Smoothing-Average_01_standard.set
2025-04-25 14:54:00,757 - INFO - Processing Spasm_01_standard.set
2025-04-25 14:54:00,764 - INFO - Processing ssb5-123_01_standard.set
2025-04-25 14:54:00,769 - INFO - Processing Starter_01_standard.set
2025-04-25 14:54:00,778 - INFO - Processing Steve-Cartwright-Trader-Camel-CCI-MACD_01_standard.set
2025-04-25 14:54:00,782 - INFO - Processing Stoch-EA-1192_01_standard.set
2025-04-25 14:54:00,786 - INFO - Processing Stochastic-20Alert_01_standard.set
2025-04-25 14:54:00,791 - INFO - Processing Stochastic-K-Divergence.lua_01_standard.set
2025-04-25 14:54:00,796 - INFO - Processing stochastic-three-periods_01_standard.set
2025-04-25 14:54:00,800 - INFO - Processing StochasticDiffSign-EA_01_standard.set
2025-04-25 14:54:00,811 - INFO - Processing stochasticdiffsign_01_standard.set
2025-04-25 14:54:00,816 - INFO - Processing StochMA-EA_01_standard.set
2025-04-25 14:54:00,825 - INFO - Processing StochMA_01_standard.set
2025-04-25 14:54:00,829 - INFO - Processing Stoch_01_standard.set
2025-04-25 14:54:00,833 - INFO - Processing Stop-Loss-Take-Profit_01_standard.set
2025-04-25 14:54:00,837 - INFO - Processing StraddleqTrail_01_standard.set
2025-04-25 14:54:00,844 - INFO - Processing Surefirething_01_standard.set
2025-04-25 14:54:00,848 - INFO - Processing TDSGlobal_01_standard.set
2025-04-25 14:54:00,854 - INFO - Processing The-MasterMind-2_01_standard.set
2025-04-25 14:54:00,859 - INFO - Processing The-MasterMind-3_01_standard.set
2025-04-25 14:54:00,864 - INFO - Processing The-MasterMind_01_standard.set
2025-04-25 14:54:00,868 - INFO - Processing The-Puncher_01_standard.set
2025-04-25 14:54:00,873 - INFO - Processing TheClassicTurtleTrader-no-dots-EA_01_standard.set
2025-04-25 14:54:00,882 - INFO - Processing TheClassicTurtleTrader-no-dots_01_standard.set
2025-04-25 14:54:00,888 - INFO - Processing Three-indicators_01_standard.set
2025-04-25 14:54:00,893 - INFO - Processing Three-neural-networks_01_standard.set
2025-04-25 14:54:00,898 - INFO - Processing Three-timeframes_01_standard.set
2025-04-25 14:54:00,904 - INFO - Processing Three-Typical-Candles_01_standard.set
2025-04-25 14:54:00,908 - INFO - Processing Time-sync-forts_01_standard.set
2025-04-25 14:54:00,912 - INFO - Processing timer-trade_01_standard.set
2025-04-25 14:54:00,916 - INFO - Processing TMA-ATR-Channel_01_standard.set
2025-04-25 14:54:00,923 - INFO - Processing TMA-ATR-EA_01_standard.set
2025-04-25 14:54:00,933 - INFO - Processing TMA-CG-EA_01_standard.set
2025-04-25 14:54:00,944 - INFO - Processing TMA-CG-Martingale-20EA_01_standard.set
2025-04-25 14:54:00,955 - INFO - Processing TMA-CG-mladen_01_standard.set
2025-04-25 14:54:00,958 - INFO - Processing TMA-CG-special_01_standard.set
2025-04-25 14:54:00,962 - INFO - Processing TMA-slope-bands_01_standard.set
2025-04-25 14:54:00,967 - INFO - Processing TmaTrue-2.0-with-Distances-6xx_01_standard.set
2025-04-25 14:54:00,972 - INFO - Processing TmaTrue-3.0-with-Distances-6xx_01_standard.set
2025-04-25 14:54:00,977 - INFO - Processing TP-with-money_01_standard.set
2025-04-25 14:54:00,981 - INFO - Processing Trade-in-Channel_01_standard.set
2025-04-25 14:54:00,986 - INFO - Processing Trade-on-qualified-RSI_01_standard.set
2025-04-25 14:54:00,990 - INFO - Processing Trading-Breakout-MrThanhTan_01_standard.set
2025-04-25 14:54:00,995 - INFO - Processing Trend-Trader-Strategy-EA_01_standard.set
2025-04-25 14:54:01,005 - INFO - Processing Trend-Trader-Strategy_01_standard.set
2025-04-25 14:54:01,011 - INFO - Processing Tru-EA_01_standard.set
2025-04-25 14:54:01,020 - INFO - Processing True-Scalper-Profit-Lock_01_standard.set
2025-04-25 14:54:01,027 - INFO - Processing TrueSort-1100_01_standard.set
2025-04-25 14:54:01,033 - INFO - Processing Tunnel-gen4_01_standard.set
2025-04-25 14:54:01,037 - INFO - Processing Tunnel-Method_01_standard.set
2025-04-25 14:54:01,042 - INFO - Processing TurnGrid_01_standard.set
2025-04-25 14:54:01,047 - INFO - Processing Two PerBar _01_standard.set
2025-04-25 14:54:01,050 - INFO - Processing Two-20MA-20RSI-20ADX-20EA_01_standard.set
2025-04-25 14:54:01,059 - INFO - Processing Two-20Orders-20Panel_01_standard.set
2025-04-25 14:54:01,062 - INFO - Processing Two-pending-orders-2_01_standard.set
2025-04-25 14:54:01,068 - INFO - Processing UnityPro_01_standard.set
2025-04-25 14:54:01,074 - INFO - Processing UniversalMACrossEA_01_standard.set
2025-04-25 14:54:01,080 - INFO - Processing UniversalSignalDemo_01_standard.set
2025-04-25 14:54:01,085 - INFO - Processing Universum-3.0_01_standard.set
2025-04-25 14:54:01,089 - INFO - Processing UnNomGuai-20EA_01_standard.set
2025-04-25 14:54:01,098 - INFO - Processing up3x1-Investor_01_standard.set
2025-04-25 14:54:01,103 - INFO - Processing up3x1-premium-M_01_standard.set
2025-04-25 14:54:01,109 - INFO - Processing up3x1_01_standard.set
2025-04-25 14:54:01,114 - INFO - Processing Urdala-Trol_01_standard.set
2025-04-25 14:54:01,118 - INFO - Processing Very-Blonde-System_01_standard.set
2025-04-25 14:54:01,123 - INFO - Processing Virtual-Trailing-Stop_01_standard.set
2025-04-25 14:54:01,127 - INFO - Processing VLT-TRADER_01_standard.set
2025-04-25 14:54:01,131 - INFO - Processing Volume-trader_01_standard.set
2025-04-25 14:54:01,134 - INFO - Processing Vortex-Indicator-System_01_standard.set
2025-04-25 14:54:01,138 - INFO - Processing VR-Overturn_01_standard.set
2025-04-25 14:54:01,142 - INFO - Processing VR-ZVER-v.2_01_standard.set
2025-04-25 14:54:01,150 - INFO - Processing VR-ZVER_01_standard.set
2025-04-25 14:54:01,157 - INFO - Processing VZO_01_standard.set
2025-04-25 14:54:01,160 - INFO - Processing Waddah-Attar-Win_01_standard.set
2025-04-25 14:54:01,165 - INFO - Processing WE-TRUST_01_standard.set
2025-04-25 14:54:01,171 - INFO - Processing X-RSIOMA_01_standard.set
2025-04-25 14:54:01,178 - INFO - Processing Yesterday-Today_01_standard.set
