2025-04-25 20:04:17,016 - INFO - Processing 10-pips-EURUSD_01_standard.set
2025-04-25 20:04:17,022 - INFO - Processing 10-pips_01_standard.set
2025-04-25 20:04:17,028 - INFO - Processing 1H-EUR-USD_01_standard.set
2025-04-25 20:04:17,034 - INFO - Processing 20011201-GBPUSD-M1_01_standard.set
2025-04-25 20:04:17,042 - INFO - Processing 21hour_01_standard.set
2025-04-25 20:04:17,048 - INFO - Processing 2HR-HL_01_standard.set
2025-04-25 20:04:17,061 - INFO - Processing 2MA-4Level_01_standard.set
2025-04-25 20:04:17,074 - INFO - Processing 2MA-Bunny-Cross_01_standard.set
2025-04-25 20:04:17,081 - INFO - Processing 3-bars-high-low-indicator_01_standard.set
2025-04-25 20:04:17,090 - INFO - Processing 35-Pip-Scalper_01_standard.set
2025-04-25 20:04:17,098 - INFO - Processing 3BarsHighLowEA_01_standard.set
2025-04-25 20:04:17,119 - INFO - Processing 3sma_01_standard.set
2025-04-25 20:04:17,136 - INFO - Processing 500_01_standard.set
2025-04-25 20:04:17,143 - INFO - Processing 55-MA_01_standard.set
2025-04-25 20:04:17,151 - INFO - Processing Above-Below-MA_01_standard.set
2025-04-25 20:04:17,160 - INFO - Processing Absorption_01_standard.set
2025-04-25 20:04:17,169 - INFO - Processing ADX-MACD-Deev_01_standard.set
2025-04-25 20:04:17,177 - INFO - Processing ADX-MA_01_standard.set
2025-04-25 20:04:17,183 - INFO - Processing ADX-System_01_standard.set
2025-04-25 20:04:17,190 - INFO - Processing AIS1_01_standard.set
2025-04-25 20:04:17,197 - INFO - Processing Alexav-D1-Profit-GBPUSD_01_standard.set
2025-04-25 20:04:17,207 - INFO - Processing All-Average-Ea_01_standard.set
2025-04-25 20:04:17,215 - INFO - Processing Alligator-Simple_01_standard.set
2025-04-25 20:04:17,223 - INFO - Processing Alligator_01_standard.set
2025-04-25 20:04:17,232 - INFO - Processing Altarius-RSI-Stohastic_01_standard.set
2025-04-25 20:04:17,238 - INFO - Processing AMA-Trader-2_01_standard.set
2025-04-25 20:04:17,253 - INFO - Processing AMA-Trader_01_standard.set
2025-04-25 20:04:17,260 - INFO - Processing AO-Lightning_01_standard.set
2025-04-25 20:04:17,266 - INFO - Processing AOCCI_01_standard.set
2025-04-25 20:04:17,272 - INFO - Processing Arbitrage_01_standard.set
2025-04-25 20:04:17,278 - INFO - Processing ArbSint_01_standard.set
2025-04-25 20:04:17,284 - INFO - Processing Area-MACD_01_standard.set
2025-04-25 20:04:17,310 - INFO - Processing Artificial-Intelligence_01_standard.set
2025-04-25 20:04:17,316 - INFO - Processing At-random-Full_01_standard.set
2025-04-25 20:04:17,330 - INFO - Processing At-random_01_standard.set
2025-04-25 20:04:17,340 - INFO - Processing Auto-ADX_01_standard.set
2025-04-25 20:04:17,357 - INFO - Processing Auto-Pivot-Plotter-28Mid-Levels-29-41_01_standard.set
2025-04-25 20:04:17,368 - INFO - Processing AutoLock-EA_01_standard.set
2025-04-25 20:04:17,382 - INFO - Processing Autotrader-Momentum_01_standard.set
2025-04-25 20:04:17,388 - INFO - Processing Avalanche-AV_01_standard.set
2025-04-25 20:04:17,396 - INFO - Processing Backbone_01_standard.set
2025-04-25 20:04:17,402 - INFO - Processing BADX_01_standard.set
2025-04-25 20:04:17,412 - INFO - Processing Bago-EA_01_standard.set
2025-04-25 20:04:17,423 - INFO - Processing BalancedScalper-20EA_01_standard.set
2025-04-25 20:04:17,434 - INFO - Processing Bands-2_01_standard.set
2025-04-25 20:04:17,441 - INFO - Processing BARS-Alligator_01_standard.set
2025-04-25 20:04:17,448 - INFO - Processing Basic-CCI-RSI_01_standard.set
2025-04-25 20:04:17,453 - INFO - Processing Basic-Martingale-EA-3_01_standard.set
2025-04-25 20:04:17,461 - INFO - Processing BBPercentile-EA_01_standard.set
2025-04-25 20:04:17,487 - INFO - Processing BBPercentile_01_standard.set
2025-04-25 20:04:17,492 - INFO - Processing BDCrossOver-20EA_01_standard.set
2025-04-25 20:04:17,502 - INFO - Processing BIG-DOG_01_standard.set
2025-04-25 20:04:17,508 - INFO - Processing Bill-Williams_01_standard.set
2025-04-25 20:04:17,515 - INFO - Processing Bollinger-Band-Two-MA-and-Zig-Zag_01_standard.set
2025-04-25 20:04:17,526 - INFO - Processing Bollinger-Bands-N-positions_01_standard.set
2025-04-25 20:04:17,532 - INFO - Processing Bollinger-Bands-RSI_01_standard.set
2025-04-25 20:04:17,539 - INFO - Processing bollinger_01_standard.set
2025-04-25 20:04:17,544 - INFO - Processing Brakeout-Trader_01_standard.set
2025-04-25 20:04:17,550 - INFO - Processing Brandy_01_standard.set
2025-04-25 20:04:17,557 - INFO - Processing Breadandbutter2_01_standard.set
2025-04-25 20:04:17,563 - INFO - Processing Breakdown-catcher_01_standard.set
2025-04-25 20:04:17,568 - INFO - Processing breakdown_01_standard.set
2025-04-25 20:04:17,575 - INFO - Processing Breakout-Str_01_standard.set
2025-04-25 20:04:17,588 - INFO - Processing Bronze-Warrioir_01_standard.set
2025-04-25 20:04:17,594 - INFO - Processing Bruno_01_standard.set
2025-04-25 20:04:17,600 - INFO - Processing BSS-1-0_01_standard.set
2025-04-25 20:04:17,608 - INFO - Processing Bullish-and-Bearish-Engulfing_01_standard.set
2025-04-25 20:04:17,614 - INFO - Processing Burg-Extrapolator_01_standard.set
2025-04-25 20:04:17,622 - INFO - Processing BykovTrend-EA_01_standard.set
2025-04-25 20:04:17,636 - INFO - Processing Calculate-lotsize-and-Trailling-stop_01_standard.set
2025-04-25 20:04:17,644 - INFO - Processing candlepatternsexample_01_standard.set
2025-04-25 20:04:17,663 - INFO - Processing Candle_01_standard.set
2025-04-25 20:04:17,670 - INFO - Processing Carbophos_01_standard.set
2025-04-25 20:04:17,676 - INFO - Processing CashMachine-5min_01_standard.set
2025-04-25 20:04:17,682 - INFO - Processing CCI-MACD-Scalper_01_standard.set
2025-04-25 20:04:17,689 - INFO - Processing Cidomo_01_standard.set
2025-04-25 20:04:17,694 - INFO - Processing CloseAgent_01_standard.set
2025-04-25 20:04:17,702 - INFO - Processing CloseProfit_01_standard.set
2025-04-25 20:04:17,708 - INFO - Processing cloud's-trade-2_01_standard.set
2025-04-25 20:04:17,715 - INFO - Processing CLOUD_01_standard.set
2025-04-25 20:04:17,723 - INFO - Processing Constituents-EA_01_standard.set
2025-04-25 20:04:17,730 - INFO - Processing Contrarian-trade-MA_01_standard.set
2025-04-25 20:04:17,736 - INFO - Processing Crossing-Moving-Average_01_standard.set
2025-04-25 20:04:17,743 - INFO - Processing CrossMA_01_standard.set
2025-04-25 20:04:17,751 - INFO - Processing Currencyprofits-01.1_01_standard.set
2025-04-25 20:04:17,758 - INFO - Processing Daily-20reversal-20-20EA_01_standard.set
2025-04-25 20:04:17,768 - INFO - Processing Daily-BreakPoint_01_standard.set
2025-04-25 20:04:17,775 - INFO - Processing Daily-Open-EA_01_standard.set
2025-04-25 20:04:17,787 - INFO - Processing Daily-range_01_standard.set
2025-04-25 20:04:17,794 - INFO - Processing Day-Trading-PAMXA_01_standard.set
2025-04-25 20:04:17,801 - INFO - Processing Daydream_01_standard.set
2025-04-25 20:04:17,807 - INFO - Processing DayTrading_01_standard.set
2025-04-25 20:04:17,813 - INFO - Processing Dealers-Trade-v-7.74-MACD_01_standard.set
2025-04-25 20:04:17,819 - INFO - Processing Deep-Drawdown-MA_01_standard.set
2025-04-25 20:04:17,825 - INFO - Processing DeMarker-gaining-position-volume-2_01_standard.set
2025-04-25 20:04:17,835 - INFO - Processing DeMarker-gaining-position-volume_01_standard.set
2025-04-25 20:04:17,842 - INFO - Processing DeMarker-Pending-2-5_01_standard.set
2025-04-25 20:04:17,854 - INFO - Processing DeMarker-Pending-2_01_standard.set
2025-04-25 20:04:17,864 - INFO - Processing DeMarker-Pending_01_standard.set
2025-04-25 20:04:17,873 - INFO - Processing Dematus_01_standard.set
2025-04-25 20:04:17,879 - INFO - Processing Divergence-20for-20many-20indicator_01_standard.set
2025-04-25 20:04:17,886 - INFO - Processing Divergence-EA_01_standard.set
2025-04-25 20:04:17,897 - INFO - Processing Doji-Arrows_01_standard.set
2025-04-25 20:04:17,903 - INFO - Processing DojiTrader_01_standard.set
2025-04-25 20:04:17,909 - INFO - Processing Donchian-Chanel-EA_01_standard.set
2025-04-25 20:04:17,921 - INFO - Processing DoubleHullMA-EA_01_standard.set
2025-04-25 20:04:17,931 - INFO - Processing DoubleHullMA_01_standard.set
2025-04-25 20:04:17,938 - INFO - Processing DoubleMA-Crossover-EA_01_standard.set
2025-04-25 20:04:17,946 - INFO - Processing Doubler_01_standard.set
2025-04-25 20:04:17,953 - INFO - Processing dummy_01_standard.set
2025-04-25 20:04:17,960 - INFO - Processing Dynamic-averaging_01_standard.set
2025-04-25 20:04:17,966 - INFO - Processing e-Breakeven_01_standard.set
2025-04-25 20:04:17,972 - INFO - Processing E-Friday_01_standard.set
2025-04-25 20:04:17,979 - INFO - Processing E-Skoch-Open_01_standard.set
2025-04-25 20:04:17,986 - INFO - Processing e-Skoch-pending-orders_01_standard.set
2025-04-25 20:04:17,992 - INFO - Processing e-Smart-Trailing_01_standard.set
2025-04-25 20:04:17,996 - INFO - Processing e-TurboFx_01_standard.set
2025-04-25 20:04:18,001 - INFO - Processing EA-Close_01_standard.set
2025-04-25 20:04:18,008 - INFO - Processing EA-MA-Stoch-RSI_01_standard.set
2025-04-25 20:04:18,020 - INFO - Processing EA-Moving-Average_01_standard.set
2025-04-25 20:04:18,028 - INFO - Processing Elite-eFibo-Trader_01_standard.set
2025-04-25 20:04:18,035 - INFO - Processing EMA-6.12_01_standard.set
2025-04-25 20:04:18,042 - INFO - Processing EMA-CROSS_01_standard.set
2025-04-25 20:04:18,047 - INFO - Processing EMA-LWMA-RSI_01_standard.set
2025-04-25 20:04:18,053 - INFO - Processing EMA-RSI-EA_01_standard.set
2025-04-25 20:04:18,067 - INFO - Processing EMA-WMA_01_standard.set
2025-04-25 20:04:18,073 - INFO - Processing EMA_01_standard.set
2025-04-25 20:04:18,078 - INFO - Processing Eugene_01_standard.set
2025-04-25 20:04:18,082 - INFO - Processing eur-usd-m5_01_standard.set
2025-04-25 20:04:18,089 - INFO - Processing EURUSD-breakout_01_standard.set
2025-04-25 20:04:18,095 - INFO - Processing Executer-AC_01_standard.set
2025-04-25 20:04:18,101 - INFO - Processing Executor-AO_01_standard.set
2025-04-25 20:04:18,107 - INFO - Processing Executor-Candles_01_standard.set
2025-04-25 20:04:18,114 - INFO - Processing exp-Amstell_01_standard.set
2025-04-25 20:04:18,119 - INFO - Processing Expert-NEWS_01_standard.set
2025-04-25 20:04:18,125 - INFO - Processing Expert-RSI-Stochastic-MA_01_standard.set
2025-04-25 20:04:18,133 - INFO - Processing ExtremePrice-EA_01_standard.set
2025-04-25 20:04:18,143 - INFO - Processing FiboRetracement-20EA_01_standard.set
2025-04-25 20:04:18,157 - INFO - Processing Firebird_01_standard.set
2025-04-25 20:04:18,163 - INFO - Processing Firestorm-EA_01_standard.set
2025-04-25 20:04:18,177 - INFO - Processing Firestorm-indicator_01_standard.set
2025-04-25 20:04:18,185 - INFO - Processing Fluctuate_01_standard.set
2025-04-25 20:04:18,192 - INFO - Processing Forex-Fraus-M1_01_standard.set
2025-04-25 20:04:18,199 - INFO - Processing Forex-Profit_01_standard.set
2025-04-25 20:04:18,207 - INFO - Processing Fractals-minimum-distance_01_standard.set
2025-04-25 20:04:18,212 - INFO - Processing Fraktrak-xonax_01_standard.set
2025-04-25 20:04:18,218 - INFO - Processing Frank-Ud_01_standard.set
2025-04-25 20:04:18,223 - INFO - Processing FT-CCI_01_standard.set
2025-04-25 20:04:18,229 - INFO - Processing Fuzzy-logic_01_standard.set
2025-04-25 20:04:18,234 - INFO - Processing GalacticExplosion_01_standard.set
2025-04-25 20:04:18,241 - INFO - Processing Gandalf-PRO_01_standard.set
2025-04-25 20:04:18,247 - INFO - Processing Gap-DM_01_standard.set
2025-04-25 20:04:18,253 - INFO - Processing GAP-EA_01_standard.set
2025-04-25 20:04:18,263 - INFO - Processing Gaps_01_standard.set
2025-04-25 20:04:18,269 - INFO - Processing GBP9AM_01_standard.set
2025-04-25 20:04:18,277 - INFO - Processing GbpChf_01_standard.set
2025-04-25 20:04:18,283 - INFO - Processing Gold-Dust_01_standard.set
2025-04-25 20:04:18,290 - INFO - Processing GO_01_standard.set
2025-04-25 20:04:18,296 - INFO - Processing GreenTrade_01_standard.set
2025-04-25 20:04:18,303 - INFO - Processing Grid-Martingale_01_standard.set
2025-04-25 20:04:18,313 - INFO - Processing GridEA_01_standard.set
2025-04-25 20:04:18,330 - INFO - Processing Grid_01_standard.set
2025-04-25 20:04:18,335 - INFO - Processing HarVesteR_01_standard.set
2025-04-25 20:04:18,342 - INFO - Processing HedgeEA_01_standard.set
2025-04-25 20:04:18,348 - INFO - Processing hedger_01_standard.set
2025-04-25 20:04:18,353 - INFO - Processing Hedging-EA_01_standard.set
2025-04-25 20:04:18,366 - INFO - Processing Heiken-Ashi-Smoothed-EA-with-MA_01_standard.set
2025-04-25 20:04:18,382 - INFO - Processing Heiken-Ashi-Smoothed-EA_01_standard.set
2025-04-25 20:04:18,396 - INFO - Processing heiken-ashi-smoothedLine_01_standard.set
2025-04-25 20:04:18,402 - INFO - Processing heiken-ashi-smoothed_01_standard.set
2025-04-25 20:04:18,408 - INFO - Processing HeikenAshi-Lines-EA_01_standard.set
2025-04-25 20:04:18,420 - INFO - Processing HeikenAshi-Lines_01_standard.set
2025-04-25 20:04:18,427 - INFO - Processing Heinken-Ashi-Color-Candles_01_standard.set
2025-04-25 20:04:18,434 - INFO - Processing HelloSmart_01_standard.set
2025-04-25 20:04:18,439 - INFO - Processing High-Low-EA_01_standard.set
2025-04-25 20:04:18,456 - INFO - Processing High-Low-Indicator_01_standard.set
2025-04-25 20:04:18,463 - INFO - Processing Hoop-master-2_01_standard.set
2025-04-25 20:04:18,468 - INFO - Processing iCCI-iMA_01_standard.set
2025-04-25 20:04:18,474 - INFO - Processing ICH-With-Alert-Derekers-EA_01_standard.set
2025-04-25 20:04:18,485 - INFO - Processing ICH-With-Alert-Derekers_01_standard.set
2025-04-25 20:04:18,498 - INFO - Processing ichimok2005_01_standard.set
2025-04-25 20:04:18,507 - INFO - Processing Ichimoku-20Kijun-20Alert_01_standard.set
2025-04-25 20:04:18,514 - INFO - Processing Ichimoku-20Tenkan-20Alert_01_standard.set
2025-04-25 20:04:18,524 - INFO - Processing Ichimoku-Scanner_01_standard.set
2025-04-25 20:04:18,533 - INFO - Processing Ichimoku-Signals-and-Alert_01_standard.set
2025-04-25 20:04:18,540 - INFO - Processing IchimokuMTF-EA_01_standard.set
2025-04-25 20:04:18,559 - INFO - Processing Ichimoku_01_standard.set
2025-04-25 20:04:18,565 - INFO - Processing Ilan-iMA_01_standard.set
2025-04-25 20:04:18,572 - INFO - Processing Ilan1.4_01_standard.set
2025-04-25 20:04:18,579 - INFO - Processing iMA-iStdDev_01_standard.set
2025-04-25 20:04:18,587 - INFO - Processing Indices-Tester_01_standard.set
2025-04-25 20:04:18,592 - INFO - Processing Inka-20Edho-20EA_01_standard.set
2025-04-25 20:04:18,608 - INFO - Processing Intersection-2-iMA_01_standard.set
2025-04-25 20:04:18,616 - INFO - Processing IStochastic-Trading_01_standard.set
2025-04-25 20:04:18,622 - INFO - Processing Ivan_01_standard.set
2025-04-25 20:04:18,627 - INFO - Processing iVIDyA-Simple_01_standard.set
2025-04-25 20:04:18,633 - INFO - Processing Jackpot-Strategy-EA_01_standard.set
2025-04-25 20:04:18,646 - INFO - Processing JackPot-Strategy-Elite_01_standard.set
2025-04-25 20:04:18,652 - INFO - Processing JK-BullP-AutoTrader_01_standard.set
2025-04-25 20:04:18,657 - INFO - Processing JS-Chaos_01_standard.set
2025-04-25 20:04:18,664 - INFO - Processing JS-MA-Day_01_standard.set
2025-04-25 20:04:18,671 - INFO - Processing JS-MA-SAR-Trades_01_standard.set
2025-04-25 20:04:18,679 - INFO - Processing KA-Gold-Bot_01_standard.set
2025-04-25 20:04:18,688 - INFO - Processing Kue-Electric-EA_01_standard.set
2025-04-25 20:04:18,702 - INFO - Processing KueFx-20Arrows_01_standard.set
2025-04-25 20:04:18,708 - INFO - Processing KueFx-20Baseline_01_standard.set
2025-04-25 20:04:18,714 - INFO - Processing KueFx-Arrows-20EA_01_standard.set
2025-04-25 20:04:18,739 - INFO - Processing KueFx-Arrows-EA_01_standard.set
2025-04-25 20:04:18,750 - INFO - Processing KueFx-Arrows_01_standard.set
2025-04-25 20:04:18,755 - INFO - Processing KueFx-Baseline-EA_01_standard.set
2025-04-25 20:04:18,767 - INFO - Processing KueFx-Baseline_01_standard.set
2025-04-25 20:04:18,779 - INFO - Processing KueFx-Clean-2025-EA_01_standard.set
2025-04-25 20:04:18,793 - INFO - Processing KueFx-Extreme-EA_01_standard.set
2025-04-25 20:04:18,808 - INFO - Processing KueFx-Harare-EA_01_standard.set
2025-04-25 20:04:18,822 - INFO - Processing KueFX-Money-Management_01_standard.set
2025-04-25 20:04:18,836 - INFO - Processing KueFx-Motor-EA_01_standard.set
2025-04-25 20:04:18,852 - INFO - Processing KueFx-Motor_01_standard.set
2025-04-25 20:04:18,858 - INFO - Processing KueFx-Trend_01_standard.set
2025-04-25 20:04:18,869 - INFO - Processing KueFxTrend-20EA_01_standard.set
2025-04-25 20:04:18,883 - INFO - Processing KueFxTrend-EA_01_standard.set
2025-04-25 20:04:18,896 - INFO - Processing LarryConnersRSI2_01_standard.set
2025-04-25 20:04:18,903 - INFO - Processing Last-ZZ50_01_standard.set
2025-04-25 20:04:18,910 - INFO - Processing Lavika100_01_standard.set
2025-04-25 20:04:18,917 - INFO - Processing LBS_01_standard.set
2025-04-25 20:04:18,924 - INFO - Processing Lego-EA_01_standard.set
2025-04-25 20:04:18,936 - INFO - Processing Lesson-3-Price-Action_01_standard.set
2025-04-25 20:04:18,944 - INFO - Processing Lesson-4-Price-Action-MA-Filter_01_standard.set
2025-04-25 20:04:18,950 - INFO - Processing Lesson-6-Trailling-ATR_01_standard.set
2025-04-25 20:04:18,956 - INFO - Processing Lesson-7-Price-action-Ket-hop-Volume-VSA_01_standard.set
2025-04-25 20:04:18,962 - INFO - Processing Little-EA_01_standard.set
2025-04-25 20:04:18,967 - INFO - Processing Locker_01_standard.set
2025-04-25 20:04:18,974 - INFO - Processing Lock_01_standard.set
2025-04-25 20:04:18,979 - INFO - Processing Lucky_01_standard.set
2025-04-25 20:04:18,985 - INFO - Processing MA-20Alert_01_standard.set
2025-04-25 20:04:18,990 - INFO - Processing MA-20AO-20Arrow_01_standard.set
2025-04-25 20:04:18,996 - INFO - Processing MA-AO-EA_01_standard.set
2025-04-25 20:04:19,010 - INFO - Processing ma-channels_01_standard.set
2025-04-25 20:04:19,015 - INFO - Processing MA-Cross_01_standard.set
2025-04-25 20:04:19,020 - INFO - Processing MA-Envelopes_01_standard.set
2025-04-25 20:04:19,027 - INFO - Processing MA-MACD-Position-averaging_01_standard.set
2025-04-25 20:04:19,034 - INFO - Processing MA-Trend_01_standard.set
2025-04-25 20:04:19,043 - INFO - Processing MA2CCI_01_standard.set
2025-04-25 20:04:19,050 - INFO - Processing MACD-and-SAR_01_standard.set
2025-04-25 20:04:19,057 - INFO - Processing MACD-Cleaner_01_standard.set
2025-04-25 20:04:19,070 - INFO - Processing MACD-EA-H4_01_standard.set
2025-04-25 20:04:19,089 - INFO - Processing MACD-No-Sample_01_standard.set
2025-04-25 20:04:19,096 - INFO - Processing MACD-signal_01_standard.set
2025-04-25 20:04:19,103 - INFO - Processing MACD-Stochastic-2_01_standard.set
2025-04-25 20:04:19,111 - INFO - Processing MACD-Stochastic_01_standard.set
2025-04-25 20:04:19,120 - INFO - Processing MACDCCI_01_standard.set
2025-04-25 20:04:19,126 - INFO - Processing MacdPatternTraderAll0.01_01_standard.set
2025-04-25 20:04:19,145 - INFO - Processing MacdPatternTraderAll_01_standard.set
2025-04-25 20:04:19,165 - INFO - Processing MACD_01_standard.set
2025-04-25 20:04:19,170 - INFO - Processing MAGrid_01_standard.set
2025-04-25 20:04:19,177 - INFO - Processing MAMACD_01_standard.set
2025-04-25 20:04:19,186 - INFO - Processing Market-Capture_01_standard.set
2025-04-25 20:04:19,193 - INFO - Processing Martin-1_01_standard.set
2025-04-25 20:04:19,199 - INFO - Processing Martin-for-small-deposits_01_standard.set
2025-04-25 20:04:19,204 - INFO - Processing MartingailExpert_01_standard.set
2025-04-25 20:04:19,211 - INFO - Processing MartinGaleBreakout_01_standard.set
2025-04-25 20:04:19,216 - INFO - Processing Martin_01_standard.set
2025-04-25 20:04:19,223 - INFO - Processing Marubozu-EA_01_standard.set
2025-04-25 20:04:19,234 - INFO - Processing Marubozu_01_standard.set
2025-04-25 20:04:19,240 - INFO - Processing MelBar-EuSwiss-1.85_01_standard.set
2025-04-25 20:04:19,246 - INFO - Processing MelBar™Take325-™-5.5Y-NZD-USD_01_standard.set
2025-04-25 20:04:19,252 - INFO - Processing Mobo-Bands-EA_01_standard.set
2025-04-25 20:04:19,277 - INFO - Processing Mobo-Bands_01_standard.set
2025-04-25 20:04:19,283 - INFO - Processing Modified-Moving-Averages_01_standard.set
2025-04-25 20:04:19,290 - INFO - Processing Momentum-M15_01_standard.set
2025-04-25 20:04:19,297 - INFO - Processing Momo-trades_01_standard.set
2025-04-25 20:04:19,305 - INFO - Processing Money-Fixed-Margin_01_standard.set
2025-04-25 20:04:19,311 - INFO - Processing Money-Fixed-Risk_01_standard.set
2025-04-25 20:04:19,318 - INFO - Processing MoneyRain_01_standard.set
2025-04-25 20:04:19,323 - INFO - Processing Morning-evening-star-EA_01_standard.set
2025-04-25 20:04:19,332 - INFO - Processing MostasHaR15-Pivot_01_standard.set
2025-04-25 20:04:19,339 - INFO - Processing Moving-20average-20and-20ichimoku-20EA_01_standard.set
2025-04-25 20:04:19,352 - INFO - Processing Moving-Average-Trade-System_01_standard.set
2025-04-25 20:04:19,361 - INFO - Processing Moving-Averages_01_standard.set
2025-04-25 20:04:19,366 - INFO - Processing MovingAverageMartinGale_01_standard.set
2025-04-25 20:04:19,375 - INFO - Processing MovingAverage_01_standard.set
2025-04-25 20:04:19,386 - INFO - Processing MQL5-Wizard-MA-RSI_01_standard.set
2025-04-25 20:04:19,396 - INFO - Processing MQL5-Wizard-MACD-Parabolic-SAR_01_standard.set
2025-04-25 20:04:19,408 - INFO - Processing MTC-Сombo_01_standard.set
2025-04-25 20:04:19,416 - INFO - Processing Multi-Stochastic_01_standard.set
2025-04-25 20:04:19,423 - INFO - Processing MultiMartin_01_standard.set
2025-04-25 20:04:19,430 - INFO - Processing MySystem_01_standard.set
2025-04-25 20:04:19,437 - INFO - Processing N-Candles_01_standard.set
2025-04-25 20:04:19,449 - INFO - Processing Nevalyashka-BreakdownLevel_01_standard.set
2025-04-25 20:04:19,456 - INFO - Processing Nevalyashka3-1_01_standard.set
2025-04-25 20:04:19,464 - INFO - Processing Nevalyashka_01_standard.set
2025-04-25 20:04:19,470 - INFO - Processing New-Martin_01_standard.set
2025-04-25 20:04:19,477 - INFO - Processing New-Random_01_standard.set
2025-04-25 20:04:19,482 - INFO - Processing Nextbar_01_standard.set
2025-04-25 20:04:19,493 - INFO - Processing Night-Flat-Trade_01_standard.set
2025-04-25 20:04:19,502 - INFO - Processing NightScalper_01_standard.set
2025-04-25 20:04:19,515 - INFO - Processing NRTR-Revers_01_standard.set
2025-04-25 20:04:19,523 - INFO - Processing NUp1Down_01_standard.set
2025-04-25 20:04:19,528 - INFO - Processing Open-Candle-EA_01_standard.set
2025-04-25 20:04:19,550 - INFO - Processing Open-Close_01_standard.set
2025-04-25 20:04:19,556 - INFO - Processing Opening-and-ilosing-on-time_01_standard.set
2025-04-25 20:04:19,566 - INFO - Processing Opening-and-Сlosing-on-time_01_standard.set
2025-04-25 20:04:19,575 - INFO - Processing OpenPendingorderAfterPositionGetStopLoss_01_standard.set
2025-04-25 20:04:19,610 - INFO - Processing OpenTicks_01_standard.set
2025-04-25 20:04:19,615 - INFO - Processing ORB-EA-BOX_01_standard.set
2025-04-25 20:04:19,629 - INFO - Processing OsMaSter_01_standard.set
2025-04-25 20:04:19,635 - INFO - Processing OTT-20AND-20PRICE-20CROSS-20EA_01_standard.set
2025-04-25 20:04:19,644 - INFO - Processing OverHedge_01_standard.set
2025-04-25 20:04:19,650 - INFO - Processing OzFx_01_standard.set
2025-04-25 20:04:19,657 - INFO - Processing Parabolic-SAR_01_standard.set
2025-04-25 20:04:19,663 - INFO - Processing PARSI-EA_01_standard.set
2025-04-25 20:04:19,675 - INFO - Processing Peceptron-Mult_01_standard.set
2025-04-25 20:04:19,686 - INFO - Processing Pending-orders-by-time-2_01_standard.set
2025-04-25 20:04:19,694 - INFO - Processing Pending-orders-by-time_01_standard.set
2025-04-25 20:04:19,703 - INFO - Processing Pendulum_01_standard.set
2025-04-25 20:04:19,708 - INFO - Processing Pinball-machine_01_standard.set
2025-04-25 20:04:19,713 - INFO - Processing Pinbar-Magic-EA_01_standard.set
2025-04-25 20:04:19,730 - INFO - Processing PinBar-Magic-Indicator_01_standard.set
2025-04-25 20:04:19,740 - INFO - Processing Pipsover_01_standard.set
2025-04-25 20:04:19,745 - INFO - Processing Plan-X_01_standard.set
2025-04-25 20:04:19,753 - INFO - Processing Plateau_01_standard.set
2025-04-25 20:04:19,761 - INFO - Processing Poker-SHOW_01_standard.set
2025-04-25 20:04:19,770 - INFO - Processing Precipice-MartIn_01_standard.set
2025-04-25 20:04:19,777 - INFO - Processing Precipice_01_standard.set
2025-04-25 20:04:19,782 - INFO - Processing Probe_01_standard.set
2025-04-25 20:04:19,789 - INFO - Processing Proffessor_01_standard.set
2025-04-25 20:04:19,795 - INFO - Processing PropFirmHelper_01_standard.set
2025-04-25 20:04:19,802 - INFO - Processing PROphet_01_standard.set
2025-04-25 20:04:19,808 - INFO - Processing Puria-method_01_standard.set
2025-04-25 20:04:19,817 - INFO - Processing Rabbit3_01_standard.set
2025-04-25 20:04:19,829 - INFO - Processing Range-Breakout_01_standard.set
2025-04-25 20:04:19,834 - INFO - Processing Rapid-Doji-EA_01_standard.set
2025-04-25 20:04:19,839 - INFO - Processing Raymond-Cloudy-Day-for-EA_01_standard.set
2025-04-25 20:04:19,854 - INFO - Processing Reflex-EA_01_standard.set
2025-04-25 20:04:19,871 - INFO - Processing REFLEX-INDICATOR_01_standard.set
2025-04-25 20:04:19,879 - INFO - Processing Reflex_01_standard.set
2025-04-25 20:04:19,885 - INFO - Processing Reversing-Martingale_01_standard.set
2025-04-25 20:04:19,890 - INFO - Processing RideAlligator_01_standard.set
2025-04-25 20:04:19,896 - INFO - Processing RNN_01_standard.set
2025-04-25 20:04:19,903 - INFO - Processing Robot-MACD_01_standard.set
2025-04-25 20:04:19,910 - INFO - Processing RobotPowerM5-meta4_01_standard.set
2025-04-25 20:04:19,923 - INFO - Processing Rollback-system_01_standard.set
2025-04-25 20:04:19,930 - INFO - Processing RSI-and-Bollinger-Bands_01_standard.set
2025-04-25 20:04:19,937 - INFO - Processing RSI-Arrow-EA_01_standard.set
2025-04-25 20:04:19,948 - INFO - Processing RSI-Arrow_01_standard.set
2025-04-25 20:04:19,953 - INFO - Processing RSI-EA_01_standard.set
2025-04-25 20:04:19,960 - INFO - Processing RSI-Eraser_01_standard.set
2025-04-25 20:04:19,964 - INFO - Processing RSI-Expert_01_standard.set
2025-04-25 20:04:19,970 - INFO - Processing RSI-Levels_01_standard.set
2025-04-25 20:04:19,975 - INFO - Processing RSI-trader_01_standard.set
2025-04-25 20:04:19,980 - INFO - Processing RSI-Trend-EA_01_standard.set
2025-04-25 20:04:19,991 - INFO - Processing RSI-Trend_01_standard.set
2025-04-25 20:04:19,998 - INFO - Processing RSI-with-channels-EA_01_standard.set
2025-04-25 20:04:20,013 - INFO - Processing RSI-with-channels_01_standard.set
2025-04-25 20:04:20,019 - INFO - Processing Russian20-hp1_01_standard.set
2025-04-25 20:04:20,025 - INFO - Processing SampleCheckPendingOrder_01_standard.set
2025-04-25 20:04:20,030 - INFO - Processing SAR-trading_01_standard.set
2025-04-25 20:04:20,039 - INFO - Processing Secwenta_01_standard.set
2025-04-25 20:04:20,045 - INFO - Processing Sell-Stop_01_standard.set
2025-04-25 20:04:20,050 - INFO - Processing Sensitive_01_standard.set
2025-04-25 20:04:20,057 - INFO - Processing Separate-trade_01_standard.set
2025-04-25 20:04:20,065 - INFO - Processing SilverTrend_01_standard.set
2025-04-25 20:04:20,071 - INFO - Processing Simple-20Price-20Alert-20-20EA_01_standard.set
2025-04-25 20:04:20,092 - INFO - Processing Simple-20Volume-20EA_01_standard.set
2025-04-25 20:04:20,106 - INFO - Processing Simple-EA-MA-plus-MACD_01_standard.set
2025-04-25 20:04:20,113 - INFO - Processing Simple-FX_01_standard.set
2025-04-25 20:04:20,121 - INFO - Processing Simple-MACD_01_standard.set
2025-04-25 20:04:20,127 - INFO - Processing Simple-Volume-EA_01_standard.set
2025-04-25 20:04:20,143 - INFO - Processing SimplePivot_01_standard.set
2025-04-25 20:04:20,148 - INFO - Processing Simplest-Hedging-EA-ever_01_standard.set
2025-04-25 20:04:20,156 - INFO - Processing SimpleTrade _01_standard.set
2025-04-25 20:04:20,162 - INFO - Processing Six-Soldiers-EA-Grid_01_standard.set
2025-04-25 20:04:20,180 - INFO - Processing Six-Soldiers-EA_01_standard.set
2025-04-25 20:04:20,206 - INFO - Processing Six-Soldiers_01_standard.set
2025-04-25 20:04:20,214 - INFO - Processing Small-Inside-Bar-Strategy_01_standard.set
2025-04-25 20:04:20,220 - INFO - Processing Smart-Machine-20EA_01_standard.set
2025-04-25 20:04:20,243 - INFO - Processing Smoothing-Average_01_standard.set
2025-04-25 20:04:20,249 - INFO - Processing Spasm_01_standard.set
2025-04-25 20:04:20,257 - INFO - Processing ssb5-123_01_standard.set
2025-04-25 20:04:20,264 - INFO - Processing Starter_01_standard.set
2025-04-25 20:04:20,272 - INFO - Processing Steve-Cartwright-Trader-Camel-CCI-MACD_01_standard.set
2025-04-25 20:04:20,289 - INFO - Processing Stoch-EA-1192_01_standard.set
2025-04-25 20:04:20,294 - INFO - Processing Stochastic-20Alert_01_standard.set
2025-04-25 20:04:20,304 - INFO - Processing Stochastic-K-Divergence.lua_01_standard.set
2025-04-25 20:04:20,309 - INFO - Processing stochastic-three-periods_01_standard.set
2025-04-25 20:04:20,319 - INFO - Processing StochasticDiffSign-EA_01_standard.set
2025-04-25 20:04:20,335 - INFO - Processing stochasticdiffsign_01_standard.set
2025-04-25 20:04:20,341 - INFO - Processing StochMA-EA_01_standard.set
2025-04-25 20:04:20,356 - INFO - Processing StochMA_01_standard.set
2025-04-25 20:04:20,367 - INFO - Processing Stoch_01_standard.set
2025-04-25 20:04:20,376 - INFO - Processing Stop-Loss-Take-Profit_01_standard.set
2025-04-25 20:04:20,381 - INFO - Processing StraddleqTrail_01_standard.set
2025-04-25 20:04:20,391 - INFO - Processing Surefirething_01_standard.set
2025-04-25 20:04:20,397 - INFO - Processing TDSGlobal_01_standard.set
2025-04-25 20:04:20,404 - INFO - Processing The-MasterMind-2_01_standard.set
2025-04-25 20:04:20,411 - INFO - Processing The-MasterMind-3_01_standard.set
2025-04-25 20:04:20,419 - INFO - Processing The-MasterMind_01_standard.set
2025-04-25 20:04:20,426 - INFO - Processing The-Puncher_01_standard.set
2025-04-25 20:04:20,434 - INFO - Processing TheClassicTurtleTrader-no-dots-EA_01_standard.set
2025-04-25 20:04:20,449 - INFO - Processing TheClassicTurtleTrader-no-dots_01_standard.set
2025-04-25 20:04:20,458 - INFO - Processing Three-indicators_01_standard.set
2025-04-25 20:04:20,466 - INFO - Processing Three-neural-networks_01_standard.set
2025-04-25 20:04:20,473 - INFO - Processing Three-timeframes_01_standard.set
2025-04-25 20:04:20,482 - INFO - Processing Three-Typical-Candles_01_standard.set
2025-04-25 20:04:20,489 - INFO - Processing Time-sync-forts_01_standard.set
2025-04-25 20:04:20,495 - INFO - Processing timer-trade_01_standard.set
2025-04-25 20:04:20,502 - INFO - Processing TMA-ATR-Channel_01_standard.set
2025-04-25 20:04:20,510 - INFO - Processing TMA-ATR-EA_01_standard.set
2025-04-25 20:04:20,522 - INFO - Processing TMA-CG-EA_01_standard.set
2025-04-25 20:04:20,535 - INFO - Processing TMA-CG-Martingale-20EA_01_standard.set
2025-04-25 20:04:20,551 - INFO - Processing TMA-CG-mladen_01_standard.set
2025-04-25 20:04:20,556 - INFO - Processing TMA-CG-special_01_standard.set
2025-04-25 20:04:20,562 - INFO - Processing TMA-slope-bands_01_standard.set
2025-04-25 20:04:20,568 - INFO - Processing TmaTrue-2.0-with-Distances-6xx_01_standard.set
2025-04-25 20:04:20,574 - INFO - Processing TmaTrue-3.0-with-Distances-6xx_01_standard.set
2025-04-25 20:04:20,581 - INFO - Processing TP-with-money_01_standard.set
2025-04-25 20:04:20,586 - INFO - Processing Trade-in-Channel_01_standard.set
2025-04-25 20:04:20,598 - INFO - Processing Trade-on-qualified-RSI_01_standard.set
2025-04-25 20:04:20,610 - INFO - Processing Trading-Breakout-MrThanhTan_01_standard.set
2025-04-25 20:04:20,616 - INFO - Processing Trend-Trader-Strategy-EA_01_standard.set
2025-04-25 20:04:20,659 - INFO - Processing Trend-Trader-Strategy_01_standard.set
2025-04-25 20:04:20,683 - INFO - Processing Tru-EA_01_standard.set
2025-04-25 20:04:20,695 - INFO - Processing True-Scalper-Profit-Lock_01_standard.set
2025-04-25 20:04:20,704 - INFO - Processing TrueSort-1100_01_standard.set
2025-04-25 20:04:20,711 - INFO - Processing Tunnel-gen4_01_standard.set
2025-04-25 20:04:20,717 - INFO - Processing Tunnel-Method_01_standard.set
2025-04-25 20:04:20,723 - INFO - Processing TurnGrid_01_standard.set
2025-04-25 20:04:20,728 - INFO - Processing Two PerBar _01_standard.set
2025-04-25 20:04:20,744 - INFO - Processing Two-20MA-20RSI-20ADX-20EA_01_standard.set
2025-04-25 20:04:20,755 - INFO - Processing Two-20Orders-20Panel_01_standard.set
2025-04-25 20:04:20,761 - INFO - Processing Two-pending-orders-2_01_standard.set
2025-04-25 20:04:20,768 - INFO - Processing UnityPro_01_standard.set
2025-04-25 20:04:20,774 - INFO - Processing UniversalMACrossEA_01_standard.set
2025-04-25 20:04:20,784 - INFO - Processing UniversalSignalDemo_01_standard.set
2025-04-25 20:04:20,791 - INFO - Processing Universum-3.0_01_standard.set
2025-04-25 20:04:20,798 - INFO - Processing UnNomGuai-20EA_01_standard.set
2025-04-25 20:04:20,811 - INFO - Processing up3x1-Investor_01_standard.set
2025-04-25 20:04:20,817 - INFO - Processing up3x1-premium-M_01_standard.set
2025-04-25 20:04:20,823 - INFO - Processing up3x1_01_standard.set
2025-04-25 20:04:20,828 - INFO - Processing Urdala-Trol_01_standard.set
2025-04-25 20:04:20,834 - INFO - Processing Very-Blonde-System_01_standard.set
2025-04-25 20:04:20,843 - INFO - Processing Virtual-Trailing-Stop_01_standard.set
2025-04-25 20:04:20,852 - INFO - Processing VLT-TRADER_01_standard.set
2025-04-25 20:04:20,857 - INFO - Processing Volume-trader_01_standard.set
2025-04-25 20:04:20,862 - INFO - Processing Vortex-Indicator-System_01_standard.set
2025-04-25 20:04:20,868 - INFO - Processing VR-Overturn_01_standard.set
2025-04-25 20:04:20,873 - INFO - Processing VR-ZVER-v.2_01_standard.set
2025-04-25 20:04:20,882 - INFO - Processing VR-ZVER_01_standard.set
2025-04-25 20:04:20,892 - INFO - Processing VZO_01_standard.set
2025-04-25 20:04:20,896 - INFO - Processing Waddah-Attar-Win_01_standard.set
2025-04-25 20:04:20,903 - INFO - Processing WE-TRUST_01_standard.set
2025-04-25 20:04:20,919 - INFO - Processing X-RSIOMA_01_standard.set
2025-04-25 20:04:20,928 - INFO - Processing Yesterday-Today_01_standard.set
