2025-04-25 21:05:22,086 - INFO - Processing 10-pips-EURUSD_01_standard.set
2025-04-25 21:05:22,090 - INFO - Processing 10-pips_01_standard.set
2025-04-25 21:05:22,093 - INFO - Processing 1H-EUR-USD_01_standard.set
2025-04-25 21:05:22,097 - INFO - Processing 20011201-GBPUSD-M1_01_standard.set
2025-04-25 21:05:22,101 - INFO - Processing 21hour_01_standard.set
2025-04-25 21:05:22,103 - INFO - Processing 2HR-HL_01_standard.set
2025-04-25 21:05:22,108 - INFO - Processing 2MA-4Level_01_standard.set
2025-04-25 21:05:22,112 - INFO - Processing 2MA-Bunny-Cross_01_standard.set
2025-04-25 21:05:22,125 - INFO - Processing 3-bars-high-low-indicator_01_standard.set
2025-04-25 21:05:22,128 - INFO - Processing 35-Pip-Scalper_01_standard.set
2025-04-25 21:05:22,131 - INFO - Processing 3BarsHighLowEA_01_standard.set
2025-04-25 21:05:22,136 - INFO - Processing 3sma_01_standard.set
2025-04-25 21:05:22,139 - INFO - Processing 500_01_standard.set
2025-04-25 21:05:22,144 - INFO - Processing 55-MA_01_standard.set
2025-04-25 21:05:22,147 - INFO - Processing Above-Below-MA_01_standard.set
2025-04-25 21:05:22,151 - INFO - Processing Absorption_01_standard.set
2025-04-25 21:05:22,154 - INFO - Processing ADX-MACD-Deev_01_standard.set
2025-04-25 21:05:22,158 - INFO - Processing ADX-MA_01_standard.set
2025-04-25 21:05:22,162 - INFO - Processing ADX-System_01_standard.set
2025-04-25 21:05:22,164 - INFO - Processing AIS1_01_standard.set
2025-04-25 21:05:22,167 - INFO - Processing Alexav-D1-Profit-GBPUSD_01_standard.set
2025-04-25 21:05:22,171 - INFO - Processing All-Average-Ea_01_standard.set
2025-04-25 21:05:22,174 - INFO - Processing Alligator-Simple_01_standard.set
2025-04-25 21:05:22,178 - INFO - Processing Alligator_01_standard.set
2025-04-25 21:05:22,181 - INFO - Processing Altarius-RSI-Stohastic_01_standard.set
2025-04-25 21:05:22,184 - INFO - Processing AMA-Trader-2_01_standard.set
2025-04-25 21:05:22,189 - INFO - Processing AMA-Trader_01_standard.set
2025-04-25 21:05:22,192 - INFO - Processing AO-Lightning_01_standard.set
2025-04-25 21:05:22,195 - INFO - Processing AOCCI_01_standard.set
2025-04-25 21:05:22,198 - INFO - Processing Arbitrage_01_standard.set
2025-04-25 21:05:22,202 - INFO - Processing ArbSint_01_standard.set
2025-04-25 21:05:22,205 - INFO - Processing Area-MACD_01_standard.set
2025-04-25 21:05:22,209 - INFO - Processing Artificial-Intelligence_01_standard.set
2025-04-25 21:05:22,212 - INFO - Processing At-random-Full_01_standard.set
2025-04-25 21:05:22,216 - INFO - Processing At-random_01_standard.set
2025-04-25 21:05:22,220 - INFO - Processing Auto-ADX_01_standard.set
2025-04-25 21:05:22,223 - INFO - Processing Auto-Pivot-Plotter-28Mid-Levels-29-41_01_standard.set
2025-04-25 21:05:22,226 - INFO - Processing AutoLock-EA_01_standard.set
2025-04-25 21:05:22,233 - INFO - Processing Autotrader-Momentum_01_standard.set
2025-04-25 21:05:22,236 - INFO - Processing Avalanche-AV_01_standard.set
2025-04-25 21:05:22,239 - INFO - Processing Backbone_01_standard.set
2025-04-25 21:05:22,242 - INFO - Processing BADX_01_standard.set
2025-04-25 21:05:22,245 - INFO - Processing Bago-EA_01_standard.set
2025-04-25 21:05:22,248 - INFO - Processing BalancedScalper-20EA_01_standard.set
2025-04-25 21:05:22,253 - INFO - Processing Bands-2_01_standard.set
2025-04-25 21:05:22,256 - INFO - Processing BARS-Alligator_01_standard.set
2025-04-25 21:05:22,261 - INFO - Processing Basic-CCI-RSI_01_standard.set
2025-04-25 21:05:22,264 - INFO - Processing Basic-Martingale-EA-3_01_standard.set
2025-04-25 21:05:22,268 - INFO - Processing BBPercentile-EA_01_standard.set
2025-04-25 21:05:22,275 - INFO - Processing BBPercentile_01_standard.set
2025-04-25 21:05:22,278 - INFO - Processing BDCrossOver-20EA_01_standard.set
2025-04-25 21:05:22,284 - INFO - Processing BIG-DOG_01_standard.set
2025-04-25 21:05:22,287 - INFO - Processing Bill-Williams_01_standard.set
2025-04-25 21:05:22,291 - INFO - Processing Bollinger-Band-Two-MA-and-Zig-Zag_01_standard.set
2025-04-25 21:05:22,297 - INFO - Processing Bollinger-Bands-N-positions_01_standard.set
2025-04-25 21:05:22,300 - INFO - Processing Bollinger-Bands-RSI_01_standard.set
2025-04-25 21:05:22,304 - INFO - Processing bollinger_01_standard.set
2025-04-25 21:05:22,306 - INFO - Processing Brakeout-Trader_01_standard.set
2025-04-25 21:05:22,310 - INFO - Processing Brandy_01_standard.set
2025-04-25 21:05:22,313 - INFO - Processing Breadandbutter2_01_standard.set
2025-04-25 21:05:22,316 - INFO - Processing Breakdown-catcher_01_standard.set
2025-04-25 21:05:22,319 - INFO - Processing breakdown_01_standard.set
2025-04-25 21:05:22,323 - INFO - Processing Breakout-Str_01_standard.set
2025-04-25 21:05:22,327 - INFO - Processing Bronze-Warrioir_01_standard.set
2025-04-25 21:05:22,332 - INFO - Processing Bruno_01_standard.set
2025-04-25 21:05:22,334 - INFO - Processing BSS-1-0_01_standard.set
2025-04-25 21:05:22,338 - INFO - Processing Bullish-and-Bearish-Engulfing_01_standard.set
2025-04-25 21:05:22,341 - INFO - Processing Burg-Extrapolator_01_standard.set
2025-04-25 21:05:22,345 - INFO - Processing BykovTrend-EA_01_standard.set
2025-04-25 21:05:22,352 - INFO - Processing Calculate-lotsize-and-Trailling-stop_01_standard.set
2025-04-25 21:05:22,355 - INFO - Processing candlepatternsexample_01_standard.set
2025-04-25 21:05:22,362 - INFO - Processing Candle_01_standard.set
2025-04-25 21:05:22,366 - INFO - Processing Carbophos_01_standard.set
2025-04-25 21:05:22,368 - INFO - Processing CashMachine-5min_01_standard.set
2025-04-25 21:05:22,372 - INFO - Processing CCI-MACD-Scalper_01_standard.set
2025-04-25 21:05:22,411 - INFO - Processing Cidomo_01_standard.set
2025-04-25 21:05:22,419 - INFO - Processing CloseAgent_01_standard.set
2025-04-25 21:05:22,428 - INFO - Processing CloseProfit_01_standard.set
2025-04-25 21:05:22,434 - INFO - Processing cloud's-trade-2_01_standard.set
2025-04-25 21:05:22,441 - INFO - Processing CLOUD_01_standard.set
2025-04-25 21:05:22,449 - INFO - Processing Constituents-EA_01_standard.set
2025-04-25 21:05:22,457 - INFO - Processing Contrarian-trade-MA_01_standard.set
2025-04-25 21:05:22,465 - INFO - Processing Crossing-Moving-Average_01_standard.set
2025-04-25 21:05:22,472 - INFO - Processing CrossMA_01_standard.set
2025-04-25 21:05:22,479 - INFO - Processing Currencyprofits-01.1_01_standard.set
2025-04-25 21:05:22,485 - INFO - Processing Daily-20reversal-20-20EA_01_standard.set
2025-04-25 21:05:22,491 - INFO - Processing Daily-BreakPoint_01_standard.set
2025-04-25 21:05:22,495 - INFO - Processing Daily-Open-EA_01_standard.set
2025-04-25 21:05:22,501 - INFO - Processing Daily-range_01_standard.set
2025-04-25 21:05:22,506 - INFO - Processing Day-Trading-PAMXA_01_standard.set
2025-04-25 21:05:22,511 - INFO - Processing Daydream_01_standard.set
2025-04-25 21:05:22,515 - INFO - Processing DayTrading_01_standard.set
2025-04-25 21:05:22,519 - INFO - Processing Dealers-Trade-v-7.74-MACD_01_standard.set
2025-04-25 21:05:22,522 - INFO - Processing Deep-Drawdown-MA_01_standard.set
2025-04-25 21:05:22,526 - INFO - Processing DeMarker-gaining-position-volume-2_01_standard.set
2025-04-25 21:05:22,535 - INFO - Processing DeMarker-gaining-position-volume_01_standard.set
2025-04-25 21:05:22,542 - INFO - Processing DeMarker-Pending-2-5_01_standard.set
2025-04-25 21:05:22,555 - INFO - Processing DeMarker-Pending-2_01_standard.set
2025-04-25 21:05:22,562 - INFO - Processing DeMarker-Pending_01_standard.set
2025-04-25 21:05:22,567 - INFO - Processing Dematus_01_standard.set
2025-04-25 21:05:22,570 - INFO - Processing Divergence-20for-20many-20indicator_01_standard.set
2025-04-25 21:05:22,574 - INFO - Processing Divergence-EA_01_standard.set
2025-04-25 21:05:22,581 - INFO - Processing Doji-Arrows_01_standard.set
2025-04-25 21:05:22,584 - INFO - Processing DojiTrader_01_standard.set
2025-04-25 21:05:22,588 - INFO - Processing Donchian-Chanel-EA_01_standard.set
2025-04-25 21:05:22,594 - INFO - Processing DoubleHullMA-EA_01_standard.set
2025-04-25 21:05:22,598 - INFO - Processing DoubleHullMA_01_standard.set
2025-04-25 21:05:22,602 - INFO - Processing DoubleMA-Crossover-EA_01_standard.set
2025-04-25 21:05:22,606 - INFO - Processing Doubler_01_standard.set
2025-04-25 21:05:22,609 - INFO - Processing dummy_01_standard.set
2025-04-25 21:05:22,612 - INFO - Processing Dynamic-averaging_01_standard.set
2025-04-25 21:05:22,616 - INFO - Processing e-Breakeven_01_standard.set
2025-04-25 21:05:22,618 - INFO - Processing E-Friday_01_standard.set
2025-04-25 21:05:22,622 - INFO - Processing E-Skoch-Open_01_standard.set
2025-04-25 21:05:22,625 - INFO - Processing e-Skoch-pending-orders_01_standard.set
2025-04-25 21:05:22,629 - INFO - Processing e-Smart-Trailing_01_standard.set
2025-04-25 21:05:22,631 - INFO - Processing e-TurboFx_01_standard.set
2025-04-25 21:05:22,634 - INFO - Processing EA-Close_01_standard.set
2025-04-25 21:05:22,638 - INFO - Processing EA-MA-Stoch-RSI_01_standard.set
2025-04-25 21:05:22,645 - INFO - Processing EA-Moving-Average_01_standard.set
2025-04-25 21:05:22,648 - INFO - Processing Elite-eFibo-Trader_01_standard.set
2025-04-25 21:05:22,652 - INFO - Processing EMA-6.12_01_standard.set
2025-04-25 21:05:22,655 - INFO - Processing EMA-CROSS_01_standard.set
2025-04-25 21:05:22,657 - INFO - Processing EMA-LWMA-RSI_01_standard.set
2025-04-25 21:05:22,660 - INFO - Processing EMA-RSI-EA_01_standard.set
2025-04-25 21:05:22,666 - INFO - Processing EMA-WMA_01_standard.set
2025-04-25 21:05:22,669 - INFO - Processing EMA_01_standard.set
2025-04-25 21:05:22,672 - INFO - Processing Eugene_01_standard.set
2025-04-25 21:05:22,675 - INFO - Processing eur-usd-m5_01_standard.set
2025-04-25 21:05:22,678 - INFO - Processing EURUSD-breakout_01_standard.set
2025-04-25 21:05:22,681 - INFO - Processing Executer-AC_01_standard.set
2025-04-25 21:05:22,686 - INFO - Processing Executor-AO_01_standard.set
2025-04-25 21:05:22,689 - INFO - Processing Executor-Candles_01_standard.set
2025-04-25 21:05:22,692 - INFO - Processing exp-Amstell_01_standard.set
2025-04-25 21:05:22,695 - INFO - Processing Expert-NEWS_01_standard.set
2025-04-25 21:05:22,699 - INFO - Processing Expert-RSI-Stochastic-MA_01_standard.set
2025-04-25 21:05:22,702 - INFO - Processing ExtremePrice-EA_01_standard.set
2025-04-25 21:05:22,707 - INFO - Processing FiboRetracement-20EA_01_standard.set
2025-04-25 21:05:22,713 - INFO - Processing Firebird_01_standard.set
2025-04-25 21:05:22,716 - INFO - Processing Firestorm-EA_01_standard.set
2025-04-25 21:05:22,722 - INFO - Processing Firestorm-indicator_01_standard.set
2025-04-25 21:05:22,725 - INFO - Processing Fluctuate_01_standard.set
2025-04-25 21:05:22,728 - INFO - Processing Forex-Fraus-M1_01_standard.set
2025-04-25 21:05:22,732 - INFO - Processing Forex-Profit_01_standard.set
2025-04-25 21:05:22,735 - INFO - Processing Fractals-minimum-distance_01_standard.set
2025-04-25 21:05:22,737 - INFO - Processing Fraktrak-xonax_01_standard.set
2025-04-25 21:05:22,741 - INFO - Processing Frank-Ud_01_standard.set
2025-04-25 21:05:22,743 - INFO - Processing FT-CCI_01_standard.set
2025-04-25 21:05:22,746 - INFO - Processing Fuzzy-logic_01_standard.set
2025-04-25 21:05:22,749 - INFO - Processing GalacticExplosion_01_standard.set
2025-04-25 21:05:22,753 - INFO - Processing Gandalf-PRO_01_standard.set
2025-04-25 21:05:22,757 - INFO - Processing Gap-DM_01_standard.set
2025-04-25 21:05:22,760 - INFO - Processing GAP-EA_01_standard.set
2025-04-25 21:05:22,764 - INFO - Processing Gaps_01_standard.set
2025-04-25 21:05:22,767 - INFO - Processing GBP9AM_01_standard.set
2025-04-25 21:05:22,770 - INFO - Processing GbpChf_01_standard.set
2025-04-25 21:05:22,773 - INFO - Processing Gold-Dust_01_standard.set
2025-04-25 21:05:22,776 - INFO - Processing GO_01_standard.set
2025-04-25 21:05:22,778 - INFO - Processing GreenTrade_01_standard.set
2025-04-25 21:05:22,783 - INFO - Processing Grid-Martingale_01_standard.set
2025-04-25 21:05:22,789 - INFO - Processing GridEA_01_standard.set
2025-04-25 21:05:22,795 - INFO - Processing Grid_01_standard.set
2025-04-25 21:05:22,798 - INFO - Processing HarVesteR_01_standard.set
2025-04-25 21:05:22,802 - INFO - Processing HedgeEA_01_standard.set
2025-04-25 21:05:22,805 - INFO - Processing hedger_01_standard.set
2025-04-25 21:05:22,807 - INFO - Processing Hedging-EA_01_standard.set
2025-04-25 21:05:22,814 - INFO - Processing Heiken-Ashi-Smoothed-EA-with-MA_01_standard.set
2025-04-25 21:05:22,823 - INFO - Processing Heiken-Ashi-Smoothed-EA_01_standard.set
2025-04-25 21:05:22,829 - INFO - Processing heiken-ashi-smoothedLine_01_standard.set
2025-04-25 21:05:22,832 - INFO - Processing heiken-ashi-smoothed_01_standard.set
2025-04-25 21:05:22,834 - INFO - Processing HeikenAshi-Lines-EA_01_standard.set
2025-04-25 21:05:22,840 - INFO - Processing HeikenAshi-Lines_01_standard.set
2025-04-25 21:05:22,844 - INFO - Processing Heinken-Ashi-Color-Candles_01_standard.set
2025-04-25 21:05:22,846 - INFO - Processing HelloSmart_01_standard.set
2025-04-25 21:05:22,850 - INFO - Processing High-Low-EA_01_standard.set
2025-04-25 21:05:22,855 - INFO - Processing High-Low-Indicator_01_standard.set
2025-04-25 21:05:22,858 - INFO - Processing Hoop-master-2_01_standard.set
2025-04-25 21:05:22,861 - INFO - Processing iCCI-iMA_01_standard.set
2025-04-25 21:05:22,865 - INFO - Processing ICH-With-Alert-Derekers-EA_01_standard.set
2025-04-25 21:05:22,869 - INFO - Processing ICH-With-Alert-Derekers_01_standard.set
2025-04-25 21:05:22,873 - INFO - Processing ichimok2005_01_standard.set
2025-04-25 21:05:22,875 - INFO - Processing Ichimoku-20Kijun-20Alert_01_standard.set
2025-04-25 21:05:22,879 - INFO - Processing Ichimoku-20Tenkan-20Alert_01_standard.set
2025-04-25 21:05:22,882 - INFO - Processing Ichimoku-Scanner_01_standard.set
2025-04-25 21:05:22,886 - INFO - Processing Ichimoku-Signals-and-Alert_01_standard.set
2025-04-25 21:05:22,889 - INFO - Processing IchimokuMTF-EA_01_standard.set
2025-04-25 21:05:22,894 - INFO - Processing Ichimoku_01_standard.set
2025-04-25 21:05:22,898 - INFO - Processing Ilan-iMA_01_standard.set
2025-04-25 21:05:22,902 - INFO - Processing Ilan1.4_01_standard.set
2025-04-25 21:05:22,906 - INFO - Processing iMA-iStdDev_01_standard.set
2025-04-25 21:05:22,910 - INFO - Processing Indices-Tester_01_standard.set
2025-04-25 21:05:22,914 - INFO - Processing Inka-20Edho-20EA_01_standard.set
2025-04-25 21:05:22,920 - INFO - Processing Intersection-2-iMA_01_standard.set
2025-04-25 21:05:22,923 - INFO - Processing IStochastic-Trading_01_standard.set
2025-04-25 21:05:22,926 - INFO - Processing Ivan_01_standard.set
2025-04-25 21:05:22,929 - INFO - Processing iVIDyA-Simple_01_standard.set
2025-04-25 21:05:22,932 - INFO - Processing Jackpot-Strategy-EA_01_standard.set
2025-04-25 21:05:22,938 - INFO - Processing JackPot-Strategy-Elite_01_standard.set
2025-04-25 21:05:22,942 - INFO - Processing JK-BullP-AutoTrader_01_standard.set
2025-04-25 21:05:22,945 - INFO - Processing JS-Chaos_01_standard.set
2025-04-25 21:05:22,950 - INFO - Processing JS-MA-Day_01_standard.set
2025-04-25 21:05:22,954 - INFO - Processing JS-MA-SAR-Trades_01_standard.set
2025-04-25 21:05:22,958 - INFO - Processing KA-Gold-Bot_01_standard.set
2025-04-25 21:05:22,963 - INFO - Processing Kue-Electric-EA_01_standard.set
2025-04-25 21:05:22,969 - INFO - Processing KueFx-20Arrows_01_standard.set
2025-04-25 21:05:22,972 - INFO - Processing KueFx-20Baseline_01_standard.set
2025-04-25 21:05:22,975 - INFO - Processing KueFx-Arrows-20EA_01_standard.set
2025-04-25 21:05:22,984 - INFO - Processing KueFx-Arrows-EA_01_standard.set
2025-04-25 21:05:22,990 - INFO - Processing KueFx-Arrows_01_standard.set
2025-04-25 21:05:22,993 - INFO - Processing KueFx-Baseline-EA_01_standard.set
2025-04-25 21:05:22,997 - INFO - Processing KueFx-Baseline_01_standard.set
2025-04-25 21:05:23,000 - INFO - Processing KueFx-Clean-2025-EA_01_standard.set
2025-04-25 21:05:23,006 - INFO - Processing KueFx-Extreme-EA_01_standard.set
2025-04-25 21:05:23,012 - INFO - Processing KueFx-Harare-EA_01_standard.set
2025-04-25 21:05:23,021 - INFO - Processing KueFX-Money-Management_01_standard.set
2025-04-25 21:05:23,029 - INFO - Processing KueFx-Motor-EA_01_standard.set
2025-04-25 21:05:23,036 - INFO - Processing KueFx-Motor_01_standard.set
2025-04-25 21:05:23,039 - INFO - Processing KueFx-Trend_01_standard.set
2025-04-25 21:05:23,046 - INFO - Processing KueFxTrend-20EA_01_standard.set
2025-04-25 21:05:23,052 - INFO - Processing KueFxTrend-EA_01_standard.set
2025-04-25 21:05:23,059 - INFO - Processing LarryConnersRSI2_01_standard.set
2025-04-25 21:05:23,061 - INFO - Processing Last-ZZ50_01_standard.set
2025-04-25 21:05:23,065 - INFO - Processing Lavika100_01_standard.set
2025-04-25 21:05:23,068 - INFO - Processing LBS_01_standard.set
2025-04-25 21:05:23,071 - INFO - Processing Lego-EA_01_standard.set
2025-04-25 21:05:23,076 - INFO - Processing Lesson-3-Price-Action_01_standard.set
2025-04-25 21:05:23,080 - INFO - Processing Lesson-4-Price-Action-MA-Filter_01_standard.set
2025-04-25 21:05:23,084 - INFO - Processing Lesson-6-Trailling-ATR_01_standard.set
2025-04-25 21:05:23,089 - INFO - Processing Lesson-7-Price-action-Ket-hop-Volume-VSA_01_standard.set
2025-04-25 21:05:23,092 - INFO - Processing Little-EA_01_standard.set
2025-04-25 21:05:23,095 - INFO - Processing Locker_01_standard.set
2025-04-25 21:05:23,098 - INFO - Processing Lock_01_standard.set
2025-04-25 21:05:23,101 - INFO - Processing Lucky_01_standard.set
2025-04-25 21:05:23,104 - INFO - Processing MA-20Alert_01_standard.set
2025-04-25 21:05:23,107 - INFO - Processing MA-20AO-20Arrow_01_standard.set
2025-04-25 21:05:23,110 - INFO - Processing MA-AO-EA_01_standard.set
2025-04-25 21:05:23,115 - INFO - Processing ma-channels_01_standard.set
2025-04-25 21:05:23,118 - INFO - Processing MA-Cross_01_standard.set
2025-04-25 21:05:23,121 - INFO - Processing MA-Envelopes_01_standard.set
2025-04-25 21:05:23,125 - INFO - Processing MA-MACD-Position-averaging_01_standard.set
2025-04-25 21:05:23,129 - INFO - Processing MA-Trend_01_standard.set
2025-04-25 21:05:23,132 - INFO - Processing MA2CCI_01_standard.set
2025-04-25 21:05:23,134 - INFO - Processing MACD-and-SAR_01_standard.set
2025-04-25 21:05:23,137 - INFO - Processing MACD-Cleaner_01_standard.set
2025-04-25 21:05:23,140 - INFO - Processing MACD-EA-H4_01_standard.set
2025-04-25 21:05:23,148 - INFO - Processing MACD-No-Sample_01_standard.set
2025-04-25 21:05:23,152 - INFO - Processing MACD-signal_01_standard.set
2025-04-25 21:05:23,155 - INFO - Processing MACD-Stochastic-2_01_standard.set
2025-04-25 21:05:23,159 - INFO - Processing MACD-Stochastic_01_standard.set
2025-04-25 21:05:23,163 - INFO - Processing MACDCCI_01_standard.set
2025-04-25 21:05:23,167 - INFO - Processing MacdPatternTraderAll0.01_01_standard.set
2025-04-25 21:05:23,173 - INFO - Processing MacdPatternTraderAll_01_standard.set
2025-04-25 21:05:23,179 - INFO - Processing MACD_01_standard.set
2025-04-25 21:05:23,182 - INFO - Processing MAGrid_01_standard.set
2025-04-25 21:05:23,184 - INFO - Processing MAMACD_01_standard.set
2025-04-25 21:05:23,187 - INFO - Processing Market-Capture_01_standard.set
2025-04-25 21:05:23,190 - INFO - Processing Martin-1_01_standard.set
2025-04-25 21:05:23,193 - INFO - Processing Martin-for-small-deposits_01_standard.set
2025-04-25 21:05:23,195 - INFO - Processing MartingailExpert_01_standard.set
2025-04-25 21:05:23,199 - INFO - Processing MartinGaleBreakout_01_standard.set
2025-04-25 21:05:23,201 - INFO - Processing Martin_01_standard.set
2025-04-25 21:05:23,204 - INFO - Processing Marubozu-EA_01_standard.set
2025-04-25 21:05:23,208 - INFO - Processing Marubozu_01_standard.set
2025-04-25 21:05:23,211 - INFO - Processing MelBar-EuSwiss-1.85_01_standard.set
2025-04-25 21:05:23,214 - INFO - Processing MelBar™Take325-™-5.5Y-NZD-USD_01_standard.set
2025-04-25 21:05:23,217 - INFO - Processing Mobo-Bands-EA_01_standard.set
2025-04-25 21:05:23,224 - INFO - Processing Mobo-Bands_01_standard.set
2025-04-25 21:05:23,227 - INFO - Processing Modified-Moving-Averages_01_standard.set
2025-04-25 21:05:23,230 - INFO - Processing Momentum-M15_01_standard.set
2025-04-25 21:05:23,234 - INFO - Processing Momo-trades_01_standard.set
2025-04-25 21:05:23,237 - INFO - Processing Money-Fixed-Margin_01_standard.set
2025-04-25 21:05:23,240 - INFO - Processing Money-Fixed-Risk_01_standard.set
2025-04-25 21:05:23,242 - INFO - Processing MoneyRain_01_standard.set
2025-04-25 21:05:23,245 - INFO - Processing Morning-evening-star-EA_01_standard.set
2025-04-25 21:05:23,249 - INFO - Processing MostasHaR15-Pivot_01_standard.set
2025-04-25 21:05:23,252 - INFO - Processing Moving-20average-20and-20ichimoku-20EA_01_standard.set
2025-04-25 21:05:23,256 - INFO - Processing Moving-Average-Trade-System_01_standard.set
2025-04-25 21:05:23,259 - INFO - Processing Moving-Averages_01_standard.set
2025-04-25 21:05:23,261 - INFO - Processing MovingAverageMartinGale_01_standard.set
2025-04-25 21:05:23,264 - INFO - Processing MovingAverage_01_standard.set
2025-04-25 21:05:23,269 - INFO - Processing MQL5-Wizard-MA-RSI_01_standard.set
2025-04-25 21:05:23,272 - INFO - Processing MQL5-Wizard-MACD-Parabolic-SAR_01_standard.set
2025-04-25 21:05:23,276 - INFO - Processing MTC-Сombo_01_standard.set
2025-04-25 21:05:23,280 - INFO - Processing Multi-Stochastic_01_standard.set
2025-04-25 21:05:23,283 - INFO - Processing MultiMartin_01_standard.set
2025-04-25 21:05:23,286 - INFO - Processing MySystem_01_standard.set
2025-04-25 21:05:23,289 - INFO - Processing N-Candles_01_standard.set
2025-04-25 21:05:23,291 - INFO - Processing Nevalyashka-BreakdownLevel_01_standard.set
2025-04-25 21:05:23,294 - INFO - Processing Nevalyashka3-1_01_standard.set
2025-04-25 21:05:23,297 - INFO - Processing Nevalyashka_01_standard.set
2025-04-25 21:05:23,299 - INFO - Processing New-Martin_01_standard.set
2025-04-25 21:05:23,303 - INFO - Processing New-Random_01_standard.set
2025-04-25 21:05:23,305 - INFO - Processing Nextbar_01_standard.set
2025-04-25 21:05:23,309 - INFO - Processing Night-Flat-Trade_01_standard.set
2025-04-25 21:05:23,311 - INFO - Processing NightScalper_01_standard.set
2025-04-25 21:05:23,317 - INFO - Processing NRTR-Revers_01_standard.set
2025-04-25 21:05:23,319 - INFO - Processing NUp1Down_01_standard.set
2025-04-25 21:05:23,323 - INFO - Processing Open-Candle-EA_01_standard.set
2025-04-25 21:05:23,330 - INFO - Processing Open-Close_01_standard.set
2025-04-25 21:05:23,332 - INFO - Processing Opening-and-ilosing-on-time_01_standard.set
2025-04-25 21:05:23,337 - INFO - Processing Opening-and-Сlosing-on-time_01_standard.set
2025-04-25 21:05:23,340 - INFO - Processing OpenPendingorderAfterPositionGetStopLoss_01_standard.set
2025-04-25 21:05:23,343 - INFO - Processing OpenTicks_01_standard.set
2025-04-25 21:05:23,346 - INFO - Processing ORB-EA-BOX_01_standard.set
2025-04-25 21:05:23,352 - INFO - Processing OsMaSter_01_standard.set
2025-04-25 21:05:23,355 - INFO - Processing OTT-20AND-20PRICE-20CROSS-20EA_01_standard.set
2025-04-25 21:05:23,359 - INFO - Processing OverHedge_01_standard.set
2025-04-25 21:05:23,363 - INFO - Processing OzFx_01_standard.set
2025-04-25 21:05:23,366 - INFO - Processing Parabolic-SAR_01_standard.set
2025-04-25 21:05:23,369 - INFO - Processing PARSI-EA_01_standard.set
2025-04-25 21:05:23,373 - INFO - Processing Peceptron-Mult_01_standard.set
2025-04-25 21:05:23,378 - INFO - Processing Pending-orders-by-time-2_01_standard.set
2025-04-25 21:05:23,381 - INFO - Processing Pending-orders-by-time_01_standard.set
2025-04-25 21:05:23,385 - INFO - Processing Pendulum_01_standard.set
2025-04-25 21:05:23,387 - INFO - Processing Pinball-machine_01_standard.set
2025-04-25 21:05:23,389 - INFO - Processing Pinbar-Magic-EA_01_standard.set
2025-04-25 21:05:23,396 - INFO - Processing PinBar-Magic-Indicator_01_standard.set
2025-04-25 21:05:23,400 - INFO - Processing Pipsover_01_standard.set
2025-04-25 21:05:23,403 - INFO - Processing Plan-X_01_standard.set
2025-04-25 21:05:23,406 - INFO - Processing Plateau_01_standard.set
2025-04-25 21:05:23,410 - INFO - Processing Poker-SHOW_01_standard.set
2025-04-25 21:05:23,414 - INFO - Processing Precipice-MartIn_01_standard.set
2025-04-25 21:05:23,417 - INFO - Processing Precipice_01_standard.set
2025-04-25 21:05:23,422 - INFO - Processing Probe_01_standard.set
2025-04-25 21:05:23,425 - INFO - Processing Proffessor_01_standard.set
2025-04-25 21:05:23,429 - INFO - Processing PropFirmHelper_01_standard.set
2025-04-25 21:05:23,433 - INFO - Processing PROphet_01_standard.set
2025-04-25 21:05:23,436 - INFO - Processing Puria-method_01_standard.set
2025-04-25 21:05:23,441 - INFO - Processing Rabbit3_01_standard.set
2025-04-25 21:05:23,444 - INFO - Processing Range-Breakout_01_standard.set
2025-04-25 21:05:23,446 - INFO - Processing Rapid-Doji-EA_01_standard.set
2025-04-25 21:05:23,449 - INFO - Processing Raymond-Cloudy-Day-for-EA_01_standard.set
2025-04-25 21:05:23,452 - INFO - Processing Reflex-EA_01_standard.set
2025-04-25 21:05:23,458 - INFO - Processing REFLEX-INDICATOR_01_standard.set
2025-04-25 21:05:23,462 - INFO - Processing Reflex_01_standard.set
2025-04-25 21:05:23,464 - INFO - Processing Reversing-Martingale_01_standard.set
2025-04-25 21:05:23,467 - INFO - Processing RideAlligator_01_standard.set
2025-04-25 21:05:23,470 - INFO - Processing RNN_01_standard.set
2025-04-25 21:05:23,473 - INFO - Processing Robot-MACD_01_standard.set
2025-04-25 21:05:23,476 - INFO - Processing RobotPowerM5-meta4_01_standard.set
2025-04-25 21:05:23,479 - INFO - Processing Rollback-system_01_standard.set
2025-04-25 21:05:23,482 - INFO - Processing RSI-and-Bollinger-Bands_01_standard.set
2025-04-25 21:05:23,486 - INFO - Processing RSI-Arrow-EA_01_standard.set
2025-04-25 21:05:23,491 - INFO - Processing RSI-Arrow_01_standard.set
2025-04-25 21:05:23,493 - INFO - Processing RSI-EA_01_standard.set
2025-04-25 21:05:23,498 - INFO - Processing RSI-Eraser_01_standard.set
2025-04-25 21:05:23,500 - INFO - Processing RSI-Expert_01_standard.set
2025-04-25 21:05:23,505 - INFO - Processing RSI-Levels_01_standard.set
2025-04-25 21:05:23,507 - INFO - Processing RSI-trader_01_standard.set
2025-04-25 21:05:23,510 - INFO - Processing RSI-Trend-EA_01_standard.set
2025-04-25 21:05:23,515 - INFO - Processing RSI-Trend_01_standard.set
2025-04-25 21:05:23,519 - INFO - Processing RSI-with-channels-EA_01_standard.set
2025-04-25 21:05:23,525 - INFO - Processing RSI-with-channels_01_standard.set
2025-04-25 21:05:23,528 - INFO - Processing Russian20-hp1_01_standard.set
2025-04-25 21:05:23,532 - INFO - Processing SampleCheckPendingOrder_01_standard.set
2025-04-25 21:05:23,534 - INFO - Processing SAR-trading_01_standard.set
2025-04-25 21:05:23,539 - INFO - Processing Secwenta_01_standard.set
2025-04-25 21:05:23,541 - INFO - Processing Sell-Stop_01_standard.set
2025-04-25 21:05:23,545 - INFO - Processing Sensitive_01_standard.set
2025-04-25 21:05:23,548 - INFO - Processing Separate-trade_01_standard.set
2025-04-25 21:05:23,553 - INFO - Processing SilverTrend_01_standard.set
2025-04-25 21:05:23,556 - INFO - Processing Simple-20Price-20Alert-20-20EA_01_standard.set
2025-04-25 21:05:23,559 - INFO - Processing Simple-20Volume-20EA_01_standard.set
2025-04-25 21:05:23,567 - INFO - Processing Simple-EA-MA-plus-MACD_01_standard.set
2025-04-25 21:05:23,571 - INFO - Processing Simple-FX_01_standard.set
2025-04-25 21:05:23,576 - INFO - Processing Simple-MACD_01_standard.set
2025-04-25 21:05:23,581 - INFO - Processing Simple-Volume-EA_01_standard.set
2025-04-25 21:05:23,588 - INFO - Processing SimplePivot_01_standard.set
2025-04-25 21:05:23,591 - INFO - Processing Simplest-Hedging-EA-ever_01_standard.set
2025-04-25 21:05:23,597 - INFO - Processing SimpleTrade _01_standard.set
2025-04-25 21:05:23,601 - INFO - Processing Six-Soldiers-EA-Grid_01_standard.set
2025-04-25 21:05:23,608 - INFO - Processing Six-Soldiers-EA_01_standard.set
2025-04-25 21:05:23,618 - INFO - Processing Six-Soldiers_01_standard.set
2025-04-25 21:05:23,624 - INFO - Processing Small-Inside-Bar-Strategy_01_standard.set
2025-04-25 21:05:23,628 - INFO - Processing Smart-Machine-20EA_01_standard.set
2025-04-25 21:05:23,634 - INFO - Processing Smoothing-Average_01_standard.set
2025-04-25 21:05:23,637 - INFO - Processing Spasm_01_standard.set
2025-04-25 21:05:23,640 - INFO - Processing ssb5-123_01_standard.set
2025-04-25 21:05:23,644 - INFO - Processing Starter_01_standard.set
2025-04-25 21:05:23,647 - INFO - Processing Steve-Cartwright-Trader-Camel-CCI-MACD_01_standard.set
2025-04-25 21:05:23,650 - INFO - Processing Stoch-EA-1192_01_standard.set
2025-04-25 21:05:23,652 - INFO - Processing Stochastic-20Alert_01_standard.set
2025-04-25 21:05:23,657 - INFO - Processing Stochastic-K-Divergence.lua_01_standard.set
2025-04-25 21:05:23,659 - INFO - Processing stochastic-three-periods_01_standard.set
2025-04-25 21:05:23,663 - INFO - Processing StochasticDiffSign-EA_01_standard.set
2025-04-25 21:05:23,670 - INFO - Processing stochasticdiffsign_01_standard.set
2025-04-25 21:05:23,673 - INFO - Processing StochMA-EA_01_standard.set
2025-04-25 21:05:23,678 - INFO - Processing StochMA_01_standard.set
2025-04-25 21:05:23,681 - INFO - Processing Stoch_01_standard.set
2025-04-25 21:05:23,684 - INFO - Processing Stop-Loss-Take-Profit_01_standard.set
2025-04-25 21:05:23,687 - INFO - Processing StraddleqTrail_01_standard.set
2025-04-25 21:05:23,690 - INFO - Processing Surefirething_01_standard.set
2025-04-25 21:05:23,692 - INFO - Processing TDSGlobal_01_standard.set
2025-04-25 21:05:23,695 - INFO - Processing The-MasterMind-2_01_standard.set
2025-04-25 21:05:23,699 - INFO - Processing The-MasterMind-3_01_standard.set
2025-04-25 21:05:23,702 - INFO - Processing The-MasterMind_01_standard.set
2025-04-25 21:05:23,706 - INFO - Processing The-Puncher_01_standard.set
2025-04-25 21:05:23,709 - INFO - Processing TheClassicTurtleTrader-no-dots-EA_01_standard.set
2025-04-25 21:05:23,714 - INFO - Processing TheClassicTurtleTrader-no-dots_01_standard.set
2025-04-25 21:05:23,717 - INFO - Processing Three-indicators_01_standard.set
2025-04-25 21:05:23,720 - INFO - Processing Three-neural-networks_01_standard.set
2025-04-25 21:05:23,723 - INFO - Processing Three-timeframes_01_standard.set
2025-04-25 21:05:23,727 - INFO - Processing Three-Typical-Candles_01_standard.set
2025-04-25 21:05:23,729 - INFO - Processing Time-sync-forts_01_standard.set
2025-04-25 21:05:23,732 - INFO - Processing timer-trade_01_standard.set
2025-04-25 21:05:23,734 - INFO - Processing TMA-ATR-Channel_01_standard.set
2025-04-25 21:05:23,737 - INFO - Processing TMA-ATR-EA_01_standard.set
2025-04-25 21:05:23,743 - INFO - Processing TMA-CG-EA_01_standard.set
2025-04-25 21:05:23,750 - INFO - Processing TMA-CG-Martingale-20EA_01_standard.set
2025-04-25 21:05:23,756 - INFO - Processing TMA-CG-mladen_01_standard.set
2025-04-25 21:05:23,759 - INFO - Processing TMA-CG-special_01_standard.set
2025-04-25 21:05:23,762 - INFO - Processing TMA-slope-bands_01_standard.set
2025-04-25 21:05:23,766 - INFO - Processing TmaTrue-2.0-with-Distances-6xx_01_standard.set
2025-04-25 21:05:23,768 - INFO - Processing TmaTrue-3.0-with-Distances-6xx_01_standard.set
2025-04-25 21:05:23,771 - INFO - Processing TP-with-money_01_standard.set
2025-04-25 21:05:23,774 - INFO - Processing Trade-in-Channel_01_standard.set
2025-04-25 21:05:23,777 - INFO - Processing Trade-on-qualified-RSI_01_standard.set
2025-04-25 21:05:23,782 - INFO - Processing Trading-Breakout-MrThanhTan_01_standard.set
2025-04-25 21:05:23,785 - INFO - Processing Trend-Trader-Strategy-EA_01_standard.set
2025-04-25 21:05:23,791 - INFO - Processing Trend-Trader-Strategy_01_standard.set
2025-04-25 21:05:23,795 - INFO - Processing Tru-EA_01_standard.set
2025-04-25 21:05:23,800 - INFO - Processing True-Scalper-Profit-Lock_01_standard.set
2025-04-25 21:05:23,803 - INFO - Processing TrueSort-1100_01_standard.set
2025-04-25 21:05:23,806 - INFO - Processing Tunnel-gen4_01_standard.set
2025-04-25 21:05:23,809 - INFO - Processing Tunnel-Method_01_standard.set
2025-04-25 21:05:23,811 - INFO - Processing TurnGrid_01_standard.set
2025-04-25 21:05:23,815 - INFO - Processing Two PerBar _01_standard.set
2025-04-25 21:05:23,817 - INFO - Processing Two-20MA-20RSI-20ADX-20EA_01_standard.set
2025-04-25 21:05:23,822 - INFO - Processing Two-20Orders-20Panel_01_standard.set
2025-04-25 21:05:23,824 - INFO - Processing Two-pending-orders-2_01_standard.set
2025-04-25 21:05:23,827 - INFO - Processing UnityPro_01_standard.set
2025-04-25 21:05:23,831 - INFO - Processing UniversalMACrossEA_01_standard.set
2025-04-25 21:05:23,835 - INFO - Processing UniversalSignalDemo_01_standard.set
2025-04-25 21:05:23,838 - INFO - Processing Universum-3.0_01_standard.set
2025-04-25 21:05:23,841 - INFO - Processing UnNomGuai-20EA_01_standard.set
2025-04-25 21:05:23,848 - INFO - Processing up3x1-Investor_01_standard.set
2025-04-25 21:05:23,851 - INFO - Processing up3x1-premium-M_01_standard.set
2025-04-25 21:05:23,853 - INFO - Processing up3x1_01_standard.set
2025-04-25 21:05:23,858 - INFO - Processing Urdala-Trol_01_standard.set
2025-04-25 21:05:23,860 - INFO - Processing Very-Blonde-System_01_standard.set
2025-04-25 21:05:23,863 - INFO - Processing Virtual-Trailing-Stop_01_standard.set
2025-04-25 21:05:23,865 - INFO - Processing VLT-TRADER_01_standard.set
2025-04-25 21:05:23,868 - INFO - Processing Volume-trader_01_standard.set
2025-04-25 21:05:23,871 - INFO - Processing Vortex-Indicator-System_01_standard.set
2025-04-25 21:05:23,874 - INFO - Processing VR-Overturn_01_standard.set
2025-04-25 21:05:23,878 - INFO - Processing VR-ZVER-v.2_01_standard.set
2025-04-25 21:05:23,882 - INFO - Processing VR-ZVER_01_standard.set
2025-04-25 21:05:23,887 - INFO - Processing VZO_01_standard.set
2025-04-25 21:05:23,889 - INFO - Processing Waddah-Attar-Win_01_standard.set
2025-04-25 21:05:23,892 - INFO - Processing WE-TRUST_01_standard.set
2025-04-25 21:05:23,896 - INFO - Processing X-RSIOMA_01_standard.set
2025-04-25 21:05:23,900 - INFO - Processing Yesterday-Today_01_standard.set
