2025-04-25 21:03:39,251 - INFO - Processing 10-pips-EURUSD_01_standard.set
2025-04-25 21:03:39,253 - INFO - Processing 10-pips_01_standard.set
2025-04-25 21:03:39,256 - INFO - Processing 1H-EUR-USD_01_standard.set
2025-04-25 21:03:39,259 - INFO - Processing 20011201-GBPUSD-M1_01_standard.set
2025-04-25 21:03:39,262 - INFO - Processing 21hour_01_standard.set
2025-04-25 21:03:39,264 - INFO - Processing 2HR-HL_01_standard.set
2025-04-25 21:03:39,268 - INFO - Processing 2MA-4Level_01_standard.set
2025-04-25 21:03:39,271 - INFO - Processing 2MA-Bunny-Cross_01_standard.set
2025-04-25 21:03:39,284 - INFO - Processing 3-bars-high-low-indicator_01_standard.set
2025-04-25 21:03:39,286 - INFO - Processing 35-Pip-Scalper_01_standard.set
2025-04-25 21:03:39,288 - INFO - Processing 3BarsHighLowEA_01_standard.set
2025-04-25 21:03:39,292 - INFO - Processing 3sma_01_standard.set
2025-04-25 21:03:39,294 - INFO - Processing 500_01_standard.set
2025-04-25 21:03:39,296 - INFO - Processing 55-MA_01_standard.set
2025-04-25 21:03:39,299 - INFO - Processing Above-Below-MA_01_standard.set
2025-04-25 21:03:39,302 - INFO - Processing Absorption_01_standard.set
2025-04-25 21:03:39,305 - INFO - Processing ADX-MACD-Deev_01_standard.set
2025-04-25 21:03:39,307 - INFO - Processing ADX-MA_01_standard.set
2025-04-25 21:03:39,310 - INFO - Processing ADX-System_01_standard.set
2025-04-25 21:03:39,312 - INFO - Processing AIS1_01_standard.set
2025-04-25 21:03:39,314 - INFO - Processing Alexav-D1-Profit-GBPUSD_01_standard.set
2025-04-25 21:03:39,317 - INFO - Processing All-Average-Ea_01_standard.set
2025-04-25 21:03:39,319 - INFO - Processing Alligator-Simple_01_standard.set
2025-04-25 21:03:39,322 - INFO - Processing Alligator_01_standard.set
2025-04-25 21:03:39,324 - INFO - Processing Altarius-RSI-Stohastic_01_standard.set
2025-04-25 21:03:39,326 - INFO - Processing AMA-Trader-2_01_standard.set
2025-04-25 21:03:39,329 - INFO - Processing AMA-Trader_01_standard.set
2025-04-25 21:03:39,332 - INFO - Processing AO-Lightning_01_standard.set
2025-04-25 21:03:39,334 - INFO - Processing AOCCI_01_standard.set
2025-04-25 21:03:39,337 - INFO - Processing Arbitrage_01_standard.set
2025-04-25 21:03:39,339 - INFO - Processing ArbSint_01_standard.set
2025-04-25 21:03:39,341 - INFO - Processing Area-MACD_01_standard.set
2025-04-25 21:03:39,344 - INFO - Processing Artificial-Intelligence_01_standard.set
2025-04-25 21:03:39,346 - INFO - Processing At-random-Full_01_standard.set
2025-04-25 21:03:39,350 - INFO - Processing At-random_01_standard.set
2025-04-25 21:03:39,356 - INFO - Processing Auto-ADX_01_standard.set
2025-04-25 21:03:39,362 - INFO - Processing Auto-Pivot-Plotter-28Mid-Levels-29-41_01_standard.set
2025-04-25 21:03:39,367 - INFO - Processing AutoLock-EA_01_standard.set
2025-04-25 21:03:39,376 - INFO - Processing Autotrader-Momentum_01_standard.set
2025-04-25 21:03:39,380 - INFO - Processing Avalanche-AV_01_standard.set
2025-04-25 21:03:39,385 - INFO - Processing Backbone_01_standard.set
2025-04-25 21:03:39,388 - INFO - Processing BADX_01_standard.set
2025-04-25 21:03:39,393 - INFO - Processing Bago-EA_01_standard.set
2025-04-25 21:03:39,399 - INFO - Processing BalancedScalper-20EA_01_standard.set
2025-04-25 21:03:39,406 - INFO - Processing Bands-2_01_standard.set
2025-04-25 21:03:39,412 - INFO - Processing BARS-Alligator_01_standard.set
2025-04-25 21:03:39,416 - INFO - Processing Basic-CCI-RSI_01_standard.set
2025-04-25 21:03:39,420 - INFO - Processing Basic-Martingale-EA-3_01_standard.set
2025-04-25 21:03:39,426 - INFO - Processing BBPercentile-EA_01_standard.set
2025-04-25 21:03:39,435 - INFO - Processing BBPercentile_01_standard.set
2025-04-25 21:03:39,437 - INFO - Processing BDCrossOver-20EA_01_standard.set
2025-04-25 21:03:39,442 - INFO - Processing BIG-DOG_01_standard.set
2025-04-25 21:03:39,445 - INFO - Processing Bill-Williams_01_standard.set
2025-04-25 21:03:39,450 - INFO - Processing Bollinger-Band-Two-MA-and-Zig-Zag_01_standard.set
2025-04-25 21:03:39,458 - INFO - Processing Bollinger-Bands-N-positions_01_standard.set
2025-04-25 21:03:39,464 - INFO - Processing Bollinger-Bands-RSI_01_standard.set
2025-04-25 21:03:39,468 - INFO - Processing bollinger_01_standard.set
2025-04-25 21:03:39,471 - INFO - Processing Brakeout-Trader_01_standard.set
2025-04-25 21:03:39,473 - INFO - Processing Brandy_01_standard.set
2025-04-25 21:03:39,476 - INFO - Processing Breadandbutter2_01_standard.set
2025-04-25 21:03:39,479 - INFO - Processing Breakdown-catcher_01_standard.set
2025-04-25 21:03:39,482 - INFO - Processing breakdown_01_standard.set
2025-04-25 21:03:39,484 - INFO - Processing Breakout-Str_01_standard.set
2025-04-25 21:03:39,488 - INFO - Processing Bronze-Warrioir_01_standard.set
2025-04-25 21:03:39,491 - INFO - Processing Bruno_01_standard.set
2025-04-25 21:03:39,493 - INFO - Processing BSS-1-0_01_standard.set
2025-04-25 21:03:39,496 - INFO - Processing Bullish-and-Bearish-Engulfing_01_standard.set
2025-04-25 21:03:39,499 - INFO - Processing Burg-Extrapolator_01_standard.set
2025-04-25 21:03:39,502 - INFO - Processing BykovTrend-EA_01_standard.set
2025-04-25 21:03:39,508 - INFO - Processing Calculate-lotsize-and-Trailling-stop_01_standard.set
2025-04-25 21:03:39,511 - INFO - Processing candlepatternsexample_01_standard.set
2025-04-25 21:03:39,517 - INFO - Processing Candle_01_standard.set
2025-04-25 21:03:39,519 - INFO - Processing Carbophos_01_standard.set
2025-04-25 21:03:39,521 - INFO - Processing CashMachine-5min_01_standard.set
2025-04-25 21:03:39,524 - INFO - Processing CCI-MACD-Scalper_01_standard.set
2025-04-25 21:03:39,526 - INFO - Processing Cidomo_01_standard.set
2025-04-25 21:03:39,529 - INFO - Processing CloseAgent_01_standard.set
2025-04-25 21:03:39,532 - INFO - Processing CloseProfit_01_standard.set
2025-04-25 21:03:39,534 - INFO - Processing cloud's-trade-2_01_standard.set
2025-04-25 21:03:39,538 - INFO - Processing CLOUD_01_standard.set
2025-04-25 21:03:39,540 - INFO - Processing Constituents-EA_01_standard.set
2025-04-25 21:03:39,542 - INFO - Processing Contrarian-trade-MA_01_standard.set
2025-04-25 21:03:39,545 - INFO - Processing Crossing-Moving-Average_01_standard.set
2025-04-25 21:03:39,549 - INFO - Processing CrossMA_01_standard.set
2025-04-25 21:03:39,552 - INFO - Processing Currencyprofits-01.1_01_standard.set
2025-04-25 21:03:39,555 - INFO - Processing Daily-20reversal-20-20EA_01_standard.set
2025-04-25 21:03:39,559 - INFO - Processing Daily-BreakPoint_01_standard.set
2025-04-25 21:03:39,562 - INFO - Processing Daily-Open-EA_01_standard.set
2025-04-25 21:03:39,566 - INFO - Processing Daily-range_01_standard.set
2025-04-25 21:03:39,569 - INFO - Processing Day-Trading-PAMXA_01_standard.set
2025-04-25 21:03:39,571 - INFO - Processing Daydream_01_standard.set
2025-04-25 21:03:39,574 - INFO - Processing DayTrading_01_standard.set
2025-04-25 21:03:39,576 - INFO - Processing Dealers-Trade-v-7.74-MACD_01_standard.set
2025-04-25 21:03:39,580 - INFO - Processing Deep-Drawdown-MA_01_standard.set
2025-04-25 21:03:39,583 - INFO - Processing DeMarker-gaining-position-volume-2_01_standard.set
2025-04-25 21:03:39,587 - INFO - Processing DeMarker-gaining-position-volume_01_standard.set
2025-04-25 21:03:39,590 - INFO - Processing DeMarker-Pending-2-5_01_standard.set
2025-04-25 21:03:39,594 - INFO - Processing DeMarker-Pending-2_01_standard.set
2025-04-25 21:03:39,599 - INFO - Processing DeMarker-Pending_01_standard.set
2025-04-25 21:03:39,603 - INFO - Processing Dematus_01_standard.set
2025-04-25 21:03:39,606 - INFO - Processing Divergence-20for-20many-20indicator_01_standard.set
2025-04-25 21:03:39,608 - INFO - Processing Divergence-EA_01_standard.set
2025-04-25 21:03:39,614 - INFO - Processing Doji-Arrows_01_standard.set
2025-04-25 21:03:39,616 - INFO - Processing DojiTrader_01_standard.set
2025-04-25 21:03:39,619 - INFO - Processing Donchian-Chanel-EA_01_standard.set
2025-04-25 21:03:39,624 - INFO - Processing DoubleHullMA-EA_01_standard.set
2025-04-25 21:03:39,629 - INFO - Processing DoubleHullMA_01_standard.set
2025-04-25 21:03:39,632 - INFO - Processing DoubleMA-Crossover-EA_01_standard.set
2025-04-25 21:03:39,635 - INFO - Processing Doubler_01_standard.set
2025-04-25 21:03:39,638 - INFO - Processing dummy_01_standard.set
2025-04-25 21:03:39,640 - INFO - Processing Dynamic-averaging_01_standard.set
2025-04-25 21:03:39,643 - INFO - Processing e-Breakeven_01_standard.set
2025-04-25 21:03:39,646 - INFO - Processing E-Friday_01_standard.set
2025-04-25 21:03:39,649 - INFO - Processing E-Skoch-Open_01_standard.set
2025-04-25 21:03:39,652 - INFO - Processing e-Skoch-pending-orders_01_standard.set
2025-04-25 21:03:39,655 - INFO - Processing e-Smart-Trailing_01_standard.set
2025-04-25 21:03:39,657 - INFO - Processing e-TurboFx_01_standard.set
2025-04-25 21:03:39,660 - INFO - Processing EA-Close_01_standard.set
2025-04-25 21:03:39,664 - INFO - Processing EA-MA-Stoch-RSI_01_standard.set
2025-04-25 21:03:39,670 - INFO - Processing EA-Moving-Average_01_standard.set
2025-04-25 21:03:39,674 - INFO - Processing Elite-eFibo-Trader_01_standard.set
2025-04-25 21:03:39,677 - INFO - Processing EMA-6.12_01_standard.set
2025-04-25 21:03:39,679 - INFO - Processing EMA-CROSS_01_standard.set
2025-04-25 21:03:39,682 - INFO - Processing EMA-LWMA-RSI_01_standard.set
2025-04-25 21:03:39,684 - INFO - Processing EMA-RSI-EA_01_standard.set
2025-04-25 21:03:39,688 - INFO - Processing EMA-WMA_01_standard.set
2025-04-25 21:03:39,691 - INFO - Processing EMA_01_standard.set
2025-04-25 21:03:39,693 - INFO - Processing Eugene_01_standard.set
2025-04-25 21:03:39,695 - INFO - Processing eur-usd-m5_01_standard.set
2025-04-25 21:03:39,697 - INFO - Processing EURUSD-breakout_01_standard.set
2025-04-25 21:03:39,699 - INFO - Processing Executer-AC_01_standard.set
2025-04-25 21:03:39,702 - INFO - Processing Executor-AO_01_standard.set
2025-04-25 21:03:39,704 - INFO - Processing Executor-Candles_01_standard.set
2025-04-25 21:03:39,707 - INFO - Processing exp-Amstell_01_standard.set
2025-04-25 21:03:39,709 - INFO - Processing Expert-NEWS_01_standard.set
2025-04-25 21:03:39,712 - INFO - Processing Expert-RSI-Stochastic-MA_01_standard.set
2025-04-25 21:03:39,715 - INFO - Processing ExtremePrice-EA_01_standard.set
2025-04-25 21:03:39,719 - INFO - Processing FiboRetracement-20EA_01_standard.set
2025-04-25 21:03:39,723 - INFO - Processing Firebird_01_standard.set
2025-04-25 21:03:39,726 - INFO - Processing Firestorm-EA_01_standard.set
2025-04-25 21:03:39,732 - INFO - Processing Firestorm-indicator_01_standard.set
2025-04-25 21:03:39,735 - INFO - Processing Fluctuate_01_standard.set
2025-04-25 21:03:39,738 - INFO - Processing Forex-Fraus-M1_01_standard.set
2025-04-25 21:03:39,740 - INFO - Processing Forex-Profit_01_standard.set
2025-04-25 21:03:39,743 - INFO - Processing Fractals-minimum-distance_01_standard.set
2025-04-25 21:03:39,746 - INFO - Processing Fraktrak-xonax_01_standard.set
2025-04-25 21:03:39,748 - INFO - Processing Frank-Ud_01_standard.set
2025-04-25 21:03:39,750 - INFO - Processing FT-CCI_01_standard.set
2025-04-25 21:03:39,752 - INFO - Processing Fuzzy-logic_01_standard.set
2025-04-25 21:03:39,755 - INFO - Processing GalacticExplosion_01_standard.set
2025-04-25 21:03:39,757 - INFO - Processing Gandalf-PRO_01_standard.set
2025-04-25 21:03:39,760 - INFO - Processing Gap-DM_01_standard.set
2025-04-25 21:03:39,762 - INFO - Processing GAP-EA_01_standard.set
2025-04-25 21:03:39,766 - INFO - Processing Gaps_01_standard.set
2025-04-25 21:03:39,768 - INFO - Processing GBP9AM_01_standard.set
2025-04-25 21:03:39,771 - INFO - Processing GbpChf_01_standard.set
2025-04-25 21:03:39,773 - INFO - Processing Gold-Dust_01_standard.set
2025-04-25 21:03:39,784 - INFO - Processing GO_01_standard.set
2025-04-25 21:03:39,787 - INFO - Processing GreenTrade_01_standard.set
2025-04-25 21:03:39,789 - INFO - Processing Grid-Martingale_01_standard.set
2025-04-25 21:03:39,793 - INFO - Processing GridEA_01_standard.set
2025-04-25 21:03:39,797 - INFO - Processing Grid_01_standard.set
2025-04-25 21:03:39,800 - INFO - Processing HarVesteR_01_standard.set
2025-04-25 21:03:39,803 - INFO - Processing HedgeEA_01_standard.set
2025-04-25 21:03:39,805 - INFO - Processing hedger_01_standard.set
2025-04-25 21:03:39,807 - INFO - Processing Hedging-EA_01_standard.set
2025-04-25 21:03:39,812 - INFO - Processing Heiken-Ashi-Smoothed-EA-with-MA_01_standard.set
2025-04-25 21:03:39,817 - INFO - Processing Heiken-Ashi-Smoothed-EA_01_standard.set
2025-04-25 21:03:39,823 - INFO - Processing heiken-ashi-smoothedLine_01_standard.set
2025-04-25 21:03:39,825 - INFO - Processing heiken-ashi-smoothed_01_standard.set
2025-04-25 21:03:39,827 - INFO - Processing HeikenAshi-Lines-EA_01_standard.set
2025-04-25 21:03:39,833 - INFO - Processing HeikenAshi-Lines_01_standard.set
2025-04-25 21:03:39,835 - INFO - Processing Heinken-Ashi-Color-Candles_01_standard.set
2025-04-25 21:03:39,838 - INFO - Processing HelloSmart_01_standard.set
2025-04-25 21:03:39,840 - INFO - Processing High-Low-EA_01_standard.set
2025-04-25 21:03:39,845 - INFO - Processing High-Low-Indicator_01_standard.set
2025-04-25 21:03:39,847 - INFO - Processing Hoop-master-2_01_standard.set
2025-04-25 21:03:39,849 - INFO - Processing iCCI-iMA_01_standard.set
2025-04-25 21:03:39,852 - INFO - Processing ICH-With-Alert-Derekers-EA_01_standard.set
2025-04-25 21:03:39,856 - INFO - Processing ICH-With-Alert-Derekers_01_standard.set
2025-04-25 21:03:39,858 - INFO - Processing ichimok2005_01_standard.set
2025-04-25 21:03:39,861 - INFO - Processing Ichimoku-20Kijun-20Alert_01_standard.set
2025-04-25 21:03:39,864 - INFO - Processing Ichimoku-20Tenkan-20Alert_01_standard.set
2025-04-25 21:03:39,867 - INFO - Processing Ichimoku-Scanner_01_standard.set
2025-04-25 21:03:39,870 - INFO - Processing Ichimoku-Signals-and-Alert_01_standard.set
2025-04-25 21:03:39,873 - INFO - Processing IchimokuMTF-EA_01_standard.set
2025-04-25 21:03:39,877 - INFO - Processing Ichimoku_01_standard.set
2025-04-25 21:03:39,880 - INFO - Processing Ilan-iMA_01_standard.set
2025-04-25 21:03:39,883 - INFO - Processing Ilan1.4_01_standard.set
2025-04-25 21:03:39,886 - INFO - Processing iMA-iStdDev_01_standard.set
2025-04-25 21:03:39,888 - INFO - Processing Indices-Tester_01_standard.set
2025-04-25 21:03:39,891 - INFO - Processing Inka-20Edho-20EA_01_standard.set
2025-04-25 21:03:39,897 - INFO - Processing Intersection-2-iMA_01_standard.set
2025-04-25 21:03:39,899 - INFO - Processing IStochastic-Trading_01_standard.set
2025-04-25 21:03:39,901 - INFO - Processing Ivan_01_standard.set
2025-04-25 21:03:39,903 - INFO - Processing iVIDyA-Simple_01_standard.set
2025-04-25 21:03:39,906 - INFO - Processing Jackpot-Strategy-EA_01_standard.set
2025-04-25 21:03:39,911 - INFO - Processing JackPot-Strategy-Elite_01_standard.set
2025-04-25 21:03:39,913 - INFO - Processing JK-BullP-AutoTrader_01_standard.set
2025-04-25 21:03:39,915 - INFO - Processing JS-Chaos_01_standard.set
2025-04-25 21:03:39,918 - INFO - Processing JS-MA-Day_01_standard.set
2025-04-25 21:03:39,921 - INFO - Processing JS-MA-SAR-Trades_01_standard.set
2025-04-25 21:03:39,923 - INFO - Processing KA-Gold-Bot_01_standard.set
2025-04-25 21:03:39,927 - INFO - Processing Kue-Electric-EA_01_standard.set
2025-04-25 21:03:39,933 - INFO - Processing KueFx-20Arrows_01_standard.set
2025-04-25 21:03:39,935 - INFO - Processing KueFx-20Baseline_01_standard.set
2025-04-25 21:03:39,938 - INFO - Processing KueFx-Arrows-20EA_01_standard.set
2025-04-25 21:03:39,944 - INFO - Processing KueFx-Arrows-EA_01_standard.set
2025-04-25 21:03:39,949 - INFO - Processing KueFx-Arrows_01_standard.set
2025-04-25 21:03:39,951 - INFO - Processing KueFx-Baseline-EA_01_standard.set
2025-04-25 21:03:39,955 - INFO - Processing KueFx-Baseline_01_standard.set
2025-04-25 21:03:39,957 - INFO - Processing KueFx-Clean-2025-EA_01_standard.set
2025-04-25 21:03:39,962 - INFO - Processing KueFx-Extreme-EA_01_standard.set
2025-04-25 21:03:39,967 - INFO - Processing KueFx-Harare-EA_01_standard.set
2025-04-25 21:03:39,972 - INFO - Processing KueFX-Money-Management_01_standard.set
2025-04-25 21:03:39,980 - INFO - Processing KueFx-Motor-EA_01_standard.set
2025-04-25 21:03:39,988 - INFO - Processing KueFx-Motor_01_standard.set
2025-04-25 21:03:39,991 - INFO - Processing KueFx-Trend_01_standard.set
2025-04-25 21:03:39,998 - INFO - Processing KueFxTrend-20EA_01_standard.set
2025-04-25 21:03:40,006 - INFO - Processing KueFxTrend-EA_01_standard.set
2025-04-25 21:03:40,011 - INFO - Processing LarryConnersRSI2_01_standard.set
2025-04-25 21:03:40,014 - INFO - Processing Last-ZZ50_01_standard.set
2025-04-25 21:03:40,017 - INFO - Processing Lavika100_01_standard.set
2025-04-25 21:03:40,020 - INFO - Processing LBS_01_standard.set
2025-04-25 21:03:40,023 - INFO - Processing Lego-EA_01_standard.set
2025-04-25 21:03:40,027 - INFO - Processing Lesson-3-Price-Action_01_standard.set
2025-04-25 21:03:40,030 - INFO - Processing Lesson-4-Price-Action-MA-Filter_01_standard.set
2025-04-25 21:03:40,033 - INFO - Processing Lesson-6-Trailling-ATR_01_standard.set
2025-04-25 21:03:40,035 - INFO - Processing Lesson-7-Price-action-Ket-hop-Volume-VSA_01_standard.set
2025-04-25 21:03:40,038 - INFO - Processing Little-EA_01_standard.set
2025-04-25 21:03:40,040 - INFO - Processing Locker_01_standard.set
2025-04-25 21:03:40,042 - INFO - Processing Lock_01_standard.set
2025-04-25 21:03:40,045 - INFO - Processing Lucky_01_standard.set
2025-04-25 21:03:40,047 - INFO - Processing MA-20Alert_01_standard.set
2025-04-25 21:03:40,049 - INFO - Processing MA-20AO-20Arrow_01_standard.set
2025-04-25 21:03:40,052 - INFO - Processing MA-AO-EA_01_standard.set
2025-04-25 21:03:40,056 - INFO - Processing ma-channels_01_standard.set
2025-04-25 21:03:40,058 - INFO - Processing MA-Cross_01_standard.set
2025-04-25 21:03:40,061 - INFO - Processing MA-Envelopes_01_standard.set
2025-04-25 21:03:40,064 - INFO - Processing MA-MACD-Position-averaging_01_standard.set
2025-04-25 21:03:40,067 - INFO - Processing MA-Trend_01_standard.set
2025-04-25 21:03:40,070 - INFO - Processing MA2CCI_01_standard.set
2025-04-25 21:03:40,073 - INFO - Processing MACD-and-SAR_01_standard.set
2025-04-25 21:03:40,076 - INFO - Processing MACD-Cleaner_01_standard.set
2025-04-25 21:03:40,079 - INFO - Processing MACD-EA-H4_01_standard.set
2025-04-25 21:03:40,084 - INFO - Processing MACD-No-Sample_01_standard.set
2025-04-25 21:03:40,087 - INFO - Processing MACD-signal_01_standard.set
2025-04-25 21:03:40,089 - INFO - Processing MACD-Stochastic-2_01_standard.set
2025-04-25 21:03:40,092 - INFO - Processing MACD-Stochastic_01_standard.set
2025-04-25 21:03:40,096 - INFO - Processing MACDCCI_01_standard.set
2025-04-25 21:03:40,098 - INFO - Processing MacdPatternTraderAll0.01_01_standard.set
2025-04-25 21:03:40,103 - INFO - Processing MacdPatternTraderAll_01_standard.set
2025-04-25 21:03:40,108 - INFO - Processing MACD_01_standard.set
2025-04-25 21:03:40,110 - INFO - Processing MAGrid_01_standard.set
2025-04-25 21:03:40,112 - INFO - Processing MAMACD_01_standard.set
2025-04-25 21:03:40,115 - INFO - Processing Market-Capture_01_standard.set
2025-04-25 21:03:40,117 - INFO - Processing Martin-1_01_standard.set
2025-04-25 21:03:40,121 - INFO - Processing Martin-for-small-deposits_01_standard.set
2025-04-25 21:03:40,123 - INFO - Processing MartingailExpert_01_standard.set
2025-04-25 21:03:40,126 - INFO - Processing MartinGaleBreakout_01_standard.set
2025-04-25 21:03:40,128 - INFO - Processing Martin_01_standard.set
2025-04-25 21:03:40,131 - INFO - Processing Marubozu-EA_01_standard.set
2025-04-25 21:03:40,135 - INFO - Processing Marubozu_01_standard.set
2025-04-25 21:03:40,137 - INFO - Processing MelBar-EuSwiss-1.85_01_standard.set
2025-04-25 21:03:40,139 - INFO - Processing MelBar™Take325-™-5.5Y-NZD-USD_01_standard.set
2025-04-25 21:03:40,142 - INFO - Processing Mobo-Bands-EA_01_standard.set
2025-04-25 21:03:40,147 - INFO - Processing Mobo-Bands_01_standard.set
2025-04-25 21:03:40,150 - INFO - Processing Modified-Moving-Averages_01_standard.set
2025-04-25 21:03:40,152 - INFO - Processing Momentum-M15_01_standard.set
2025-04-25 21:03:40,155 - INFO - Processing Momo-trades_01_standard.set
2025-04-25 21:03:40,158 - INFO - Processing Money-Fixed-Margin_01_standard.set
2025-04-25 21:03:40,160 - INFO - Processing Money-Fixed-Risk_01_standard.set
2025-04-25 21:03:40,162 - INFO - Processing MoneyRain_01_standard.set
2025-04-25 21:03:40,164 - INFO - Processing Morning-evening-star-EA_01_standard.set
2025-04-25 21:03:40,167 - INFO - Processing MostasHaR15-Pivot_01_standard.set
2025-04-25 21:03:40,170 - INFO - Processing Moving-20average-20and-20ichimoku-20EA_01_standard.set
2025-04-25 21:03:40,173 - INFO - Processing Moving-Average-Trade-System_01_standard.set
2025-04-25 21:03:40,176 - INFO - Processing Moving-Averages_01_standard.set
2025-04-25 21:03:40,178 - INFO - Processing MovingAverageMartinGale_01_standard.set
2025-04-25 21:03:40,180 - INFO - Processing MovingAverage_01_standard.set
2025-04-25 21:03:40,186 - INFO - Processing MQL5-Wizard-MA-RSI_01_standard.set
2025-04-25 21:03:40,189 - INFO - Processing MQL5-Wizard-MACD-Parabolic-SAR_01_standard.set
2025-04-25 21:03:40,192 - INFO - Processing MTC-Сombo_01_standard.set
2025-04-25 21:03:40,197 - INFO - Processing Multi-Stochastic_01_standard.set
2025-04-25 21:03:40,200 - INFO - Processing MultiMartin_01_standard.set
2025-04-25 21:03:40,204 - INFO - Processing MySystem_01_standard.set
2025-04-25 21:03:40,207 - INFO - Processing N-Candles_01_standard.set
2025-04-25 21:03:40,209 - INFO - Processing Nevalyashka-BreakdownLevel_01_standard.set
2025-04-25 21:03:40,212 - INFO - Processing Nevalyashka3-1_01_standard.set
2025-04-25 21:03:40,214 - INFO - Processing Nevalyashka_01_standard.set
2025-04-25 21:03:40,216 - INFO - Processing New-Martin_01_standard.set
2025-04-25 21:03:40,218 - INFO - Processing New-Random_01_standard.set
2025-04-25 21:03:40,220 - INFO - Processing Nextbar_01_standard.set
2025-04-25 21:03:40,224 - INFO - Processing Night-Flat-Trade_01_standard.set
2025-04-25 21:03:40,226 - INFO - Processing NightScalper_01_standard.set
2025-04-25 21:03:40,231 - INFO - Processing NRTR-Revers_01_standard.set
2025-04-25 21:03:40,233 - INFO - Processing NUp1Down_01_standard.set
2025-04-25 21:03:40,236 - INFO - Processing Open-Candle-EA_01_standard.set
2025-04-25 21:03:40,241 - INFO - Processing Open-Close_01_standard.set
2025-04-25 21:03:40,244 - INFO - Processing Opening-and-ilosing-on-time_01_standard.set
2025-04-25 21:03:40,246 - INFO - Processing Opening-and-Сlosing-on-time_01_standard.set
2025-04-25 21:03:40,249 - INFO - Processing OpenPendingorderAfterPositionGetStopLoss_01_standard.set
2025-04-25 21:03:40,252 - INFO - Processing OpenTicks_01_standard.set
2025-04-25 21:03:40,254 - INFO - Processing ORB-EA-BOX_01_standard.set
2025-04-25 21:03:40,259 - INFO - Processing OsMaSter_01_standard.set
2025-04-25 21:03:40,262 - INFO - Processing OTT-20AND-20PRICE-20CROSS-20EA_01_standard.set
2025-04-25 21:03:40,266 - INFO - Processing OverHedge_01_standard.set
2025-04-25 21:03:40,269 - INFO - Processing OzFx_01_standard.set
2025-04-25 21:03:40,272 - INFO - Processing Parabolic-SAR_01_standard.set
2025-04-25 21:03:40,274 - INFO - Processing PARSI-EA_01_standard.set
2025-04-25 21:03:40,278 - INFO - Processing Peceptron-Mult_01_standard.set
2025-04-25 21:03:40,281 - INFO - Processing Pending-orders-by-time-2_01_standard.set
2025-04-25 21:03:40,284 - INFO - Processing Pending-orders-by-time_01_standard.set
2025-04-25 21:03:40,287 - INFO - Processing Pendulum_01_standard.set
2025-04-25 21:03:40,289 - INFO - Processing Pinball-machine_01_standard.set
2025-04-25 21:03:40,291 - INFO - Processing Pinbar-Magic-EA_01_standard.set
2025-04-25 21:03:40,296 - INFO - Processing PinBar-Magic-Indicator_01_standard.set
2025-04-25 21:03:40,299 - INFO - Processing Pipsover_01_standard.set
2025-04-25 21:03:40,301 - INFO - Processing Plan-X_01_standard.set
2025-04-25 21:03:40,305 - INFO - Processing Plateau_01_standard.set
2025-04-25 21:03:40,308 - INFO - Processing Poker-SHOW_01_standard.set
2025-04-25 21:03:40,311 - INFO - Processing Precipice-MartIn_01_standard.set
2025-04-25 21:03:40,314 - INFO - Processing Precipice_01_standard.set
2025-04-25 21:03:40,316 - INFO - Processing Probe_01_standard.set
2025-04-25 21:03:40,318 - INFO - Processing Proffessor_01_standard.set
2025-04-25 21:03:40,321 - INFO - Processing PropFirmHelper_01_standard.set
2025-04-25 21:03:40,324 - INFO - Processing PROphet_01_standard.set
2025-04-25 21:03:40,326 - INFO - Processing Puria-method_01_standard.set
2025-04-25 21:03:40,330 - INFO - Processing Rabbit3_01_standard.set
2025-04-25 21:03:40,333 - INFO - Processing Range-Breakout_01_standard.set
2025-04-25 21:03:40,335 - INFO - Processing Rapid-Doji-EA_01_standard.set
2025-04-25 21:03:40,337 - INFO - Processing Raymond-Cloudy-Day-for-EA_01_standard.set
2025-04-25 21:03:40,340 - INFO - Processing Reflex-EA_01_standard.set
2025-04-25 21:03:40,345 - INFO - Processing REFLEX-INDICATOR_01_standard.set
2025-04-25 21:03:40,347 - INFO - Processing Reflex_01_standard.set
2025-04-25 21:03:40,349 - INFO - Processing Reversing-Martingale_01_standard.set
2025-04-25 21:03:40,351 - INFO - Processing RideAlligator_01_standard.set
2025-04-25 21:03:40,353 - INFO - Processing RNN_01_standard.set
2025-04-25 21:03:40,356 - INFO - Processing Robot-MACD_01_standard.set
2025-04-25 21:03:40,358 - INFO - Processing RobotPowerM5-meta4_01_standard.set
2025-04-25 21:03:40,360 - INFO - Processing Rollback-system_01_standard.set
2025-04-25 21:03:40,363 - INFO - Processing RSI-and-Bollinger-Bands_01_standard.set
2025-04-25 21:03:40,365 - INFO - Processing RSI-Arrow-EA_01_standard.set
2025-04-25 21:03:40,370 - INFO - Processing RSI-Arrow_01_standard.set
2025-04-25 21:03:40,372 - INFO - Processing RSI-EA_01_standard.set
2025-04-25 21:03:40,374 - INFO - Processing RSI-Eraser_01_standard.set
2025-04-25 21:03:40,377 - INFO - Processing RSI-Expert_01_standard.set
2025-04-25 21:03:40,379 - INFO - Processing RSI-Levels_01_standard.set
2025-04-25 21:03:40,381 - INFO - Processing RSI-trader_01_standard.set
2025-04-25 21:03:40,384 - INFO - Processing RSI-Trend-EA_01_standard.set
2025-04-25 21:03:40,389 - INFO - Processing RSI-Trend_01_standard.set
2025-04-25 21:03:40,392 - INFO - Processing RSI-with-channels-EA_01_standard.set
2025-04-25 21:03:40,396 - INFO - Processing RSI-with-channels_01_standard.set
2025-04-25 21:03:40,399 - INFO - Processing Russian20-hp1_01_standard.set
2025-04-25 21:03:40,402 - INFO - Processing SampleCheckPendingOrder_01_standard.set
2025-04-25 21:03:40,405 - INFO - Processing SAR-trading_01_standard.set
2025-04-25 21:03:40,407 - INFO - Processing Secwenta_01_standard.set
2025-04-25 21:03:40,409 - INFO - Processing Sell-Stop_01_standard.set
2025-04-25 21:03:40,412 - INFO - Processing Sensitive_01_standard.set
2025-04-25 21:03:40,414 - INFO - Processing Separate-trade_01_standard.set
2025-04-25 21:03:40,418 - INFO - Processing SilverTrend_01_standard.set
2025-04-25 21:03:40,420 - INFO - Processing Simple-20Price-20Alert-20-20EA_01_standard.set
2025-04-25 21:03:40,423 - INFO - Processing Simple-20Volume-20EA_01_standard.set
2025-04-25 21:03:40,428 - INFO - Processing Simple-EA-MA-plus-MACD_01_standard.set
2025-04-25 21:03:40,431 - INFO - Processing Simple-FX_01_standard.set
2025-04-25 21:03:40,434 - INFO - Processing Simple-MACD_01_standard.set
2025-04-25 21:03:40,436 - INFO - Processing Simple-Volume-EA_01_standard.set
2025-04-25 21:03:40,442 - INFO - Processing SimplePivot_01_standard.set
2025-04-25 21:03:40,444 - INFO - Processing Simplest-Hedging-EA-ever_01_standard.set
2025-04-25 21:03:40,446 - INFO - Processing SimpleTrade _01_standard.set
2025-04-25 21:03:40,448 - INFO - Processing Six-Soldiers-EA-Grid_01_standard.set
2025-04-25 21:03:40,453 - INFO - Processing Six-Soldiers-EA_01_standard.set
2025-04-25 21:03:40,458 - INFO - Processing Six-Soldiers_01_standard.set
2025-04-25 21:03:40,462 - INFO - Processing Small-Inside-Bar-Strategy_01_standard.set
2025-04-25 21:03:40,465 - INFO - Processing Smart-Machine-20EA_01_standard.set
2025-04-25 21:03:40,472 - INFO - Processing Smoothing-Average_01_standard.set
2025-04-25 21:03:40,475 - INFO - Processing Spasm_01_standard.set
2025-04-25 21:03:40,477 - INFO - Processing ssb5-123_01_standard.set
2025-04-25 21:03:40,480 - INFO - Processing Starter_01_standard.set
2025-04-25 21:03:40,483 - INFO - Processing Steve-Cartwright-Trader-Camel-CCI-MACD_01_standard.set
2025-04-25 21:03:40,485 - INFO - Processing Stoch-EA-1192_01_standard.set
2025-04-25 21:03:40,488 - INFO - Processing Stochastic-20Alert_01_standard.set
2025-04-25 21:03:40,491 - INFO - Processing Stochastic-K-Divergence.lua_01_standard.set
2025-04-25 21:03:40,493 - INFO - Processing stochastic-three-periods_01_standard.set
2025-04-25 21:03:40,496 - INFO - Processing StochasticDiffSign-EA_01_standard.set
2025-04-25 21:03:40,501 - INFO - Processing stochasticdiffsign_01_standard.set
2025-04-25 21:03:40,504 - INFO - Processing StochMA-EA_01_standard.set
2025-04-25 21:03:40,508 - INFO - Processing StochMA_01_standard.set
2025-04-25 21:03:40,511 - INFO - Processing Stoch_01_standard.set
2025-04-25 21:03:40,514 - INFO - Processing Stop-Loss-Take-Profit_01_standard.set
2025-04-25 21:03:40,516 - INFO - Processing StraddleqTrail_01_standard.set
2025-04-25 21:03:40,519 - INFO - Processing Surefirething_01_standard.set
2025-04-25 21:03:40,521 - INFO - Processing TDSGlobal_01_standard.set
2025-04-25 21:03:40,524 - INFO - Processing The-MasterMind-2_01_standard.set
2025-04-25 21:03:40,527 - INFO - Processing The-MasterMind-3_01_standard.set
2025-04-25 21:03:40,529 - INFO - Processing The-MasterMind_01_standard.set
2025-04-25 21:03:40,532 - INFO - Processing The-Puncher_01_standard.set
2025-04-25 21:03:40,535 - INFO - Processing TheClassicTurtleTrader-no-dots-EA_01_standard.set
2025-04-25 21:03:40,540 - INFO - Processing TheClassicTurtleTrader-no-dots_01_standard.set
2025-04-25 21:03:40,544 - INFO - Processing Three-indicators_01_standard.set
2025-04-25 21:03:40,547 - INFO - Processing Three-neural-networks_01_standard.set
2025-04-25 21:03:40,551 - INFO - Processing Three-timeframes_01_standard.set
2025-04-25 21:03:40,555 - INFO - Processing Three-Typical-Candles_01_standard.set
2025-04-25 21:03:40,558 - INFO - Processing Time-sync-forts_01_standard.set
2025-04-25 21:03:40,560 - INFO - Processing timer-trade_01_standard.set
2025-04-25 21:03:40,562 - INFO - Processing TMA-ATR-Channel_01_standard.set
2025-04-25 21:03:40,566 - INFO - Processing TMA-ATR-EA_01_standard.set
2025-04-25 21:03:40,571 - INFO - Processing TMA-CG-EA_01_standard.set
2025-04-25 21:03:40,577 - INFO - Processing TMA-CG-Martingale-20EA_01_standard.set
2025-04-25 21:03:40,585 - INFO - Processing TMA-CG-mladen_01_standard.set
2025-04-25 21:03:40,587 - INFO - Processing TMA-CG-special_01_standard.set
2025-04-25 21:03:40,590 - INFO - Processing TMA-slope-bands_01_standard.set
2025-04-25 21:03:40,594 - INFO - Processing TmaTrue-2.0-with-Distances-6xx_01_standard.set
2025-04-25 21:03:40,597 - INFO - Processing TmaTrue-3.0-with-Distances-6xx_01_standard.set
2025-04-25 21:03:40,600 - INFO - Processing TP-with-money_01_standard.set
2025-04-25 21:03:40,603 - INFO - Processing Trade-in-Channel_01_standard.set
2025-04-25 21:03:40,605 - INFO - Processing Trade-on-qualified-RSI_01_standard.set
2025-04-25 21:03:40,608 - INFO - Processing Trading-Breakout-MrThanhTan_01_standard.set
2025-04-25 21:03:40,611 - INFO - Processing Trend-Trader-Strategy-EA_01_standard.set
2025-04-25 21:03:40,615 - INFO - Processing Trend-Trader-Strategy_01_standard.set
2025-04-25 21:03:40,618 - INFO - Processing Tru-EA_01_standard.set
2025-04-25 21:03:40,624 - INFO - Processing True-Scalper-Profit-Lock_01_standard.set
2025-04-25 21:03:40,627 - INFO - Processing TrueSort-1100_01_standard.set
2025-04-25 21:03:40,630 - INFO - Processing Tunnel-gen4_01_standard.set
2025-04-25 21:03:40,632 - INFO - Processing Tunnel-Method_01_standard.set
2025-04-25 21:03:40,635 - INFO - Processing TurnGrid_01_standard.set
2025-04-25 21:03:40,637 - INFO - Processing Two PerBar _01_standard.set
2025-04-25 21:03:40,639 - INFO - Processing Two-20MA-20RSI-20ADX-20EA_01_standard.set
2025-04-25 21:03:40,643 - INFO - Processing Two-20Orders-20Panel_01_standard.set
2025-04-25 21:03:40,646 - INFO - Processing Two-pending-orders-2_01_standard.set
2025-04-25 21:03:40,650 - INFO - Processing UnityPro_01_standard.set
2025-04-25 21:03:40,652 - INFO - Processing UniversalMACrossEA_01_standard.set
2025-04-25 21:03:40,656 - INFO - Processing UniversalSignalDemo_01_standard.set
2025-04-25 21:03:40,659 - INFO - Processing Universum-3.0_01_standard.set
2025-04-25 21:03:40,682 - INFO - Processing UnNomGuai-20EA_01_standard.set
2025-04-25 21:03:40,701 - INFO - Processing up3x1-Investor_01_standard.set
2025-04-25 21:03:40,707 - INFO - Processing up3x1-premium-M_01_standard.set
2025-04-25 21:03:40,714 - INFO - Processing up3x1_01_standard.set
2025-04-25 21:03:40,718 - INFO - Processing Urdala-Trol_01_standard.set
2025-04-25 21:03:40,720 - INFO - Processing Very-Blonde-System_01_standard.set
2025-04-25 21:03:40,724 - INFO - Processing Virtual-Trailing-Stop_01_standard.set
2025-04-25 21:03:40,726 - INFO - Processing VLT-TRADER_01_standard.set
2025-04-25 21:03:40,731 - INFO - Processing Volume-trader_01_standard.set
2025-04-25 21:03:40,739 - INFO - Processing Vortex-Indicator-System_01_standard.set
2025-04-25 21:03:40,742 - INFO - Processing VR-Overturn_01_standard.set
2025-04-25 21:03:40,745 - INFO - Processing VR-ZVER-v.2_01_standard.set
2025-04-25 21:03:40,750 - INFO - Processing VR-ZVER_01_standard.set
2025-04-25 21:03:40,754 - INFO - Processing VZO_01_standard.set
2025-04-25 21:03:40,756 - INFO - Processing Waddah-Attar-Win_01_standard.set
2025-04-25 21:03:40,759 - INFO - Processing WE-TRUST_01_standard.set
2025-04-25 21:03:40,762 - INFO - Processing X-RSIOMA_01_standard.set
2025-04-25 21:03:40,766 - INFO - Processing Yesterday-Today_01_standard.set
