2025-04-25 14:56:27,214 - INFO - Processing 10-pips-EURUSD_01_standard.set
2025-04-25 14:56:27,229 - INFO - Processing 10-pips_01_standard.set
2025-04-25 14:56:27,235 - INFO - Processing 1H-EUR-USD_01_standard.set
2025-04-25 14:56:27,241 - INFO - Processing 20011201-GBPUSD-M1_01_standard.set
2025-04-25 14:56:27,247 - INFO - Processing 21hour_01_standard.set
2025-04-25 14:56:27,252 - INFO - Processing 2HR-HL_01_standard.set
2025-04-25 14:56:27,261 - INFO - Processing 2MA-4Level_01_standard.set
2025-04-25 14:56:27,266 - INFO - Processing 2MA-Bunny-Cross_01_standard.set
2025-04-25 14:56:27,272 - INFO - Processing 3-bars-high-low-indicator_01_standard.set
2025-04-25 14:56:27,276 - INFO - Processing 35-Pip-Scalper_01_standard.set
2025-04-25 14:56:27,281 - INFO - Processing 3BarsHighLowEA_01_standard.set
2025-04-25 14:56:27,291 - INFO - Processing 3sma_01_standard.set
2025-04-25 14:56:27,297 - INFO - Processing 500_01_standard.set
2025-04-25 14:56:27,303 - INFO - Processing 55-MA_01_standard.set
2025-04-25 14:56:27,308 - INFO - Processing Above-Below-MA_01_standard.set
2025-04-25 14:56:27,313 - INFO - Processing Absorption_01_standard.set
2025-04-25 14:56:27,318 - INFO - Processing ADX-MACD-Deev_01_standard.set
2025-04-25 14:56:27,325 - INFO - Processing ADX-MA_01_standard.set
2025-04-25 14:56:27,330 - INFO - Processing ADX-System_01_standard.set
2025-04-25 14:56:27,335 - INFO - Processing AIS1_01_standard.set
2025-04-25 14:56:27,339 - INFO - Processing Alexav-D1-Profit-GBPUSD_01_standard.set
2025-04-25 14:56:27,345 - INFO - Processing All-Average-Ea_01_standard.set
2025-04-25 14:56:27,351 - INFO - Processing Alligator-Simple_01_standard.set
2025-04-25 14:56:27,356 - INFO - Processing Alligator_01_standard.set
2025-04-25 14:56:27,361 - INFO - Processing Altarius-RSI-Stohastic_01_standard.set
2025-04-25 14:56:27,365 - INFO - Processing AMA-Trader-2_01_standard.set
2025-04-25 14:56:27,373 - INFO - Processing AMA-Trader_01_standard.set
2025-04-25 14:56:27,379 - INFO - Processing AO-Lightning_01_standard.set
2025-04-25 14:56:27,384 - INFO - Processing AOCCI_01_standard.set
2025-04-25 14:56:27,390 - INFO - Processing Arbitrage_01_standard.set
2025-04-25 14:56:27,394 - INFO - Processing ArbSint_01_standard.set
2025-04-25 14:56:27,399 - INFO - Processing Area-MACD_01_standard.set
2025-04-25 14:56:27,404 - INFO - Processing Artificial-Intelligence_01_standard.set
2025-04-25 14:56:27,409 - INFO - Processing At-random-Full_01_standard.set
2025-04-25 14:56:27,417 - INFO - Processing At-random_01_standard.set
2025-04-25 14:56:27,422 - INFO - Processing Auto-ADX_01_standard.set
2025-04-25 14:56:27,428 - INFO - Processing Auto-Pivot-Plotter-28Mid-Levels-29-41_01_standard.set
2025-04-25 14:56:27,433 - INFO - Processing AutoLock-EA_01_standard.set
2025-04-25 14:56:27,444 - INFO - Processing Autotrader-Momentum_01_standard.set
2025-04-25 14:56:27,450 - INFO - Processing Avalanche-AV_01_standard.set
2025-04-25 14:56:27,454 - INFO - Processing Backbone_01_standard.set
2025-04-25 14:56:27,459 - INFO - Processing BADX_01_standard.set
2025-04-25 14:56:27,464 - INFO - Processing Bago-EA_01_standard.set
2025-04-25 14:56:27,470 - INFO - Processing BalancedScalper-20EA_01_standard.set
2025-04-25 14:56:27,478 - INFO - Processing Bands-2_01_standard.set
2025-04-25 14:56:27,485 - INFO - Processing BARS-Alligator_01_standard.set
2025-04-25 14:56:27,491 - INFO - Processing Basic-CCI-RSI_01_standard.set
2025-04-25 14:56:27,496 - INFO - Processing Basic-Martingale-EA-3_01_standard.set
2025-04-25 14:56:27,502 - INFO - Processing BBPercentile-EA_01_standard.set
2025-04-25 14:56:27,514 - INFO - Processing BBPercentile_01_standard.set
2025-04-25 14:56:27,520 - INFO - Processing BDCrossOver-20EA_01_standard.set
2025-04-25 14:56:27,530 - INFO - Processing BIG-DOG_01_standard.set
2025-04-25 14:56:27,536 - INFO - Processing Bill-Williams_01_standard.set
2025-04-25 14:56:27,543 - INFO - Processing Bollinger-Band-Two-MA-and-Zig-Zag_01_standard.set
2025-04-25 14:56:27,551 - INFO - Processing Bollinger-Bands-N-positions_01_standard.set
2025-04-25 14:56:27,557 - INFO - Processing Bollinger-Bands-RSI_01_standard.set
2025-04-25 14:56:27,562 - INFO - Processing bollinger_01_standard.set
2025-04-25 14:56:27,568 - INFO - Processing Brakeout-Trader_01_standard.set
2025-04-25 14:56:27,574 - INFO - Processing Brandy_01_standard.set
2025-04-25 14:56:27,580 - INFO - Processing Breadandbutter2_01_standard.set
2025-04-25 14:56:27,585 - INFO - Processing Breakdown-catcher_01_standard.set
2025-04-25 14:56:27,591 - INFO - Processing breakdown_01_standard.set
2025-04-25 14:56:27,596 - INFO - Processing Breakout-Str_01_standard.set
2025-04-25 14:56:27,607 - INFO - Processing Bronze-Warrioir_01_standard.set
2025-04-25 14:56:27,613 - INFO - Processing Bruno_01_standard.set
2025-04-25 14:56:27,617 - INFO - Processing BSS-1-0_01_standard.set
2025-04-25 14:56:27,624 - INFO - Processing Bullish-and-Bearish-Engulfing_01_standard.set
2025-04-25 14:56:27,629 - INFO - Processing Burg-Extrapolator_01_standard.set
2025-04-25 14:56:27,634 - INFO - Processing BykovTrend-EA_01_standard.set
2025-04-25 14:56:27,645 - INFO - Processing Calculate-lotsize-and-Trailling-stop_01_standard.set
2025-04-25 14:56:27,651 - INFO - Processing candlepatternsexample_01_standard.set
2025-04-25 14:56:27,665 - INFO - Processing Candle_01_standard.set
2025-04-25 14:56:27,670 - INFO - Processing Carbophos_01_standard.set
2025-04-25 14:56:27,675 - INFO - Processing CashMachine-5min_01_standard.set
2025-04-25 14:56:27,682 - INFO - Processing CCI-MACD-Scalper_01_standard.set
2025-04-25 14:56:27,687 - INFO - Processing Cidomo_01_standard.set
2025-04-25 14:56:27,693 - INFO - Processing CloseAgent_01_standard.set
2025-04-25 14:56:27,697 - INFO - Processing CloseProfit_01_standard.set
2025-04-25 14:56:27,702 - INFO - Processing cloud's-trade-2_01_standard.set
2025-04-25 14:56:27,709 - INFO - Processing CLOUD_01_standard.set
2025-04-25 14:56:27,715 - INFO - Processing Constituents-EA_01_standard.set
2025-04-25 14:56:27,721 - INFO - Processing Contrarian-trade-MA_01_standard.set
2025-04-25 14:56:27,728 - INFO - Processing Crossing-Moving-Average_01_standard.set
2025-04-25 14:56:27,737 - INFO - Processing CrossMA_01_standard.set
2025-04-25 14:56:27,744 - INFO - Processing Currencyprofits-01.1_01_standard.set
2025-04-25 14:56:27,751 - INFO - Processing Daily-20reversal-20-20EA_01_standard.set
2025-04-25 14:56:27,760 - INFO - Processing Daily-BreakPoint_01_standard.set
2025-04-25 14:56:27,768 - INFO - Processing Daily-Open-EA_01_standard.set
2025-04-25 14:56:27,781 - INFO - Processing Daily-range_01_standard.set
2025-04-25 14:56:27,788 - INFO - Processing Day-Trading-PAMXA_01_standard.set
2025-04-25 14:56:27,795 - INFO - Processing Daydream_01_standard.set
2025-04-25 14:56:27,801 - INFO - Processing DayTrading_01_standard.set
2025-04-25 14:56:27,806 - INFO - Processing Dealers-Trade-v-7.74-MACD_01_standard.set
2025-04-25 14:56:27,812 - INFO - Processing Deep-Drawdown-MA_01_standard.set
2025-04-25 14:56:27,818 - INFO - Processing DeMarker-gaining-position-volume-2_01_standard.set
2025-04-25 14:56:27,825 - INFO - Processing DeMarker-gaining-position-volume_01_standard.set
2025-04-25 14:56:27,842 - INFO - Processing DeMarker-Pending-2-5_01_standard.set
2025-04-25 14:56:27,869 - INFO - Processing DeMarker-Pending-2_01_standard.set
2025-04-25 14:56:27,880 - INFO - Processing DeMarker-Pending_01_standard.set
2025-04-25 14:56:27,889 - INFO - Processing Dematus_01_standard.set
2025-04-25 14:56:27,901 - INFO - Processing Divergence-20for-20many-20indicator_01_standard.set
2025-04-25 14:56:27,938 - INFO - Processing Divergence-EA_01_standard.set
2025-04-25 14:56:27,956 - INFO - Processing Doji-Arrows_01_standard.set
2025-04-25 14:56:27,961 - INFO - Processing DojiTrader_01_standard.set
2025-04-25 14:56:27,967 - INFO - Processing Donchian-Chanel-EA_01_standard.set
2025-04-25 14:56:27,978 - INFO - Processing DoubleHullMA-EA_01_standard.set
2025-04-25 14:56:27,989 - INFO - Processing DoubleHullMA_01_standard.set
2025-04-25 14:56:28,001 - INFO - Processing DoubleMA-Crossover-EA_01_standard.set
2025-04-25 14:56:28,009 - INFO - Processing Doubler_01_standard.set
2025-04-25 14:56:28,014 - INFO - Processing dummy_01_standard.set
2025-04-25 14:56:28,019 - INFO - Processing Dynamic-averaging_01_standard.set
2025-04-25 14:56:28,025 - INFO - Processing e-Breakeven_01_standard.set
2025-04-25 14:56:28,030 - INFO - Processing E-Friday_01_standard.set
2025-04-25 14:56:28,034 - INFO - Processing E-Skoch-Open_01_standard.set
2025-04-25 14:56:28,040 - INFO - Processing e-Skoch-pending-orders_01_standard.set
2025-04-25 14:56:28,046 - INFO - Processing e-Smart-Trailing_01_standard.set
2025-04-25 14:56:28,050 - INFO - Processing e-TurboFx_01_standard.set
2025-04-25 14:56:28,055 - INFO - Processing EA-Close_01_standard.set
2025-04-25 14:56:28,071 - INFO - Processing EA-MA-Stoch-RSI_01_standard.set
2025-04-25 14:56:28,084 - INFO - Processing EA-Moving-Average_01_standard.set
2025-04-25 14:56:28,092 - INFO - Processing Elite-eFibo-Trader_01_standard.set
2025-04-25 14:56:28,099 - INFO - Processing EMA-6.12_01_standard.set
2025-04-25 14:56:28,104 - INFO - Processing EMA-CROSS_01_standard.set
2025-04-25 14:56:28,110 - INFO - Processing EMA-LWMA-RSI_01_standard.set
2025-04-25 14:56:28,116 - INFO - Processing EMA-RSI-EA_01_standard.set
2025-04-25 14:56:28,126 - INFO - Processing EMA-WMA_01_standard.set
2025-04-25 14:56:28,131 - INFO - Processing EMA_01_standard.set
2025-04-25 14:56:28,137 - INFO - Processing Eugene_01_standard.set
2025-04-25 14:56:28,141 - INFO - Processing eur-usd-m5_01_standard.set
2025-04-25 14:56:28,146 - INFO - Processing EURUSD-breakout_01_standard.set
2025-04-25 14:56:28,152 - INFO - Processing Executer-AC_01_standard.set
2025-04-25 14:56:28,158 - INFO - Processing Executor-AO_01_standard.set
2025-04-25 14:56:28,163 - INFO - Processing Executor-Candles_01_standard.set
2025-04-25 14:56:28,169 - INFO - Processing exp-Amstell_01_standard.set
2025-04-25 14:56:28,175 - INFO - Processing Expert-NEWS_01_standard.set
2025-04-25 14:56:28,181 - INFO - Processing Expert-RSI-Stochastic-MA_01_standard.set
2025-04-25 14:56:28,189 - INFO - Processing ExtremePrice-EA_01_standard.set
2025-04-25 14:56:28,199 - INFO - Processing FiboRetracement-20EA_01_standard.set
2025-04-25 14:56:28,210 - INFO - Processing Firebird_01_standard.set
2025-04-25 14:56:28,215 - INFO - Processing Firestorm-EA_01_standard.set
2025-04-25 14:56:28,228 - INFO - Processing Firestorm-indicator_01_standard.set
2025-04-25 14:56:28,234 - INFO - Processing Fluctuate_01_standard.set
2025-04-25 14:56:28,241 - INFO - Processing Forex-Fraus-M1_01_standard.set
2025-04-25 14:56:28,248 - INFO - Processing Forex-Profit_01_standard.set
2025-04-25 14:56:28,253 - INFO - Processing Fractals-minimum-distance_01_standard.set
2025-04-25 14:56:28,259 - INFO - Processing Fraktrak-xonax_01_standard.set
2025-04-25 14:56:28,266 - INFO - Processing Frank-Ud_01_standard.set
2025-04-25 14:56:28,271 - INFO - Processing FT-CCI_01_standard.set
2025-04-25 14:56:28,277 - INFO - Processing Fuzzy-logic_01_standard.set
2025-04-25 14:56:28,286 - INFO - Processing GalacticExplosion_01_standard.set
2025-04-25 14:56:28,291 - INFO - Processing Gandalf-PRO_01_standard.set
2025-04-25 14:56:28,297 - INFO - Processing Gap-DM_01_standard.set
2025-04-25 14:56:28,303 - INFO - Processing GAP-EA_01_standard.set
2025-04-25 14:56:28,310 - INFO - Processing Gaps_01_standard.set
2025-04-25 14:56:28,315 - INFO - Processing GBP9AM_01_standard.set
2025-04-25 14:56:28,321 - INFO - Processing GbpChf_01_standard.set
2025-04-25 14:56:28,325 - INFO - Processing Gold-Dust_01_standard.set
2025-04-25 14:56:28,333 - INFO - Processing GO_01_standard.set
2025-04-25 14:56:28,337 - INFO - Processing GreenTrade_01_standard.set
2025-04-25 14:56:28,344 - INFO - Processing Grid-Martingale_01_standard.set
2025-04-25 14:56:28,356 - INFO - Processing GridEA_01_standard.set
2025-04-25 14:56:28,369 - INFO - Processing Grid_01_standard.set
2025-04-25 14:56:28,374 - INFO - Processing HarVesteR_01_standard.set
2025-04-25 14:56:28,380 - INFO - Processing HedgeEA_01_standard.set
2025-04-25 14:56:28,386 - INFO - Processing hedger_01_standard.set
2025-04-25 14:56:28,391 - INFO - Processing Hedging-EA_01_standard.set
2025-04-25 14:56:28,404 - INFO - Processing Heiken-Ashi-Smoothed-EA-with-MA_01_standard.set
2025-04-25 14:56:28,414 - INFO - Processing Heiken-Ashi-Smoothed-EA_01_standard.set
2025-04-25 14:56:28,425 - INFO - Processing heiken-ashi-smoothedLine_01_standard.set
2025-04-25 14:56:28,429 - INFO - Processing heiken-ashi-smoothed_01_standard.set
2025-04-25 14:56:28,434 - INFO - Processing HeikenAshi-Lines-EA_01_standard.set
2025-04-25 14:56:28,447 - INFO - Processing HeikenAshi-Lines_01_standard.set
2025-04-25 14:56:28,453 - INFO - Processing Heinken-Ashi-Color-Candles_01_standard.set
2025-04-25 14:56:28,459 - INFO - Processing HelloSmart_01_standard.set
2025-04-25 14:56:28,465 - INFO - Processing High-Low-EA_01_standard.set
2025-04-25 14:56:28,477 - INFO - Processing High-Low-Indicator_01_standard.set
2025-04-25 14:56:28,482 - INFO - Processing Hoop-master-2_01_standard.set
2025-04-25 14:56:28,488 - INFO - Processing iCCI-iMA_01_standard.set
2025-04-25 14:56:28,493 - INFO - Processing ICH-With-Alert-Derekers-EA_01_standard.set
2025-04-25 14:56:28,503 - INFO - Processing ICH-With-Alert-Derekers_01_standard.set
2025-04-25 14:56:28,509 - INFO - Processing ichimok2005_01_standard.set
2025-04-25 14:56:28,514 - INFO - Processing Ichimoku-20Kijun-20Alert_01_standard.set
2025-04-25 14:56:28,520 - INFO - Processing Ichimoku-20Tenkan-20Alert_01_standard.set
2025-04-25 14:56:28,526 - INFO - Processing Ichimoku-Scanner_01_standard.set
2025-04-25 14:56:28,535 - INFO - Processing Ichimoku-Signals-and-Alert_01_standard.set
2025-04-25 14:56:28,544 - INFO - Processing IchimokuMTF-EA_01_standard.set
2025-04-25 14:56:28,553 - INFO - Processing Ichimoku_01_standard.set
2025-04-25 14:56:28,560 - INFO - Processing Ilan-iMA_01_standard.set
2025-04-25 14:56:28,566 - INFO - Processing Ilan1.4_01_standard.set
2025-04-25 14:56:28,572 - INFO - Processing iMA-iStdDev_01_standard.set
2025-04-25 14:56:28,579 - INFO - Processing Indices-Tester_01_standard.set
2025-04-25 14:56:28,584 - INFO - Processing Inka-20Edho-20EA_01_standard.set
2025-04-25 14:56:28,598 - INFO - Processing Intersection-2-iMA_01_standard.set
2025-04-25 14:56:28,603 - INFO - Processing IStochastic-Trading_01_standard.set
2025-04-25 14:56:28,608 - INFO - Processing Ivan_01_standard.set
2025-04-25 14:56:28,614 - INFO - Processing iVIDyA-Simple_01_standard.set
2025-04-25 14:56:28,619 - INFO - Processing Jackpot-Strategy-EA_01_standard.set
2025-04-25 14:56:28,632 - INFO - Processing JackPot-Strategy-Elite_01_standard.set
2025-04-25 14:56:28,638 - INFO - Processing JK-BullP-AutoTrader_01_standard.set
2025-04-25 14:56:28,643 - INFO - Processing JS-Chaos_01_standard.set
2025-04-25 14:56:28,648 - INFO - Processing JS-MA-Day_01_standard.set
2025-04-25 14:56:28,654 - INFO - Processing JS-MA-SAR-Trades_01_standard.set
2025-04-25 14:56:28,661 - INFO - Processing KA-Gold-Bot_01_standard.set
2025-04-25 14:56:28,668 - INFO - Processing Kue-Electric-EA_01_standard.set
2025-04-25 14:56:28,678 - INFO - Processing KueFx-20Arrows_01_standard.set
2025-04-25 14:56:28,683 - INFO - Processing KueFx-20Baseline_01_standard.set
2025-04-25 14:56:28,688 - INFO - Processing KueFx-Arrows-20EA_01_standard.set
2025-04-25 14:56:28,700 - INFO - Processing KueFx-Arrows-EA_01_standard.set
2025-04-25 14:56:28,711 - INFO - Processing KueFx-Arrows_01_standard.set
2025-04-25 14:56:28,715 - INFO - Processing KueFx-Baseline-EA_01_standard.set
2025-04-25 14:56:28,724 - INFO - Processing KueFx-Baseline_01_standard.set
2025-04-25 14:56:28,730 - INFO - Processing KueFx-Clean-2025-EA_01_standard.set
2025-04-25 14:56:28,745 - INFO - Processing KueFx-Extreme-EA_01_standard.set
2025-04-25 14:56:28,759 - INFO - Processing KueFx-Harare-EA_01_standard.set
2025-04-25 14:56:28,770 - INFO - Processing KueFX-Money-Management_01_standard.set
2025-04-25 14:56:28,784 - INFO - Processing KueFx-Motor-EA_01_standard.set
2025-04-25 14:56:28,801 - INFO - Processing KueFx-Motor_01_standard.set
2025-04-25 14:56:28,807 - INFO - Processing KueFx-Trend_01_standard.set
2025-04-25 14:56:28,822 - INFO - Processing KueFxTrend-20EA_01_standard.set
2025-04-25 14:56:28,836 - INFO - Processing KueFxTrend-EA_01_standard.set
2025-04-25 14:56:28,849 - INFO - Processing LarryConnersRSI2_01_standard.set
2025-04-25 14:56:28,856 - INFO - Processing Last-ZZ50_01_standard.set
2025-04-25 14:56:28,862 - INFO - Processing Lavika100_01_standard.set
2025-04-25 14:56:28,868 - INFO - Processing LBS_01_standard.set
2025-04-25 14:56:28,876 - INFO - Processing Lego-EA_01_standard.set
2025-04-25 14:56:28,893 - INFO - Processing Lesson-3-Price-Action_01_standard.set
2025-04-25 14:56:28,900 - INFO - Processing Lesson-4-Price-Action-MA-Filter_01_standard.set
2025-04-25 14:56:28,923 - INFO - Processing Lesson-6-Trailling-ATR_01_standard.set
2025-04-25 14:56:28,931 - INFO - Processing Lesson-7-Price-action-Ket-hop-Volume-VSA_01_standard.set
2025-04-25 14:56:28,939 - INFO - Processing Little-EA_01_standard.set
2025-04-25 14:56:28,945 - INFO - Processing Locker_01_standard.set
2025-04-25 14:56:28,952 - INFO - Processing Lock_01_standard.set
2025-04-25 14:56:28,957 - INFO - Processing Lucky_01_standard.set
2025-04-25 14:56:28,963 - INFO - Processing MA-20Alert_01_standard.set
2025-04-25 14:56:28,969 - INFO - Processing MA-20AO-20Arrow_01_standard.set
2025-04-25 14:56:28,977 - INFO - Processing MA-AO-EA_01_standard.set
2025-04-25 14:56:28,992 - INFO - Processing ma-channels_01_standard.set
2025-04-25 14:56:28,998 - INFO - Processing MA-Cross_01_standard.set
2025-04-25 14:56:29,004 - INFO - Processing MA-Envelopes_01_standard.set
2025-04-25 14:56:29,011 - INFO - Processing MA-MACD-Position-averaging_01_standard.set
2025-04-25 14:56:29,017 - INFO - Processing MA-Trend_01_standard.set
2025-04-25 14:56:29,024 - INFO - Processing MA2CCI_01_standard.set
2025-04-25 14:56:29,029 - INFO - Processing MACD-and-SAR_01_standard.set
2025-04-25 14:56:29,034 - INFO - Processing MACD-Cleaner_01_standard.set
2025-04-25 14:56:29,039 - INFO - Processing MACD-EA-H4_01_standard.set
2025-04-25 14:56:29,051 - INFO - Processing MACD-No-Sample_01_standard.set
2025-04-25 14:56:29,055 - INFO - Processing MACD-signal_01_standard.set
2025-04-25 14:56:29,060 - INFO - Processing MACD-Stochastic-2_01_standard.set
2025-04-25 14:56:29,066 - INFO - Processing MACD-Stochastic_01_standard.set
2025-04-25 14:56:29,072 - INFO - Processing MACDCCI_01_standard.set
2025-04-25 14:56:29,078 - INFO - Processing MacdPatternTraderAll0.01_01_standard.set
2025-04-25 14:56:29,089 - INFO - Processing MacdPatternTraderAll_01_standard.set
2025-04-25 14:56:29,099 - INFO - Processing MACD_01_standard.set
2025-04-25 14:56:29,103 - INFO - Processing MAGrid_01_standard.set
2025-04-25 14:56:29,109 - INFO - Processing MAMACD_01_standard.set
2025-04-25 14:56:29,114 - INFO - Processing Market-Capture_01_standard.set
2025-04-25 14:56:29,120 - INFO - Processing Martin-1_01_standard.set
2025-04-25 14:56:29,125 - INFO - Processing Martin-for-small-deposits_01_standard.set
2025-04-25 14:56:29,130 - INFO - Processing MartingailExpert_01_standard.set
2025-04-25 14:56:29,135 - INFO - Processing MartinGaleBreakout_01_standard.set
2025-04-25 14:56:29,140 - INFO - Processing Martin_01_standard.set
2025-04-25 14:56:29,144 - INFO - Processing Marubozu-EA_01_standard.set
2025-04-25 14:56:29,152 - INFO - Processing Marubozu_01_standard.set
2025-04-25 14:56:29,157 - INFO - Processing MelBar-EuSwiss-1.85_01_standard.set
2025-04-25 14:56:29,162 - INFO - Processing MelBar™Take325-™-5.5Y-NZD-USD_01_standard.set
2025-04-25 14:56:29,166 - INFO - Processing Mobo-Bands-EA_01_standard.set
2025-04-25 14:56:29,176 - INFO - Processing Mobo-Bands_01_standard.set
2025-04-25 14:56:29,180 - INFO - Processing Modified-Moving-Averages_01_standard.set
2025-04-25 14:56:29,185 - INFO - Processing Momentum-M15_01_standard.set
2025-04-25 14:56:29,190 - INFO - Processing Momo-trades_01_standard.set
2025-04-25 14:56:29,197 - INFO - Processing Money-Fixed-Margin_01_standard.set
2025-04-25 14:56:29,202 - INFO - Processing Money-Fixed-Risk_01_standard.set
2025-04-25 14:56:29,207 - INFO - Processing MoneyRain_01_standard.set
2025-04-25 14:56:29,212 - INFO - Processing Morning-evening-star-EA_01_standard.set
2025-04-25 14:56:29,220 - INFO - Processing MostasHaR15-Pivot_01_standard.set
2025-04-25 14:56:29,225 - INFO - Processing Moving-20average-20and-20ichimoku-20EA_01_standard.set
2025-04-25 14:56:29,234 - INFO - Processing Moving-Average-Trade-System_01_standard.set
2025-04-25 14:56:29,238 - INFO - Processing Moving-Averages_01_standard.set
2025-04-25 14:56:29,243 - INFO - Processing MovingAverageMartinGale_01_standard.set
2025-04-25 14:56:29,248 - INFO - Processing MovingAverage_01_standard.set
2025-04-25 14:56:29,255 - INFO - Processing MQL5-Wizard-MA-RSI_01_standard.set
2025-04-25 14:56:29,261 - INFO - Processing MQL5-Wizard-MACD-Parabolic-SAR_01_standard.set
2025-04-25 14:56:29,267 - INFO - Processing MTC-Сombo_01_standard.set
2025-04-25 14:56:29,275 - INFO - Processing Multi-Stochastic_01_standard.set
2025-04-25 14:56:29,281 - INFO - Processing MultiMartin_01_standard.set
2025-04-25 14:56:29,289 - INFO - Processing MySystem_01_standard.set
2025-04-25 14:56:29,294 - INFO - Processing N-Candles_01_standard.set
2025-04-25 14:56:29,299 - INFO - Processing Nevalyashka-BreakdownLevel_01_standard.set
2025-04-25 14:56:29,307 - INFO - Processing Nevalyashka3-1_01_standard.set
2025-04-25 14:56:29,314 - INFO - Processing Nevalyashka_01_standard.set
2025-04-25 14:56:29,329 - INFO - Processing New-Martin_01_standard.set
2025-04-25 14:56:29,334 - INFO - Processing New-Random_01_standard.set
2025-04-25 14:56:29,339 - INFO - Processing Nextbar_01_standard.set
2025-04-25 14:56:29,345 - INFO - Processing Night-Flat-Trade_01_standard.set
2025-04-25 14:56:29,352 - INFO - Processing NightScalper_01_standard.set
2025-04-25 14:56:29,365 - INFO - Processing NRTR-Revers_01_standard.set
2025-04-25 14:56:29,371 - INFO - Processing NUp1Down_01_standard.set
2025-04-25 14:56:29,378 - INFO - Processing Open-Candle-EA_01_standard.set
2025-04-25 14:56:29,395 - INFO - Processing Open-Close_01_standard.set
2025-04-25 14:56:29,401 - INFO - Processing Opening-and-ilosing-on-time_01_standard.set
2025-04-25 14:56:29,407 - INFO - Processing Opening-and-Сlosing-on-time_01_standard.set
2025-04-25 14:56:29,413 - INFO - Processing OpenPendingorderAfterPositionGetStopLoss_01_standard.set
2025-04-25 14:56:29,421 - INFO - Processing OpenTicks_01_standard.set
2025-04-25 14:56:29,427 - INFO - Processing ORB-EA-BOX_01_standard.set
2025-04-25 14:56:29,441 - INFO - Processing OsMaSter_01_standard.set
2025-04-25 14:56:29,447 - INFO - Processing OTT-20AND-20PRICE-20CROSS-20EA_01_standard.set
2025-04-25 14:56:29,456 - INFO - Processing OverHedge_01_standard.set
2025-04-25 14:56:29,463 - INFO - Processing OzFx_01_standard.set
2025-04-25 14:56:29,469 - INFO - Processing Parabolic-SAR_01_standard.set
2025-04-25 14:56:29,475 - INFO - Processing PARSI-EA_01_standard.set
2025-04-25 14:56:29,487 - INFO - Processing Peceptron-Mult_01_standard.set
2025-04-25 14:56:29,496 - INFO - Processing Pending-orders-by-time-2_01_standard.set
2025-04-25 14:56:29,502 - INFO - Processing Pending-orders-by-time_01_standard.set
2025-04-25 14:56:29,507 - INFO - Processing Pendulum_01_standard.set
2025-04-25 14:56:29,513 - INFO - Processing Pinball-machine_01_standard.set
2025-04-25 14:56:29,517 - INFO - Processing Pinbar-Magic-EA_01_standard.set
2025-04-25 14:56:29,531 - INFO - Processing PinBar-Magic-Indicator_01_standard.set
2025-04-25 14:56:29,538 - INFO - Processing Pipsover_01_standard.set
2025-04-25 14:56:29,544 - INFO - Processing Plan-X_01_standard.set
2025-04-25 14:56:29,552 - INFO - Processing Plateau_01_standard.set
2025-04-25 14:56:29,561 - INFO - Processing Poker-SHOW_01_standard.set
2025-04-25 14:56:29,568 - INFO - Processing Precipice-MartIn_01_standard.set
2025-04-25 14:56:29,575 - INFO - Processing Precipice_01_standard.set
2025-04-25 14:56:29,580 - INFO - Processing Probe_01_standard.set
2025-04-25 14:56:29,587 - INFO - Processing Proffessor_01_standard.set
2025-04-25 14:56:29,593 - INFO - Processing PropFirmHelper_01_standard.set
2025-04-25 14:56:29,601 - INFO - Processing PROphet_01_standard.set
2025-04-25 14:56:29,608 - INFO - Processing Puria-method_01_standard.set
2025-04-25 14:56:29,616 - INFO - Processing Rabbit3_01_standard.set
2025-04-25 14:56:29,622 - INFO - Processing Range-Breakout_01_standard.set
2025-04-25 14:56:29,627 - INFO - Processing Rapid-Doji-EA_01_standard.set
2025-04-25 14:56:29,632 - INFO - Processing Raymond-Cloudy-Day-for-EA_01_standard.set
2025-04-25 14:56:29,637 - INFO - Processing Reflex-EA_01_standard.set
2025-04-25 14:56:29,650 - INFO - Processing REFLEX-INDICATOR_01_standard.set
2025-04-25 14:56:29,654 - INFO - Processing Reflex_01_standard.set
2025-04-25 14:56:29,659 - INFO - Processing Reversing-Martingale_01_standard.set
2025-04-25 14:56:29,666 - INFO - Processing RideAlligator_01_standard.set
2025-04-25 14:56:29,672 - INFO - Processing RNN_01_standard.set
2025-04-25 14:56:29,678 - INFO - Processing Robot-MACD_01_standard.set
2025-04-25 14:56:29,683 - INFO - Processing RobotPowerM5-meta4_01_standard.set
2025-04-25 14:56:29,688 - INFO - Processing Rollback-system_01_standard.set
2025-04-25 14:56:29,694 - INFO - Processing RSI-and-Bollinger-Bands_01_standard.set
2025-04-25 14:56:29,700 - INFO - Processing RSI-Arrow-EA_01_standard.set
2025-04-25 14:56:29,712 - INFO - Processing RSI-Arrow_01_standard.set
2025-04-25 14:56:29,717 - INFO - Processing RSI-EA_01_standard.set
2025-04-25 14:56:29,724 - INFO - Processing RSI-Eraser_01_standard.set
2025-04-25 14:56:29,729 - INFO - Processing RSI-Expert_01_standard.set
2025-04-25 14:56:29,746 - INFO - Processing RSI-Levels_01_standard.set
2025-04-25 14:56:29,751 - INFO - Processing RSI-trader_01_standard.set
2025-04-25 14:56:29,758 - INFO - Processing RSI-Trend-EA_01_standard.set
2025-04-25 14:56:29,771 - INFO - Processing RSI-Trend_01_standard.set
2025-04-25 14:56:29,779 - INFO - Processing RSI-with-channels-EA_01_standard.set
2025-04-25 14:56:29,791 - INFO - Processing RSI-with-channels_01_standard.set
2025-04-25 14:56:29,798 - INFO - Processing Russian20-hp1_01_standard.set
2025-04-25 14:56:29,808 - INFO - Processing SampleCheckPendingOrder_01_standard.set
2025-04-25 14:56:29,812 - INFO - Processing SAR-trading_01_standard.set
2025-04-25 14:56:29,819 - INFO - Processing Secwenta_01_standard.set
2025-04-25 14:56:29,825 - INFO - Processing Sell-Stop_01_standard.set
2025-04-25 14:56:29,831 - INFO - Processing Sensitive_01_standard.set
2025-04-25 14:56:29,838 - INFO - Processing Separate-trade_01_standard.set
2025-04-25 14:56:29,847 - INFO - Processing SilverTrend_01_standard.set
2025-04-25 14:56:29,853 - INFO - Processing Simple-20Price-20Alert-20-20EA_01_standard.set
2025-04-25 14:56:29,860 - INFO - Processing Simple-20Volume-20EA_01_standard.set
2025-04-25 14:56:29,870 - INFO - Processing Simple-EA-MA-plus-MACD_01_standard.set
2025-04-25 14:56:29,877 - INFO - Processing Simple-FX_01_standard.set
2025-04-25 14:56:29,884 - INFO - Processing Simple-MACD_01_standard.set
2025-04-25 14:56:29,889 - INFO - Processing Simple-Volume-EA_01_standard.set
2025-04-25 14:56:29,900 - INFO - Processing SimplePivot_01_standard.set
2025-04-25 14:56:29,906 - INFO - Processing Simplest-Hedging-EA-ever_01_standard.set
2025-04-25 14:56:29,913 - INFO - Processing SimpleTrade _01_standard.set
2025-04-25 14:56:29,919 - INFO - Processing Six-Soldiers-EA-Grid_01_standard.set
2025-04-25 14:56:29,931 - INFO - Processing Six-Soldiers-EA_01_standard.set
2025-04-25 14:56:29,947 - INFO - Processing Six-Soldiers_01_standard.set
2025-04-25 14:56:29,953 - INFO - Processing Small-Inside-Bar-Strategy_01_standard.set
2025-04-25 14:56:29,958 - INFO - Processing Smart-Machine-20EA_01_standard.set
2025-04-25 14:56:29,972 - INFO - Processing Smoothing-Average_01_standard.set
2025-04-25 14:56:29,977 - INFO - Processing Spasm_01_standard.set
2025-04-25 14:56:29,983 - INFO - Processing ssb5-123_01_standard.set
2025-04-25 14:56:29,989 - INFO - Processing Starter_01_standard.set
2025-04-25 14:56:29,996 - INFO - Processing Steve-Cartwright-Trader-Camel-CCI-MACD_01_standard.set
2025-04-25 14:56:30,001 - INFO - Processing Stoch-EA-1192_01_standard.set
2025-04-25 14:56:30,006 - INFO - Processing Stochastic-20Alert_01_standard.set
2025-04-25 14:56:30,013 - INFO - Processing Stochastic-K-Divergence.lua_01_standard.set
2025-04-25 14:56:30,020 - INFO - Processing stochastic-three-periods_01_standard.set
2025-04-25 14:56:30,025 - INFO - Processing StochasticDiffSign-EA_01_standard.set
2025-04-25 14:56:30,040 - INFO - Processing stochasticdiffsign_01_standard.set
2025-04-25 14:56:30,046 - INFO - Processing StochMA-EA_01_standard.set
2025-04-25 14:56:30,059 - INFO - Processing StochMA_01_standard.set
2025-04-25 14:56:30,087 - INFO - Processing Stoch_01_standard.set
2025-04-25 14:56:30,098 - INFO - Processing Stop-Loss-Take-Profit_01_standard.set
2025-04-25 14:56:30,109 - INFO - Processing StraddleqTrail_01_standard.set
2025-04-25 14:56:30,121 - INFO - Processing Surefirething_01_standard.set
2025-04-25 14:56:30,127 - INFO - Processing TDSGlobal_01_standard.set
2025-04-25 14:56:30,143 - INFO - Processing The-MasterMind-2_01_standard.set
2025-04-25 14:56:30,155 - INFO - Processing The-MasterMind-3_01_standard.set
2025-04-25 14:56:30,163 - INFO - Processing The-MasterMind_01_standard.set
2025-04-25 14:56:30,185 - INFO - Processing The-Puncher_01_standard.set
2025-04-25 14:56:30,204 - INFO - Processing TheClassicTurtleTrader-no-dots-EA_01_standard.set
2025-04-25 14:56:30,215 - INFO - Processing TheClassicTurtleTrader-no-dots_01_standard.set
2025-04-25 14:56:30,223 - INFO - Processing Three-indicators_01_standard.set
2025-04-25 14:56:30,259 - INFO - Processing Three-neural-networks_01_standard.set
2025-04-25 14:56:30,270 - INFO - Processing Three-timeframes_01_standard.set
2025-04-25 14:56:30,282 - INFO - Processing Three-Typical-Candles_01_standard.set
2025-04-25 14:56:30,289 - INFO - Processing Time-sync-forts_01_standard.set
2025-04-25 14:56:30,296 - INFO - Processing timer-trade_01_standard.set
2025-04-25 14:56:30,304 - INFO - Processing TMA-ATR-Channel_01_standard.set
2025-04-25 14:56:30,317 - INFO - Processing TMA-ATR-EA_01_standard.set
2025-04-25 14:56:30,330 - INFO - Processing TMA-CG-EA_01_standard.set
2025-04-25 14:56:30,345 - INFO - Processing TMA-CG-Martingale-20EA_01_standard.set
2025-04-25 14:56:30,366 - INFO - Processing TMA-CG-mladen_01_standard.set
2025-04-25 14:56:30,373 - INFO - Processing TMA-CG-special_01_standard.set
2025-04-25 14:56:30,380 - INFO - Processing TMA-slope-bands_01_standard.set
2025-04-25 14:56:30,387 - INFO - Processing TmaTrue-2.0-with-Distances-6xx_01_standard.set
2025-04-25 14:56:30,396 - INFO - Processing TmaTrue-3.0-with-Distances-6xx_01_standard.set
2025-04-25 14:56:30,404 - INFO - Processing TP-with-money_01_standard.set
2025-04-25 14:56:30,411 - INFO - Processing Trade-in-Channel_01_standard.set
2025-04-25 14:56:30,418 - INFO - Processing Trade-on-qualified-RSI_01_standard.set
2025-04-25 14:56:30,425 - INFO - Processing Trading-Breakout-MrThanhTan_01_standard.set
2025-04-25 14:56:30,432 - INFO - Processing Trend-Trader-Strategy-EA_01_standard.set
2025-04-25 14:56:30,446 - INFO - Processing Trend-Trader-Strategy_01_standard.set
2025-04-25 14:56:30,453 - INFO - Processing Tru-EA_01_standard.set
2025-04-25 14:56:30,464 - INFO - Processing True-Scalper-Profit-Lock_01_standard.set
2025-04-25 14:56:30,472 - INFO - Processing TrueSort-1100_01_standard.set
2025-04-25 14:56:30,478 - INFO - Processing Tunnel-gen4_01_standard.set
2025-04-25 14:56:30,484 - INFO - Processing Tunnel-Method_01_standard.set
2025-04-25 14:56:30,490 - INFO - Processing TurnGrid_01_standard.set
2025-04-25 14:56:30,495 - INFO - Processing Two PerBar _01_standard.set
2025-04-25 14:56:30,499 - INFO - Processing Two-20MA-20RSI-20ADX-20EA_01_standard.set
2025-04-25 14:56:30,507 - INFO - Processing Two-20Orders-20Panel_01_standard.set
2025-04-25 14:56:30,511 - INFO - Processing Two-pending-orders-2_01_standard.set
2025-04-25 14:56:30,518 - INFO - Processing UnityPro_01_standard.set
2025-04-25 14:56:30,525 - INFO - Processing UniversalMACrossEA_01_standard.set
2025-04-25 14:56:30,533 - INFO - Processing UniversalSignalDemo_01_standard.set
2025-04-25 14:56:30,541 - INFO - Processing Universum-3.0_01_standard.set
2025-04-25 14:56:30,547 - INFO - Processing UnNomGuai-20EA_01_standard.set
2025-04-25 14:56:30,559 - INFO - Processing up3x1-Investor_01_standard.set
2025-04-25 14:56:30,565 - INFO - Processing up3x1-premium-M_01_standard.set
2025-04-25 14:56:30,570 - INFO - Processing up3x1_01_standard.set
2025-04-25 14:56:30,576 - INFO - Processing Urdala-Trol_01_standard.set
2025-04-25 14:56:30,581 - INFO - Processing Very-Blonde-System_01_standard.set
2025-04-25 14:56:30,587 - INFO - Processing Virtual-Trailing-Stop_01_standard.set
2025-04-25 14:56:30,592 - INFO - Processing VLT-TRADER_01_standard.set
2025-04-25 14:56:30,596 - INFO - Processing Volume-trader_01_standard.set
2025-04-25 14:56:30,600 - INFO - Processing Vortex-Indicator-System_01_standard.set
2025-04-25 14:56:30,603 - INFO - Processing VR-Overturn_01_standard.set
2025-04-25 14:56:30,609 - INFO - Processing VR-ZVER-v.2_01_standard.set
2025-04-25 14:56:30,616 - INFO - Processing VR-ZVER_01_standard.set
2025-04-25 14:56:30,624 - INFO - Processing VZO_01_standard.set
2025-04-25 14:56:30,628 - INFO - Processing Waddah-Attar-Win_01_standard.set
2025-04-25 14:56:30,631 - INFO - Processing WE-TRUST_01_standard.set
2025-04-25 14:56:30,637 - INFO - Processing X-RSIOMA_01_standard.set
2025-04-25 14:56:30,646 - INFO - Processing Yesterday-Today_01_standard.set
