2025-04-27 01:01:50,071 - INFO - Found 455 .set files to process
2025-04-27 01:01:50,075 - INFO - Successfully optimized 10-pips-EURUSD_01_standard.set -> 10-pips-EURUSD_01_standard.otp
2025-04-27 01:01:50,078 - INFO - Successfully optimized 10-pips_01_standard.set -> 10-pips_01_standard.otp
2025-04-27 01:01:50,081 - INFO - Successfully optimized 1H-EUR-USD_01_standard.set -> 1H-EUR-USD_01_standard.otp
2025-04-27 01:01:50,084 - INFO - Successfully optimized 20011201-GBPUSD-M1_01_standard.set -> 20011201-GBPUSD-M1_01_standard.otp
2025-04-27 01:01:50,086 - INFO - Successfully optimized 21hour_01_standard.set -> 21hour_01_standard.otp
2025-04-27 01:01:50,089 - INFO - Successfully optimized 2HR-HL_01_standard.set -> 2HR-HL_01_standard.otp
2025-04-27 01:01:50,091 - INFO - Successfully optimized 2MA-4Level_01_standard.set -> 2MA-4Level_01_standard.otp
2025-04-27 01:01:50,093 - INFO - Successfully optimized 2MA-Bunny-Cross_01_standard.set -> 2MA-Bunny-Cross_01_standard.otp
2025-04-27 01:01:50,095 - INFO - Successfully optimized 3-bars-high-low-indicator_01_standard.set -> 3-bars-high-low-indicator_01_standard.otp
2025-04-27 01:01:50,098 - INFO - Successfully optimized 35-Pip-Scalper_01_standard.set -> 35-Pip-Scalper_01_standard.otp
2025-04-27 01:01:50,101 - INFO - Successfully optimized 3BarsHighLowEA_01_standard.set -> 3BarsHighLowEA_01_standard.otp
2025-04-27 01:01:50,103 - INFO - Successfully optimized 3sma_01_standard.set -> 3sma_01_standard.otp
2025-04-27 01:01:50,106 - INFO - Successfully optimized 500_01_standard.set -> 500_01_standard.otp
2025-04-27 01:01:50,108 - INFO - Successfully optimized 55-MA_01_standard.set -> 55-MA_01_standard.otp
2025-04-27 01:01:50,110 - INFO - Successfully optimized Above-Below-MA_01_standard.set -> Above-Below-MA_01_standard.otp
2025-04-27 01:01:50,113 - INFO - Successfully optimized Absorption_01_standard.set -> Absorption_01_standard.otp
2025-04-27 01:01:50,115 - INFO - Successfully optimized ADX-MACD-Deev_01_standard.set -> ADX-MACD-Deev_01_standard.otp
2025-04-27 01:01:50,117 - INFO - Successfully optimized ADX-MA_01_standard.set -> ADX-MA_01_standard.otp
2025-04-27 01:01:50,119 - INFO - Successfully optimized ADX-System_01_standard.set -> ADX-System_01_standard.otp
2025-04-27 01:01:50,121 - INFO - Successfully optimized AIS1_01_standard.set -> AIS1_01_standard.otp
2025-04-27 01:01:50,123 - INFO - Successfully optimized Alexav-D1-Profit-GBPUSD_01_standard.set -> Alexav-D1-Profit-GBPUSD_01_standard.otp
2025-04-27 01:01:50,125 - INFO - Successfully optimized All-Average-Ea_01_standard.set -> All-Average-Ea_01_standard.otp
2025-04-27 01:01:50,127 - INFO - Successfully optimized Alligator-Simple_01_standard.set -> Alligator-Simple_01_standard.otp
2025-04-27 01:01:50,130 - INFO - Successfully optimized Alligator_01_standard.set -> Alligator_01_standard.otp
2025-04-27 01:01:50,132 - INFO - Successfully optimized Altarius-RSI-Stohastic_01_standard.set -> Altarius-RSI-Stohastic_01_standard.otp
2025-04-27 01:01:50,135 - INFO - Successfully optimized AMA-Trader-2_01_standard.set -> AMA-Trader-2_01_standard.otp
2025-04-27 01:01:50,137 - INFO - Successfully optimized AMA-Trader_01_standard.set -> AMA-Trader_01_standard.otp
2025-04-27 01:01:50,142 - INFO - Successfully optimized AO-Lightning_01_standard.set -> AO-Lightning_01_standard.otp
2025-04-27 01:01:50,145 - INFO - Successfully optimized AOCCI_01_standard.set -> AOCCI_01_standard.otp
2025-04-27 01:01:50,148 - INFO - Successfully optimized Arbitrage_01_standard.set -> Arbitrage_01_standard.otp
2025-04-27 01:01:50,151 - INFO - Successfully optimized ArbSint_01_standard.set -> ArbSint_01_standard.otp
2025-04-27 01:01:50,154 - INFO - Successfully optimized Area-MACD_01_standard.set -> Area-MACD_01_standard.otp
2025-04-27 01:01:50,157 - INFO - Successfully optimized Artificial-Intelligence_01_standard.set -> Artificial-Intelligence_01_standard.otp
2025-04-27 01:01:50,163 - INFO - Successfully optimized At-random-Full_01_standard.set -> At-random-Full_01_standard.otp
2025-04-27 01:01:50,166 - INFO - Successfully optimized At-random_01_standard.set -> At-random_01_standard.otp
2025-04-27 01:01:50,170 - INFO - Successfully optimized Auto-ADX_01_standard.set -> Auto-ADX_01_standard.otp
2025-04-27 01:01:50,174 - INFO - Successfully optimized Auto-Pivot-Plotter-28Mid-Levels-29-41_01_standard.set -> Auto-Pivot-Plotter-28Mid-Levels-29-41_01_standard.otp
2025-04-27 01:01:50,178 - INFO - Successfully optimized AutoLock-EA_01_standard.set -> AutoLock-EA_01_standard.otp
2025-04-27 01:01:50,181 - INFO - Successfully optimized Autotrader-Momentum_01_standard.set -> Autotrader-Momentum_01_standard.otp
2025-04-27 01:01:50,184 - INFO - Successfully optimized Avalanche-AV_01_standard.set -> Avalanche-AV_01_standard.otp
2025-04-27 01:01:50,186 - INFO - Successfully optimized Backbone_01_standard.set -> Backbone_01_standard.otp
2025-04-27 01:01:50,189 - INFO - Successfully optimized BADX_01_standard.set -> BADX_01_standard.otp
2025-04-27 01:01:50,192 - INFO - Successfully optimized Bago-EA_01_standard.set -> Bago-EA_01_standard.otp
2025-04-27 01:01:50,195 - INFO - Successfully optimized BalancedScalper-20EA_01_standard.set -> BalancedScalper-20EA_01_standard.otp
2025-04-27 01:01:50,198 - INFO - Successfully optimized Bands-2_01_standard.set -> Bands-2_01_standard.otp
2025-04-27 01:01:50,200 - INFO - Successfully optimized BARS-Alligator_01_standard.set -> BARS-Alligator_01_standard.otp
2025-04-27 01:01:50,204 - INFO - Successfully optimized Basic-CCI-RSI_01_standard.set -> Basic-CCI-RSI_01_standard.otp
2025-04-27 01:01:50,206 - INFO - Successfully optimized Basic-Martingale-EA-3_01_standard.set -> Basic-Martingale-EA-3_01_standard.otp
2025-04-27 01:01:50,209 - INFO - Successfully optimized BBPercentile-EA_01_standard.set -> BBPercentile-EA_01_standard.otp
2025-04-27 01:01:50,211 - INFO - Successfully optimized BBPercentile_01_standard.set -> BBPercentile_01_standard.otp
2025-04-27 01:01:50,214 - INFO - Successfully optimized BDCrossOver-20EA_01_standard.set -> BDCrossOver-20EA_01_standard.otp
2025-04-27 01:01:50,217 - INFO - Successfully optimized BIG-DOG_01_standard.set -> BIG-DOG_01_standard.otp
2025-04-27 01:01:50,220 - INFO - Successfully optimized Bill-Williams_01_standard.set -> Bill-Williams_01_standard.otp
2025-04-27 01:01:50,223 - INFO - Successfully optimized Bollinger-Band-Two-MA-and-Zig-Zag_01_standard.set -> Bollinger-Band-Two-MA-and-Zig-Zag_01_standard.otp
2025-04-27 01:01:50,227 - INFO - Successfully optimized Bollinger-Bands-N-positions_01_standard.set -> Bollinger-Bands-N-positions_01_standard.otp
2025-04-27 01:01:50,230 - INFO - Successfully optimized Bollinger-Bands-RSI_01_standard.set -> Bollinger-Bands-RSI_01_standard.otp
2025-04-27 01:01:50,233 - INFO - Successfully optimized bollinger_01_standard.set -> bollinger_01_standard.otp
2025-04-27 01:01:50,235 - INFO - Successfully optimized Brakeout-Trader_01_standard.set -> Brakeout-Trader_01_standard.otp
2025-04-27 01:01:50,238 - INFO - Successfully optimized Brandy_01_standard.set -> Brandy_01_standard.otp
2025-04-27 01:01:50,240 - INFO - Successfully optimized Breadandbutter2_01_standard.set -> Breadandbutter2_01_standard.otp
2025-04-27 01:01:50,242 - INFO - Successfully optimized Breakdown-catcher_01_standard.set -> Breakdown-catcher_01_standard.otp
2025-04-27 01:01:50,244 - INFO - Successfully optimized breakdown_01_standard.set -> breakdown_01_standard.otp
2025-04-27 01:01:50,246 - INFO - Successfully optimized Breakout-Str_01_standard.set -> Breakout-Str_01_standard.otp
2025-04-27 01:01:50,249 - INFO - Successfully optimized Bronze-Warrioir_01_standard.set -> Bronze-Warrioir_01_standard.otp
2025-04-27 01:01:50,252 - INFO - Successfully optimized Bruno_01_standard.set -> Bruno_01_standard.otp
2025-04-27 01:01:50,255 - INFO - Successfully optimized BSS-1-0_01_standard.set -> BSS-1-0_01_standard.otp
2025-04-27 01:01:50,257 - INFO - Successfully optimized Bullish-and-Bearish-Engulfing_01_standard.set -> Bullish-and-Bearish-Engulfing_01_standard.otp
2025-04-27 01:01:50,260 - INFO - Successfully optimized Burg-Extrapolator_01_standard.set -> Burg-Extrapolator_01_standard.otp
2025-04-27 01:01:50,264 - INFO - Successfully optimized BykovTrend-EA_01_standard.set -> BykovTrend-EA_01_standard.otp
2025-04-27 01:01:50,266 - INFO - Successfully optimized Calculate-lotsize-and-Trailling-stop_01_standard.set -> Calculate-lotsize-and-Trailling-stop_01_standard.otp
2025-04-27 01:01:50,270 - INFO - Successfully optimized candlepatternsexample_01_standard.set -> candlepatternsexample_01_standard.otp
2025-04-27 01:01:50,272 - INFO - Successfully optimized Candle_01_standard.set -> Candle_01_standard.otp
2025-04-27 01:01:50,276 - INFO - Successfully optimized Carbophos_01_standard.set -> Carbophos_01_standard.otp
2025-04-27 01:01:50,279 - INFO - Successfully optimized CashMachine-5min_01_standard.set -> CashMachine-5min_01_standard.otp
2025-04-27 01:01:50,282 - INFO - Successfully optimized CCI-MACD-Scalper_01_standard.set -> CCI-MACD-Scalper_01_standard.otp
2025-04-27 01:01:50,285 - INFO - Successfully optimized Cidomo_01_standard.set -> Cidomo_01_standard.otp
2025-04-27 01:01:50,288 - INFO - Successfully optimized CloseAgent_01_standard.set -> CloseAgent_01_standard.otp
2025-04-27 01:01:50,291 - INFO - Successfully optimized CloseProfit_01_standard.set -> CloseProfit_01_standard.otp
2025-04-27 01:01:50,295 - INFO - Successfully optimized cloud's-trade-2_01_standard.set -> cloud's-trade-2_01_standard.otp
2025-04-27 01:01:50,297 - INFO - Successfully optimized CLOUD_01_standard.set -> CLOUD_01_standard.otp
2025-04-27 01:01:50,300 - INFO - Successfully optimized Constituents-EA_01_standard.set -> Constituents-EA_01_standard.otp
2025-04-27 01:01:50,303 - INFO - Successfully optimized Contrarian-trade-MA_01_standard.set -> Contrarian-trade-MA_01_standard.otp
2025-04-27 01:01:50,305 - INFO - Successfully optimized Crossing-Moving-Average_01_standard.set -> Crossing-Moving-Average_01_standard.otp
2025-04-27 01:01:50,309 - INFO - Successfully optimized CrossMA_01_standard.set -> CrossMA_01_standard.otp
2025-04-27 01:01:50,312 - INFO - Successfully optimized Currencyprofits-01.1_01_standard.set -> Currencyprofits-01.1_01_standard.otp
2025-04-27 01:01:50,315 - INFO - Successfully optimized Daily-20reversal-20-20EA_01_standard.set -> Daily-20reversal-20-20EA_01_standard.otp
2025-04-27 01:01:50,317 - INFO - Successfully optimized Daily-BreakPoint_01_standard.set -> Daily-BreakPoint_01_standard.otp
2025-04-27 01:01:50,319 - INFO - Successfully optimized Daily-Open-EA_01_standard.set -> Daily-Open-EA_01_standard.otp
2025-04-27 01:01:50,322 - INFO - Successfully optimized Daily-range_01_standard.set -> Daily-range_01_standard.otp
2025-04-27 01:01:50,324 - INFO - Successfully optimized Day-Trading-PAMXA_01_standard.set -> Day-Trading-PAMXA_01_standard.otp
2025-04-27 01:01:50,326 - INFO - Successfully optimized Daydream_01_standard.set -> Daydream_01_standard.otp
2025-04-27 01:01:50,329 - INFO - Successfully optimized DayTrading_01_standard.set -> DayTrading_01_standard.otp
2025-04-27 01:01:50,331 - INFO - Successfully optimized Dealers-Trade-v-7.74-MACD_01_standard.set -> Dealers-Trade-v-7.74-MACD_01_standard.otp
2025-04-27 01:01:50,334 - INFO - Successfully optimized Deep-Drawdown-MA_01_standard.set -> Deep-Drawdown-MA_01_standard.otp
2025-04-27 01:01:50,337 - INFO - Successfully optimized DeMarker-gaining-position-volume-2_01_standard.set -> DeMarker-gaining-position-volume-2_01_standard.otp
2025-04-27 01:01:50,339 - INFO - Successfully optimized DeMarker-gaining-position-volume_01_standard.set -> DeMarker-gaining-position-volume_01_standard.otp
2025-04-27 01:01:50,341 - INFO - Successfully optimized DeMarker-Pending-2-5_01_standard.set -> DeMarker-Pending-2-5_01_standard.otp
2025-04-27 01:01:50,345 - INFO - Successfully optimized DeMarker-Pending-2_01_standard.set -> DeMarker-Pending-2_01_standard.otp
2025-04-27 01:01:50,347 - INFO - Successfully optimized DeMarker-Pending_01_standard.set -> DeMarker-Pending_01_standard.otp
2025-04-27 01:01:50,350 - INFO - Successfully optimized Dematus_01_standard.set -> Dematus_01_standard.otp
2025-04-27 01:01:50,353 - INFO - Successfully optimized Divergence-20for-20many-20indicator_01_standard.set -> Divergence-20for-20many-20indicator_01_standard.otp
2025-04-27 01:01:50,356 - INFO - Successfully optimized Divergence-EA_01_standard.set -> Divergence-EA_01_standard.otp
2025-04-27 01:01:50,359 - INFO - Successfully optimized Doji-Arrows_01_standard.set -> Doji-Arrows_01_standard.otp
2025-04-27 01:01:50,361 - INFO - Successfully optimized DojiTrader_01_standard.set -> DojiTrader_01_standard.otp
2025-04-27 01:01:50,364 - INFO - Successfully optimized Donchian-Chanel-EA_01_standard.set -> Donchian-Chanel-EA_01_standard.otp
2025-04-27 01:01:50,367 - INFO - Successfully optimized DoubleHullMA-EA_01_standard.set -> DoubleHullMA-EA_01_standard.otp
2025-04-27 01:01:50,371 - INFO - Successfully optimized DoubleHullMA_01_standard.set -> DoubleHullMA_01_standard.otp
2025-04-27 01:01:50,373 - INFO - Successfully optimized DoubleMA-Crossover-EA_01_standard.set -> DoubleMA-Crossover-EA_01_standard.otp
2025-04-27 01:01:50,375 - INFO - Successfully optimized Doubler_01_standard.set -> Doubler_01_standard.otp
2025-04-27 01:01:50,377 - INFO - Successfully optimized dummy_01_standard.set -> dummy_01_standard.otp
2025-04-27 01:01:50,380 - INFO - Successfully optimized Dynamic-averaging_01_standard.set -> Dynamic-averaging_01_standard.otp
2025-04-27 01:01:50,382 - INFO - Successfully optimized e-Breakeven_01_standard.set -> e-Breakeven_01_standard.otp
2025-04-27 01:01:50,385 - INFO - Successfully optimized E-Friday_01_standard.set -> E-Friday_01_standard.otp
2025-04-27 01:01:50,387 - INFO - Successfully optimized E-Skoch-Open_01_standard.set -> E-Skoch-Open_01_standard.otp
2025-04-27 01:01:50,389 - INFO - Successfully optimized e-Skoch-pending-orders_01_standard.set -> e-Skoch-pending-orders_01_standard.otp
2025-04-27 01:01:50,391 - INFO - Successfully optimized e-Smart-Trailing_01_standard.set -> e-Smart-Trailing_01_standard.otp
2025-04-27 01:01:50,394 - INFO - Successfully optimized e-TurboFx_01_standard.set -> e-TurboFx_01_standard.otp
2025-04-27 01:01:50,396 - INFO - Successfully optimized EA-Close_01_standard.set -> EA-Close_01_standard.otp
2025-04-27 01:01:50,400 - INFO - Successfully optimized EA-MA-Stoch-RSI_01_standard.set -> EA-MA-Stoch-RSI_01_standard.otp
2025-04-27 01:01:50,402 - INFO - Successfully optimized EA-Moving-Average_01_standard.set -> EA-Moving-Average_01_standard.otp
2025-04-27 01:01:50,404 - INFO - Successfully optimized Elite-eFibo-Trader_01_standard.set -> Elite-eFibo-Trader_01_standard.otp
2025-04-27 01:01:50,407 - INFO - Successfully optimized EMA-6.12_01_standard.set -> EMA-6.12_01_standard.otp
2025-04-27 01:01:50,409 - INFO - Successfully optimized EMA-CROSS_01_standard.set -> EMA-CROSS_01_standard.otp
2025-04-27 01:01:50,412 - INFO - Successfully optimized EMA-LWMA-RSI_01_standard.set -> EMA-LWMA-RSI_01_standard.otp
2025-04-27 01:01:50,414 - INFO - Successfully optimized EMA-RSI-EA_01_standard.set -> EMA-RSI-EA_01_standard.otp
2025-04-27 01:01:50,416 - INFO - Successfully optimized EMA-WMA_01_standard.set -> EMA-WMA_01_standard.otp
2025-04-27 01:01:50,420 - INFO - Successfully optimized EMA_01_standard.set -> EMA_01_standard.otp
2025-04-27 01:01:50,422 - INFO - Successfully optimized Eugene_01_standard.set -> Eugene_01_standard.otp
2025-04-27 01:01:50,425 - INFO - Successfully optimized eur-usd-m5_01_standard.set -> eur-usd-m5_01_standard.otp
2025-04-27 01:01:50,428 - INFO - Successfully optimized EURUSD-breakout_01_standard.set -> EURUSD-breakout_01_standard.otp
2025-04-27 01:01:50,430 - INFO - Successfully optimized Executer-AC_01_standard.set -> Executer-AC_01_standard.otp
2025-04-27 01:01:50,433 - ERROR - Error processing C:\Users\nikol\AppData\Roaming\MetaQuotes\Terminal\4B1CE69F577705455263BD980C39A82C\MQL5\Profiles\Tester\Executor AO.set: 'utf-8' codec can't decode byte 0xff in position 0: invalid start byte
2025-04-27 01:01:50,435 - INFO - Successfully optimized Executor-AO_01_standard.set -> Executor-AO_01_standard.otp
2025-04-27 01:01:50,438 - INFO - Successfully optimized Executor-Candles_01_standard.set -> Executor-Candles_01_standard.otp
2025-04-27 01:01:50,441 - INFO - Successfully optimized exp-Amstell_01_standard.set -> exp-Amstell_01_standard.otp
2025-04-27 01:01:50,443 - INFO - Successfully optimized Expert-NEWS_01_standard.set -> Expert-NEWS_01_standard.otp
2025-04-27 01:01:50,446 - INFO - Successfully optimized Expert-RSI-Stochastic-MA_01_standard.set -> Expert-RSI-Stochastic-MA_01_standard.otp
2025-04-27 01:01:50,447 - ERROR - Error processing C:\Users\nikol\AppData\Roaming\MetaQuotes\Terminal\4B1CE69F577705455263BD980C39A82C\MQL5\Profiles\Tester\Expert_RSI_Stochastic_MA.set: 'utf-8' codec can't decode byte 0xff in position 0: invalid start byte
2025-04-27 01:01:50,448 - ERROR - Error processing C:\Users\nikol\AppData\Roaming\MetaQuotes\Terminal\4B1CE69F577705455263BD980C39A82C\MQL5\Profiles\Tester\exp_Amstell.set: 'utf-8' codec can't decode byte 0xff in position 0: invalid start byte
2025-04-27 01:01:50,450 - INFO - Successfully optimized ExtremePrice-EA_01_standard.set -> ExtremePrice-EA_01_standard.otp
2025-04-27 01:01:50,453 - INFO - Successfully optimized FiboRetracement-20EA_01_standard.set -> FiboRetracement-20EA_01_standard.otp
2025-04-27 01:01:50,455 - INFO - Successfully optimized Firebird_01_standard.set -> Firebird_01_standard.otp
2025-04-27 01:01:50,457 - INFO - Successfully optimized Firestorm-EA_01_standard.set -> Firestorm-EA_01_standard.otp
2025-04-27 01:01:50,459 - INFO - Successfully optimized Firestorm-indicator_01_standard.set -> Firestorm-indicator_01_standard.otp
2025-04-27 01:01:50,461 - INFO - Successfully optimized Fluctuate_01_standard.set -> Fluctuate_01_standard.otp
2025-04-27 01:01:50,463 - INFO - Successfully optimized Forex-Fraus-M1_01_standard.set -> Forex-Fraus-M1_01_standard.otp
2025-04-27 01:01:50,465 - INFO - Successfully optimized Forex-Profit_01_standard.set -> Forex-Profit_01_standard.otp
2025-04-27 01:01:50,467 - INFO - Successfully optimized Fractals-minimum-distance_01_standard.set -> Fractals-minimum-distance_01_standard.otp
2025-04-27 01:01:50,469 - INFO - Successfully optimized Fraktrak-xonax_01_standard.set -> Fraktrak-xonax_01_standard.otp
2025-04-27 01:01:50,471 - INFO - Successfully optimized Frank-Ud_01_standard.set -> Frank-Ud_01_standard.otp
2025-04-27 01:01:50,474 - INFO - Successfully optimized FT-CCI_01_standard.set -> FT-CCI_01_standard.otp
2025-04-27 01:01:50,476 - INFO - Successfully optimized Fuzzy-logic_01_standard.set -> Fuzzy-logic_01_standard.otp
2025-04-27 01:01:50,478 - INFO - Successfully optimized GalacticExplosion_01_standard.set -> GalacticExplosion_01_standard.otp
2025-04-27 01:01:50,480 - INFO - Successfully optimized Gandalf-PRO_01_standard.set -> Gandalf-PRO_01_standard.otp
2025-04-27 01:01:50,483 - INFO - Successfully optimized Gap-DM_01_standard.set -> Gap-DM_01_standard.otp
2025-04-27 01:01:50,485 - INFO - Successfully optimized GAP-EA_01_standard.set -> GAP-EA_01_standard.otp
2025-04-27 01:01:50,486 - INFO - Successfully optimized Gaps_01_standard.set -> Gaps_01_standard.otp
2025-04-27 01:01:50,488 - INFO - Successfully optimized GBP9AM_01_standard.set -> GBP9AM_01_standard.otp
2025-04-27 01:01:50,490 - INFO - Successfully optimized GbpChf_01_standard.set -> GbpChf_01_standard.otp
2025-04-27 01:01:50,492 - INFO - Successfully optimized Gold-Dust_01_standard.set -> Gold-Dust_01_standard.otp
2025-04-27 01:01:50,494 - INFO - Successfully optimized GO_01_standard.set -> GO_01_standard.otp
2025-04-27 01:01:50,496 - INFO - Successfully optimized GreenTrade_01_standard.set -> GreenTrade_01_standard.otp
2025-04-27 01:01:50,499 - INFO - Successfully optimized Grid-Martingale_01_standard.set -> Grid-Martingale_01_standard.otp
2025-04-27 01:01:50,501 - INFO - Successfully optimized GridEA_01_standard.set -> GridEA_01_standard.otp
2025-04-27 01:01:50,504 - INFO - Successfully optimized Grid_01_standard.set -> Grid_01_standard.otp
2025-04-27 01:01:50,506 - INFO - Successfully optimized HarVesteR_01_standard.set -> HarVesteR_01_standard.otp
2025-04-27 01:01:50,509 - INFO - Successfully optimized HedgeEA_01_standard.set -> HedgeEA_01_standard.otp
2025-04-27 01:01:50,511 - INFO - Successfully optimized hedger_01_standard.set -> hedger_01_standard.otp
2025-04-27 01:01:50,513 - INFO - Successfully optimized Hedging-EA_01_standard.set -> Hedging-EA_01_standard.otp
2025-04-27 01:01:50,516 - INFO - Successfully optimized Heiken-Ashi-Smoothed-EA-with-MA_01_standard.set -> Heiken-Ashi-Smoothed-EA-with-MA_01_standard.otp
2025-04-27 01:01:50,519 - INFO - Successfully optimized Heiken-Ashi-Smoothed-EA_01_standard.set -> Heiken-Ashi-Smoothed-EA_01_standard.otp
2025-04-27 01:01:50,521 - INFO - Successfully optimized heiken-ashi-smoothedLine_01_standard.set -> heiken-ashi-smoothedLine_01_standard.otp
2025-04-27 01:01:50,523 - INFO - Successfully optimized heiken-ashi-smoothed_01_standard.set -> heiken-ashi-smoothed_01_standard.otp
2025-04-27 01:01:50,525 - INFO - Successfully optimized HeikenAshi-Lines-EA_01_standard.set -> HeikenAshi-Lines-EA_01_standard.otp
2025-04-27 01:01:50,527 - INFO - Successfully optimized HeikenAshi-Lines_01_standard.set -> HeikenAshi-Lines_01_standard.otp
2025-04-27 01:01:50,529 - INFO - Successfully optimized Heinken-Ashi-Color-Candles_01_standard.set -> Heinken-Ashi-Color-Candles_01_standard.otp
2025-04-27 01:01:50,531 - INFO - Successfully optimized HelloSmart_01_standard.set -> HelloSmart_01_standard.otp
2025-04-27 01:01:50,533 - INFO - Successfully optimized High-Low-EA_01_standard.set -> High-Low-EA_01_standard.otp
2025-04-27 01:01:50,535 - INFO - Successfully optimized High-Low-Indicator_01_standard.set -> High-Low-Indicator_01_standard.otp
2025-04-27 01:01:50,537 - INFO - Successfully optimized Hoop-master-2_01_standard.set -> Hoop-master-2_01_standard.otp
2025-04-27 01:01:50,538 - INFO - Successfully optimized iCCI-iMA_01_standard.set -> iCCI-iMA_01_standard.otp
2025-04-27 01:01:50,541 - INFO - Successfully optimized ICH-With-Alert-Derekers-EA_01_standard.set -> ICH-With-Alert-Derekers-EA_01_standard.otp
2025-04-27 01:01:50,543 - INFO - Successfully optimized ICH-With-Alert-Derekers_01_standard.set -> ICH-With-Alert-Derekers_01_standard.otp
2025-04-27 01:01:50,545 - INFO - Successfully optimized ichimok2005_01_standard.set -> ichimok2005_01_standard.otp
2025-04-27 01:01:50,547 - INFO - Successfully optimized Ichimoku-20Kijun-20Alert_01_standard.set -> Ichimoku-20Kijun-20Alert_01_standard.otp
2025-04-27 01:01:50,549 - INFO - Successfully optimized Ichimoku-20Tenkan-20Alert_01_standard.set -> Ichimoku-20Tenkan-20Alert_01_standard.otp
2025-04-27 01:01:50,551 - INFO - Successfully optimized Ichimoku-Scanner_01_standard.set -> Ichimoku-Scanner_01_standard.otp
2025-04-27 01:01:50,553 - INFO - Successfully optimized Ichimoku-Signals-and-Alert_01_standard.set -> Ichimoku-Signals-and-Alert_01_standard.otp
2025-04-27 01:01:50,555 - INFO - Successfully optimized IchimokuMTF-EA_01_standard.set -> IchimokuMTF-EA_01_standard.otp
2025-04-27 01:01:50,557 - INFO - Successfully optimized Ichimoku_01_standard.set -> Ichimoku_01_standard.otp
2025-04-27 01:01:50,560 - INFO - Successfully optimized Ilan-iMA_01_standard.set -> Ilan-iMA_01_standard.otp
2025-04-27 01:01:50,561 - INFO - Successfully optimized Ilan1.4_01_standard.set -> Ilan1.4_01_standard.otp
2025-04-27 01:01:50,563 - INFO - Successfully optimized iMA-iStdDev_01_standard.set -> iMA-iStdDev_01_standard.otp
2025-04-27 01:01:50,565 - INFO - Successfully optimized Indices-Tester_01_standard.set -> Indices-Tester_01_standard.otp
2025-04-27 01:01:50,567 - INFO - Successfully optimized Inka-20Edho-20EA_01_standard.set -> Inka-20Edho-20EA_01_standard.otp
2025-04-27 01:01:50,569 - INFO - Successfully optimized Intersection-2-iMA_01_standard.set -> Intersection-2-iMA_01_standard.otp
2025-04-27 01:01:50,571 - INFO - Successfully optimized IStochastic-Trading_01_standard.set -> IStochastic-Trading_01_standard.otp
2025-04-27 01:01:50,572 - INFO - Successfully optimized Ivan_01_standard.set -> Ivan_01_standard.otp
2025-04-27 01:01:50,574 - INFO - Successfully optimized iVIDyA-Simple_01_standard.set -> iVIDyA-Simple_01_standard.otp
2025-04-27 01:01:50,577 - INFO - Successfully optimized Jackpot-Strategy-EA_01_standard.set -> Jackpot-Strategy-EA_01_standard.otp
2025-04-27 01:01:50,579 - INFO - Successfully optimized JackPot-Strategy-Elite_01_standard.set -> JackPot-Strategy-Elite_01_standard.otp
2025-04-27 01:01:50,582 - INFO - Successfully optimized JK-BullP-AutoTrader_01_standard.set -> JK-BullP-AutoTrader_01_standard.otp
2025-04-27 01:01:50,584 - INFO - Successfully optimized JS-Chaos_01_standard.set -> JS-Chaos_01_standard.otp
2025-04-27 01:01:50,586 - INFO - Successfully optimized JS-MA-Day_01_standard.set -> JS-MA-Day_01_standard.otp
2025-04-27 01:01:50,588 - INFO - Successfully optimized JS-MA-SAR-Trades_01_standard.set -> JS-MA-SAR-Trades_01_standard.otp
2025-04-27 01:01:50,590 - INFO - Successfully optimized KA-Gold-Bot_01_standard.set -> KA-Gold-Bot_01_standard.otp
2025-04-27 01:01:50,593 - INFO - Successfully optimized Kue-Electric-EA_01_standard.set -> Kue-Electric-EA_01_standard.otp
2025-04-27 01:01:50,594 - INFO - Successfully optimized KueFx-20Arrows_01_standard.set -> KueFx-20Arrows_01_standard.otp
2025-04-27 01:01:50,596 - INFO - Successfully optimized KueFx-20Baseline_01_standard.set -> KueFx-20Baseline_01_standard.otp
2025-04-27 01:01:50,598 - INFO - Successfully optimized KueFx-Arrows-20EA_01_standard.set -> KueFx-Arrows-20EA_01_standard.otp
2025-04-27 01:01:50,600 - INFO - Successfully optimized KueFx-Arrows-EA_01_standard.set -> KueFx-Arrows-EA_01_standard.otp
2025-04-27 01:01:50,602 - INFO - Successfully optimized KueFx-Arrows_01_standard.set -> KueFx-Arrows_01_standard.otp
2025-04-27 01:01:50,605 - INFO - Successfully optimized KueFx-Baseline-EA_01_standard.set -> KueFx-Baseline-EA_01_standard.otp
2025-04-27 01:01:50,607 - INFO - Successfully optimized KueFx-Baseline_01_standard.set -> KueFx-Baseline_01_standard.otp
2025-04-27 01:01:50,609 - INFO - Successfully optimized KueFx-Clean-2025-EA_01_standard.set -> KueFx-Clean-2025-EA_01_standard.otp
2025-04-27 01:01:50,612 - INFO - Successfully optimized KueFx-Extreme-EA_01_standard.set -> KueFx-Extreme-EA_01_standard.otp
2025-04-27 01:01:50,615 - INFO - Successfully optimized KueFx-Harare-EA_01_standard.set -> KueFx-Harare-EA_01_standard.otp
2025-04-27 01:01:50,617 - INFO - Successfully optimized KueFX-Money-Management_01_standard.set -> KueFX-Money-Management_01_standard.otp
2025-04-27 01:01:50,620 - INFO - Successfully optimized KueFx-Motor-EA_01_standard.set -> KueFx-Motor-EA_01_standard.otp
2025-04-27 01:01:50,622 - INFO - Successfully optimized KueFx-Motor_01_standard.set -> KueFx-Motor_01_standard.otp
2025-04-27 01:01:50,625 - INFO - Successfully optimized KueFx-Trend_01_standard.set -> KueFx-Trend_01_standard.otp
2025-04-27 01:01:50,627 - INFO - Successfully optimized KueFxTrend-20EA_01_standard.set -> KueFxTrend-20EA_01_standard.otp
2025-04-27 01:01:50,629 - INFO - Successfully optimized KueFxTrend-EA_01_standard.set -> KueFxTrend-EA_01_standard.otp
2025-04-27 01:01:50,631 - INFO - Successfully optimized LarryConnersRSI2_01_standard.set -> LarryConnersRSI2_01_standard.otp
2025-04-27 01:01:50,633 - INFO - Successfully optimized Last-ZZ50_01_standard.set -> Last-ZZ50_01_standard.otp
2025-04-27 01:01:50,635 - INFO - Successfully optimized Lavika100_01_standard.set -> Lavika100_01_standard.otp
2025-04-27 01:01:50,637 - INFO - Successfully optimized LBS_01_standard.set -> LBS_01_standard.otp
2025-04-27 01:01:50,640 - INFO - Successfully optimized Lego-EA_01_standard.set -> Lego-EA_01_standard.otp
2025-04-27 01:01:50,642 - INFO - Successfully optimized Lesson-3-Price-Action_01_standard.set -> Lesson-3-Price-Action_01_standard.otp
2025-04-27 01:01:50,644 - INFO - Successfully optimized Lesson-4-Price-Action-MA-Filter_01_standard.set -> Lesson-4-Price-Action-MA-Filter_01_standard.otp
2025-04-27 01:01:50,646 - INFO - Successfully optimized Lesson-6-Trailling-ATR_01_standard.set -> Lesson-6-Trailling-ATR_01_standard.otp
2025-04-27 01:01:50,649 - INFO - Successfully optimized Lesson-7-Price-action-Ket-hop-Volume-VSA_01_standard.set -> Lesson-7-Price-action-Ket-hop-Volume-VSA_01_standard.otp
2025-04-27 01:01:50,652 - INFO - Successfully optimized Little-EA_01_standard.set -> Little-EA_01_standard.otp
2025-04-27 01:01:50,674 - INFO - Successfully optimized Locker_01_standard.set -> Locker_01_standard.otp
2025-04-27 01:01:50,681 - INFO - Successfully optimized Lock_01_standard.set -> Lock_01_standard.otp
2025-04-27 01:01:50,684 - INFO - Successfully optimized Lucky_01_standard.set -> Lucky_01_standard.otp
2025-04-27 01:01:50,686 - INFO - Successfully optimized MA-20Alert_01_standard.set -> MA-20Alert_01_standard.otp
2025-04-27 01:01:50,689 - INFO - Successfully optimized MA-20AO-20Arrow_01_standard.set -> MA-20AO-20Arrow_01_standard.otp
2025-04-27 01:01:50,693 - INFO - Successfully optimized MA-AO-EA_01_standard.set -> MA-AO-EA_01_standard.otp
2025-04-27 01:01:50,695 - INFO - Successfully optimized ma-channels_01_standard.set -> ma-channels_01_standard.otp
2025-04-27 01:01:50,698 - INFO - Successfully optimized MA-Cross_01_standard.set -> MA-Cross_01_standard.otp
2025-04-27 01:01:50,700 - INFO - Successfully optimized MA-Envelopes_01_standard.set -> MA-Envelopes_01_standard.otp
2025-04-27 01:01:50,703 - INFO - Successfully optimized MA-MACD-Position-averaging_01_standard.set -> MA-MACD-Position-averaging_01_standard.otp
2025-04-27 01:01:50,706 - INFO - Successfully optimized MA-Trend_01_standard.set -> MA-Trend_01_standard.otp
2025-04-27 01:01:50,707 - INFO - Successfully optimized MA2CCI_01_standard.set -> MA2CCI_01_standard.otp
2025-04-27 01:01:50,709 - INFO - Successfully optimized MACD-and-SAR_01_standard.set -> MACD-and-SAR_01_standard.otp
2025-04-27 01:01:50,711 - INFO - Successfully optimized MACD-Cleaner_01_standard.set -> MACD-Cleaner_01_standard.otp
2025-04-27 01:01:50,714 - INFO - Successfully optimized MACD-EA-H4_01_standard.set -> MACD-EA-H4_01_standard.otp
2025-04-27 01:01:50,716 - INFO - Successfully optimized MACD-No-Sample_01_standard.set -> MACD-No-Sample_01_standard.otp
2025-04-27 01:01:50,719 - INFO - Successfully optimized MACD-signal_01_standard.set -> MACD-signal_01_standard.otp
2025-04-27 01:01:50,721 - INFO - Successfully optimized MACD-Stochastic-2_01_standard.set -> MACD-Stochastic-2_01_standard.otp
2025-04-27 01:01:50,723 - INFO - Successfully optimized MACD-Stochastic_01_standard.set -> MACD-Stochastic_01_standard.otp
2025-04-27 01:01:50,725 - INFO - Successfully optimized MACDCCI_01_standard.set -> MACDCCI_01_standard.otp
2025-04-27 01:01:50,728 - INFO - Successfully optimized MacdPatternTraderAll0.01_01_standard.set -> MacdPatternTraderAll0.01_01_standard.otp
2025-04-27 01:01:50,732 - INFO - Successfully optimized MacdPatternTraderAll_01_standard.set -> MacdPatternTraderAll_01_standard.otp
2025-04-27 01:01:50,734 - INFO - Successfully optimized MACD_01_standard.set -> MACD_01_standard.otp
2025-04-27 01:01:50,736 - INFO - Successfully optimized MAGrid_01_standard.set -> MAGrid_01_standard.otp
2025-04-27 01:01:50,739 - INFO - Successfully optimized MAMACD_01_standard.set -> MAMACD_01_standard.otp
2025-04-27 01:01:50,742 - INFO - Successfully optimized Market-Capture_01_standard.set -> Market-Capture_01_standard.otp
2025-04-27 01:01:50,744 - INFO - Successfully optimized Martin-1_01_standard.set -> Martin-1_01_standard.otp
2025-04-27 01:01:50,746 - INFO - Successfully optimized Martin-for-small-deposits_01_standard.set -> Martin-for-small-deposits_01_standard.otp
2025-04-27 01:01:50,749 - INFO - Successfully optimized MartingailExpert_01_standard.set -> MartingailExpert_01_standard.otp
2025-04-27 01:01:50,751 - INFO - Successfully optimized MartinGaleBreakout_01_standard.set -> MartinGaleBreakout_01_standard.otp
2025-04-27 01:01:50,754 - INFO - Successfully optimized Martin_01_standard.set -> Martin_01_standard.otp
2025-04-27 01:01:50,756 - INFO - Successfully optimized Marubozu-EA_01_standard.set -> Marubozu-EA_01_standard.otp
2025-04-27 01:01:50,758 - INFO - Successfully optimized Marubozu_01_standard.set -> Marubozu_01_standard.otp
2025-04-27 01:01:50,760 - INFO - Successfully optimized MelBar-EuSwiss-1.85_01_standard.set -> MelBar-EuSwiss-1.85_01_standard.otp
2025-04-27 01:01:50,763 - INFO - Successfully optimized MelBar™Take325-™-5.5Y-NZD-USD_01_standard.set -> MelBar™Take325-™-5.5Y-NZD-USD_01_standard.otp
2025-04-27 01:01:50,766 - INFO - Successfully optimized Mobo-Bands-EA_01_standard.set -> Mobo-Bands-EA_01_standard.otp
2025-04-27 01:01:50,768 - INFO - Successfully optimized Mobo-Bands_01_standard.set -> Mobo-Bands_01_standard.otp
2025-04-27 01:01:50,770 - INFO - Successfully optimized Modified-Moving-Averages_01_standard.set -> Modified-Moving-Averages_01_standard.otp
2025-04-27 01:01:50,773 - INFO - Successfully optimized Momentum-M15_01_standard.set -> Momentum-M15_01_standard.otp
2025-04-27 01:01:50,775 - INFO - Successfully optimized Momo-trades_01_standard.set -> Momo-trades_01_standard.otp
2025-04-27 01:01:50,777 - INFO - Successfully optimized Money-Fixed-Margin_01_standard.set -> Money-Fixed-Margin_01_standard.otp
2025-04-27 01:01:50,779 - INFO - Successfully optimized Money-Fixed-Risk_01_standard.set -> Money-Fixed-Risk_01_standard.otp
2025-04-27 01:01:50,781 - INFO - Successfully optimized MoneyRain_01_standard.set -> MoneyRain_01_standard.otp
2025-04-27 01:01:50,784 - INFO - Successfully optimized Morning-evening-star-EA_01_standard.set -> Morning-evening-star-EA_01_standard.otp
2025-04-27 01:01:50,786 - INFO - Successfully optimized MostasHaR15-Pivot_01_standard.set -> MostasHaR15-Pivot_01_standard.otp
2025-04-27 01:01:50,788 - INFO - Successfully optimized Moving-20average-20and-20ichimoku-20EA_01_standard.set -> Moving-20average-20and-20ichimoku-20EA_01_standard.otp
2025-04-27 01:01:50,790 - INFO - Successfully optimized Moving-Average-Trade-System_01_standard.set -> Moving-Average-Trade-System_01_standard.otp
2025-04-27 01:01:50,791 - INFO - Successfully optimized Moving-Averages_01_standard.set -> Moving-Averages_01_standard.otp
2025-04-27 01:01:50,794 - INFO - Successfully optimized MovingAverageMartinGale_01_standard.set -> MovingAverageMartinGale_01_standard.otp
2025-04-27 01:01:50,796 - INFO - Successfully optimized MovingAverage_01_standard.set -> MovingAverage_01_standard.otp
2025-04-27 01:01:50,798 - INFO - Successfully optimized MQL5-Wizard-MA-RSI_01_standard.set -> MQL5-Wizard-MA-RSI_01_standard.otp
2025-04-27 01:01:50,800 - INFO - Successfully optimized MQL5-Wizard-MACD-Parabolic-SAR_01_standard.set -> MQL5-Wizard-MACD-Parabolic-SAR_01_standard.otp
2025-04-27 01:01:50,802 - INFO - Successfully optimized MTC-Сombo_01_standard.set -> MTC-Сombo_01_standard.otp
2025-04-27 01:01:50,804 - INFO - Successfully optimized Multi-Stochastic_01_standard.set -> Multi-Stochastic_01_standard.otp
2025-04-27 01:01:50,807 - INFO - Successfully optimized MultiMartin_01_standard.set -> MultiMartin_01_standard.otp
2025-04-27 01:01:50,809 - INFO - Successfully optimized MySystem_01_standard.set -> MySystem_01_standard.otp
2025-04-27 01:01:50,812 - INFO - Successfully optimized N-Candles_01_standard.set -> N-Candles_01_standard.otp
2025-04-27 01:01:50,816 - INFO - Successfully optimized Nevalyashka-BreakdownLevel_01_standard.set -> Nevalyashka-BreakdownLevel_01_standard.otp
2025-04-27 01:01:50,819 - INFO - Successfully optimized Nevalyashka3-1_01_standard.set -> Nevalyashka3-1_01_standard.otp
2025-04-27 01:01:50,822 - INFO - Successfully optimized Nevalyashka_01_standard.set -> Nevalyashka_01_standard.otp
2025-04-27 01:01:50,825 - INFO - Successfully optimized New-Martin_01_standard.set -> New-Martin_01_standard.otp
2025-04-27 01:01:50,829 - INFO - Successfully optimized New-Random_01_standard.set -> New-Random_01_standard.otp
2025-04-27 01:01:50,832 - INFO - Successfully optimized Nextbar_01_standard.set -> Nextbar_01_standard.otp
2025-04-27 01:01:50,835 - INFO - Successfully optimized Night-Flat-Trade_01_standard.set -> Night-Flat-Trade_01_standard.otp
2025-04-27 01:01:50,839 - INFO - Successfully optimized NightScalper_01_standard.set -> NightScalper_01_standard.otp
2025-04-27 01:01:50,842 - INFO - Successfully optimized NRTR-Revers_01_standard.set -> NRTR-Revers_01_standard.otp
2025-04-27 01:01:50,845 - INFO - Successfully optimized NUp1Down_01_standard.set -> NUp1Down_01_standard.otp
2025-04-27 01:01:50,849 - INFO - Successfully optimized Open-Candle-EA_01_standard.set -> Open-Candle-EA_01_standard.otp
2025-04-27 01:01:50,851 - INFO - Successfully optimized Open-Close_01_standard.set -> Open-Close_01_standard.otp
2025-04-27 01:01:50,853 - INFO - Successfully optimized Opening-and-ilosing-on-time_01_standard.set -> Opening-and-ilosing-on-time_01_standard.otp
2025-04-27 01:01:50,856 - INFO - Successfully optimized Opening-and-Сlosing-on-time_01_standard.set -> Opening-and-Сlosing-on-time_01_standard.otp
2025-04-27 01:01:50,861 - INFO - Successfully optimized OpenPendingorderAfterPositionGetStopLoss_01_standard.set -> OpenPendingorderAfterPositionGetStopLoss_01_standard.otp
2025-04-27 01:01:50,863 - INFO - Successfully optimized OpenTicks_01_standard.set -> OpenTicks_01_standard.otp
2025-04-27 01:01:50,867 - INFO - Successfully optimized ORB-EA-BOX_01_standard.set -> ORB-EA-BOX_01_standard.otp
2025-04-27 01:01:50,869 - INFO - Successfully optimized OsMaSter_01_standard.set -> OsMaSter_01_standard.otp
2025-04-27 01:01:50,873 - INFO - Successfully optimized OTT-20AND-20PRICE-20CROSS-20EA_01_standard.set -> OTT-20AND-20PRICE-20CROSS-20EA_01_standard.otp
2025-04-27 01:01:50,876 - INFO - Successfully optimized OverHedge_01_standard.set -> OverHedge_01_standard.otp
2025-04-27 01:01:50,879 - INFO - Successfully optimized OzFx_01_standard.set -> OzFx_01_standard.otp
2025-04-27 01:01:50,881 - INFO - Successfully optimized Parabolic-SAR_01_standard.set -> Parabolic-SAR_01_standard.otp
2025-04-27 01:01:50,884 - INFO - Successfully optimized PARSI-EA_01_standard.set -> PARSI-EA_01_standard.otp
2025-04-27 01:01:50,887 - INFO - Successfully optimized Peceptron-Mult_01_standard.set -> Peceptron-Mult_01_standard.otp
2025-04-27 01:01:50,890 - INFO - Successfully optimized Pending-orders-by-time-2_01_standard.set -> Pending-orders-by-time-2_01_standard.otp
2025-04-27 01:01:50,892 - INFO - Successfully optimized Pending-orders-by-time_01_standard.set -> Pending-orders-by-time_01_standard.otp
2025-04-27 01:01:50,895 - INFO - Successfully optimized Pendulum_01_standard.set -> Pendulum_01_standard.otp
2025-04-27 01:01:50,898 - INFO - Successfully optimized Pinball-machine_01_standard.set -> Pinball-machine_01_standard.otp
2025-04-27 01:01:50,901 - INFO - Successfully optimized Pinbar-Magic-EA_01_standard.set -> Pinbar-Magic-EA_01_standard.otp
2025-04-27 01:01:50,903 - INFO - Successfully optimized PinBar-Magic-Indicator_01_standard.set -> PinBar-Magic-Indicator_01_standard.otp
2025-04-27 01:01:50,906 - INFO - Successfully optimized Pipsover_01_standard.set -> Pipsover_01_standard.otp
2025-04-27 01:01:50,908 - INFO - Successfully optimized Plan-X_01_standard.set -> Plan-X_01_standard.otp
2025-04-27 01:01:50,911 - INFO - Successfully optimized Plateau_01_standard.set -> Plateau_01_standard.otp
2025-04-27 01:01:50,914 - INFO - Successfully optimized Poker-SHOW_01_standard.set -> Poker-SHOW_01_standard.otp
2025-04-27 01:01:50,916 - INFO - Successfully optimized Precipice-MartIn_01_standard.set -> Precipice-MartIn_01_standard.otp
2025-04-27 01:01:50,919 - INFO - Successfully optimized Precipice_01_standard.set -> Precipice_01_standard.otp
2025-04-27 01:01:50,921 - INFO - Successfully optimized Probe_01_standard.set -> Probe_01_standard.otp
2025-04-27 01:01:50,923 - INFO - Successfully optimized Proffessor_01_standard.set -> Proffessor_01_standard.otp
2025-04-27 01:01:50,925 - INFO - Successfully optimized PropFirmHelper_01_standard.set -> PropFirmHelper_01_standard.otp
2025-04-27 01:01:50,927 - INFO - Successfully optimized PROphet_01_standard.set -> PROphet_01_standard.otp
2025-04-27 01:01:50,930 - INFO - Successfully optimized Puria-method_01_standard.set -> Puria-method_01_standard.otp
2025-04-27 01:01:50,933 - INFO - Successfully optimized Rabbit3_01_standard.set -> Rabbit3_01_standard.otp
2025-04-27 01:01:50,935 - INFO - Successfully optimized Range-Breakout_01_standard.set -> Range-Breakout_01_standard.otp
2025-04-27 01:01:50,937 - INFO - Successfully optimized Rapid-Doji-EA_01_standard.set -> Rapid-Doji-EA_01_standard.otp
2025-04-27 01:01:50,940 - INFO - Successfully optimized Raymond-Cloudy-Day-for-EA_01_standard.set -> Raymond-Cloudy-Day-for-EA_01_standard.otp
2025-04-27 01:01:50,943 - INFO - Successfully optimized Reflex-EA_01_standard.set -> Reflex-EA_01_standard.otp
2025-04-27 01:01:50,945 - INFO - Successfully optimized REFLEX-INDICATOR_01_standard.set -> REFLEX-INDICATOR_01_standard.otp
2025-04-27 01:01:50,948 - INFO - Successfully optimized Reflex_01_standard.set -> Reflex_01_standard.otp
2025-04-27 01:01:50,950 - INFO - Successfully optimized Reversing-Martingale_01_standard.set -> Reversing-Martingale_01_standard.otp
2025-04-27 01:01:50,953 - INFO - Successfully optimized RideAlligator_01_standard.set -> RideAlligator_01_standard.otp
2025-04-27 01:01:50,956 - INFO - Successfully optimized RNN_01_standard.set -> RNN_01_standard.otp
2025-04-27 01:01:50,958 - INFO - Successfully optimized Robot-MACD_01_standard.set -> Robot-MACD_01_standard.otp
2025-04-27 01:01:50,962 - INFO - Successfully optimized RobotPowerM5-meta4_01_standard.set -> RobotPowerM5-meta4_01_standard.otp
2025-04-27 01:01:50,964 - INFO - Successfully optimized Rollback-system_01_standard.set -> Rollback-system_01_standard.otp
2025-04-27 01:01:50,966 - INFO - Successfully optimized RSI-and-Bollinger-Bands_01_standard.set -> RSI-and-Bollinger-Bands_01_standard.otp
2025-04-27 01:01:50,970 - INFO - Successfully optimized RSI-Arrow-EA_01_standard.set -> RSI-Arrow-EA_01_standard.otp
2025-04-27 01:01:50,974 - INFO - Successfully optimized RSI-Arrow_01_standard.set -> RSI-Arrow_01_standard.otp
2025-04-27 01:01:50,977 - INFO - Successfully optimized RSI-EA_01_standard.set -> RSI-EA_01_standard.otp
2025-04-27 01:01:50,980 - INFO - Successfully optimized RSI-Eraser_01_standard.set -> RSI-Eraser_01_standard.otp
2025-04-27 01:01:50,982 - INFO - Successfully optimized RSI-Expert_01_standard.set -> RSI-Expert_01_standard.otp
2025-04-27 01:01:50,985 - INFO - Successfully optimized RSI-Levels_01_standard.set -> RSI-Levels_01_standard.otp
2025-04-27 01:01:50,986 - INFO - Successfully optimized RSI-trader_01_standard.set -> RSI-trader_01_standard.otp
2025-04-27 01:01:50,990 - INFO - Successfully optimized RSI-Trend-EA_01_standard.set -> RSI-Trend-EA_01_standard.otp
2025-04-27 01:01:50,992 - INFO - Successfully optimized RSI-Trend_01_standard.set -> RSI-Trend_01_standard.otp
2025-04-27 01:01:50,995 - INFO - Successfully optimized RSI-with-channels-EA_01_standard.set -> RSI-with-channels-EA_01_standard.otp
2025-04-27 01:01:50,998 - INFO - Successfully optimized RSI-with-channels_01_standard.set -> RSI-with-channels_01_standard.otp
2025-04-27 01:01:51,001 - INFO - Successfully optimized Russian20-hp1_01_standard.set -> Russian20-hp1_01_standard.otp
2025-04-27 01:01:51,003 - INFO - Successfully optimized SampleCheckPendingOrder_01_standard.set -> SampleCheckPendingOrder_01_standard.otp
2025-04-27 01:01:51,005 - INFO - Successfully optimized SAR-trading_01_standard.set -> SAR-trading_01_standard.otp
2025-04-27 01:01:51,009 - INFO - Successfully optimized Secwenta_01_standard.set -> Secwenta_01_standard.otp
2025-04-27 01:01:51,011 - INFO - Successfully optimized Sell-Stop_01_standard.set -> Sell-Stop_01_standard.otp
2025-04-27 01:01:51,013 - INFO - Successfully optimized Sensitive_01_standard.set -> Sensitive_01_standard.otp
2025-04-27 01:01:51,015 - INFO - Successfully optimized Separate-trade_01_standard.set -> Separate-trade_01_standard.otp
2025-04-27 01:01:51,017 - INFO - Successfully optimized SilverTrend_01_standard.set -> SilverTrend_01_standard.otp
2025-04-27 01:01:51,019 - INFO - Successfully optimized Simple-20Price-20Alert-20-20EA_01_standard.set -> Simple-20Price-20Alert-20-20EA_01_standard.otp
2025-04-27 01:01:51,022 - INFO - Successfully optimized Simple-20Volume-20EA_01_standard.set -> Simple-20Volume-20EA_01_standard.otp
2025-04-27 01:01:51,026 - INFO - Successfully optimized Simple-EA-MA-plus-MACD_01_standard.set -> Simple-EA-MA-plus-MACD_01_standard.otp
2025-04-27 01:01:51,028 - INFO - Successfully optimized Simple-FX_01_standard.set -> Simple-FX_01_standard.otp
2025-04-27 01:01:51,031 - INFO - Successfully optimized Simple-MACD_01_standard.set -> Simple-MACD_01_standard.otp
2025-04-27 01:01:51,033 - INFO - Successfully optimized Simple-Volume-EA_01_standard.set -> Simple-Volume-EA_01_standard.otp
2025-04-27 01:01:51,035 - INFO - Successfully optimized SimplePivot_01_standard.set -> SimplePivot_01_standard.otp
2025-04-27 01:01:51,037 - INFO - Successfully optimized Simplest-Hedging-EA-ever_01_standard.set -> Simplest-Hedging-EA-ever_01_standard.otp
2025-04-27 01:01:51,039 - INFO - Successfully optimized SimpleTrade _01_standard.set -> SimpleTrade _01_standard.otp
2025-04-27 01:01:51,041 - INFO - Successfully optimized Six-Soldiers-EA-Grid_01_standard.set -> Six-Soldiers-EA-Grid_01_standard.otp
2025-04-27 01:01:51,045 - INFO - Successfully optimized Six-Soldiers-EA_01_standard.set -> Six-Soldiers-EA_01_standard.otp
2025-04-27 01:01:51,047 - INFO - Successfully optimized Six-Soldiers_01_standard.set -> Six-Soldiers_01_standard.otp
2025-04-27 01:01:51,051 - INFO - Successfully optimized Small-Inside-Bar-Strategy_01_standard.set -> Small-Inside-Bar-Strategy_01_standard.otp
2025-04-27 01:01:51,054 - INFO - Successfully optimized Smart-Machine-20EA_01_standard.set -> Smart-Machine-20EA_01_standard.otp
2025-04-27 01:01:51,056 - INFO - Successfully optimized Smoothing-Average_01_standard.set -> Smoothing-Average_01_standard.otp
2025-04-27 01:01:51,058 - INFO - Successfully optimized Spasm_01_standard.set -> Spasm_01_standard.otp
2025-04-27 01:01:51,062 - INFO - Successfully optimized ssb5-123_01_standard.set -> ssb5-123_01_standard.otp
2025-04-27 01:01:51,065 - INFO - Successfully optimized Starter_01_standard.set -> Starter_01_standard.otp
2025-04-27 01:01:51,067 - INFO - Successfully optimized Steve-Cartwright-Trader-Camel-CCI-MACD_01_standard.set -> Steve-Cartwright-Trader-Camel-CCI-MACD_01_standard.otp
2025-04-27 01:01:51,069 - INFO - Successfully optimized Stoch-EA-1192_01_standard.set -> Stoch-EA-1192_01_standard.otp
2025-04-27 01:01:51,071 - INFO - Successfully optimized Stochastic-20Alert_01_standard.set -> Stochastic-20Alert_01_standard.otp
2025-04-27 01:01:51,073 - INFO - Successfully optimized Stochastic-K-Divergence.lua_01_standard.set -> Stochastic-K-Divergence.lua_01_standard.otp
2025-04-27 01:01:51,076 - INFO - Successfully optimized stochastic-three-periods_01_standard.set -> stochastic-three-periods_01_standard.otp
2025-04-27 01:01:51,079 - INFO - Successfully optimized StochasticDiffSign-EA_01_standard.set -> StochasticDiffSign-EA_01_standard.otp
2025-04-27 01:01:51,081 - INFO - Successfully optimized stochasticdiffsign_01_standard.set -> stochasticdiffsign_01_standard.otp
2025-04-27 01:01:51,083 - INFO - Successfully optimized StochMA-EA_01_standard.set -> StochMA-EA_01_standard.otp
2025-04-27 01:01:51,086 - INFO - Successfully optimized StochMA_01_standard.set -> StochMA_01_standard.otp
2025-04-27 01:01:51,088 - INFO - Successfully optimized Stoch_01_standard.set -> Stoch_01_standard.otp
2025-04-27 01:01:51,090 - INFO - Successfully optimized Stop-Loss-Take-Profit_01_standard.set -> Stop-Loss-Take-Profit_01_standard.otp
2025-04-27 01:01:51,094 - INFO - Successfully optimized StraddleqTrail_01_standard.set -> StraddleqTrail_01_standard.otp
2025-04-27 01:01:51,096 - INFO - Successfully optimized Surefirething_01_standard.set -> Surefirething_01_standard.otp
2025-04-27 01:01:51,099 - INFO - Successfully optimized TDSGlobal_01_standard.set -> TDSGlobal_01_standard.otp
2025-04-27 01:01:51,101 - INFO - Successfully optimized The-MasterMind-2_01_standard.set -> The-MasterMind-2_01_standard.otp
2025-04-27 01:01:51,104 - INFO - Successfully optimized The-MasterMind-3_01_standard.set -> The-MasterMind-3_01_standard.otp
2025-04-27 01:01:51,106 - INFO - Successfully optimized The-MasterMind_01_standard.set -> The-MasterMind_01_standard.otp
2025-04-27 01:01:51,108 - INFO - Successfully optimized The-Puncher_01_standard.set -> The-Puncher_01_standard.otp
2025-04-27 01:01:51,111 - INFO - Successfully optimized TheClassicTurtleTrader-no-dots-EA_01_standard.set -> TheClassicTurtleTrader-no-dots-EA_01_standard.otp
2025-04-27 01:01:51,113 - INFO - Successfully optimized TheClassicTurtleTrader-no-dots_01_standard.set -> TheClassicTurtleTrader-no-dots_01_standard.otp
2025-04-27 01:01:51,115 - INFO - Successfully optimized Three-indicators_01_standard.set -> Three-indicators_01_standard.otp
2025-04-27 01:01:51,117 - INFO - Successfully optimized Three-neural-networks_01_standard.set -> Three-neural-networks_01_standard.otp
2025-04-27 01:01:51,119 - INFO - Successfully optimized Three-timeframes_01_standard.set -> Three-timeframes_01_standard.otp
2025-04-27 01:01:51,121 - INFO - Successfully optimized Three-Typical-Candles_01_standard.set -> Three-Typical-Candles_01_standard.otp
2025-04-27 01:01:51,123 - INFO - Successfully optimized Time-sync-forts_01_standard.set -> Time-sync-forts_01_standard.otp
2025-04-27 01:01:51,125 - INFO - Successfully optimized timer-trade_01_standard.set -> timer-trade_01_standard.otp
2025-04-27 01:01:51,127 - INFO - Successfully optimized TMA-ATR-Channel_01_standard.set -> TMA-ATR-Channel_01_standard.otp
2025-04-27 01:01:51,130 - INFO - Successfully optimized TMA-ATR-EA_01_standard.set -> TMA-ATR-EA_01_standard.otp
2025-04-27 01:01:51,134 - INFO - Successfully optimized TMA-CG-EA_01_standard.set -> TMA-CG-EA_01_standard.otp
2025-04-27 01:01:51,137 - INFO - Successfully optimized TMA-CG-Martingale-20EA_01_standard.set -> TMA-CG-Martingale-20EA_01_standard.otp
2025-04-27 01:01:51,139 - INFO - Successfully optimized TMA-CG-mladen_01_standard.set -> TMA-CG-mladen_01_standard.otp
2025-04-27 01:01:51,141 - INFO - Successfully optimized TMA-CG-special_01_standard.set -> TMA-CG-special_01_standard.otp
2025-04-27 01:01:51,143 - INFO - Successfully optimized TMA-slope-bands_01_standard.set -> TMA-slope-bands_01_standard.otp
2025-04-27 01:01:51,146 - INFO - Successfully optimized TmaTrue-2.0-with-Distances-6xx_01_standard.set -> TmaTrue-2.0-with-Distances-6xx_01_standard.otp
2025-04-27 01:01:51,149 - INFO - Successfully optimized TmaTrue-3.0-with-Distances-6xx_01_standard.set -> TmaTrue-3.0-with-Distances-6xx_01_standard.otp
2025-04-27 01:01:51,151 - INFO - Successfully optimized TP-with-money_01_standard.set -> TP-with-money_01_standard.otp
2025-04-27 01:01:51,153 - INFO - Successfully optimized Trade-in-Channel_01_standard.set -> Trade-in-Channel_01_standard.otp
2025-04-27 01:01:51,155 - INFO - Successfully optimized Trade-on-qualified-RSI_01_standard.set -> Trade-on-qualified-RSI_01_standard.otp
2025-04-27 01:01:51,157 - INFO - Successfully optimized Trading-Breakout-MrThanhTan_01_standard.set -> Trading-Breakout-MrThanhTan_01_standard.otp
2025-04-27 01:01:51,160 - INFO - Successfully optimized Trend-Trader-Strategy-EA_01_standard.set -> Trend-Trader-Strategy-EA_01_standard.otp
2025-04-27 01:01:51,162 - INFO - Successfully optimized Trend-Trader-Strategy_01_standard.set -> Trend-Trader-Strategy_01_standard.otp
2025-04-27 01:01:51,164 - INFO - Successfully optimized Tru-EA_01_standard.set -> Tru-EA_01_standard.otp
2025-04-27 01:01:51,166 - INFO - Successfully optimized True-Scalper-Profit-Lock_01_standard.set -> True-Scalper-Profit-Lock_01_standard.otp
2025-04-27 01:01:51,169 - INFO - Successfully optimized TrueSort-1100_01_standard.set -> TrueSort-1100_01_standard.otp
2025-04-27 01:01:51,170 - INFO - Successfully optimized Tunnel-gen4_01_standard.set -> Tunnel-gen4_01_standard.otp
2025-04-27 01:01:51,172 - INFO - Successfully optimized Tunnel-Method_01_standard.set -> Tunnel-Method_01_standard.otp
2025-04-27 01:01:51,175 - INFO - Successfully optimized TurnGrid_01_standard.set -> TurnGrid_01_standard.otp
2025-04-27 01:01:51,177 - INFO - Successfully optimized Two PerBar _01_standard.set -> Two PerBar _01_standard.otp
2025-04-27 01:01:51,179 - INFO - Successfully optimized Two-20MA-20RSI-20ADX-20EA_01_standard.set -> Two-20MA-20RSI-20ADX-20EA_01_standard.otp
2025-04-27 01:01:51,182 - INFO - Successfully optimized Two-20Orders-20Panel_01_standard.set -> Two-20Orders-20Panel_01_standard.otp
2025-04-27 01:01:51,184 - INFO - Successfully optimized Two-pending-orders-2_01_standard.set -> Two-pending-orders-2_01_standard.otp
2025-04-27 01:01:51,187 - INFO - Successfully optimized UnityPro_01_standard.set -> UnityPro_01_standard.otp
2025-04-27 01:01:51,190 - INFO - Successfully optimized UniversalMACrossEA_01_standard.set -> UniversalMACrossEA_01_standard.otp
2025-04-27 01:01:51,192 - INFO - Successfully optimized UniversalSignalDemo_01_standard.set -> UniversalSignalDemo_01_standard.otp
2025-04-27 01:01:51,194 - INFO - Successfully optimized Universum-3.0_01_standard.set -> Universum-3.0_01_standard.otp
2025-04-27 01:01:51,198 - INFO - Successfully optimized UnNomGuai-20EA_01_standard.set -> UnNomGuai-20EA_01_standard.otp
2025-04-27 01:01:51,201 - INFO - Successfully optimized up3x1-Investor_01_standard.set -> up3x1-Investor_01_standard.otp
2025-04-27 01:01:51,203 - INFO - Successfully optimized up3x1-premium-M_01_standard.set -> up3x1-premium-M_01_standard.otp
2025-04-27 01:01:51,205 - INFO - Successfully optimized up3x1_01_standard.set -> up3x1_01_standard.otp
2025-04-27 01:01:51,208 - INFO - Successfully optimized Urdala-Trol_01_standard.set -> Urdala-Trol_01_standard.otp
2025-04-27 01:01:51,215 - INFO - Successfully optimized Very-Blonde-System_01_standard.set -> Very-Blonde-System_01_standard.otp
2025-04-27 01:01:51,219 - INFO - Successfully optimized Virtual-Trailing-Stop_01_standard.set -> Virtual-Trailing-Stop_01_standard.otp
2025-04-27 01:01:51,222 - INFO - Successfully optimized VLT-TRADER_01_standard.set -> VLT-TRADER_01_standard.otp
2025-04-27 01:01:51,226 - INFO - Successfully optimized Volume-trader_01_standard.set -> Volume-trader_01_standard.otp
2025-04-27 01:01:51,229 - INFO - Successfully optimized Vortex-Indicator-System_01_standard.set -> Vortex-Indicator-System_01_standard.otp
2025-04-27 01:01:51,232 - INFO - Successfully optimized VR-Overturn_01_standard.set -> VR-Overturn_01_standard.otp
2025-04-27 01:01:51,236 - INFO - Successfully optimized VR-ZVER-v.2_01_standard.set -> VR-ZVER-v.2_01_standard.otp
2025-04-27 01:01:51,240 - INFO - Successfully optimized VR-ZVER_01_standard.set -> VR-ZVER_01_standard.otp
2025-04-27 01:01:51,243 - INFO - Successfully optimized VZO_01_standard.set -> VZO_01_standard.otp
2025-04-27 01:01:51,246 - INFO - Successfully optimized Waddah-Attar-Win_01_standard.set -> Waddah-Attar-Win_01_standard.otp
2025-04-27 01:01:51,248 - INFO - Successfully optimized WE-TRUST_01_standard.set -> WE-TRUST_01_standard.otp
2025-04-27 01:01:51,252 - INFO - Successfully optimized X-RSIOMA_01_standard.set -> X-RSIOMA_01_standard.otp
2025-04-27 01:01:51,254 - INFO - Successfully optimized Yesterday-Today_01_standard.set -> Yesterday-Today_01_standard.otp
