2025-04-25 21:06:59,152 - INFO - Processing 10-pips-EURUSD_01_standard.set
2025-04-25 21:06:59,155 - INFO - Processing 10-pips_01_standard.set
2025-04-25 21:06:59,157 - INFO - Processing 1H-EUR-USD_01_standard.set
2025-04-25 21:06:59,160 - INFO - Processing 20011201-GBPUSD-M1_01_standard.set
2025-04-25 21:06:59,164 - INFO - Processing 21hour_01_standard.set
2025-04-25 21:06:59,167 - INFO - Processing 2HR-HL_01_standard.set
2025-04-25 21:06:59,172 - INFO - Processing 2MA-4Level_01_standard.set
2025-04-25 21:06:59,175 - INFO - Processing 2MA-Bunny-Cross_01_standard.set
2025-04-25 21:06:59,178 - INFO - Processing 3-bars-high-low-indicator_01_standard.set
2025-04-25 21:06:59,181 - INFO - Processing 35-Pip-Scalper_01_standard.set
2025-04-25 21:06:59,183 - INFO - Processing 3BarsHighLowEA_01_standard.set
2025-04-25 21:06:59,188 - INFO - Processing 3sma_01_standard.set
2025-04-25 21:06:59,190 - INFO - Processing 500_01_standard.set
2025-04-25 21:06:59,193 - INFO - Processing 55-MA_01_standard.set
2025-04-25 21:06:59,196 - INFO - Processing Above-Below-MA_01_standard.set
2025-04-25 21:06:59,199 - INFO - Processing Absorption_01_standard.set
2025-04-25 21:06:59,201 - INFO - Processing ADX-MACD-Deev_01_standard.set
2025-04-25 21:06:59,204 - INFO - Processing ADX-MA_01_standard.set
2025-04-25 21:06:59,207 - INFO - Processing ADX-System_01_standard.set
2025-04-25 21:06:59,209 - INFO - Processing AIS1_01_standard.set
2025-04-25 21:06:59,211 - INFO - Processing Alexav-D1-Profit-GBPUSD_01_standard.set
2025-04-25 21:06:59,214 - INFO - Processing All-Average-Ea_01_standard.set
2025-04-25 21:06:59,217 - INFO - Processing Alligator-Simple_01_standard.set
2025-04-25 21:06:59,220 - INFO - Processing Alligator_01_standard.set
2025-04-25 21:06:59,222 - INFO - Processing Altarius-RSI-Stohastic_01_standard.set
2025-04-25 21:06:59,225 - INFO - Processing AMA-Trader-2_01_standard.set
2025-04-25 21:06:59,228 - INFO - Processing AMA-Trader_01_standard.set
2025-04-25 21:06:59,231 - INFO - Processing AO-Lightning_01_standard.set
2025-04-25 21:06:59,233 - INFO - Processing AOCCI_01_standard.set
2025-04-25 21:06:59,236 - INFO - Processing Arbitrage_01_standard.set
2025-04-25 21:06:59,238 - INFO - Processing ArbSint_01_standard.set
2025-04-25 21:06:59,240 - INFO - Processing Area-MACD_01_standard.set
2025-04-25 21:06:59,242 - INFO - Processing Artificial-Intelligence_01_standard.set
2025-04-25 21:06:59,245 - INFO - Processing At-random-Full_01_standard.set
2025-04-25 21:06:59,248 - INFO - Processing At-random_01_standard.set
2025-04-25 21:06:59,250 - INFO - Processing Auto-ADX_01_standard.set
2025-04-25 21:06:59,253 - INFO - Processing Auto-Pivot-Plotter-28Mid-Levels-29-41_01_standard.set
2025-04-25 21:06:59,255 - INFO - Processing AutoLock-EA_01_standard.set
2025-04-25 21:06:59,260 - INFO - Processing Autotrader-Momentum_01_standard.set
2025-04-25 21:06:59,263 - INFO - Processing Avalanche-AV_01_standard.set
2025-04-25 21:06:59,265 - INFO - Processing Backbone_01_standard.set
2025-04-25 21:06:59,267 - INFO - Processing BADX_01_standard.set
2025-04-25 21:06:59,269 - INFO - Processing Bago-EA_01_standard.set
2025-04-25 21:06:59,273 - INFO - Processing BalancedScalper-20EA_01_standard.set
2025-04-25 21:06:59,277 - INFO - Processing Bands-2_01_standard.set
2025-04-25 21:06:59,280 - INFO - Processing BARS-Alligator_01_standard.set
2025-04-25 21:06:59,283 - INFO - Processing Basic-CCI-RSI_01_standard.set
2025-04-25 21:06:59,286 - INFO - Processing Basic-Martingale-EA-3_01_standard.set
2025-04-25 21:06:59,289 - INFO - Processing BBPercentile-EA_01_standard.set
2025-04-25 21:06:59,295 - INFO - Processing BBPercentile_01_standard.set
2025-04-25 21:06:59,298 - INFO - Processing BDCrossOver-20EA_01_standard.set
2025-04-25 21:06:59,302 - INFO - Processing BIG-DOG_01_standard.set
2025-04-25 21:06:59,304 - INFO - Processing Bill-Williams_01_standard.set
2025-04-25 21:06:59,307 - INFO - Processing Bollinger-Band-Two-MA-and-Zig-Zag_01_standard.set
2025-04-25 21:06:59,311 - INFO - Processing Bollinger-Bands-N-positions_01_standard.set
2025-04-25 21:06:59,314 - INFO - Processing Bollinger-Bands-RSI_01_standard.set
2025-04-25 21:06:59,317 - INFO - Processing bollinger_01_standard.set
2025-04-25 21:06:59,319 - INFO - Processing Brakeout-Trader_01_standard.set
2025-04-25 21:06:59,321 - INFO - Processing Brandy_01_standard.set
2025-04-25 21:06:59,324 - INFO - Processing Breadandbutter2_01_standard.set
2025-04-25 21:06:59,327 - INFO - Processing Breakdown-catcher_01_standard.set
2025-04-25 21:06:59,330 - INFO - Processing breakdown_01_standard.set
2025-04-25 21:06:59,332 - INFO - Processing Breakout-Str_01_standard.set
2025-04-25 21:06:59,337 - INFO - Processing Bronze-Warrioir_01_standard.set
2025-04-25 21:06:59,339 - INFO - Processing Bruno_01_standard.set
2025-04-25 21:06:59,342 - INFO - Processing BSS-1-0_01_standard.set
2025-04-25 21:06:59,345 - INFO - Processing Bullish-and-Bearish-Engulfing_01_standard.set
2025-04-25 21:06:59,347 - INFO - Processing Burg-Extrapolator_01_standard.set
2025-04-25 21:06:59,350 - INFO - Processing BykovTrend-EA_01_standard.set
2025-04-25 21:06:59,355 - INFO - Processing Calculate-lotsize-and-Trailling-stop_01_standard.set
2025-04-25 21:06:59,358 - INFO - Processing candlepatternsexample_01_standard.set
2025-04-25 21:06:59,364 - INFO - Processing Candle_01_standard.set
2025-04-25 21:06:59,366 - INFO - Processing Carbophos_01_standard.set
2025-04-25 21:06:59,368 - INFO - Processing CashMachine-5min_01_standard.set
2025-04-25 21:06:59,371 - INFO - Processing CCI-MACD-Scalper_01_standard.set
2025-04-25 21:06:59,374 - INFO - Processing Cidomo_01_standard.set
2025-04-25 21:06:59,377 - INFO - Processing CloseAgent_01_standard.set
2025-04-25 21:06:59,380 - INFO - Processing CloseProfit_01_standard.set
2025-04-25 21:06:59,382 - INFO - Processing cloud's-trade-2_01_standard.set
2025-04-25 21:06:59,385 - INFO - Processing CLOUD_01_standard.set
2025-04-25 21:06:59,388 - INFO - Processing Constituents-EA_01_standard.set
2025-04-25 21:06:59,390 - INFO - Processing Contrarian-trade-MA_01_standard.set
2025-04-25 21:06:59,393 - INFO - Processing Crossing-Moving-Average_01_standard.set
2025-04-25 21:06:59,396 - INFO - Processing CrossMA_01_standard.set
2025-04-25 21:06:59,398 - INFO - Processing Currencyprofits-01.1_01_standard.set
2025-04-25 21:06:59,401 - INFO - Processing Daily-20reversal-20-20EA_01_standard.set
2025-04-25 21:06:59,405 - INFO - Processing Daily-BreakPoint_01_standard.set
2025-04-25 21:06:59,408 - INFO - Processing Daily-Open-EA_01_standard.set
2025-04-25 21:06:59,413 - INFO - Processing Daily-range_01_standard.set
2025-04-25 21:06:59,416 - INFO - Processing Day-Trading-PAMXA_01_standard.set
2025-04-25 21:06:59,419 - INFO - Processing Daydream_01_standard.set
2025-04-25 21:06:59,421 - INFO - Processing DayTrading_01_standard.set
2025-04-25 21:06:59,424 - INFO - Processing Dealers-Trade-v-7.74-MACD_01_standard.set
2025-04-25 21:06:59,427 - INFO - Processing Deep-Drawdown-MA_01_standard.set
2025-04-25 21:06:59,429 - INFO - Processing DeMarker-gaining-position-volume-2_01_standard.set
2025-04-25 21:06:59,433 - INFO - Processing DeMarker-gaining-position-volume_01_standard.set
2025-04-25 21:06:59,436 - INFO - Processing DeMarker-Pending-2-5_01_standard.set
2025-04-25 21:06:59,440 - INFO - Processing DeMarker-Pending-2_01_standard.set
2025-04-25 21:06:59,443 - INFO - Processing DeMarker-Pending_01_standard.set
2025-04-25 21:06:59,447 - INFO - Processing Dematus_01_standard.set
2025-04-25 21:06:59,450 - INFO - Processing Divergence-20for-20many-20indicator_01_standard.set
2025-04-25 21:06:59,452 - INFO - Processing Divergence-EA_01_standard.set
2025-04-25 21:06:59,458 - INFO - Processing Doji-Arrows_01_standard.set
2025-04-25 21:06:59,460 - INFO - Processing DojiTrader_01_standard.set
2025-04-25 21:06:59,462 - INFO - Processing Donchian-Chanel-EA_01_standard.set
2025-04-25 21:06:59,468 - INFO - Processing DoubleHullMA-EA_01_standard.set
2025-04-25 21:06:59,472 - INFO - Processing DoubleHullMA_01_standard.set
2025-04-25 21:06:59,475 - INFO - Processing DoubleMA-Crossover-EA_01_standard.set
2025-04-25 21:06:59,479 - INFO - Processing Doubler_01_standard.set
2025-04-25 21:06:59,482 - INFO - Processing dummy_01_standard.set
2025-04-25 21:06:59,484 - INFO - Processing Dynamic-averaging_01_standard.set
2025-04-25 21:06:59,487 - INFO - Processing e-Breakeven_01_standard.set
2025-04-25 21:06:59,489 - INFO - Processing E-Friday_01_standard.set
2025-04-25 21:06:59,492 - INFO - Processing E-Skoch-Open_01_standard.set
2025-04-25 21:06:59,495 - INFO - Processing e-Skoch-pending-orders_01_standard.set
2025-04-25 21:06:59,497 - INFO - Processing e-Smart-Trailing_01_standard.set
2025-04-25 21:06:59,499 - INFO - Processing e-TurboFx_01_standard.set
2025-04-25 21:06:59,501 - INFO - Processing EA-Close_01_standard.set
2025-04-25 21:06:59,504 - INFO - Processing EA-MA-Stoch-RSI_01_standard.set
2025-04-25 21:06:59,510 - INFO - Processing EA-Moving-Average_01_standard.set
2025-04-25 21:06:59,513 - INFO - Processing Elite-eFibo-Trader_01_standard.set
2025-04-25 21:06:59,516 - INFO - Processing EMA-6.12_01_standard.set
2025-04-25 21:06:59,519 - INFO - Processing EMA-CROSS_01_standard.set
2025-04-25 21:06:59,521 - INFO - Processing EMA-LWMA-RSI_01_standard.set
2025-04-25 21:06:59,524 - INFO - Processing EMA-RSI-EA_01_standard.set
2025-04-25 21:06:59,528 - INFO - Processing EMA-WMA_01_standard.set
2025-04-25 21:06:59,530 - INFO - Processing EMA_01_standard.set
2025-04-25 21:06:59,533 - INFO - Processing Eugene_01_standard.set
2025-04-25 21:06:59,535 - INFO - Processing eur-usd-m5_01_standard.set
2025-04-25 21:06:59,537 - INFO - Processing EURUSD-breakout_01_standard.set
2025-04-25 21:06:59,540 - INFO - Processing Executer-AC_01_standard.set
2025-04-25 21:06:59,542 - INFO - Processing Executor-AO_01_standard.set
2025-04-25 21:06:59,545 - INFO - Processing Executor-Candles_01_standard.set
2025-04-25 21:06:59,547 - INFO - Processing exp-Amstell_01_standard.set
2025-04-25 21:06:59,550 - INFO - Processing Expert-NEWS_01_standard.set
2025-04-25 21:06:59,552 - INFO - Processing Expert-RSI-Stochastic-MA_01_standard.set
2025-04-25 21:06:59,556 - INFO - Processing ExtremePrice-EA_01_standard.set
2025-04-25 21:06:59,560 - INFO - Processing FiboRetracement-20EA_01_standard.set
2025-04-25 21:06:59,566 - INFO - Processing Firebird_01_standard.set
2025-04-25 21:06:59,570 - INFO - Processing Firestorm-EA_01_standard.set
2025-04-25 21:06:59,578 - INFO - Processing Firestorm-indicator_01_standard.set
2025-04-25 21:06:59,581 - INFO - Processing Fluctuate_01_standard.set
2025-04-25 21:06:59,585 - INFO - Processing Forex-Fraus-M1_01_standard.set
2025-04-25 21:06:59,588 - INFO - Processing Forex-Profit_01_standard.set
2025-04-25 21:06:59,591 - INFO - Processing Fractals-minimum-distance_01_standard.set
2025-04-25 21:06:59,594 - INFO - Processing Fraktrak-xonax_01_standard.set
2025-04-25 21:06:59,597 - INFO - Processing Frank-Ud_01_standard.set
2025-04-25 21:06:59,599 - INFO - Processing FT-CCI_01_standard.set
2025-04-25 21:06:59,602 - INFO - Processing Fuzzy-logic_01_standard.set
2025-04-25 21:06:59,604 - INFO - Processing GalacticExplosion_01_standard.set
2025-04-25 21:06:59,607 - INFO - Processing Gandalf-PRO_01_standard.set
2025-04-25 21:06:59,610 - INFO - Processing Gap-DM_01_standard.set
2025-04-25 21:06:59,612 - INFO - Processing GAP-EA_01_standard.set
2025-04-25 21:06:59,616 - INFO - Processing Gaps_01_standard.set
2025-04-25 21:06:59,619 - INFO - Processing GBP9AM_01_standard.set
2025-04-25 21:06:59,622 - INFO - Processing GbpChf_01_standard.set
2025-04-25 21:06:59,625 - INFO - Processing Gold-Dust_01_standard.set
2025-04-25 21:06:59,628 - INFO - Processing GO_01_standard.set
2025-04-25 21:06:59,630 - INFO - Processing GreenTrade_01_standard.set
2025-04-25 21:06:59,634 - INFO - Processing Grid-Martingale_01_standard.set
2025-04-25 21:06:59,638 - INFO - Processing GridEA_01_standard.set
2025-04-25 21:06:59,645 - INFO - Processing Grid_01_standard.set
2025-04-25 21:06:59,647 - INFO - Processing HarVesteR_01_standard.set
2025-04-25 21:06:59,651 - INFO - Processing HedgeEA_01_standard.set
2025-04-25 21:06:59,653 - INFO - Processing hedger_01_standard.set
2025-04-25 21:06:59,656 - INFO - Processing Hedging-EA_01_standard.set
2025-04-25 21:06:59,662 - INFO - Processing Heiken-Ashi-Smoothed-EA-with-MA_01_standard.set
2025-04-25 21:06:59,667 - INFO - Processing Heiken-Ashi-Smoothed-EA_01_standard.set
2025-04-25 21:06:59,673 - INFO - Processing heiken-ashi-smoothedLine_01_standard.set
2025-04-25 21:06:59,676 - INFO - Processing heiken-ashi-smoothed_01_standard.set
2025-04-25 21:06:59,678 - INFO - Processing HeikenAshi-Lines-EA_01_standard.set
2025-04-25 21:06:59,684 - INFO - Processing HeikenAshi-Lines_01_standard.set
2025-04-25 21:06:59,687 - INFO - Processing Heinken-Ashi-Color-Candles_01_standard.set
2025-04-25 21:06:59,689 - INFO - Processing HelloSmart_01_standard.set
2025-04-25 21:06:59,691 - INFO - Processing High-Low-EA_01_standard.set
2025-04-25 21:06:59,697 - INFO - Processing High-Low-Indicator_01_standard.set
2025-04-25 21:06:59,699 - INFO - Processing Hoop-master-2_01_standard.set
2025-04-25 21:06:59,702 - INFO - Processing iCCI-iMA_01_standard.set
2025-04-25 21:06:59,704 - INFO - Processing ICH-With-Alert-Derekers-EA_01_standard.set
2025-04-25 21:06:59,709 - INFO - Processing ICH-With-Alert-Derekers_01_standard.set
2025-04-25 21:06:59,712 - INFO - Processing ichimok2005_01_standard.set
2025-04-25 21:06:59,714 - INFO - Processing Ichimoku-20Kijun-20Alert_01_standard.set
2025-04-25 21:06:59,717 - INFO - Processing Ichimoku-20Tenkan-20Alert_01_standard.set
2025-04-25 21:06:59,720 - INFO - Processing Ichimoku-Scanner_01_standard.set
2025-04-25 21:06:59,723 - INFO - Processing Ichimoku-Signals-and-Alert_01_standard.set
2025-04-25 21:06:59,726 - INFO - Processing IchimokuMTF-EA_01_standard.set
2025-04-25 21:06:59,730 - INFO - Processing Ichimoku_01_standard.set
2025-04-25 21:06:59,734 - INFO - Processing Ilan-iMA_01_standard.set
2025-04-25 21:06:59,737 - INFO - Processing Ilan1.4_01_standard.set
2025-04-25 21:06:59,740 - INFO - Processing iMA-iStdDev_01_standard.set
2025-04-25 21:06:59,743 - INFO - Processing Indices-Tester_01_standard.set
2025-04-25 21:06:59,745 - INFO - Processing Inka-20Edho-20EA_01_standard.set
2025-04-25 21:06:59,751 - INFO - Processing Intersection-2-iMA_01_standard.set
2025-04-25 21:06:59,754 - INFO - Processing IStochastic-Trading_01_standard.set
2025-04-25 21:06:59,756 - INFO - Processing Ivan_01_standard.set
2025-04-25 21:06:59,759 - INFO - Processing iVIDyA-Simple_01_standard.set
2025-04-25 21:06:59,761 - INFO - Processing Jackpot-Strategy-EA_01_standard.set
2025-04-25 21:06:59,767 - INFO - Processing JackPot-Strategy-Elite_01_standard.set
2025-04-25 21:06:59,769 - INFO - Processing JK-BullP-AutoTrader_01_standard.set
2025-04-25 21:06:59,772 - INFO - Processing JS-Chaos_01_standard.set
2025-04-25 21:06:59,774 - INFO - Processing JS-MA-Day_01_standard.set
2025-04-25 21:06:59,777 - INFO - Processing JS-MA-SAR-Trades_01_standard.set
2025-04-25 21:06:59,780 - INFO - Processing KA-Gold-Bot_01_standard.set
2025-04-25 21:06:59,784 - INFO - Processing Kue-Electric-EA_01_standard.set
2025-04-25 21:06:59,790 - INFO - Processing KueFx-20Arrows_01_standard.set
2025-04-25 21:06:59,792 - INFO - Processing KueFx-20Baseline_01_standard.set
2025-04-25 21:06:59,794 - INFO - Processing KueFx-Arrows-20EA_01_standard.set
2025-04-25 21:06:59,801 - INFO - Processing KueFx-Arrows-EA_01_standard.set
2025-04-25 21:06:59,805 - INFO - Processing KueFx-Arrows_01_standard.set
2025-04-25 21:06:59,808 - INFO - Processing KueFx-Baseline-EA_01_standard.set
2025-04-25 21:06:59,812 - INFO - Processing KueFx-Baseline_01_standard.set
2025-04-25 21:06:59,814 - INFO - Processing KueFx-Clean-2025-EA_01_standard.set
2025-04-25 21:06:59,820 - INFO - Processing KueFx-Extreme-EA_01_standard.set
2025-04-25 21:06:59,826 - INFO - Processing KueFx-Harare-EA_01_standard.set
2025-04-25 21:06:59,832 - INFO - Processing KueFX-Money-Management_01_standard.set
2025-04-25 21:06:59,839 - INFO - Processing KueFx-Motor-EA_01_standard.set
2025-04-25 21:06:59,846 - INFO - Processing KueFx-Motor_01_standard.set
2025-04-25 21:06:59,848 - INFO - Processing KueFx-Trend_01_standard.set
2025-04-25 21:06:59,854 - INFO - Processing KueFxTrend-20EA_01_standard.set
2025-04-25 21:06:59,860 - INFO - Processing KueFxTrend-EA_01_standard.set
2025-04-25 21:06:59,866 - INFO - Processing LarryConnersRSI2_01_standard.set
2025-04-25 21:06:59,868 - INFO - Processing Last-ZZ50_01_standard.set
2025-04-25 21:06:59,871 - INFO - Processing Lavika100_01_standard.set
2025-04-25 21:06:59,874 - INFO - Processing LBS_01_standard.set
2025-04-25 21:06:59,880 - INFO - Processing Lego-EA_01_standard.set
2025-04-25 21:06:59,889 - INFO - Processing Lesson-3-Price-Action_01_standard.set
2025-04-25 21:06:59,894 - INFO - Processing Lesson-4-Price-Action-MA-Filter_01_standard.set
2025-04-25 21:06:59,898 - INFO - Processing Lesson-6-Trailling-ATR_01_standard.set
2025-04-25 21:06:59,903 - INFO - Processing Lesson-7-Price-action-Ket-hop-Volume-VSA_01_standard.set
2025-04-25 21:06:59,907 - INFO - Processing Little-EA_01_standard.set
2025-04-25 21:06:59,912 - INFO - Processing Locker_01_standard.set
2025-04-25 21:06:59,916 - INFO - Processing Lock_01_standard.set
2025-04-25 21:06:59,921 - INFO - Processing Lucky_01_standard.set
2025-04-25 21:06:59,926 - INFO - Processing MA-20Alert_01_standard.set
2025-04-25 21:06:59,932 - INFO - Processing MA-20AO-20Arrow_01_standard.set
2025-04-25 21:06:59,939 - INFO - Processing MA-AO-EA_01_standard.set
2025-04-25 21:06:59,949 - INFO - Processing ma-channels_01_standard.set
2025-04-25 21:06:59,953 - INFO - Processing MA-Cross_01_standard.set
2025-04-25 21:06:59,957 - INFO - Processing MA-Envelopes_01_standard.set
2025-04-25 21:06:59,960 - INFO - Processing MA-MACD-Position-averaging_01_standard.set
2025-04-25 21:06:59,965 - INFO - Processing MA-Trend_01_standard.set
2025-04-25 21:06:59,970 - INFO - Processing MA2CCI_01_standard.set
2025-04-25 21:06:59,975 - INFO - Processing MACD-and-SAR_01_standard.set
2025-04-25 21:06:59,981 - INFO - Processing MACD-Cleaner_01_standard.set
2025-04-25 21:06:59,986 - INFO - Processing MACD-EA-H4_01_standard.set
2025-04-25 21:06:59,994 - INFO - Processing MACD-No-Sample_01_standard.set
2025-04-25 21:06:59,997 - INFO - Processing MACD-signal_01_standard.set
2025-04-25 21:07:00,000 - INFO - Processing MACD-Stochastic-2_01_standard.set
2025-04-25 21:07:00,004 - INFO - Processing MACD-Stochastic_01_standard.set
2025-04-25 21:07:00,009 - INFO - Processing MACDCCI_01_standard.set
2025-04-25 21:07:00,012 - INFO - Processing MacdPatternTraderAll0.01_01_standard.set
2025-04-25 21:07:00,022 - INFO - Processing MacdPatternTraderAll_01_standard.set
2025-04-25 21:07:00,031 - INFO - Processing MACD_01_standard.set
2025-04-25 21:07:00,034 - INFO - Processing MAGrid_01_standard.set
2025-04-25 21:07:00,037 - INFO - Processing MAMACD_01_standard.set
2025-04-25 21:07:00,040 - INFO - Processing Market-Capture_01_standard.set
2025-04-25 21:07:00,043 - INFO - Processing Martin-1_01_standard.set
2025-04-25 21:07:00,047 - INFO - Processing Martin-for-small-deposits_01_standard.set
2025-04-25 21:07:00,049 - INFO - Processing MartingailExpert_01_standard.set
2025-04-25 21:07:00,052 - INFO - Processing MartinGaleBreakout_01_standard.set
2025-04-25 21:07:00,055 - INFO - Processing Martin_01_standard.set
2025-04-25 21:07:00,057 - INFO - Processing Marubozu-EA_01_standard.set
2025-04-25 21:07:00,061 - INFO - Processing Marubozu_01_standard.set
2025-04-25 21:07:00,064 - INFO - Processing MelBar-EuSwiss-1.85_01_standard.set
2025-04-25 21:07:00,066 - INFO - Processing MelBar™Take325-™-5.5Y-NZD-USD_01_standard.set
2025-04-25 21:07:00,069 - INFO - Processing Mobo-Bands-EA_01_standard.set
2025-04-25 21:07:00,076 - INFO - Processing Mobo-Bands_01_standard.set
2025-04-25 21:07:00,079 - INFO - Processing Modified-Moving-Averages_01_standard.set
2025-04-25 21:07:00,082 - INFO - Processing Momentum-M15_01_standard.set
2025-04-25 21:07:00,085 - INFO - Processing Momo-trades_01_standard.set
2025-04-25 21:07:00,088 - INFO - Processing Money-Fixed-Margin_01_standard.set
2025-04-25 21:07:00,090 - INFO - Processing Money-Fixed-Risk_01_standard.set
2025-04-25 21:07:00,093 - INFO - Processing MoneyRain_01_standard.set
2025-04-25 21:07:00,095 - INFO - Processing Morning-evening-star-EA_01_standard.set
2025-04-25 21:07:00,099 - INFO - Processing MostasHaR15-Pivot_01_standard.set
2025-04-25 21:07:00,102 - INFO - Processing Moving-20average-20and-20ichimoku-20EA_01_standard.set
2025-04-25 21:07:00,106 - INFO - Processing Moving-Average-Trade-System_01_standard.set
2025-04-25 21:07:00,109 - INFO - Processing Moving-Averages_01_standard.set
2025-04-25 21:07:00,112 - INFO - Processing MovingAverageMartinGale_01_standard.set
2025-04-25 21:07:00,114 - INFO - Processing MovingAverage_01_standard.set
2025-04-25 21:07:00,119 - INFO - Processing MQL5-Wizard-MA-RSI_01_standard.set
2025-04-25 21:07:00,123 - INFO - Processing MQL5-Wizard-MACD-Parabolic-SAR_01_standard.set
2025-04-25 21:07:00,126 - INFO - Processing MTC-Сombo_01_standard.set
2025-04-25 21:07:00,131 - INFO - Processing Multi-Stochastic_01_standard.set
2025-04-25 21:07:00,134 - INFO - Processing MultiMartin_01_standard.set
2025-04-25 21:07:00,137 - INFO - Processing MySystem_01_standard.set
2025-04-25 21:07:00,140 - INFO - Processing N-Candles_01_standard.set
2025-04-25 21:07:00,142 - INFO - Processing Nevalyashka-BreakdownLevel_01_standard.set
2025-04-25 21:07:00,145 - INFO - Processing Nevalyashka3-1_01_standard.set
2025-04-25 21:07:00,148 - INFO - Processing Nevalyashka_01_standard.set
2025-04-25 21:07:00,150 - INFO - Processing New-Martin_01_standard.set
2025-04-25 21:07:00,152 - INFO - Processing New-Random_01_standard.set
2025-04-25 21:07:00,155 - INFO - Processing Nextbar_01_standard.set
2025-04-25 21:07:00,158 - INFO - Processing Night-Flat-Trade_01_standard.set
2025-04-25 21:07:00,160 - INFO - Processing NightScalper_01_standard.set
2025-04-25 21:07:00,166 - INFO - Processing NRTR-Revers_01_standard.set
2025-04-25 21:07:00,170 - INFO - Processing NUp1Down_01_standard.set
2025-04-25 21:07:00,173 - INFO - Processing Open-Candle-EA_01_standard.set
2025-04-25 21:07:00,180 - INFO - Processing Open-Close_01_standard.set
2025-04-25 21:07:00,182 - INFO - Processing Opening-and-ilosing-on-time_01_standard.set
2025-04-25 21:07:00,185 - INFO - Processing Opening-and-Сlosing-on-time_01_standard.set
2025-04-25 21:07:00,189 - INFO - Processing OpenPendingorderAfterPositionGetStopLoss_01_standard.set
2025-04-25 21:07:00,193 - INFO - Processing OpenTicks_01_standard.set
2025-04-25 21:07:00,196 - INFO - Processing ORB-EA-BOX_01_standard.set
2025-04-25 21:07:00,205 - INFO - Processing OsMaSter_01_standard.set
2025-04-25 21:07:00,208 - INFO - Processing OTT-20AND-20PRICE-20CROSS-20EA_01_standard.set
2025-04-25 21:07:00,212 - INFO - Processing OverHedge_01_standard.set
2025-04-25 21:07:00,215 - INFO - Processing OzFx_01_standard.set
2025-04-25 21:07:00,219 - INFO - Processing Parabolic-SAR_01_standard.set
2025-04-25 21:07:00,222 - INFO - Processing PARSI-EA_01_standard.set
2025-04-25 21:07:00,227 - INFO - Processing Peceptron-Mult_01_standard.set
2025-04-25 21:07:00,231 - INFO - Processing Pending-orders-by-time-2_01_standard.set
2025-04-25 21:07:00,235 - INFO - Processing Pending-orders-by-time_01_standard.set
2025-04-25 21:07:00,238 - INFO - Processing Pendulum_01_standard.set
2025-04-25 21:07:00,241 - INFO - Processing Pinball-machine_01_standard.set
2025-04-25 21:07:00,244 - INFO - Processing Pinbar-Magic-EA_01_standard.set
2025-04-25 21:07:00,252 - INFO - Processing PinBar-Magic-Indicator_01_standard.set
2025-04-25 21:07:00,256 - INFO - Processing Pipsover_01_standard.set
2025-04-25 21:07:00,259 - INFO - Processing Plan-X_01_standard.set
2025-04-25 21:07:00,264 - INFO - Processing Plateau_01_standard.set
2025-04-25 21:07:00,267 - INFO - Processing Poker-SHOW_01_standard.set
2025-04-25 21:07:00,271 - INFO - Processing Precipice-MartIn_01_standard.set
2025-04-25 21:07:00,274 - INFO - Processing Precipice_01_standard.set
2025-04-25 21:07:00,278 - INFO - Processing Probe_01_standard.set
2025-04-25 21:07:00,281 - INFO - Processing Proffessor_01_standard.set
2025-04-25 21:07:00,286 - INFO - Processing PropFirmHelper_01_standard.set
2025-04-25 21:07:00,290 - INFO - Processing PROphet_01_standard.set
2025-04-25 21:07:00,294 - INFO - Processing Puria-method_01_standard.set
2025-04-25 21:07:00,298 - INFO - Processing Rabbit3_01_standard.set
2025-04-25 21:07:00,302 - INFO - Processing Range-Breakout_01_standard.set
2025-04-25 21:07:00,305 - INFO - Processing Rapid-Doji-EA_01_standard.set
2025-04-25 21:07:00,309 - INFO - Processing Raymond-Cloudy-Day-for-EA_01_standard.set
2025-04-25 21:07:00,313 - INFO - Processing Reflex-EA_01_standard.set
2025-04-25 21:07:00,321 - INFO - Processing REFLEX-INDICATOR_01_standard.set
2025-04-25 21:07:00,324 - INFO - Processing Reflex_01_standard.set
2025-04-25 21:07:00,327 - INFO - Processing Reversing-Martingale_01_standard.set
2025-04-25 21:07:00,330 - INFO - Processing RideAlligator_01_standard.set
2025-04-25 21:07:00,334 - INFO - Processing RNN_01_standard.set
2025-04-25 21:07:00,340 - INFO - Processing Robot-MACD_01_standard.set
2025-04-25 21:07:00,345 - INFO - Processing RobotPowerM5-meta4_01_standard.set
2025-04-25 21:07:00,348 - INFO - Processing Rollback-system_01_standard.set
2025-04-25 21:07:00,353 - INFO - Processing RSI-and-Bollinger-Bands_01_standard.set
2025-04-25 21:07:00,362 - INFO - Processing RSI-Arrow-EA_01_standard.set
2025-04-25 21:07:00,376 - INFO - Processing RSI-Arrow_01_standard.set
2025-04-25 21:07:00,382 - INFO - Processing RSI-EA_01_standard.set
2025-04-25 21:07:00,391 - INFO - Processing RSI-Eraser_01_standard.set
2025-04-25 21:07:00,395 - INFO - Processing RSI-Expert_01_standard.set
2025-04-25 21:07:00,401 - INFO - Processing RSI-Levels_01_standard.set
2025-04-25 21:07:00,405 - INFO - Processing RSI-trader_01_standard.set
2025-04-25 21:07:00,410 - INFO - Processing RSI-Trend-EA_01_standard.set
2025-04-25 21:07:00,418 - INFO - Processing RSI-Trend_01_standard.set
2025-04-25 21:07:00,424 - INFO - Processing RSI-with-channels-EA_01_standard.set
2025-04-25 21:07:00,433 - INFO - Processing RSI-with-channels_01_standard.set
2025-04-25 21:07:00,438 - INFO - Processing Russian20-hp1_01_standard.set
2025-04-25 21:07:00,443 - INFO - Processing SampleCheckPendingOrder_01_standard.set
2025-04-25 21:07:00,447 - INFO - Processing SAR-trading_01_standard.set
2025-04-25 21:07:00,452 - INFO - Processing Secwenta_01_standard.set
2025-04-25 21:07:00,456 - INFO - Processing Sell-Stop_01_standard.set
2025-04-25 21:07:00,460 - INFO - Processing Sensitive_01_standard.set
2025-04-25 21:07:00,464 - INFO - Processing Separate-trade_01_standard.set
2025-04-25 21:07:00,469 - INFO - Processing SilverTrend_01_standard.set
2025-04-25 21:07:00,473 - INFO - Processing Simple-20Price-20Alert-20-20EA_01_standard.set
2025-04-25 21:07:00,477 - INFO - Processing Simple-20Volume-20EA_01_standard.set
2025-04-25 21:07:00,483 - INFO - Processing Simple-EA-MA-plus-MACD_01_standard.set
2025-04-25 21:07:00,488 - INFO - Processing Simple-FX_01_standard.set
2025-04-25 21:07:00,493 - INFO - Processing Simple-MACD_01_standard.set
2025-04-25 21:07:00,497 - INFO - Processing Simple-Volume-EA_01_standard.set
2025-04-25 21:07:00,505 - INFO - Processing SimplePivot_01_standard.set
2025-04-25 21:07:00,509 - INFO - Processing Simplest-Hedging-EA-ever_01_standard.set
2025-04-25 21:07:00,514 - INFO - Processing SimpleTrade _01_standard.set
2025-04-25 21:07:00,518 - INFO - Processing Six-Soldiers-EA-Grid_01_standard.set
2025-04-25 21:07:00,525 - INFO - Processing Six-Soldiers-EA_01_standard.set
2025-04-25 21:07:00,532 - INFO - Processing Six-Soldiers_01_standard.set
2025-04-25 21:07:00,535 - INFO - Processing Small-Inside-Bar-Strategy_01_standard.set
2025-04-25 21:07:00,538 - INFO - Processing Smart-Machine-20EA_01_standard.set
2025-04-25 21:07:00,545 - INFO - Processing Smoothing-Average_01_standard.set
2025-04-25 21:07:00,548 - INFO - Processing Spasm_01_standard.set
2025-04-25 21:07:00,551 - INFO - Processing ssb5-123_01_standard.set
2025-04-25 21:07:00,554 - INFO - Processing Starter_01_standard.set
2025-04-25 21:07:00,557 - INFO - Processing Steve-Cartwright-Trader-Camel-CCI-MACD_01_standard.set
2025-04-25 21:07:00,560 - INFO - Processing Stoch-EA-1192_01_standard.set
2025-04-25 21:07:00,562 - INFO - Processing Stochastic-20Alert_01_standard.set
2025-04-25 21:07:00,565 - INFO - Processing Stochastic-K-Divergence.lua_01_standard.set
2025-04-25 21:07:00,568 - INFO - Processing stochastic-three-periods_01_standard.set
2025-04-25 21:07:00,571 - INFO - Processing StochasticDiffSign-EA_01_standard.set
2025-04-25 21:07:00,578 - INFO - Processing stochasticdiffsign_01_standard.set
2025-04-25 21:07:00,581 - INFO - Processing StochMA-EA_01_standard.set
2025-04-25 21:07:00,588 - INFO - Processing StochMA_01_standard.set
2025-04-25 21:07:00,591 - INFO - Processing Stoch_01_standard.set
2025-04-25 21:07:00,594 - INFO - Processing Stop-Loss-Take-Profit_01_standard.set
2025-04-25 21:07:00,597 - INFO - Processing StraddleqTrail_01_standard.set
2025-04-25 21:07:00,600 - INFO - Processing Surefirething_01_standard.set
2025-04-25 21:07:00,603 - INFO - Processing TDSGlobal_01_standard.set
2025-04-25 21:07:00,606 - INFO - Processing The-MasterMind-2_01_standard.set
2025-04-25 21:07:00,608 - INFO - Processing The-MasterMind-3_01_standard.set
2025-04-25 21:07:00,611 - INFO - Processing The-MasterMind_01_standard.set
2025-04-25 21:07:00,614 - INFO - Processing The-Puncher_01_standard.set
2025-04-25 21:07:00,617 - INFO - Processing TheClassicTurtleTrader-no-dots-EA_01_standard.set
2025-04-25 21:07:00,622 - INFO - Processing TheClassicTurtleTrader-no-dots_01_standard.set
2025-04-25 21:07:00,626 - INFO - Processing Three-indicators_01_standard.set
2025-04-25 21:07:00,629 - INFO - Processing Three-neural-networks_01_standard.set
2025-04-25 21:07:00,632 - INFO - Processing Three-timeframes_01_standard.set
2025-04-25 21:07:00,636 - INFO - Processing Three-Typical-Candles_01_standard.set
2025-04-25 21:07:00,638 - INFO - Processing Time-sync-forts_01_standard.set
2025-04-25 21:07:00,640 - INFO - Processing timer-trade_01_standard.set
2025-04-25 21:07:00,643 - INFO - Processing TMA-ATR-Channel_01_standard.set
2025-04-25 21:07:00,647 - INFO - Processing TMA-ATR-EA_01_standard.set
2025-04-25 21:07:00,652 - INFO - Processing TMA-CG-EA_01_standard.set
2025-04-25 21:07:00,659 - INFO - Processing TMA-CG-Martingale-20EA_01_standard.set
2025-04-25 21:07:00,666 - INFO - Processing TMA-CG-mladen_01_standard.set
2025-04-25 21:07:00,668 - INFO - Processing TMA-CG-special_01_standard.set
2025-04-25 21:07:00,671 - INFO - Processing TMA-slope-bands_01_standard.set
2025-04-25 21:07:00,674 - INFO - Processing TmaTrue-2.0-with-Distances-6xx_01_standard.set
2025-04-25 21:07:00,677 - INFO - Processing TmaTrue-3.0-with-Distances-6xx_01_standard.set
2025-04-25 21:07:00,679 - INFO - Processing TP-with-money_01_standard.set
2025-04-25 21:07:00,682 - INFO - Processing Trade-in-Channel_01_standard.set
2025-04-25 21:07:00,685 - INFO - Processing Trade-on-qualified-RSI_01_standard.set
2025-04-25 21:07:00,687 - INFO - Processing Trading-Breakout-MrThanhTan_01_standard.set
2025-04-25 21:07:00,690 - INFO - Processing Trend-Trader-Strategy-EA_01_standard.set
2025-04-25 21:07:00,695 - INFO - Processing Trend-Trader-Strategy_01_standard.set
2025-04-25 21:07:00,698 - INFO - Processing Tru-EA_01_standard.set
2025-04-25 21:07:00,702 - INFO - Processing True-Scalper-Profit-Lock_01_standard.set
2025-04-25 21:07:00,705 - INFO - Processing TrueSort-1100_01_standard.set
2025-04-25 21:07:00,707 - INFO - Processing Tunnel-gen4_01_standard.set
2025-04-25 21:07:00,709 - INFO - Processing Tunnel-Method_01_standard.set
2025-04-25 21:07:00,712 - INFO - Processing TurnGrid_01_standard.set
2025-04-25 21:07:00,715 - INFO - Processing Two PerBar _01_standard.set
2025-04-25 21:07:00,717 - INFO - Processing Two-20MA-20RSI-20ADX-20EA_01_standard.set
2025-04-25 21:07:00,721 - INFO - Processing Two-20Orders-20Panel_01_standard.set
2025-04-25 21:07:00,723 - INFO - Processing Two-pending-orders-2_01_standard.set
2025-04-25 21:07:00,727 - INFO - Processing UnityPro_01_standard.set
2025-04-25 21:07:00,730 - INFO - Processing UniversalMACrossEA_01_standard.set
2025-04-25 21:07:00,733 - INFO - Processing UniversalSignalDemo_01_standard.set
2025-04-25 21:07:00,737 - INFO - Processing Universum-3.0_01_standard.set
2025-04-25 21:07:00,739 - INFO - Processing UnNomGuai-20EA_01_standard.set
2025-04-25 21:07:00,745 - INFO - Processing up3x1-Investor_01_standard.set
2025-04-25 21:07:00,748 - INFO - Processing up3x1-premium-M_01_standard.set
2025-04-25 21:07:00,751 - INFO - Processing up3x1_01_standard.set
2025-04-25 21:07:00,754 - INFO - Processing Urdala-Trol_01_standard.set
2025-04-25 21:07:00,756 - INFO - Processing Very-Blonde-System_01_standard.set
2025-04-25 21:07:00,759 - INFO - Processing Virtual-Trailing-Stop_01_standard.set
2025-04-25 21:07:00,761 - INFO - Processing VLT-TRADER_01_standard.set
2025-04-25 21:07:00,764 - INFO - Processing Volume-trader_01_standard.set
2025-04-25 21:07:00,766 - INFO - Processing Vortex-Indicator-System_01_standard.set
2025-04-25 21:07:00,768 - INFO - Processing VR-Overturn_01_standard.set
2025-04-25 21:07:00,770 - INFO - Processing VR-ZVER-v.2_01_standard.set
2025-04-25 21:07:00,774 - INFO - Processing VR-ZVER_01_standard.set
2025-04-25 21:07:00,778 - INFO - Processing VZO_01_standard.set
2025-04-25 21:07:00,780 - INFO - Processing Waddah-Attar-Win_01_standard.set
2025-04-25 21:07:00,782 - INFO - Processing WE-TRUST_01_standard.set
2025-04-25 21:07:00,786 - INFO - Processing X-RSIOMA_01_standard.set
2025-04-25 21:07:00,790 - INFO - Processing Yesterday-Today_01_standard.set
