2025-04-25 02:52:54,685 - INFO - Processing 10-pips-EURUSD_01_standard.set
2025-04-25 02:52:54,690 - INFO - Processing 10-pips_01_standard.set
2025-04-25 02:52:54,694 - INFO - Processing 1H-EUR-USD_01_standard.set
2025-04-25 02:52:54,701 - INFO - Processing 20011201-GBPUSD-M1_01_standard.set
2025-04-25 02:52:54,708 - INFO - Processing 21hour_01_standard.set
2025-04-25 02:52:54,713 - INFO - Processing 2HR-HL_01_standard.set
2025-04-25 02:52:54,724 - INFO - Processing 2MA-4Level_01_standard.set
2025-04-25 02:52:54,734 - INFO - Processing 2MA-Bunny-Cross_01_standard.set
2025-04-25 02:52:54,740 - INFO - Processing 3-bars-high-low-indicator_01_standard.set
2025-04-25 02:52:54,746 - INFO - Processing 35-Pip-Scalper_01_standard.set
2025-04-25 02:52:54,753 - INFO - Processing 3BarsHighLowEA_01_standard.set
2025-04-25 02:52:54,767 - INFO - Processing 3sma_01_standard.set
2025-04-25 02:52:54,775 - INFO - Processing 500_01_standard.set
2025-04-25 02:52:54,783 - INFO - Processing 55-MA_01_standard.set
2025-04-25 02:52:54,790 - INFO - Processing Above-Below-MA_01_standard.set
2025-04-25 02:52:54,797 - INFO - Processing Absorption_01_standard.set
2025-04-25 02:52:54,804 - INFO - Processing ADX-MACD-Deev_01_standard.set
2025-04-25 02:52:54,820 - INFO - Processing ADX-MA_01_standard.set
2025-04-25 02:52:54,827 - INFO - Processing ADX-System_01_standard.set
2025-04-25 02:52:54,833 - INFO - Processing AIS1_01_standard.set
2025-04-25 02:52:54,839 - INFO - Processing AK-47-Scalper-EA-MT5_01_standard.set
2025-04-25 02:52:54,848 - INFO - Processing AK-47-Scalper-EA-yoforexPremium-MT5_01_standard.set
2025-04-25 02:52:54,856 - INFO - Processing Alexav-D1-Profit-GBPUSD_01_standard.set
2025-04-25 02:52:54,865 - INFO - Processing All-Average-Ea_01_standard.set
2025-04-25 02:52:54,873 - INFO - Processing Alligator-Simple_01_standard.set
2025-04-25 02:52:54,880 - INFO - Processing Alligator_01_standard.set
2025-04-25 02:52:54,886 - INFO - Processing Altarius-RSI-Stohastic_01_standard.set
2025-04-25 02:52:54,893 - INFO - Processing AMA-Trader-2_01_standard.set
2025-04-25 02:52:54,903 - INFO - Processing AMA-Trader_01_standard.set
2025-04-25 02:52:54,912 - INFO - Processing AO-Lightning_01_standard.set
2025-04-25 02:52:54,921 - INFO - Processing AOCCI_01_standard.set
2025-04-25 02:52:54,929 - INFO - Processing Arbitrage_01_standard.set
2025-04-25 02:52:54,935 - INFO - Processing ArbSint_01_standard.set
2025-04-25 02:52:54,940 - INFO - Processing Area-MACD_01_standard.set
2025-04-25 02:52:54,949 - INFO - Processing Artificial-Intelligence_01_standard.set
2025-04-25 02:52:54,957 - INFO - Processing At-random-Full_01_standard.set
2025-04-25 02:52:54,964 - INFO - Processing At-random_01_standard.set
2025-04-25 02:52:54,970 - INFO - Processing Auto-ADX_01_standard.set
2025-04-25 02:52:54,980 - INFO - Processing Auto-Pivot-Plotter-28Mid-Levels-29-41_01_standard.set
2025-04-25 02:52:54,987 - INFO - Processing AutoLock-EA_01_standard.set
2025-04-25 02:52:55,002 - INFO - Processing Autotrader-Momentum_01_standard.set
2025-04-25 02:52:55,012 - INFO - Processing Avalanche-AV_01_standard.set
2025-04-25 02:52:55,018 - INFO - Processing Backbone_01_standard.set
2025-04-25 02:52:55,028 - INFO - Processing BADX_01_standard.set
2025-04-25 02:52:55,036 - INFO - Processing Bago-EA_01_standard.set
2025-04-25 02:52:55,045 - INFO - Processing BalancedScalper-20EA_01_standard.set
2025-04-25 02:52:55,059 - INFO - Processing Bands-2_01_standard.set
2025-04-25 02:52:55,068 - INFO - Processing BARS-Alligator_01_standard.set
2025-04-25 02:52:55,074 - INFO - Processing Basic-CCI-RSI_01_standard.set
2025-04-25 02:52:55,082 - INFO - Processing Basic-Martingale-EA-3_01_standard.set
2025-04-25 02:52:55,094 - INFO - Processing BB-stops-MT5_01_standard.set
2025-04-25 02:52:55,103 - INFO - Processing BBPercentile-EA_01_standard.set
2025-04-25 02:52:55,116 - INFO - Processing BBPercentile_01_standard.set
2025-04-25 02:52:55,122 - INFO - Processing BDCrossOver-20EA_01_standard.set
2025-04-25 02:52:55,131 - INFO - Processing BIG-DOG_01_standard.set
2025-04-25 02:52:55,141 - INFO - Processing Bill-Williams_01_standard.set
2025-04-25 02:52:55,148 - INFO - Processing Bollinger-Band-Two-MA-and-Zig-Zag_01_standard.set
2025-04-25 02:52:55,160 - INFO - Processing Bollinger-Bands-N-positions_01_standard.set
2025-04-25 02:52:55,168 - INFO - Processing Bollinger-Bands-RSI_01_standard.set
2025-04-25 02:52:55,175 - INFO - Processing bollinger_01_standard.set
2025-04-25 02:52:55,180 - INFO - Processing Brakeout-Trader_01_standard.set
2025-04-25 02:52:55,190 - INFO - Processing Brandy_01_standard.set
2025-04-25 02:52:55,198 - INFO - Processing Breadandbutter2_01_standard.set
2025-04-25 02:52:55,203 - INFO - Processing Breakdown-catcher_01_standard.set
2025-04-25 02:52:55,208 - INFO - Processing breakdown_01_standard.set
2025-04-25 02:52:55,217 - INFO - Processing Breakout-Str_01_standard.set
2025-04-25 02:52:55,230 - INFO - Processing Bronze-Warrioir_01_standard.set
2025-04-25 02:52:55,238 - INFO - Processing Bruno_01_standard.set
2025-04-25 02:52:55,246 - INFO - Processing BSS-1-0_01_standard.set
2025-04-25 02:52:55,254 - INFO - Processing Bullish-and-Bearish-Engulfing_01_standard.set
2025-04-25 02:52:55,261 - INFO - Processing Burg-Extrapolator_01_standard.set
2025-04-25 02:52:55,271 - INFO - Processing BykovTrend-EA_01_standard.set
2025-04-25 02:52:55,283 - INFO - Processing BykovTrend_EA_v3_01_standard.set
2025-04-25 02:52:55,299 - INFO - Processing Calculate-lotsize-and-Trailling-stop_01_standard.set
2025-04-25 02:52:55,307 - INFO - Processing candlepatternsexample_01_standard.set
2025-04-25 02:52:55,323 - INFO - Processing Candle_01_standard.set
2025-04-25 02:52:55,329 - INFO - Processing Carbophos_01_standard.set
2025-04-25 02:52:55,336 - INFO - Processing CashMachine-5min_01_standard.set
2025-04-25 02:52:55,343 - INFO - Processing CCI-MACD-Scalper_01_standard.set
2025-04-25 02:52:55,352 - INFO - Processing Cidomo_01_standard.set
2025-04-25 02:52:55,359 - INFO - Processing CloseAgent_01_standard.set
2025-04-25 02:52:55,365 - INFO - Processing CloseProfit_01_standard.set
2025-04-25 02:52:55,372 - INFO - Processing cloud's-trade-2_01_standard.set
2025-04-25 02:52:55,380 - INFO - Processing CLOUD_01_standard.set
2025-04-25 02:52:55,386 - INFO - Processing Constituents-EA_01_standard.set
2025-04-25 02:52:55,392 - INFO - Processing Contrarian-trade-MA_01_standard.set
2025-04-25 02:52:55,400 - INFO - Processing Crossing-Moving-Average_01_standard.set
2025-04-25 02:52:55,409 - INFO - Processing CrossMA_01_standard.set
2025-04-25 02:52:55,416 - INFO - Processing Currencyprofits-01.1_01_standard.set
2025-04-25 02:52:55,422 - INFO - Processing Daily-20reversal-20-20EA_01_standard.set
2025-04-25 02:52:55,433 - INFO - Processing Daily-BreakPoint_01_standard.set
2025-04-25 02:52:55,440 - INFO - Processing Daily-Open-EA_01_standard.set
2025-04-25 02:52:55,450 - INFO - Processing Daily-range_01_standard.set
2025-04-25 02:52:55,459 - INFO - Processing Day-Trading-PAMXA_01_standard.set
2025-04-25 02:52:55,467 - INFO - Processing Daydream_01_standard.set
2025-04-25 02:52:55,472 - INFO - Processing DayTrading_01_standard.set
2025-04-25 02:52:55,477 - INFO - Processing Dealers-Trade-v-7.74-MACD_01_standard.set
2025-04-25 02:52:55,485 - INFO - Processing Deep-Drawdown-MA_01_standard.set
2025-04-25 02:52:55,491 - INFO - Processing DeMarker-gaining-position-volume-2_01_standard.set
2025-04-25 02:52:55,499 - INFO - Processing DeMarker-gaining-position-volume_01_standard.set
2025-04-25 02:52:55,506 - INFO - Processing DeMarker-Pending-2-5_01_standard.set
2025-04-25 02:52:55,517 - INFO - Processing DeMarker-Pending-2_01_standard.set
2025-04-25 02:52:55,528 - INFO - Processing DeMarker-Pending_01_standard.set
2025-04-25 02:52:55,540 - INFO - Processing Dematus_01_standard.set
2025-04-25 02:52:55,548 - INFO - Processing Divergence-20for-20many-20indicator_01_standard.set
2025-04-25 02:52:55,556 - INFO - Processing Divergence-EA_01_standard.set
2025-04-25 02:52:55,573 - INFO - Processing Doji-Arrows_01_standard.set
2025-04-25 02:52:55,580 - INFO - Processing DojiTrader_01_standard.set
2025-04-25 02:52:55,587 - INFO - Processing Donchian-Chanel-EA_01_standard.set
2025-04-25 02:52:55,604 - INFO - Processing DoubleHullMA-EA_01_standard.set
2025-04-25 02:52:55,615 - INFO - Processing DoubleHullMA_01_standard.set
2025-04-25 02:52:55,625 - INFO - Processing DoubleMA-Crossover-EA_01_standard.set
2025-04-25 02:52:55,635 - INFO - Processing Doubler_01_standard.set
2025-04-25 02:52:55,643 - INFO - Processing Driver-EA-MT5_01_standard.set
2025-04-25 02:52:55,657 - INFO - Processing dummy_01_standard.set
2025-04-25 02:52:55,663 - INFO - Processing Dynamic-averaging_01_standard.set
2025-04-25 02:52:55,673 - INFO - Processing e-Breakeven_01_standard.set
2025-04-25 02:52:55,680 - INFO - Processing E-Friday_01_standard.set
2025-04-25 02:52:55,687 - INFO - Processing E-Skoch-Open_01_standard.set
2025-04-25 02:52:55,696 - INFO - Processing e-Skoch-pending-orders_01_standard.set
2025-04-25 02:52:55,709 - INFO - Processing e-Smart-Trailing_01_standard.set
2025-04-25 02:52:55,715 - INFO - Processing e-TurboFx_01_standard.set
2025-04-25 02:52:55,724 - INFO - Processing EA-Close_01_standard.set
2025-04-25 02:52:55,731 - INFO - Processing EA-MA-Stoch-RSI_01_standard.set
2025-04-25 02:52:55,745 - INFO - Processing EA-Moving-Average_01_standard.set
2025-04-25 02:52:55,754 - INFO - Processing Elite-eFibo-Trader_01_standard.set
2025-04-25 02:52:55,762 - INFO - Processing EMA-6.12_01_standard.set
2025-04-25 02:52:55,768 - INFO - Processing EMA-CROSS_01_standard.set
2025-04-25 02:52:55,779 - INFO - Processing EMA-LWMA-RSI_01_standard.set
2025-04-25 02:52:55,787 - INFO - Processing EMA-RSI-EA_01_standard.set
2025-04-25 02:52:55,803 - INFO - Processing EMA-WMA_01_standard.set
2025-04-25 02:52:55,811 - INFO - Processing EMA_01_standard.set
2025-04-25 02:52:55,818 - INFO - Processing EMA_WMA v2_01_standard.set
2025-04-25 02:52:55,829 - INFO - Processing Eugene_01_standard.set
2025-04-25 02:52:55,836 - INFO - Processing eur-usd-m5_01_standard.set
2025-04-25 02:52:55,843 - INFO - Processing EURUSD-breakout_01_standard.set
2025-04-25 02:52:55,852 - INFO - Processing Executer-AC_01_standard.set
2025-04-25 02:52:55,859 - INFO - Processing Executor-AO_01_standard.set
2025-04-25 02:52:55,866 - INFO - Processing Executor-Candles_01_standard.set
2025-04-25 02:52:55,873 - INFO - Processing exp-Amstell_01_standard.set
2025-04-25 02:52:55,879 - INFO - Processing Expert-NEWS_01_standard.set
2025-04-25 02:52:55,888 - INFO - Processing Expert-RSI-Stochastic-MA_01_standard.set
2025-04-25 02:52:55,900 - INFO - Processing ExtremePrice-EA_01_standard.set
2025-04-25 02:52:55,909 - INFO - Processing FiboRetracement-20EA_01_standard.set
2025-04-25 02:52:55,922 - INFO - Processing Firebird_01_standard.set
2025-04-25 02:52:55,929 - INFO - Processing Firestorm-EA_01_standard.set
2025-04-25 02:52:55,947 - INFO - Processing Firestorm-indicator_01_standard.set
2025-04-25 02:52:55,954 - INFO - Processing Fluctuate_01_standard.set
2025-04-25 02:52:55,961 - INFO - Processing Forex-Fraus-M1_01_standard.set
2025-04-25 02:52:55,969 - INFO - Processing Forex-Profit_01_standard.set
2025-04-25 02:52:55,976 - INFO - Processing Fractals-minimum-distance_01_standard.set
2025-04-25 02:52:55,982 - INFO - Processing Fraktrak-xonax_01_standard.set
2025-04-25 02:52:55,990 - INFO - Processing Frank-Ud_01_standard.set
2025-04-25 02:52:55,998 - INFO - Processing fratal-mt5-EA_01_standard.set
2025-04-25 02:52:56,004 - INFO - Processing FT-CCI_01_standard.set
2025-04-25 02:52:56,010 - INFO - Processing Fuzzy-logic_01_standard.set
2025-04-25 02:52:56,017 - INFO - Processing GalacticExplosion_01_standard.set
2025-04-25 02:52:56,026 - INFO - Processing Gandalf-PRO_01_standard.set
2025-04-25 02:52:56,033 - INFO - Processing Gap-DM_01_standard.set
2025-04-25 02:52:56,044 - INFO - Processing GAP-EA_01_standard.set
2025-04-25 02:52:56,055 - INFO - Processing Gaps_01_standard.set
2025-04-25 02:52:56,063 - INFO - Processing GBP9AM_01_standard.set
2025-04-25 02:52:56,073 - INFO - Processing GbpChf_01_standard.set
2025-04-25 02:52:56,082 - INFO - Processing Gold-Dust_01_standard.set
2025-04-25 02:52:56,092 - INFO - Processing GO_01_standard.set
2025-04-25 02:52:56,103 - INFO - Processing GreenTrade_01_standard.set
2025-04-25 02:52:56,113 - INFO - Processing Grid-Martingale_01_standard.set
2025-04-25 02:52:56,128 - INFO - Processing GridEA_01_standard.set
2025-04-25 02:52:56,145 - INFO - Processing Grid_01_standard.set
2025-04-25 02:52:56,154 - INFO - Processing HarVesteR_01_standard.set
2025-04-25 02:52:56,163 - INFO - Processing HedgeEA_01_standard.set
2025-04-25 02:52:56,171 - INFO - Processing hedger_01_standard.set
2025-04-25 02:52:56,179 - INFO - Processing Hedging-EA_01_standard.set
2025-04-25 02:52:56,195 - INFO - Processing Heiken-Ashi-Smoothed-EA-with-MA_01_standard.set
2025-04-25 02:52:56,210 - INFO - Processing Heiken-Ashi-Smoothed-EA_01_standard.set
2025-04-25 02:52:56,227 - INFO - Processing heiken-ashi-smoothedLine_01_standard.set
2025-04-25 02:52:56,234 - INFO - Processing heiken-ashi-smoothed_01_standard.set
2025-04-25 02:52:56,241 - INFO - Processing HeikenAshi-Lines-EA_01_standard.set
2025-04-25 02:52:56,258 - INFO - Processing HeikenAshi-Lines_01_standard.set
2025-04-25 02:52:56,266 - INFO - Processing Heinken-Ashi-Color-Candles_01_standard.set
2025-04-25 02:52:56,275 - INFO - Processing HelloSmart_01_standard.set
2025-04-25 02:52:56,281 - INFO - Processing High-Low-EA_01_standard.set
2025-04-25 02:52:56,296 - INFO - Processing High-Low-Indicator_01_standard.set
2025-04-25 02:52:56,308 - INFO - Processing Hoop-master-2_01_standard.set
2025-04-25 02:52:56,317 - INFO - Processing iCCI-iMA_01_standard.set
2025-04-25 02:52:56,327 - INFO - Processing ICH-With-Alert-Derekers-EA_01_standard.set
2025-04-25 02:52:56,342 - INFO - Processing ICH-With-Alert-Derekers_01_standard.set
2025-04-25 02:52:56,364 - INFO - Processing ichimok2005_01_standard.set
2025-04-25 02:52:56,373 - INFO - Processing Ichimoku-20Kijun-20Alert_01_standard.set
2025-04-25 02:52:56,385 - INFO - Processing Ichimoku-20Tenkan-20Alert_01_standard.set
2025-04-25 02:52:56,404 - INFO - Processing Ichimoku-Dashboard-MT5_01_standard.set
2025-04-25 02:52:56,419 - INFO - Processing Ichimoku-Scanner-MT5_01_standard.set
2025-04-25 02:52:56,429 - INFO - Processing Ichimoku-Scanner_01_standard.set
2025-04-25 02:52:56,439 - INFO - Processing Ichimoku-Signals-and-Alert_01_standard.set
2025-04-25 02:52:56,447 - INFO - Processing IchimokuMTF-EA_01_standard.set
2025-04-25 02:52:56,460 - INFO - Processing Ichimoku_01_standard.set
2025-04-25 02:52:56,470 - INFO - Processing Ilan-iMA_01_standard.set
2025-04-25 02:52:56,478 - INFO - Processing Ilan1.4_01_standard.set
2025-04-25 02:52:56,488 - INFO - Processing iMA-iStdDev_01_standard.set
2025-04-25 02:52:56,499 - INFO - Processing Indices-Tester_01_standard.set
2025-04-25 02:52:56,510 - INFO - Processing Inka-20Edho-20EA_01_standard.set
2025-04-25 02:52:56,535 - INFO - Processing Intersection-2-iMA_01_standard.set
2025-04-25 02:52:56,554 - INFO - Processing IStochastic-Trading_01_standard.set
2025-04-25 02:52:56,658 - INFO - Processing Ivan_01_standard.set
2025-04-25 02:52:56,671 - INFO - Processing iVIDyA-Simple_01_standard.set
2025-04-25 02:52:56,748 - INFO - Processing Jackpot-Strategy-EA_01_standard.set
2025-04-25 02:52:56,842 - INFO - Processing JackPot-Strategy-Elite_01_standard.set
2025-04-25 02:52:56,856 - INFO - Processing JK-BullP-AutoTrader_01_standard.set
2025-04-25 02:52:56,879 - INFO - Processing JS-Chaos_01_standard.set
2025-04-25 02:52:56,893 - INFO - Processing JS-MA-Day_01_standard.set
2025-04-25 02:52:56,909 - INFO - Processing JS-MA-SAR-Trades_01_standard.set
2025-04-25 02:52:56,925 - INFO - Processing KA-Gold-Bot_01_standard.set
2025-04-25 02:52:56,940 - INFO - Processing Kue-Electric-EA_01_standard.set
2025-04-25 02:52:56,964 - INFO - Processing KueFx-20Arrows_01_standard.set
2025-04-25 02:52:56,975 - INFO - Processing KueFx-20Baseline_01_standard.set
2025-04-25 02:52:56,987 - INFO - Processing KueFx-Arrows-20EA_01_standard.set
2025-04-25 02:52:57,025 - INFO - Processing KueFx-Arrows-EA_01_standard.set
2025-04-25 02:52:57,041 - INFO - Processing KueFx-Arrows_01_standard.set
2025-04-25 02:52:57,052 - INFO - Processing KueFx-Baseline-EA_01_standard.set
2025-04-25 02:52:57,066 - INFO - Processing KueFx-Baseline_01_standard.set
2025-04-25 02:52:57,077 - INFO - Processing KueFx-Clean-2025-EA_01_standard.set
2025-04-25 02:52:57,108 - INFO - Processing KueFx-Extreme-EA_01_standard.set
2025-04-25 02:52:57,133 - INFO - Processing KueFx-Harare-EA_01_standard.set
2025-04-25 02:52:57,155 - INFO - Processing KueFX-Money-Management_01_standard.set
2025-04-25 02:52:57,177 - INFO - Processing KueFx-Motor-EA_01_standard.set
2025-04-25 02:52:57,200 - INFO - Processing KueFx-Motor_01_standard.set
2025-04-25 02:52:57,210 - INFO - Processing KueFx-Trend_01_standard.set
2025-04-25 02:52:57,258 - INFO - Processing KueFxTrend-20EA_01_standard.set
2025-04-25 02:52:57,282 - INFO - Processing KueFxTrend-EA_01_standard.set
2025-04-25 02:52:57,310 - INFO - Processing KueFx_Arrows_EA_v1.10_01_standard.set
2025-04-25 02:52:57,349 - INFO - Processing KueFx_Baseline_EA_v1.10_01_standard.set
2025-04-25 02:52:57,363 - INFO - Processing LarryConnersRSI2_01_standard.set
2025-04-25 02:52:57,384 - INFO - Processing Last-ZZ50_01_standard.set
2025-04-25 02:52:57,396 - INFO - Processing Lavika100_01_standard.set
2025-04-25 02:52:57,416 - INFO - Processing LazyBot-MT5_01_standard.set
2025-04-25 02:52:57,428 - INFO - Processing LBS_01_standard.set
2025-04-25 02:52:57,437 - INFO - Processing Lego-EA_01_standard.set
2025-04-25 02:52:57,461 - INFO - Processing Lesson-3-Price-Action_01_standard.set
2025-04-25 02:52:57,469 - INFO - Processing Lesson-4-Price-Action-MA-Filter_01_standard.set
2025-04-25 02:52:57,486 - INFO - Processing Lesson-6-Trailling-ATR_01_standard.set
2025-04-25 02:52:57,497 - INFO - Processing Lesson-7-Price-action-Ket-hop-Volume-VSA_01_standard.set
2025-04-25 02:52:57,509 - INFO - Processing Little-EA_01_standard.set
2025-04-25 02:52:57,517 - INFO - Processing Locker_01_standard.set
2025-04-25 02:52:57,530 - INFO - Processing Lock_01_standard.set
2025-04-25 02:52:57,544 - INFO - Processing Lucky_01_standard.set
2025-04-25 02:52:57,551 - INFO - Processing MA MACD Position averaging v2_01_standard.set
2025-04-25 02:52:57,579 - INFO - Processing MA-20Alert_01_standard.set
2025-04-25 02:52:57,593 - INFO - Processing MA-20AO-20Arrow_01_standard.set
2025-04-25 02:52:57,607 - INFO - Processing MA-AO-EA_01_standard.set
2025-04-25 02:52:57,624 - INFO - Processing ma-channels_01_standard.set
2025-04-25 02:52:57,636 - INFO - Processing Ma-Crosses-MT5_01_standard.set
2025-04-25 02:52:57,653 - INFO - Processing MA-Crossover-mt5-20EA_01_standard.set
2025-04-25 02:52:57,677 - INFO - Processing MA-Cross_01_standard.set
2025-04-25 02:52:57,685 - INFO - Processing MA-Envelopes_01_standard.set
2025-04-25 02:52:57,697 - INFO - Processing MA-MACD-Position-averaging_01_standard.set
2025-04-25 02:52:57,714 - INFO - Processing MA-Trend_01_standard.set
2025-04-25 02:52:57,725 - INFO - Processing MA2CCI_01_standard.set
2025-04-25 02:52:57,736 - INFO - Processing MACD-and-SAR_01_standard.set
2025-04-25 02:52:57,748 - INFO - Processing MACD-Cleaner_01_standard.set
2025-04-25 02:52:57,759 - INFO - Processing MACD-EA-H4_01_standard.set
2025-04-25 02:52:57,784 - INFO - Processing MACD-No-Sample_01_standard.set
2025-04-25 02:52:57,794 - INFO - Processing MACD-signal_01_standard.set
2025-04-25 02:52:57,804 - INFO - Processing MACD-Stochastic-2_01_standard.set
2025-04-25 02:52:57,825 - INFO - Processing MACD-Stochastic_01_standard.set
2025-04-25 02:52:57,840 - INFO - Processing MACDCCI_01_standard.set
2025-04-25 02:52:57,849 - INFO - Processing MacdPatternTraderAll0.01_01_standard.set
2025-04-25 02:52:57,868 - INFO - Processing MacdPatternTraderAll_01_standard.set
2025-04-25 02:52:57,890 - INFO - Processing MACD_01_standard.set
2025-04-25 02:52:57,897 - INFO - Processing MAGrid_01_standard.set
2025-04-25 02:52:57,904 - INFO - Processing MAMACD_01_standard.set
2025-04-25 02:52:57,930 - INFO - Processing Mariner-MT5_01_standard.set
2025-04-25 02:52:57,943 - INFO - Processing Market-Capture_01_standard.set
2025-04-25 02:52:57,962 - INFO - Processing Martin-1_01_standard.set
2025-04-25 02:52:57,974 - INFO - Processing Martin-for-small-deposits_01_standard.set
2025-04-25 02:52:57,982 - INFO - Processing MartingailExpert_01_standard.set
2025-04-25 02:52:57,991 - INFO - Processing MartinGaleBreakout_01_standard.set
2025-04-25 02:52:58,002 - INFO - Processing Martin_01_standard.set
2025-04-25 02:52:58,012 - INFO - Processing Marubozu-EA_01_standard.set
2025-04-25 02:52:58,034 - INFO - Processing Marubozu_01_standard.set
2025-04-25 02:52:58,044 - INFO - Processing Marubozu_EA_v1.10_01_standard.set
2025-04-25 02:52:58,059 - INFO - Processing MelBar-EuSwiss-1.85_01_standard.set
2025-04-25 02:52:58,066 - INFO - Processing MelBar™Take325-™-5.5Y-NZD-USD_01_standard.set
2025-04-25 02:52:58,072 - INFO - Processing Mobo-Bands-EA_01_standard.set
2025-04-25 02:52:58,089 - INFO - Processing Mobo-Bands_01_standard.set
2025-04-25 02:52:58,099 - INFO - Processing Modified-Moving-Averages_01_standard.set
2025-04-25 02:52:58,107 - INFO - Processing Momentum-M15_01_standard.set
2025-04-25 02:52:58,117 - INFO - Processing Momo-trades_01_standard.set
2025-04-25 02:52:58,125 - INFO - Processing Money-Fixed-Margin_01_standard.set
2025-04-25 02:52:58,131 - INFO - Processing Money-Fixed-Risk_01_standard.set
2025-04-25 02:52:58,139 - INFO - Processing MoneyRain_01_standard.set
2025-04-25 02:52:58,147 - INFO - Processing Morning-evening-star-EA_01_standard.set
2025-04-25 02:52:58,159 - INFO - Processing MostasHaR15-Pivot_01_standard.set
2025-04-25 02:52:58,166 - INFO - Processing Moving-20average-20and-20ichimoku-20EA_01_standard.set
2025-04-25 02:52:58,182 - INFO - Processing Moving-Average-Trade-System_01_standard.set
2025-04-25 02:52:58,192 - INFO - Processing Moving-Averages_01_standard.set
2025-04-25 02:52:58,199 - INFO - Processing MovingAverageMartinGale_01_standard.set
2025-04-25 02:52:58,208 - INFO - Processing MovingAverage_01_standard.set
2025-04-25 02:52:58,215 - INFO - Processing MQL5-Wizard-MA-RSI_01_standard.set
2025-04-25 02:52:58,224 - INFO - Processing MQL5-Wizard-MACD-Parabolic-SAR_01_standard.set
2025-04-25 02:52:58,237 - INFO - Processing MT45_01_standard.set
2025-04-25 02:52:58,244 - INFO - Processing MT5-CoupleHedgeEA_01_standard.set
2025-04-25 02:52:58,260 - INFO - Processing MT5-RingSystemEA_01_standard.set
2025-04-25 02:52:58,273 - INFO - Processing Mt5-williams-directional-index-EA_01_standard.set
2025-04-25 02:52:58,283 - INFO - Processing MTC-Сombo_01_standard.set
2025-04-25 02:52:58,295 - INFO - Processing Multi-Stochastic_01_standard.set
2025-04-25 02:52:58,302 - INFO - Processing MultiMartin_01_standard.set
2025-04-25 02:52:58,312 - INFO - Processing MySystem_01_standard.set
2025-04-25 02:52:58,318 - INFO - Processing N Candles v2_01_standard.set
2025-04-25 02:52:58,325 - INFO - Processing N Candles v3_01_standard.set
2025-04-25 02:52:58,331 - INFO - Processing N Candles v4_01_standard.set
2025-04-25 02:52:58,338 - INFO - Processing N Candles v5_01_standard.set
2025-04-25 02:52:58,346 - INFO - Processing N-Candles_01_standard.set
2025-04-25 02:52:58,352 - INFO - Processing N-_Candles_v7_01_standard.set
2025-04-25 02:52:58,358 - INFO - Processing Nevalyashka-BreakdownLevel_01_standard.set
2025-04-25 02:52:58,364 - INFO - Processing Nevalyashka3-1_01_standard.set
2025-04-25 02:52:58,375 - INFO - Processing Nevalyashka_01_standard.set
2025-04-25 02:52:58,380 - INFO - Processing New-Martin_01_standard.set
2025-04-25 02:52:58,387 - INFO - Processing New-Random_01_standard.set
2025-04-25 02:52:58,394 - INFO - Processing Nextbar_01_standard.set
2025-04-25 02:52:58,403 - INFO - Processing Night-Flat-Trade_01_standard.set
2025-04-25 02:52:58,408 - INFO - Processing NightScalper_01_standard.set
2025-04-25 02:52:58,423 - INFO - Processing NRTR-Revers_01_standard.set
2025-04-25 02:52:58,432 - INFO - Processing NUp1Down_01_standard.set
2025-04-25 02:52:58,439 - INFO - Processing Open-Candle-EA_01_standard.set
2025-04-25 02:52:58,455 - INFO - Processing Open-Close_01_standard.set
2025-04-25 02:52:58,464 - INFO - Processing Opening-and-ilosing-on-time_01_standard.set
2025-04-25 02:52:58,472 - INFO - Processing Opening-and-Сlosing-on-time_01_standard.set
2025-04-25 02:52:58,482 - INFO - Processing OpenPendingorderAfterPositionGetStopLoss_01_standard.set
2025-04-25 02:52:58,490 - INFO - Processing OpenTicks_01_standard.set
2025-04-25 02:52:58,496 - INFO - Processing ORB-EA-BOX_01_standard.set
2025-04-25 02:52:58,512 - INFO - Processing OsMaSter_01_standard.set
2025-04-25 02:52:58,518 - INFO - Processing OTT-20AND-20PRICE-20CROSS-20EA_01_standard.set
2025-04-25 02:52:58,529 - INFO - Processing OverHedge_01_standard.set
2025-04-25 02:52:58,536 - INFO - Processing OzFx_01_standard.set
2025-04-25 02:52:58,542 - INFO - Processing Parabolic-SAR_01_standard.set
2025-04-25 02:52:58,547 - INFO - Processing PARSI-EA_01_standard.set
2025-04-25 02:52:58,558 - INFO - Processing Peceptron-Mult_01_standard.set
2025-04-25 02:52:58,566 - INFO - Processing Pending-orders-by-time-2_01_standard.set
2025-04-25 02:52:58,573 - INFO - Processing Pending-orders-by-time_01_standard.set
2025-04-25 02:52:58,580 - INFO - Processing Pendulum_01_standard.set
2025-04-25 02:52:58,586 - INFO - Processing Pinball-machine_01_standard.set
2025-04-25 02:52:58,592 - INFO - Processing Pinbar-Magic-EA_01_standard.set
2025-04-25 02:52:58,605 - INFO - Processing PinBar-Magic-Indicator_01_standard.set
2025-04-25 02:52:58,615 - INFO - Processing Pipsover_01_standard.set
2025-04-25 02:52:58,620 - INFO - Processing Plan-X_01_standard.set
2025-04-25 02:52:58,626 - INFO - Processing Plateau_01_standard.set
2025-04-25 02:52:58,633 - INFO - Processing Poker-SHOW_01_standard.set
2025-04-25 02:52:58,641 - INFO - Processing Precipice-MartIn_01_standard.set
2025-04-25 02:52:58,646 - INFO - Processing Precipice_01_standard.set
2025-04-25 02:52:58,653 - INFO - Processing Probe_01_standard.set
2025-04-25 02:52:58,657 - INFO - Processing Proffessor_01_standard.set
2025-04-25 02:52:58,668 - INFO - Processing PropFirmHelper_01_standard.set
2025-04-25 02:52:58,675 - INFO - Processing PROphet_01_standard.set
2025-04-25 02:52:58,682 - INFO - Processing Puria-method_01_standard.set
2025-04-25 02:52:58,692 - INFO - Processing Rabbit3_01_standard.set
2025-04-25 02:52:58,702 - INFO - Processing Range-Breakout_01_standard.set
2025-04-25 02:52:58,707 - INFO - Processing Rapid-Doji-EA_01_standard.set
2025-04-25 02:52:58,714 - INFO - Processing Raymond-Cloudy-Day-for-EA_01_standard.set
2025-04-25 02:52:58,722 - INFO - Processing Reflex-EA_01_standard.set
2025-04-25 02:52:58,737 - INFO - Processing REFLEX-INDICATOR_01_standard.set
2025-04-25 02:52:58,743 - INFO - Processing Reflex_01_standard.set
2025-04-25 02:52:58,752 - INFO - Processing Reversing-Martingale_01_standard.set
2025-04-25 02:52:58,758 - INFO - Processing RideAlligator_01_standard.set
2025-04-25 02:52:58,765 - INFO - Processing RNN_01_standard.set
2025-04-25 02:52:58,775 - INFO - Processing Robot-MACD_01_standard.set
2025-04-25 02:52:58,782 - INFO - Processing RobotPowerM5-meta4_01_standard.set
2025-04-25 02:52:58,792 - INFO - Processing Rollback-system_01_standard.set
2025-04-25 02:52:58,800 - INFO - Processing RSI EA v2_01_standard.set
2025-04-25 02:52:58,810 - INFO - Processing RSI-and-Bollinger-Bands_01_standard.set
2025-04-25 02:52:58,816 - INFO - Processing RSI-Arrow-EA_01_standard.set
2025-04-25 02:52:58,827 - INFO - Processing RSI-Arrow_01_standard.set
2025-04-25 02:52:58,835 - INFO - Processing RSI-EA_01_standard.set
2025-04-25 02:52:58,841 - INFO - Processing RSI-Eraser_01_standard.set
2025-04-25 02:52:58,846 - INFO - Processing RSI-Expert_01_standard.set
2025-04-25 02:52:58,853 - INFO - Processing RSI-Levels_01_standard.set
2025-04-25 02:52:58,860 - INFO - Processing RSI-trader_01_standard.set
2025-04-25 02:52:58,869 - INFO - Processing RSI-Trend-EA_01_standard.set
2025-04-25 02:52:58,883 - INFO - Processing RSI-Trend_01_standard.set
2025-04-25 02:52:58,893 - INFO - Processing RSI-with-channels-EA_01_standard.set
2025-04-25 02:52:58,904 - INFO - Processing RSI-with-channels_01_standard.set
2025-04-25 02:52:58,912 - INFO - Processing RSI_Expert_v2.0_01_standard.set
2025-04-25 02:52:58,920 - INFO - Processing Russian20-hp1_01_standard.set
2025-04-25 02:52:58,926 - INFO - Processing SampleCheckPendingOrder_01_standard.set
2025-04-25 02:52:58,933 - INFO - Processing SampleTrailingstop-MT5_01_standard.set
2025-04-25 02:52:58,941 - INFO - Processing SAR-trading_01_standard.set
2025-04-25 02:52:58,954 - INFO - Processing Secwenta_01_standard.set
2025-04-25 02:52:58,961 - INFO - Processing Sell-Stop_01_standard.set
2025-04-25 02:52:58,969 - INFO - Processing Sensitive_01_standard.set
2025-04-25 02:52:58,983 - INFO - Processing Separate-trade_01_standard.set
2025-04-25 02:52:58,995 - INFO - Processing SilverTrend_01_standard.set
2025-04-25 02:52:59,003 - INFO - Processing Simple-20Price-20Alert-20-20EA_01_standard.set
2025-04-25 02:52:59,011 - INFO - Processing Simple-20Volume-20EA_01_standard.set
2025-04-25 02:52:59,021 - INFO - Processing Simple-EA-MA-plus-MACD_01_standard.set
2025-04-25 02:52:59,028 - INFO - Processing Simple-FX_01_standard.set
2025-04-25 02:52:59,035 - INFO - Processing Simple-MACD_01_standard.set
2025-04-25 02:52:59,040 - INFO - Processing Simple-Volume-EA_01_standard.set
2025-04-25 02:52:59,050 - INFO - Processing SimplePivot_01_standard.set
2025-04-25 02:52:59,057 - INFO - Processing Simplest-Hedging-EA-ever_01_standard.set
2025-04-25 02:52:59,064 - INFO - Processing SimpleTrade _01_standard.set
2025-04-25 02:52:59,072 - INFO - Processing Six-Soldiers-EA-Grid_01_standard.set
2025-04-25 02:52:59,099 - INFO - Processing Six-Soldiers-EA_01_standard.set
2025-04-25 02:52:59,118 - INFO - Processing Six-Soldiers_01_standard.set
2025-04-25 02:52:59,126 - INFO - Processing Small-Inside-Bar-Strategy_01_standard.set
2025-04-25 02:52:59,138 - INFO - Processing Smart-Machine-20EA_01_standard.set
2025-04-25 02:52:59,178 - INFO - Processing Smoothing-Average_01_standard.set
2025-04-25 02:52:59,209 - INFO - Processing Spasm_01_standard.set
2025-04-25 02:52:59,218 - INFO - Processing Sprd-mt5-20EA_01_standard.set
2025-04-25 02:52:59,270 - INFO - Processing ssb5-123_01_standard.set
2025-04-25 02:52:59,283 - INFO - Processing Starter_01_standard.set
2025-04-25 02:52:59,296 - INFO - Processing Steve-Cartwright-Trader-Camel-CCI-MACD_01_standard.set
2025-04-25 02:52:59,309 - INFO - Processing Stoch-EA-1192_01_standard.set
2025-04-25 02:52:59,356 - INFO - Processing Stochastic-20Alert_01_standard.set
2025-04-25 02:52:59,386 - INFO - Processing Stochastic-K-Divergence.lua_01_standard.set
2025-04-25 02:52:59,398 - INFO - Processing stochastic-three-periods_01_standard.set
2025-04-25 02:52:59,406 - INFO - Processing StochasticDiffSign-EA_01_standard.set
2025-04-25 02:52:59,426 - INFO - Processing stochasticdiffsign_01_standard.set
2025-04-25 02:52:59,445 - INFO - Processing StochMA-EA_01_standard.set
2025-04-25 02:52:59,466 - INFO - Processing StochMA_01_standard.set
2025-04-25 02:52:59,475 - INFO - Processing Stoch_01_standard.set
2025-04-25 02:52:59,482 - INFO - Processing Stop-Loss-Take-Profit_01_standard.set
2025-04-25 02:52:59,492 - INFO - Processing StraddleqTrail_01_standard.set
2025-04-25 02:52:59,504 - INFO - Processing Surefirething_01_standard.set
2025-04-25 02:52:59,524 - INFO - Processing TDSGlobal_01_standard.set
2025-04-25 02:52:59,538 - INFO - Processing The-MasterMind-2_01_standard.set
2025-04-25 02:52:59,554 - INFO - Processing The-MasterMind-3_01_standard.set
2025-04-25 02:52:59,566 - INFO - Processing The-MasterMind_01_standard.set
2025-04-25 02:52:59,578 - INFO - Processing The-Puncher_01_standard.set
2025-04-25 02:52:59,586 - INFO - Processing TheClassicTurtleTrader-no-dots-EA_01_standard.set
2025-04-25 02:52:59,598 - INFO - Processing TheClassicTurtleTrader-no-dots_01_standard.set
2025-04-25 02:52:59,608 - INFO - Processing Three-indicators_01_standard.set
2025-04-25 02:52:59,615 - INFO - Processing Three-neural-networks_01_standard.set
2025-04-25 02:52:59,626 - INFO - Processing Three-timeframes_01_standard.set
2025-04-25 02:52:59,637 - INFO - Processing Three-Typical-Candles_01_standard.set
2025-04-25 02:52:59,643 - INFO - Processing Time-sync-forts_01_standard.set
2025-04-25 02:52:59,647 - INFO - Processing timer-trade_01_standard.set
2025-04-25 02:52:59,654 - INFO - Processing TMA-ATR-Channel_01_standard.set
2025-04-25 02:52:59,666 - INFO - Processing TMA-ATR-EA_01_standard.set
2025-04-25 02:52:59,678 - INFO - Processing TMA-CG-EA_01_standard.set
2025-04-25 02:52:59,695 - INFO - Processing TMA-CG-Martingale-20EA_01_standard.set
2025-04-25 02:52:59,711 - INFO - Processing TMA-CG-mladen_01_standard.set
2025-04-25 02:52:59,722 - INFO - Processing TMA-CG-special_01_standard.set
2025-04-25 02:52:59,726 - INFO - Processing TMA-slope-bands_01_standard.set
2025-04-25 02:52:59,735 - INFO - Processing TmaTrue-2.0-with-Distances-6xx_01_standard.set
2025-04-25 02:52:59,745 - INFO - Processing TmaTrue-3.0-with-Distances-6xx_01_standard.set
2025-04-25 02:52:59,753 - INFO - Processing TP-with-money_01_standard.set
2025-04-25 02:52:59,759 - INFO - Processing Trade-in-Channel_01_standard.set
2025-04-25 02:52:59,767 - INFO - Processing Trade-on-qualified-RSI_01_standard.set
2025-04-25 02:52:59,777 - INFO - Processing Trading-Breakout-MrThanhTan_01_standard.set
2025-04-25 02:52:59,788 - INFO - Processing Trend-Trader-Strategy-EA_01_standard.set
2025-04-25 02:52:59,801 - INFO - Processing Trend-Trader-Strategy_01_standard.set
2025-04-25 02:52:59,810 - INFO - Processing Tru-EA_01_standard.set
2025-04-25 02:52:59,825 - INFO - Processing True-Scalper-Profit-Lock_01_standard.set
2025-04-25 02:52:59,835 - INFO - Processing TrueSort-1100_01_standard.set
2025-04-25 02:52:59,842 - INFO - Processing Tunnel-gen4_01_standard.set
2025-04-25 02:52:59,851 - INFO - Processing Tunnel-Method_01_standard.set
2025-04-25 02:52:59,863 - INFO - Processing TurnGrid_01_standard.set
2025-04-25 02:52:59,871 - INFO - Processing Two PerBar _01_standard.set
2025-04-25 02:52:59,877 - INFO - Processing Two-20MA-20RSI-20ADX-20EA_01_standard.set
2025-04-25 02:52:59,893 - INFO - Processing Two-20Orders-20Panel_01_standard.set
2025-04-25 02:52:59,900 - INFO - Processing Two-pending-orders-2_01_standard.set
2025-04-25 02:52:59,913 - INFO - Processing UnityPro_01_standard.set
2025-04-25 02:52:59,922 - INFO - Processing UniversalMACrossEA_01_standard.set
2025-04-25 02:52:59,933 - INFO - Processing UniversalSignalDemo_01_standard.set
2025-04-25 02:52:59,945 - INFO - Processing Universum-3.0_01_standard.set
2025-04-25 02:52:59,954 - INFO - Processing UnNomGuai-20EA_01_standard.set
2025-04-25 02:52:59,971 - INFO - Processing up3x1-Investor_01_standard.set
2025-04-25 02:52:59,988 - INFO - Processing up3x1-premium-M_01_standard.set
2025-04-25 02:53:00,113 - INFO - Processing up3x1_01_standard.set
2025-04-25 02:53:00,125 - INFO - Processing Urdala-Trol_01_standard.set
2025-04-25 02:53:00,143 - INFO - Processing Very-Blonde-System_01_standard.set
2025-04-25 02:53:00,168 - INFO - Processing Virtual-Trailing-Stop_01_standard.set
2025-04-25 02:53:00,180 - INFO - Processing VLT-TRADER_01_standard.set
2025-04-25 02:53:00,190 - INFO - Processing Volume-trader_01_standard.set
2025-04-25 02:53:00,197 - INFO - Processing Vortex-Indicator-System_01_standard.set
2025-04-25 02:53:00,205 - INFO - Processing VR-Overturn_01_standard.set
2025-04-25 02:53:00,218 - INFO - Processing VR-ZVER-v.2_01_standard.set
2025-04-25 02:53:00,243 - INFO - Processing VR-ZVER_01_standard.set
2025-04-25 02:53:00,253 - INFO - Processing VZO_01_standard.set
2025-04-25 02:53:00,268 - INFO - Processing Waddah-Attar-Win_01_standard.set
2025-04-25 02:53:00,275 - INFO - Processing WE-TRUST_01_standard.set
2025-04-25 02:53:00,295 - INFO - Processing X-RSIOMA_01_standard.set
2025-04-25 02:53:00,307 - INFO - Processing Yesterday-Today_01_standard.set
